******************************************************************************
            TI ARM Clang Linker PC v4.0.4                      
******************************************************************************
>> Linked Sun May 17 12:55:27 2026

OUTPUT FILE NAME:   <test.out>
ENTRY POINT SYMBOL: "_c_int00_noargs"  address: 00000c6d


MEMORY CONFIGURATION

         name            origin    length      used     unused   attr    fill
----------------------  --------  ---------  --------  --------  ----  --------
  FLASH                 00000000   00020000  000010c8  0001ef38  R  X
  SRAM                  20200000   00008000  00000298  00007d68  RW X
  BCR_CONFIG            41c00000   000000ff  00000000  000000ff  R   
  BSL_CONFIG            41c00100   00000080  00000000  00000080  R   


SEGMENT ALLOCATION MAP

run origin  load origin   length   init length attrs members
----------  ----------- ---------- ----------- ----- -------
00000000    00000000    000010c8   000010c8    r-x
  00000000    00000000    000000c0   000000c0    r-- .intvecs
  000000c0    000000c0    00000f08   00000f08    r-x .text
  00000fc8    00000fc8    000000e8   000000e8    r-- .rodata
  000010b0    000010b0    00000018   00000018    r-- .cinit
20200000    20200000    00000098   00000000    rw-
  20200000    20200000    00000098   00000000    rw- .bss
20207e00    20207e00    00000200   00000000    rw-
  20207e00    20207e00    00000200   00000000    rw- .stack


SECTION ALLOCATION MAP

 output                                  attributes/
section   page    origin      length       input sections
--------  ----  ----------  ----------   ----------------
.intvecs   0    00000000    000000c0     
                  00000000    000000c0     startup_mspm0g350x_ticlang.o (.intvecs)

.text      0    000000c0    00000f08     
                  000000c0    00000214     driverlib.a : dl_mcan.o (.text.DL_MCAN_msgRAMConfig)
                  000002d4    000000e8     ti_msp_dl_config.o (.text.SYSCFG_DL_SYSCTL_SYSPLL_init)
                  000003bc    000000dc     driverlib.a : dl_mcan.o (.text.DL_MCAN_init)
                  00000498    000000dc                 : dl_sysctl_mspm0g1x0x_g3x0x.o (.text.DL_SYSCTL_configSYSPLL)
                  00000574    000000d8                 : dl_mcan.o (.text.DL_MCAN_setBitTime)
                  0000064c    0000009c     ti_msp_dl_config.o (.text.SYSCFG_DL_MCAN0_init)
                  000006e8    00000084     ti_msp_dl_config.o (.text.__NVIC_SetPriority)
                  0000076c    0000007c     ti_msp_dl_config.o (.text.SYSCFG_DL_SYSCTL_init)
                  000007e8    00000074     libclang_rt.builtins.a : comparedf2.c.obj (.text.__gedf2)
                  0000085c    00000068                            : comparedf2.c.obj (.text.__ledf2)
                  000008c4    00000064     driverlib.a : dl_sysctl_mspm0g1x0x_g3x0x.o (.text.DL_SYSCTL_setHFCLKSourceHFXTParams)
                  00000928    00000062     libclang_rt.builtins.a : aeabi_dcmp.S.obj (.text.__aeabi_dcmp)
                  0000098a    00000002                            : aeabi_div0.c.obj (.text.__aeabi_idiv0)
                  0000098c    00000060     driverlib.a : dl_sysctl_mspm0g1x0x_g3x0x.o (.text.DL_SYSCTL_setLFCLKSourceLFXT)
                  000009ec    0000005c     ti_msp_dl_config.o (.text.SYSCFG_DL_GPIO_init)
                  00000a48    00000050     ti_msp_dl_config.o (.text.SysTick_Config)
                  00000a98    00000044     driverlib.a : dl_mcan.o (.text.DL_MCAN_getRevisionId)
                  00000adc    00000044                 : dl_sysctl_mspm0g1x0x_g3x0x.o (.text.DL_SYSCTL_switchMCLKfromSYSOSCtoHSCLK)
                  00000b20    00000044     ti_msp_dl_config.o (.text.SYSCFG_DL_initPower)
                  00000b64    00000040     libclang_rt.builtins.a : aeabi_uidivmod.S.obj (.text.__aeabi_uidivmod)
                  00000ba4    0000003c     libc.a : autoinit.c.obj (.text:__TI_auto_init_nobinit_nopinit)
                  00000be0    00000034     driverlib.a : dl_mcan.o (.text.DL_MCAN_setExtIDAndMask)
                  00000c14    00000030     ti_msp_dl_config.o (.text.DL_GPIO_initDigitalOutputFeatures)
                  00000c44    00000028     ti_msp_dl_config.o (.text.DL_Common_updateReg)
                  00000c6c    00000028     libc.a : boot_cortex_m.c.obj (.text:_c_int00_noargs)
                  00000c94    00000024     driverlib.a : dl_mcan.o (.text.DL_MCAN_setClockConfig)
                  00000cb8    00000024     ti_msp_dl_config.o (.text.SYSCFG_DL_init)
                  00000cdc    00000024     libclang_rt.builtins.a : floatunsidf.S.obj (.text.__floatunsidf)
                  00000d00    00000020     ti_msp_dl_config.o (.text.DL_GPIO_initPeripheralInputFunction)
                  00000d20    00000020     ti_msp_dl_config.o (.text.DL_SYSCTL_setFlashWaitState)
                  00000d40    00000020     empty.o (.text.main)
                  00000d60    0000001c     ti_msp_dl_config.o (.text.DL_GPIO_initPeripheralOutputFunction)
                  00000d7c    0000001c     driverlib.a : dl_sysctl_mspm0g1x0x_g3x0x.o (.text.DL_SYSCTL_configFCC)
                  00000d98    0000001c     ti_msp_dl_config.o (.text.DL_SYSCTL_setFCCPeriods)
                  00000db4    0000001c     ti_msp_dl_config.o (.text.DL_SYSCTL_setSYSOSCFreq)
                  00000dd0    0000001c     ti_msp_dl_config.o (.text.DL_SYSCTL_setULPCLKDivider)
                  00000dec    00000018     ti_msp_dl_config.o (.text.DL_GPIO_enableOutput)
                  00000e04    00000018     ti_msp_dl_config.o (.text.DL_GPIO_enablePower)
                  00000e1c    00000018     ti_msp_dl_config.o (.text.DL_GPIO_initPeripheralAnalogFunction)
                  00000e34    00000018     ti_msp_dl_config.o (.text.DL_GPIO_reset)
                  00000e4c    00000018     empty.o (.text.DL_GPIO_setPins)
                  00000e64    00000018     ti_msp_dl_config.o (.text.DL_MCAN_enablePower)
                  00000e7c    00000018     ti_msp_dl_config.o (.text.DL_MCAN_reset)
                  00000e94    00000018     driverlib.a : dl_mcan.o (.text.DL_MCAN_setOpMode)
                  00000eac    00000018     ti_msp_dl_config.o (.text.DL_SYSCTL_setBORThreshold)
                  00000ec4    00000016     libc.a : copy_zero_init.c.obj (.text:decompress:ZI:__TI_zero_init_nomemset)
                  00000eda    00000014     ti_msp_dl_config.o (.text.DL_GPIO_clearPins)
                  00000eee    00000002     --HOLE-- [fill = 0]
                  00000ef0    00000014     ti_msp_dl_config.o (.text.DL_SYSCTL_disableSYSPLL)
                  00000f04    00000014     ti_msp_dl_config.o (.text.DL_SYSCTL_enableSYSPLL)
                  00000f18    00000012     ti_msp_dl_config.o (.text.DL_MCAN_enableModuleClock)
                  00000f2a    00000002     --HOLE-- [fill = 0]
                  00000f2c    00000010     driverlib.a : dl_mcan.o (.text.DL_MCAN_getOpMode)
                  00000f3c    00000010                 : dl_mcan.o (.text.DL_MCAN_isMemInitDone)
                  00000f4c    00000010     ti_msp_dl_config.o (.text.DL_SYSCTL_disableHFXT)
                  00000f5c    00000010     ti_msp_dl_config.o (.text.DL_SYSCTL_isFCCDone)
                  00000f6c    00000010     ti_msp_dl_config.o (.text.DL_SYSCTL_startFCC)
                  00000f7c    00000010     ti_msp_dl_config.o (.text.SYSCFG_DL_SYSTICK_init)
                  00000f8c    0000000c     ti_msp_dl_config.o (.text.DL_SYSCTL_getClockStatus)
                  00000f98    0000000c     ti_msp_dl_config.o (.text.DL_SYSCTL_readFCC)
                  00000fa4    0000000a     driverlib.a : dl_common.o (.text.DL_Common_delayCycles)
                  00000fae    00000006     libc.a : exit.c.obj (.text:abort)
                  00000fb4    00000004     startup_mspm0g350x_ticlang.o (.text.Default_Handler)
                  00000fb8    00000004     libsysbm.a : hostexit.c.obj (.text.HOSTexit)
                  00000fbc    00000004     startup_mspm0g350x_ticlang.o (.text.Reset_Handler)
                  00000fc0    00000004     libc.a : pre_init.c.obj (.text._system_pre_init)
                  00000fc4    00000004     --HOLE-- [fill = 0]

.cinit     0    000010b0    00000018     
                  000010b0    00000008     (.cinit..bss.load) [load image, compression = zero_init]
                  000010b8    00000004     (__TI_handler_table)
                  000010bc    00000008     (__TI_cinit_table)
                  000010c4    00000004     --HOLE-- [fill = 0]

.rodata    0    00000fc8    000000e8     
                  00000fc8    00000060     ti_msp_dl_config.o (.rodata.gMCAN0MsgRAMConfigParams)
                  00001028    00000034     ti_msp_dl_config.o (.rodata.gMCAN0InitParams)
                  0000105c    00000028     ti_msp_dl_config.o (.rodata.gSYSPLLConfig)
                  00001084    00000020     ti_msp_dl_config.o (.rodata.gMCAN0BitTimes)
                  000010a4    00000004     ti_msp_dl_config.o (.rodata.gMCAN0ClockConf)
                  000010a8    00000003     ti_msp_dl_config.o (.rodata.gLFCLKConfig)
                  000010ab    00000005     --HOLE-- [fill = 0]

.init_array 
*          0    00000000    00000000     UNINITIALIZED

.binit     0    00000000    00000000     

.bss       0    20200000    00000098     UNINITIALIZED
                  20200000    00000098     (.common:gMCAN0Backup)

.stack     0    20207e00    00000200     UNINITIALIZED
                  20207e00    00000004     libc.a : boot_cortex_m.c.obj (.stack)
                  20207e04    000001fc     --HOLE--

__llvm_prf_cnts 
*          0    20200000    00000000     UNINITIALIZED

__llvm_prf_bits 
*          0    20200000    00000000     UNINITIALIZED

MODULE SUMMARY

       Module                         code   ro data   rw data
       ------                         ----   -------   -------
    .\
       ti_msp_dl_config.o             1518   227       152    
       startup_mspm0g350x_ticlang.o   8      192       0      
       empty.o                        56     0         0      
    +--+------------------------------+------+---------+---------+
       Total:                         1582   419       152    
                                                              
    E:/TI/CCS/mspm0_sdk_2_10_00_04/source/ti/driverlib/lib/ticlang/m0p/mspm0g1x0x_g3x0x/driverlib.a
       dl_mcan.o                      1180   0         0      
       dl_sysctl_mspm0g1x0x_g3x0x.o   512    0         0      
       dl_common.o                    10     0         0      
    +--+------------------------------+------+---------+---------+
       Total:                         1702   0         0      
                                                              
    E:\TI\CCS\ccs\tools\compiler\ti-cgt-armllvm_4.0.4.LTS\lib\armv6m-ti-none-eabi/c/libc.a
       autoinit.c.obj                 60     0         0      
       boot_cortex_m.c.obj            40     0         0      
       copy_zero_init.c.obj           22     0         0      
       exit.c.obj                     6      0         0      
       pre_init.c.obj                 4      0         0      
    +--+------------------------------+------+---------+---------+
       Total:                         132    0         0      
                                                              
    E:\TI\CCS\ccs\tools\compiler\ti-cgt-armllvm_4.0.4.LTS\lib\armv6m-ti-none-eabi/c/libsysbm.a
       hostexit.c.obj                 4      0         0      
    +--+------------------------------+------+---------+---------+
       Total:                         4      0         0      
                                                              
    E:\TI\CCS\ccs\tools\compiler\ti-cgt-armllvm_4.0.4.LTS\lib\armv6m-ti-none-eabi/libclang_rt.builtins.a
       comparedf2.c.obj               220    0         0      
       aeabi_dcmp.S.obj               98     0         0      
       aeabi_uidivmod.S.obj           64     0         0      
       floatunsidf.S.obj              36     0         0      
       aeabi_div0.c.obj               2      0         0      
    +--+------------------------------+------+---------+---------+
       Total:                         420    0         0      
                                                              
       Stack:                         0      0         512    
       Linker Generated:              0      20        0      
    +--+------------------------------+------+---------+---------+
       Grand Total:                   3840   439       664    


LINKER GENERATED COPY TABLES

__TI_cinit_table @ 000010bc records: 1, size/record: 8, table size: 8
	.bss: load addr=000010b0, load size=00000008 bytes, run addr=20200000, run size=00000098 bytes, compression=zero_init


LINKER GENERATED HANDLER TABLE

__TI_handler_table @ 000010b8 records: 1, size/record: 4, table size: 4
	index: 0, handler: __TI_zero_init


GLOBAL SYMBOLS: SORTED ALPHABETICALLY BY Name 

address   name                                 
-------   ----                                 
00000fb5  ADC0_IRQHandler                      
00000fb5  ADC1_IRQHandler                      
00000fb5  AES_IRQHandler                       
00000fb8  C$$EXIT                              
00000fb5  CANFD0_IRQHandler                    
00000fb5  DAC0_IRQHandler                      
00000fa5  DL_Common_delayCycles                
00000f2d  DL_MCAN_getOpMode                    
00000a99  DL_MCAN_getRevisionId                
000003bd  DL_MCAN_init                         
00000f3d  DL_MCAN_isMemInitDone                
000000c1  DL_MCAN_msgRAMConfig                 
00000575  DL_MCAN_setBitTime                   
00000c95  DL_MCAN_setClockConfig               
00000be1  DL_MCAN_setExtIDAndMask              
00000e95  DL_MCAN_setOpMode                    
00000d7d  DL_SYSCTL_configFCC                  
00000499  DL_SYSCTL_configSYSPLL               
000008c5  DL_SYSCTL_setHFCLKSourceHFXTParams   
0000098d  DL_SYSCTL_setLFCLKSourceLFXT         
00000add  DL_SYSCTL_switchMCLKfromSYSOSCtoHSCLK
00000fb5  DMA_IRQHandler                       
00000fb5  Default_Handler                      
00000fb5  GROUP0_IRQHandler                    
00000fb5  GROUP1_IRQHandler                    
00000fb9  HOSTexit                             
00000fb5  HardFault_Handler                    
00000fb5  I2C0_IRQHandler                      
00000fb5  I2C1_IRQHandler                      
00000fb5  NMI_Handler                          
00000fb5  PendSV_Handler                       
00000fb5  RTC_IRQHandler                       
00000fbd  Reset_Handler                        
00000fb5  SPI0_IRQHandler                      
00000fb5  SPI1_IRQHandler                      
00000fb5  SVC_Handler                          
000009ed  SYSCFG_DL_GPIO_init                  
0000064d  SYSCFG_DL_MCAN0_init                 
000002d5  SYSCFG_DL_SYSCTL_SYSPLL_init         
0000076d  SYSCFG_DL_SYSCTL_init                
00000f7d  SYSCFG_DL_SYSTICK_init               
00000cb9  SYSCFG_DL_init                       
00000b21  SYSCFG_DL_initPower                  
00000fb5  SysTick_Handler                      
00000fb5  TIMA0_IRQHandler                     
00000fb5  TIMA1_IRQHandler                     
00000fb5  TIMG0_IRQHandler                     
00000fb5  TIMG12_IRQHandler                    
00000fb5  TIMG6_IRQHandler                     
00000fb5  TIMG7_IRQHandler                     
00000fb5  TIMG8_IRQHandler                     
00000fb5  UART0_IRQHandler                     
00000fb5  UART1_IRQHandler                     
00000fb5  UART2_IRQHandler                     
00000fb5  UART3_IRQHandler                     
20208000  __STACK_END                          
00000200  __STACK_SIZE                         
00000000  __TI_ATRegion0_region_sz             
00000000  __TI_ATRegion0_src_addr              
00000000  __TI_ATRegion0_trg_addr              
00000000  __TI_ATRegion1_region_sz             
00000000  __TI_ATRegion1_src_addr              
00000000  __TI_ATRegion1_trg_addr              
00000000  __TI_ATRegion2_region_sz             
00000000  __TI_ATRegion2_src_addr              
00000000  __TI_ATRegion2_trg_addr              
000010bc  __TI_CINIT_Base                      
000010c4  __TI_CINIT_Limit                     
000010c4  __TI_CINIT_Warm                      
000010b8  __TI_Handler_Table_Base              
000010bc  __TI_Handler_Table_Limit             
00000ba5  __TI_auto_init_nobinit_nopinit       
ffffffff  __TI_pprof_out_hndl                  
ffffffff  __TI_prof_data_size                  
ffffffff  __TI_prof_data_start                 
00000000  __TI_static_base__                   
00000ec5  __TI_zero_init_nomemset              
00000929  __aeabi_dcmpeq                       
00000965  __aeabi_dcmpge                       
00000979  __aeabi_dcmpgt                       
00000951  __aeabi_dcmple                       
0000093d  __aeabi_dcmplt                       
0000098b  __aeabi_idiv0                        
00000cdd  __aeabi_ui2d                         
00000b65  __aeabi_uidiv                        
00000b65  __aeabi_uidivmod                     
ffffffff  __binit__                            
0000085d  __cmpdf2                             
0000085d  __eqdf2                              
00000cdd  __floatunsidf                        
000007e9  __gedf2                              
000007e9  __gtdf2                              
0000085d  __ledf2                              
0000085d  __ltdf2                              
UNDEFED   __mpu_init                           
0000085d  __nedf2                              
20207e00  __stack                              
20200000  __start___llvm_prf_bits              
20200000  __start___llvm_prf_cnts              
20200000  __stop___llvm_prf_bits               
20200000  __stop___llvm_prf_cnts               
00000c6d  _c_int00_noargs                      
UNDEFED   _system_post_cinit                   
00000fc1  _system_pre_init                     
00000faf  abort                                
ffffffff  binit                                
20200000  gMCAN0Backup                         
00000000  interruptVectors                     
00000d41  main                                 


GLOBAL SYMBOLS: SORTED BY Symbol Address 

address   name                                 
-------   ----                                 
00000000  __TI_ATRegion0_region_sz             
00000000  __TI_ATRegion0_src_addr              
00000000  __TI_ATRegion0_trg_addr              
00000000  __TI_ATRegion1_region_sz             
00000000  __TI_ATRegion1_src_addr              
00000000  __TI_ATRegion1_trg_addr              
00000000  __TI_ATRegion2_region_sz             
00000000  __TI_ATRegion2_src_addr              
00000000  __TI_ATRegion2_trg_addr              
00000000  __TI_static_base__                   
00000000  interruptVectors                     
000000c1  DL_MCAN_msgRAMConfig                 
00000200  __STACK_SIZE                         
000002d5  SYSCFG_DL_SYSCTL_SYSPLL_init         
000003bd  DL_MCAN_init                         
00000499  DL_SYSCTL_configSYSPLL               
00000575  DL_MCAN_setBitTime                   
0000064d  SYSCFG_DL_MCAN0_init                 
0000076d  SYSCFG_DL_SYSCTL_init                
000007e9  __gedf2                              
000007e9  __gtdf2                              
0000085d  __cmpdf2                             
0000085d  __eqdf2                              
0000085d  __ledf2                              
0000085d  __ltdf2                              
0000085d  __nedf2                              
000008c5  DL_SYSCTL_setHFCLKSourceHFXTParams   
00000929  __aeabi_dcmpeq                       
0000093d  __aeabi_dcmplt                       
00000951  __aeabi_dcmple                       
00000965  __aeabi_dcmpge                       
00000979  __aeabi_dcmpgt                       
0000098b  __aeabi_idiv0                        
0000098d  DL_SYSCTL_setLFCLKSourceLFXT         
000009ed  SYSCFG_DL_GPIO_init                  
00000a99  DL_MCAN_getRevisionId                
00000add  DL_SYSCTL_switchMCLKfromSYSOSCtoHSCLK
00000b21  SYSCFG_DL_initPower                  
00000b65  __aeabi_uidiv                        
00000b65  __aeabi_uidivmod                     
00000ba5  __TI_auto_init_nobinit_nopinit       
00000be1  DL_MCAN_setExtIDAndMask              
00000c6d  _c_int00_noargs                      
00000c95  DL_MCAN_setClockConfig               
00000cb9  SYSCFG_DL_init                       
00000cdd  __aeabi_ui2d                         
00000cdd  __floatunsidf                        
00000d41  main                                 
00000d7d  DL_SYSCTL_configFCC                  
00000e95  DL_MCAN_setOpMode                    
00000ec5  __TI_zero_init_nomemset              
00000f2d  DL_MCAN_getOpMode                    
00000f3d  DL_MCAN_isMemInitDone                
00000f7d  SYSCFG_DL_SYSTICK_init               
00000fa5  DL_Common_delayCycles                
00000faf  abort                                
00000fb5  ADC0_IRQHandler                      
00000fb5  ADC1_IRQHandler                      
00000fb5  AES_IRQHandler                       
00000fb5  CANFD0_IRQHandler                    
00000fb5  DAC0_IRQHandler                      
00000fb5  DMA_IRQHandler                       
00000fb5  Default_Handler                      
00000fb5  GROUP0_IRQHandler                    
00000fb5  GROUP1_IRQHandler                    
00000fb5  HardFault_Handler                    
00000fb5  I2C0_IRQHandler                      
00000fb5  I2C1_IRQHandler                      
00000fb5  NMI_Handler                          
00000fb5  PendSV_Handler                       
00000fb5  RTC_IRQHandler                       
00000fb5  SPI0_IRQHandler                      
00000fb5  SPI1_IRQHandler                      
00000fb5  SVC_Handler                          
00000fb5  SysTick_Handler                      
00000fb5  TIMA0_IRQHandler                     
00000fb5  TIMA1_IRQHandler                     
00000fb5  TIMG0_IRQHandler                     
00000fb5  TIMG12_IRQHandler                    
00000fb5  TIMG6_IRQHandler                     
00000fb5  TIMG7_IRQHandler                     
00000fb5  TIMG8_IRQHandler                     
00000fb5  UART0_IRQHandler                     
00000fb5  UART1_IRQHandler                     
00000fb5  UART2_IRQHandler                     
00000fb5  UART3_IRQHandler                     
00000fb8  C$$EXIT                              
00000fb9  HOSTexit                             
00000fbd  Reset_Handler                        
00000fc1  _system_pre_init                     
000010b8  __TI_Handler_Table_Base              
000010bc  __TI_CINIT_Base                      
000010bc  __TI_Handler_Table_Limit             
000010c4  __TI_CINIT_Limit                     
000010c4  __TI_CINIT_Warm                      
20200000  __start___llvm_prf_bits              
20200000  __start___llvm_prf_cnts              
20200000  __stop___llvm_prf_bits               
20200000  __stop___llvm_prf_cnts               
20200000  gMCAN0Backup                         
20207e00  __stack                              
20208000  __STACK_END                          
ffffffff  __TI_pprof_out_hndl                  
ffffffff  __TI_prof_data_size                  
ffffffff  __TI_prof_data_start                 
ffffffff  __binit__                            
ffffffff  binit                                
UNDEFED   __mpu_init                           
UNDEFED   _system_post_cinit                   

[109 symbols]
