******************************************************************************
            TI ARM Clang Linker PC v4.0.4                      
******************************************************************************
>> Linked Fri May 22 03:52:39 2026

OUTPUT FILE NAME:   <test.out>
ENTRY POINT SYMBOL: "_c_int00_noargs"  address: 00002891


MEMORY CONFIGURATION

         name            origin    length      used     unused   attr    fill
----------------------  --------  ---------  --------  --------  ----  --------
  FLASH                 00000000   00020000  00003340  0001ccc0  R  X
  SRAM                  20200000   00008000  00000707  000078f9  RW X
  BCR_CONFIG            41c00000   000000ff  00000000  000000ff  R   
  BSL_CONFIG            41c00100   00000080  00000000  00000080  R   


SEGMENT ALLOCATION MAP

run origin  load origin   length   init length attrs members
----------  ----------- ---------- ----------- ----- -------
00000000    00000000    00003340   00003340    r-x
  00000000    00000000    000000c0   000000c0    r-- .intvecs
  000000c0    000000c0    00003070   00003070    r-x .text
  00003130    00003130    000001d8   000001d8    r-- .rodata
  00003308    00003308    00000038   00000038    r-- .cinit
20200000    20200000    00000509   00000000    rw-
  20200000    20200000    000003b6   00000000    rw- .bss
  202003b8    202003b8    00000151   00000000    rw- .data
20207e00    20207e00    00000200   00000000    rw-
  20207e00    20207e00    00000200   00000000    rw- .stack


SECTION ALLOCATION MAP

 output                                  attributes/
section   page    origin      length       input sections
--------  ----  ----------  ----------   ----------------
.intvecs   0    00000000    000000c0     
                  00000000    000000c0     startup_mspm0g350x_ticlang.o (.intvecs)

.text      0    000000c0    00003070     
                  000000c0    00000214     driverlib.a : dl_mcan.o (.text.DL_MCAN_msgRAMConfig)
                  000002d4    000001b8     bsp_PWM.o (.text.motor_set)
                  0000048c    00000168     chasis.o (.text.chasis_cal)
                  000005f4    00000164     ti_msp_dl_config.o (.text.SYSCFG_DL_GPIO_init)
                  00000758    0000015c     chasis.o (.text.mec_inverse)
                  000008b4    0000010c     driverlib.a : dl_mcan.o (.text.DL_MCAN_readMsgRam)
                  000009c0    00000104                 : dl_timer.o (.text.DL_Timer_initFourCCPWMMode)
                  00000ac4    000000ec     ti_msp_dl_config.o (.text.SYSCFG_DL_MCAN0_init)
                  00000bb0    000000e8     ti_msp_dl_config.o (.text.SYSCFG_DL_FRONT_OUT_init)
                  00000c98    000000e8     ti_msp_dl_config.o (.text.SYSCFG_DL_SYSCTL_SYSPLL_init)
                  00000d80    000000dc     driverlib.a : dl_mcan.o (.text.DL_MCAN_init)
                  00000e5c    000000dc                 : dl_sysctl_mspm0g1x0x_g3x0x.o (.text.DL_SYSCTL_configSYSPLL)
                  00000f38    000000d8                 : dl_mcan.o (.text.DL_MCAN_setBitTime)
                  00001010    000000d8     bsp_PWM.o (.text.motor_coast)
                  000010e8    000000d8     libclang_rt.builtins.a : addsf3.S.obj (.text)
                  000011c0    000000d4     bsp_PWM.o (.text.motor_brake)
                  00001294    000000d0     chasis.o (.text.motor_openloop_drive)
                  00001364    000000c4     ti_msp_dl_config.o (.text.SYSCFG_DL_initPower)
                  00001428    000000b8     ti_msp_dl_config.o (.text.SYSCFG_DL_FFRONT_IN_init)
                  000014e0    000000b8     ti_msp_dl_config.o (.text.SYSCFG_DL_REAR_IN_init)
                  00001598    0000009c     ti_msp_dl_config.o (.text.SYSCFG_DL_RR_OUT_init)
                  00001634    00000098     ti_msp_dl_config.o (.text.SYSCFG_DL_RL_OUT_init)
                  000016cc    00000094     bsp_UART.o (.text.uart_isIDLE)
                  00001760    0000008c     libclang_rt.builtins.a : mulsf3.S.obj (.text.__mulsf3)
                  000017ec    00000084     ti_msp_dl_config.o (.text.__NVIC_SetPriority)
                  00001870    00000082     libclang_rt.builtins.a : divsf3.S.obj (.text.__divsf3)
                  000018f2    00000002     Task.o (.text.User_Init)
                  000018f4    0000007c     ti_msp_dl_config.o (.text.SYSCFG_DL_SYSCTL_init)
                  00001970    0000007c     bsp_UART.o (.text.UART0_IRQHandler)
                  000019ec    0000007c     bsp_CAN.o (.text.handleCanRxMessage)
                  00001a68    0000007c     libc.a : copy_decompress_lzss.c.obj (.text:decompress:lzss)
                  00001ae4    00000078     ti_msp_dl_config.o (.text.SYSCFG_DL_UART_0_init)
                  00001b5c    00000078     empty.o (.text.SysTick_Handler)
                  00001bd4    00000074     libclang_rt.builtins.a : comparedf2.c.obj (.text.__gedf2)
                  00001c48    0000006c     chasis.o (.text.chasis_set_velocity)
                  00001cb4    0000006c     empty.o (.text.main)
                  00001d20    00000068     ti_msp_dl_config.o (.text.SYSCFG_DL_init)
                  00001d88    00000068     libclang_rt.builtins.a : comparedf2.c.obj (.text.__ledf2)
                  00001df0    00000064     driverlib.a : dl_sysctl_mspm0g1x0x_g3x0x.o (.text.DL_SYSCTL_setHFCLKSourceHFXTParams)
                  00001e54    00000062     libclang_rt.builtins.a : aeabi_dcmp.S.obj (.text.__aeabi_dcmp)
                  00001eb6    00000002                            : aeabi_div0.c.obj (.text.__aeabi_idiv0)
                  00001eb8    00000062                            : aeabi_fcmp.S.obj (.text.__aeabi_fcmp)
                  00001f1a    00000002     --HOLE-- [fill = 0]
                  00001f1c    00000060     driverlib.a : dl_sysctl_mspm0g1x0x_g3x0x.o (.text.DL_SYSCTL_setLFCLKSourceLFXT)
                  00001f7c    00000060     bsp_UART.o (.text.uart_send)
                  00001fdc    00000058     ti_msp_dl_config.o (.text.SYSCFG_DL_I2C_OLED_init)
                  00002034    00000054     bsp_UART.o (.text.UART_Rx_DMA_ToIdle_Callback)
                  00002088    00000054     bsp_UART.o (.text.uart_receive_start)
                  000020dc    00000050     ti_msp_dl_config.o (.text.DL_GPIO_initPeripheralInputFunctionFeatures)
                  0000212c    00000050     ti_msp_dl_config.o (.text.SysTick_Config)
                  0000217c    0000004c     driverlib.a : dl_dma.o (.text.DL_DMA_initChannel)
                  000021c8    0000004c     ti_msp_dl_config.o (.text.DL_UART_setBaudRateDivisor)
                  00002214    00000048     driverlib.a : dl_uart.o (.text.DL_UART_init)
                  0000225c    00000044     bsp_CAN.o (.text.CANFD0_IRQHandler)
                  000022a0    00000044     driverlib.a : dl_mcan.o (.text.DL_MCAN_getRevisionId)
                  000022e4    00000044                 : dl_sysctl_mspm0g1x0x_g3x0x.o (.text.DL_SYSCTL_switchMCLKfromSYSOSCtoHSCLK)
                  00002328    00000044     chasis.o (.text.chasis_brake)
                  0000236c    00000040     driverlib.a : dl_mcan.o (.text.DL_MCAN_writeRxFIFOAck)
                  000023ac    00000040     libclang_rt.builtins.a : aeabi_uidivmod.S.obj (.text.__aeabi_uidivmod)
                  000023ec    0000003c     ti_msp_dl_config.o (.text.DL_Timer_setCounterControl)
                  00002428    0000003c     libclang_rt.builtins.a : comparesf2.S.obj (.text.__gtsf2)
                  00002464    0000003c     libc.a : autoinit.c.obj (.text:__TI_auto_init_nobinit_nopinit)
                  000024a0    0000003a     libclang_rt.builtins.a : comparesf2.S.obj (.text.__eqsf2)
                  000024da    00000002     --HOLE-- [fill = 0]
                  000024dc    0000003a                            : muldsi3.S.obj (.text.__muldsi3)
                  00002516    00000002     --HOLE-- [fill = 0]
                  00002518    00000038     driverlib.a : dl_mcan.o (.text.DL_MCAN_getRxFIFOStatus)
                  00002550    00000038     libclang_rt.builtins.a : fixsfsi.S.obj (.text.__fixsfsi)
                  00002588    00000034     driverlib.a : dl_mcan.o (.text.DL_MCAN_setExtIDAndMask)
                  000025bc    00000030     bsp_UART.o (.text.DL_DMA_setTransferSize)
                  000025ec    00000030     ti_msp_dl_config.o (.text.DL_GPIO_initDigitalOutputFeatures)
                  0000261c    00000030     ti_msp_dl_config.o (.text.SYSCFG_DL_DMA_CH0_init)
                  0000264c    00000030     ti_msp_dl_config.o (.text.SYSCFG_DL_DMA_CH1_init)
                  0000267c    0000002c     driverlib.a : dl_mcan.o (.text.DL_MCAN_addExtMsgIDFilter)
                  000026a8    0000002c                 : dl_mcan.o (.text.DL_MCAN_addStdMsgIDFilter)
                  000026d4    0000002c     empty.o (.text.__NVIC_EnableIRQ)
                  00002700    00000028     ti_msp_dl_config.o (.text.DL_Common_updateReg)
                  00002728    00000028     bsp_UART.o (.text.DL_DMA_setDestAddr)
                  00002750    00000028     bsp_UART.o (.text.DL_DMA_setSrcAddr)
                  00002778    00000028     ti_msp_dl_config.o (.text.DL_I2C_setControllerRXFIFOThreshold)
                  000027a0    00000028     ti_msp_dl_config.o (.text.DL_I2C_setControllerTXFIFOThreshold)
                  000027c8    00000028     driverlib.a : dl_timer.o (.text.DL_Timer_setCaptureCompareCtl)
                  000027f0    00000028     ti_msp_dl_config.o (.text.DL_Timer_setCounterMode)
                  00002818    00000028     ti_msp_dl_config.o (.text.DL_Timer_setCounterRepeatMode)
                  00002840    00000028     ti_msp_dl_config.o (.text.DL_UART_setRXFIFOThreshold)
                  00002868    00000028     ti_msp_dl_config.o (.text.DL_UART_setTXFIFOThreshold)
                  00002890    00000028     libc.a : boot_cortex_m.c.obj (.text:_c_int00_noargs)
                  000028b8    00000026     bsp_UART.o (.text.DL_DMA_disableChannel)
                  000028de    00000026     bsp_UART.o (.text.DL_DMA_enableChannel)
                  00002904    00000026     ti_msp_dl_config.o (.text.DL_I2C_setAnalogGlitchFilterPulseWidth)
                  0000292a    00000026     driverlib.a : dl_i2c.o (.text.DL_I2C_setClockConfig)
                  00002950    00000024     bsp_UART.o (.text.DL_DMA_getTransferSize)
                  00002974    00000024     driverlib.a : dl_mcan.o (.text.DL_MCAN_setClockConfig)
                  00002998    00000024     ti_msp_dl_config.o (.text.DL_UART_setRXInterruptTimeout)
                  000029bc    00000024     libclang_rt.builtins.a : floatunsidf.S.obj (.text.__floatunsidf)
                  000029e0    00000020     ti_msp_dl_config.o (.text.DL_GPIO_initPeripheralInputFunction)
                  00002a00    00000020     ti_msp_dl_config.o (.text.DL_SYSCTL_setFlashWaitState)
                  00002a20    00000020     ti_msp_dl_config.o (.text.DL_Timer_setCounterValueAfterEnable)
                  00002a40    0000001e     ti_msp_dl_config.o (.text.DL_UART_setOversampling)
                  00002a5e    00000002     --HOLE-- [fill = 0]
                  00002a60    0000001c     ti_msp_dl_config.o (.text.DL_DMA_enableInterrupt)
                  00002a7c    0000001c     ti_msp_dl_config.o (.text.DL_GPIO_enableHiZ)
                  00002a98    0000001c     ti_msp_dl_config.o (.text.DL_GPIO_initPeripheralOutputFunction)
                  00002ab4    0000001c     ti_msp_dl_config.o (.text.DL_MCAN_enableInterrupt)
                  00002ad0    0000001c     driverlib.a : dl_mcan.o (.text.DL_MCAN_enableIntr)
                  00002aec    0000001c                 : dl_mcan.o (.text.DL_MCAN_enableIntrLine)
                  00002b08    0000001c                 : dl_mcan.o (.text.DL_MCAN_selectIntrLine)
                  00002b24    0000001c                 : dl_sysctl_mspm0g1x0x_g3x0x.o (.text.DL_SYSCTL_configFCC)
                  00002b40    0000001c     ti_msp_dl_config.o (.text.DL_SYSCTL_setFCCPeriods)
                  00002b5c    0000001c     ti_msp_dl_config.o (.text.DL_SYSCTL_setSYSOSCFreq)
                  00002b78    0000001c     ti_msp_dl_config.o (.text.DL_SYSCTL_setULPCLKDivider)
                  00002b94    0000001c     driverlib.a : dl_timer.o (.text.DL_Timer_setCaptCompUpdateMethod)
                  00002bb0    0000001c                 : dl_timer.o (.text.DL_Timer_setCaptureCompareInputFilter)
                  00002bcc    0000001c                 : dl_timer.o (.text.DL_Timer_setClockConfig)
                  00002be8    0000001c     ti_msp_dl_config.o (.text.DL_UART_enableInterrupt)
                  00002c04    0000001c     Task.o (.text.one_hundured_ms_callback)
                  00002c20    0000001a     driverlib.a : dl_timer.o (.text.DL_Timer_setCaptureCompareInput)
                  00002c3a    00000002     --HOLE-- [fill = 0]
                  00002c3c    00000018     ti_msp_dl_config.o (.text.DL_DMA_clearInterruptStatus)
                  00002c54    00000018     ti_msp_dl_config.o (.text.DL_GPIO_enableOutput)
                  00002c6c    00000018     ti_msp_dl_config.o (.text.DL_GPIO_enablePower)
                  00002c84    00000018     ti_msp_dl_config.o (.text.DL_GPIO_initPeripheralAnalogFunction)
                  00002c9c    00000018     ti_msp_dl_config.o (.text.DL_GPIO_reset)
                  00002cb4    00000018     empty.o (.text.DL_GPIO_setPins)
                  00002ccc    00000018     ti_msp_dl_config.o (.text.DL_I2C_enableAnalogGlitchFilter)
                  00002ce4    00000018     ti_msp_dl_config.o (.text.DL_I2C_enableController)
                  00002cfc    00000018     ti_msp_dl_config.o (.text.DL_I2C_enableControllerClockStretching)
                  00002d14    00000018     ti_msp_dl_config.o (.text.DL_I2C_enablePower)
                  00002d2c    00000018     ti_msp_dl_config.o (.text.DL_I2C_reset)
                  00002d44    00000018     ti_msp_dl_config.o (.text.DL_I2C_setTimerPeriod)
                  00002d5c    00000018     ti_msp_dl_config.o (.text.DL_MCAN_clearInterruptStatus)
                  00002d74    00000018     ti_msp_dl_config.o (.text.DL_MCAN_enablePower)
                  00002d8c    00000018     ti_msp_dl_config.o (.text.DL_MCAN_reset)
                  00002da4    00000018     driverlib.a : dl_mcan.o (.text.DL_MCAN_setOpMode)
                  00002dbc    00000018     ti_msp_dl_config.o (.text.DL_SYSCTL_setBORThreshold)
                  00002dd4    00000018     ti_msp_dl_config.o (.text.DL_Timer_enablePower)
                  00002dec    00000018     ti_msp_dl_config.o (.text.DL_Timer_enableShadowFeatures)
                  00002e04    00000018     ti_msp_dl_config.o (.text.DL_Timer_reset)
                  00002e1c    00000018     driverlib.a : dl_timer.o (.text.DL_Timer_setCaptureCompareOutCtl)
                  00002e34    00000018     ti_msp_dl_config.o (.text.DL_Timer_setLoadValue)
                  00002e4c    00000018     ti_msp_dl_config.o (.text.DL_Timer_startCounter)
                  00002e64    00000018     ti_msp_dl_config.o (.text.DL_UART_enableDMAReceiveEvent)
                  00002e7c    00000018     ti_msp_dl_config.o (.text.DL_UART_enableDMATransmitEvent)
                  00002e94    00000018     ti_msp_dl_config.o (.text.DL_UART_enableFIFOs)
                  00002eac    00000018     ti_msp_dl_config.o (.text.DL_UART_enablePower)
                  00002ec4    00000018     ti_msp_dl_config.o (.text.DL_UART_reset)
                  00002edc    00000016     Task.o (.text.CAN_Rx_FIFO0_New_Message_Callback)
                  00002ef2    00000016     ti_msp_dl_config.o (.text.DL_UART_enable)
                  00002f08    00000016     libc.a : copy_zero_init.c.obj (.text:decompress:ZI:__TI_zero_init_nomemset)
                  00002f1e    00000014     ti_msp_dl_config.o (.text.DL_GPIO_clearPins)
                  00002f32    00000002     --HOLE-- [fill = 0]
                  00002f34    00000014     ti_msp_dl_config.o (.text.DL_I2C_resetControllerTransfer)
                  00002f48    00000014     driverlib.a : dl_mcan.o (.text.DL_MCAN_clearIntrStatus)
                  00002f5c    00000014     bsp_CAN.o (.text.DL_MCAN_getPendingInterrupt)
                  00002f70    00000014     ti_msp_dl_config.o (.text.DL_SYSCTL_disableSYSPLL)
                  00002f84    00000014     ti_msp_dl_config.o (.text.DL_SYSCTL_enableSYSPLL)
                  00002f98    00000014     driverlib.a : dl_timer.o (.text.DL_Timer_enableCaptureCompareInputFilter)
                  00002fac    00000014     ti_msp_dl_config.o (.text.DL_Timer_enableClock)
                  00002fc0    00000014     ti_msp_dl_config.o (.text.DL_Timer_setCCPDirection)
                  00002fd4    00000014     Task.o (.text.ms_callback)
                  00002fe8    00000012     ti_msp_dl_config.o (.text.DL_MCAN_enableModuleClock)
                  00002ffa    00000012     bsp_UART.o (.text.DL_UART_getPendingInterrupt)
                  0000300c    00000012     driverlib.a : dl_uart.o (.text.DL_UART_setClockConfig)
                  0000301e    00000012     libc.a : memcpy16.S.obj (.text:TI_memcpy_small)
                  00003030    00000012            : copy_decompress_none.c.obj (.text:decompress:none)
                  00003042    00000002     --HOLE-- [fill = 0]
                  00003044    00000010     driverlib.a : dl_mcan.o (.text.DL_MCAN_getOpMode)
                  00003054    00000010                 : dl_mcan.o (.text.DL_MCAN_isMemInitDone)
                  00003064    00000010     ti_msp_dl_config.o (.text.DL_SYSCTL_disableHFXT)
                  00003074    00000010     ti_msp_dl_config.o (.text.DL_SYSCTL_isFCCDone)
                  00003084    00000010     ti_msp_dl_config.o (.text.DL_SYSCTL_startFCC)
                  00003094    00000010     driverlib.a : dl_timer.o (.text.DL_Timer_setCaptureCompareValue)
                  000030a4    00000010     ti_msp_dl_config.o (.text.SYSCFG_DL_SYSTICK_init)
                  000030b4    0000000e     chasis.o (.text.chasis_stop)
                  000030c2    00000002     --HOLE-- [fill = 0]
                  000030c4    0000000c     driverlib.a : dl_mcan.o (.text.DL_MCAN_getIntrStatus)
                  000030d0    0000000c     ti_msp_dl_config.o (.text.DL_SYSCTL_getClockStatus)
                  000030dc    0000000c     ti_msp_dl_config.o (.text.DL_SYSCTL_readFCC)
                  000030e8    0000000c     ti_msp_dl_config.o (.text.SYSCFG_DL_DMA_init)
                  000030f4    0000000a     driverlib.a : dl_common.o (.text.DL_Common_delayCycles)
                  000030fe    00000002     --HOLE-- [fill = 0]
                  00003100    00000008     libclang_rt.builtins.a : aeabi_memcpy.S.obj (.text.__aeabi_memcpy)
                  00003108    00000006     libc.a : exit.c.obj (.text:abort)
                  0000310e    00000004     startup_mspm0g350x_ticlang.o (.text.Default_Handler)
                  00003112    00000004     libsysbm.a : hostexit.c.obj (.text.HOSTexit)
                  00003116    00000004     startup_mspm0g350x_ticlang.o (.text.Reset_Handler)
                  0000311a    00000002     --HOLE-- [fill = 0]
                  0000311c    00000010     libc.a : boot_cortex_m.c.obj (.tramp._c_int00_noargs.1)
                  0000312c    00000004            : pre_init.c.obj (.text._system_pre_init)

.cinit     0    00003308    00000038     
                  00003308    00000011     (.cinit..data.load) [load image, compression = lzss]
                  00003319    00000003     --HOLE-- [fill = 0]
                  0000331c    0000000c     (__TI_handler_table)
                  00003328    00000008     (.cinit..bss.load) [load image, compression = zero_init]
                  00003330    00000010     (__TI_cinit_table)

.rodata    0    00003130    000001d8     
                  00003130    00000060     ti_msp_dl_config.o (.rodata.gMCAN0MsgRAMConfigParams)
                  00003190    00000040     driverlib.a : dl_mcan.o (.rodata..L__const.DL_MCAN_getDataSize.dataSize)
                  000031d0    00000034     ti_msp_dl_config.o (.rodata.gMCAN0InitParams)
                  00003204    00000028     ti_msp_dl_config.o (.rodata.gSYSPLLConfig)
                  0000322c    00000020     driverlib.a : dl_mcan.o (.rodata.cst32)
                  0000324c    00000020     ti_msp_dl_config.o (.rodata.gMCAN0BitTimes)
                  0000326c    00000018     ti_msp_dl_config.o (.rodata.gDMA_CH0Config)
                  00003284    00000018     ti_msp_dl_config.o (.rodata.gDMA_CH1Config)
                  0000329c    00000010     ti_msp_dl_config.o (.rodata.gMCAN0ExtFiltelem)
                  000032ac    00000010     ti_msp_dl_config.o (.rodata.gMCAN0StdFiltelem)
                  000032bc    00000010     chasis.o (.rodata.openloop_ratio)
                  000032cc    0000000a     ti_msp_dl_config.o (.rodata.gUART_0Config)
                  000032d6    00000002     ti_msp_dl_config.o (.rodata.gI2C_OLEDClockConfig)
                  000032d8    00000008     ti_msp_dl_config.o (.rodata.gFRONT_OUTConfig)
                  000032e0    00000008     ti_msp_dl_config.o (.rodata.gRL_OUTConfig)
                  000032e8    00000008     ti_msp_dl_config.o (.rodata.gRR_OUTConfig)
                  000032f0    00000004     ti_msp_dl_config.o (.rodata.gMCAN0ClockConf)
                  000032f4    00000003     ti_msp_dl_config.o (.rodata.gFFRONT_INClockConfig)
                  000032f7    00000003     ti_msp_dl_config.o (.rodata.gFRONT_OUTClockConfig)
                  000032fa    00000003     ti_msp_dl_config.o (.rodata.gLFCLKConfig)
                  000032fd    00000003     ti_msp_dl_config.o (.rodata.gREAR_INClockConfig)
                  00003300    00000003     ti_msp_dl_config.o (.rodata.gRL_OUTClockConfig)
                  00003303    00000003     ti_msp_dl_config.o (.rodata.gRR_OUTClockConfig)
                  00003306    00000002     ti_msp_dl_config.o (.rodata.gUART_0ClockConfig)

.init_array 
*          0    00000000    00000000     UNINITIALIZED

.binit     0    00000000    00000000     

.bss       0    20200000    000003b6     UNINITIALIZED
                  20200000    000000bc     (.common:gFRONT_OUTBackup)
                  202000bc    000000bc     (.common:gRL_OUTBackup)
                  20200178    000000a0     (.common:gREAR_INBackup)
                  20200218    000000a0     (.common:gRR_OUTBackup)
                  202002b8    00000098     (.common:gMCAN0Backup)
                  20200350    00000064     (.common:uart_rx_buff)
                  202003b4    00000002     (.common:test_count)

.data      0    202003b8    00000151     UNINITIALIZED
                  202003b8    00000118     chasis.o (.data.user_chasis)
                  202004d0    00000010     bsp_PWM.o (.data.g_motor)
                  202004e0    00000010     chasis.o (.data.motor_test_target_rpm)
                  202004f0    00000004     empty.o (.data.g_tick)
                  202004f4    00000004     chasis.o (.data.motor_invert)
                  202004f8    00000004     chasis.o (.data.move_timer_ms)
                  202004fc    00000002     bsp_UART.o (.data.rx_size)
                  202004fe    00000001     chasis.o (.data.brake_hold)
                  202004ff    00000001     empty.o (.data.g_flag_100hz)
                  20200500    00000001     empty.o (.data.init_ok)
                  20200501    00000001     chasis.o (.data.motor_test_mode)
                  20200502    00000001     chasis.o (.data.move_state)
                  20200503    00000001     bsp_UART.o (.data.uart_isIDLE.rx_last_size)
                  20200504    00000001     bsp_UART.o (.data.uart_isIDLE.stable_count)
                  20200505    00000001     bsp_UART.o (.data.uart_rx_dma_complete_flag)
                  20200506    00000001     bsp_UART.o (.data.uart_rx_length)
                  20200507    00000001     bsp_UART.o (.data.uart_tx_complete_flag)
                  20200508    00000001     bsp_UART.o (.data.uart_tx_dma_complete_flag)

.stack     0    20207e00    00000200     UNINITIALIZED
                  20207e00    00000004     libc.a : boot_cortex_m.c.obj (.stack)
                  20207e04    000001fc     --HOLE--

__llvm_prf_cnts 
*          0    20200000    00000000     UNINITIALIZED

__llvm_prf_bits 
*          0    20200000    00000000     UNINITIALIZED

MODULE SUMMARY

       Module                         code    ro data   rw data
       ------                         ----    -------   -------
    .\
       ti_msp_dl_config.o             4500    360       848    
       empty.o                        296     0         8      
       startup_mspm0g350x_ticlang.o   8       192       0      
    +--+------------------------------+-------+---------+---------+
       Total:                         4804    552       856    
                                                               
    .\User\bsp\Src\
       chasis.o                       1106    16        307    
       bsp_UART.o                     794     0         108    
       bsp_PWM.o                      868     0         16     
       bsp_CAN.o                      212     0         0      
       Task.o                         72      0         0      
    +--+------------------------------+-------+---------+---------+
       Total:                         3052    16        431    
                                                               
    E:/TI/CCS/mspm0_sdk_2_10_00_04/source/ti/driverlib/lib/ticlang/m0p/mspm0g1x0x_g3x0x/driverlib.a
       dl_mcan.o                      1772    96        0      
       dl_sysctl_mspm0g1x0x_g3x0x.o   512     0         0      
       dl_timer.o                     470     0         0      
       dl_uart.o                      90      0         0      
       dl_dma.o                       76      0         0      
       dl_i2c.o                       38      0         0      
       dl_common.o                    10      0         0      
    +--+------------------------------+-------+---------+---------+
       Total:                         2968    96        0      
                                                               
    E:\TI\CCS\ccs\tools\compiler\ti-cgt-armllvm_4.0.4.LTS\lib\armv6m-ti-none-eabi/c/libc.a
       copy_decompress_lzss.c.obj     124     0         0      
       autoinit.c.obj                 60      0         0      
       boot_cortex_m.c.obj            56      0         0      
       copy_zero_init.c.obj           22      0         0      
       copy_decompress_none.c.obj     18      0         0      
       memcpy16.S.obj                 18      0         0      
       exit.c.obj                     6       0         0      
       pre_init.c.obj                 4       0         0      
    +--+------------------------------+-------+---------+---------+
       Total:                         308     0         0      
                                                               
    E:\TI\CCS\ccs\tools\compiler\ti-cgt-armllvm_4.0.4.LTS\lib\armv6m-ti-none-eabi/c/libsysbm.a
       hostexit.c.obj                 4       0         0      
    +--+------------------------------+-------+---------+---------+
       Total:                         4       0         0      
                                                               
    E:\TI\CCS\ccs\tools\compiler\ti-cgt-armllvm_4.0.4.LTS\lib\armv6m-ti-none-eabi/libclang_rt.builtins.a
       comparedf2.c.obj               220     0         0      
       addsf3.S.obj                   216     0         0      
       mulsf3.S.obj                   140     0         0      
       divsf3.S.obj                   130     0         0      
       comparesf2.S.obj               118     0         0      
       aeabi_dcmp.S.obj               98      0         0      
       aeabi_fcmp.S.obj               98      0         0      
       aeabi_uidivmod.S.obj           64      0         0      
       muldsi3.S.obj                  58      0         0      
       fixsfsi.S.obj                  56      0         0      
       floatunsidf.S.obj              36      0         0      
       aeabi_memcpy.S.obj             8       0         0      
       aeabi_div0.c.obj               2       0         0      
    +--+------------------------------+-------+---------+---------+
       Total:                         1244    0         0      
                                                               
       Stack:                         0       0         512    
       Linker Generated:              0       53        0      
    +--+------------------------------+-------+---------+---------+
       Grand Total:                   12380   717       1799   


LINKER GENERATED COPY TABLES

__TI_cinit_table @ 00003330 records: 2, size/record: 8, table size: 16
	.data: load addr=00003308, load size=00000011 bytes, run addr=202003b8, run size=00000151 bytes, compression=lzss
	.bss: load addr=00003328, load size=00000008 bytes, run addr=20200000, run size=000003b6 bytes, compression=zero_init


LINKER GENERATED HANDLER TABLE

__TI_handler_table @ 0000331c records: 3, size/record: 4, table size: 12
	index: 0, handler: __TI_decompress_lzss
	index: 1, handler: __TI_decompress_none
	index: 2, handler: __TI_zero_init


FAR CALL TRAMPOLINES

callee name               trampoline name
   callee addr  tramp addr   call addr  call info
--------------  -----------  ---------  ----------------
_c_int00_noargs           $Tramp$TT$L$PI$$_c_int00_noargs
   00002891     0000311c     00003116   startup_mspm0g350x_ticlang.o (.text.Reset_Handler)

[1 trampolines]
[1 trampoline calls]


GLOBAL SYMBOLS: SORTED ALPHABETICALLY BY Name 

address   name                                    
-------   ----                                    
0000310f  ADC0_IRQHandler                         
0000310f  ADC1_IRQHandler                         
0000310f  AES_IRQHandler                          
00003112  C$$EXIT                                 
0000225d  CANFD0_IRQHandler                       
00002edd  CAN_Rx_FIFO0_New_Message_Callback       
0000310f  DAC0_IRQHandler                         
000030f5  DL_Common_delayCycles                   
0000217d  DL_DMA_initChannel                      
0000292b  DL_I2C_setClockConfig                   
0000267d  DL_MCAN_addExtMsgIDFilter               
000026a9  DL_MCAN_addStdMsgIDFilter               
00002f49  DL_MCAN_clearIntrStatus                 
00002ad1  DL_MCAN_enableIntr                      
00002aed  DL_MCAN_enableIntrLine                  
000030c5  DL_MCAN_getIntrStatus                   
00003045  DL_MCAN_getOpMode                       
000022a1  DL_MCAN_getRevisionId                   
00002519  DL_MCAN_getRxFIFOStatus                 
00000d81  DL_MCAN_init                            
00003055  DL_MCAN_isMemInitDone                   
000000c1  DL_MCAN_msgRAMConfig                    
000008b5  DL_MCAN_readMsgRam                      
00002b09  DL_MCAN_selectIntrLine                  
00000f39  DL_MCAN_setBitTime                      
00002975  DL_MCAN_setClockConfig                  
00002589  DL_MCAN_setExtIDAndMask                 
00002da5  DL_MCAN_setOpMode                       
0000236d  DL_MCAN_writeRxFIFOAck                  
00002b25  DL_SYSCTL_configFCC                     
00000e5d  DL_SYSCTL_configSYSPLL                  
00001df1  DL_SYSCTL_setHFCLKSourceHFXTParams      
00001f1d  DL_SYSCTL_setLFCLKSourceLFXT            
000022e5  DL_SYSCTL_switchMCLKfromSYSOSCtoHSCLK   
00002f99  DL_Timer_enableCaptureCompareInputFilter
000009c1  DL_Timer_initFourCCPWMMode              
00002b95  DL_Timer_setCaptCompUpdateMethod        
000027c9  DL_Timer_setCaptureCompareCtl           
00002c21  DL_Timer_setCaptureCompareInput         
00002bb1  DL_Timer_setCaptureCompareInputFilter   
00002e1d  DL_Timer_setCaptureCompareOutCtl        
00003095  DL_Timer_setCaptureCompareValue         
00002bcd  DL_Timer_setClockConfig                 
00002215  DL_UART_init                            
0000300d  DL_UART_setClockConfig                  
0000310f  DMA_IRQHandler                          
0000310f  Default_Handler                         
0000310f  GROUP0_IRQHandler                       
0000310f  GROUP1_IRQHandler                       
00003113  HOSTexit                                
0000310f  HardFault_Handler                       
0000310f  I2C0_IRQHandler                         
0000310f  I2C1_IRQHandler                         
0000310f  NMI_Handler                             
0000310f  PendSV_Handler                          
0000310f  RTC_IRQHandler                          
00003117  Reset_Handler                           
0000310f  SPI0_IRQHandler                         
0000310f  SPI1_IRQHandler                         
0000310f  SVC_Handler                             
0000261d  SYSCFG_DL_DMA_CH0_init                  
0000264d  SYSCFG_DL_DMA_CH1_init                  
000030e9  SYSCFG_DL_DMA_init                      
00001429  SYSCFG_DL_FFRONT_IN_init                
00000bb1  SYSCFG_DL_FRONT_OUT_init                
000005f5  SYSCFG_DL_GPIO_init                     
00001fdd  SYSCFG_DL_I2C_OLED_init                 
00000ac5  SYSCFG_DL_MCAN0_init                    
000014e1  SYSCFG_DL_REAR_IN_init                  
00001635  SYSCFG_DL_RL_OUT_init                   
00001599  SYSCFG_DL_RR_OUT_init                   
00000c99  SYSCFG_DL_SYSCTL_SYSPLL_init            
000018f5  SYSCFG_DL_SYSCTL_init                   
000030a5  SYSCFG_DL_SYSTICK_init                  
00001ae5  SYSCFG_DL_UART_0_init                   
00001d21  SYSCFG_DL_init                          
00001365  SYSCFG_DL_initPower                     
00001b5d  SysTick_Handler                         
0000310f  TIMA0_IRQHandler                        
0000310f  TIMA1_IRQHandler                        
0000310f  TIMG0_IRQHandler                        
0000310f  TIMG12_IRQHandler                       
0000310f  TIMG6_IRQHandler                        
0000310f  TIMG7_IRQHandler                        
0000310f  TIMG8_IRQHandler                        
0000301f  TI_memcpy_small                         
00001971  UART0_IRQHandler                        
0000310f  UART1_IRQHandler                        
0000310f  UART2_IRQHandler                        
0000310f  UART3_IRQHandler                        
00002035  UART_Rx_DMA_ToIdle_Callback             
000018f3  User_Init                               
20208000  __STACK_END                             
00000200  __STACK_SIZE                            
00000000  __TI_ATRegion0_region_sz                
00000000  __TI_ATRegion0_src_addr                 
00000000  __TI_ATRegion0_trg_addr                 
00000000  __TI_ATRegion1_region_sz                
00000000  __TI_ATRegion1_src_addr                 
00000000  __TI_ATRegion1_trg_addr                 
00000000  __TI_ATRegion2_region_sz                
00000000  __TI_ATRegion2_src_addr                 
00000000  __TI_ATRegion2_trg_addr                 
00003330  __TI_CINIT_Base                         
00003340  __TI_CINIT_Limit                        
00003340  __TI_CINIT_Warm                         
0000331c  __TI_Handler_Table_Base                 
00003328  __TI_Handler_Table_Limit                
00002465  __TI_auto_init_nobinit_nopinit          
00001a69  __TI_decompress_lzss                    
00003031  __TI_decompress_none                    
ffffffff  __TI_pprof_out_hndl                     
ffffffff  __TI_prof_data_size                     
ffffffff  __TI_prof_data_start                    
00000000  __TI_static_base__                      
00002f09  __TI_zero_init_nomemset                 
000010f3  __addsf3                                
00001e55  __aeabi_dcmpeq                          
00001e91  __aeabi_dcmpge                          
00001ea5  __aeabi_dcmpgt                          
00001e7d  __aeabi_dcmple                          
00001e69  __aeabi_dcmplt                          
00002551  __aeabi_f2iz                            
000010f3  __aeabi_fadd                            
00001eb9  __aeabi_fcmpeq                          
00001ef5  __aeabi_fcmpge                          
00001f09  __aeabi_fcmpgt                          
00001ee1  __aeabi_fcmple                          
00001ecd  __aeabi_fcmplt                          
00001871  __aeabi_fdiv                            
00001761  __aeabi_fmul                            
000010e9  __aeabi_fsub                            
00001eb7  __aeabi_idiv0                           
00003101  __aeabi_memcpy                          
00003101  __aeabi_memcpy4                         
00003101  __aeabi_memcpy8                         
000029bd  __aeabi_ui2d                            
000023ad  __aeabi_uidiv                           
000023ad  __aeabi_uidivmod                        
ffffffff  __binit__                               
00001d89  __cmpdf2                                
000024a1  __cmpsf2                                
00001871  __divsf3                                
00001d89  __eqdf2                                 
000024a1  __eqsf2                                 
00002551  __fixsfsi                               
000029bd  __floatunsidf                           
00001bd5  __gedf2                                 
00002429  __gesf2                                 
00001bd5  __gtdf2                                 
00002429  __gtsf2                                 
00001d89  __ledf2                                 
000024a1  __lesf2                                 
00001d89  __ltdf2                                 
000024a1  __ltsf2                                 
UNDEFED   __mpu_init                              
000024dd  __muldsi3                               
00001761  __mulsf3                                
00001d89  __nedf2                                 
000024a1  __nesf2                                 
20207e00  __stack                                 
20200000  __start___llvm_prf_bits                 
20200000  __start___llvm_prf_cnts                 
20200000  __stop___llvm_prf_bits                  
20200000  __stop___llvm_prf_cnts                  
000010e9  __subsf3                                
00002891  _c_int00_noargs                         
UNDEFED   _system_post_cinit                      
0000312d  _system_pre_init                        
00003109  abort                                   
ffffffff  binit                                   
00002329  chasis_brake                            
0000048d  chasis_cal                              
00001c49  chasis_set_velocity                     
000030b5  chasis_stop                             
20200000  gFRONT_OUTBackup                        
202002b8  gMCAN0Backup                            
20200178  gREAR_INBackup                          
202000bc  gRL_OUTBackup                           
20200218  gRR_OUTBackup                           
202004ff  g_flag_100hz                            
202004f0  g_tick                                  
000019ed  handleCanRxMessage                      
20200500  init_ok                                 
00000000  interruptVectors                        
00001cb5  main                                    
000011c1  motor_brake                             
00001011  motor_coast                             
00001295  motor_openloop_drive                    
000002d5  motor_set                               
00002fd5  ms_callback                             
00002c05  one_hundured_ms_callback                
202004fc  rx_size                                 
202003b4  test_count                              
000016cd  uart_isIDLE                             
00002089  uart_receive_start                      
20200350  uart_rx_buff                            
20200505  uart_rx_dma_complete_flag               
20200506  uart_rx_length                          
00001f7d  uart_send                               
20200507  uart_tx_complete_flag                   
20200508  uart_tx_dma_complete_flag               
202003b8  user_chasis                             


GLOBAL SYMBOLS: SORTED BY Symbol Address 

address   name                                    
-------   ----                                    
00000000  __TI_ATRegion0_region_sz                
00000000  __TI_ATRegion0_src_addr                 
00000000  __TI_ATRegion0_trg_addr                 
00000000  __TI_ATRegion1_region_sz                
00000000  __TI_ATRegion1_src_addr                 
00000000  __TI_ATRegion1_trg_addr                 
00000000  __TI_ATRegion2_region_sz                
00000000  __TI_ATRegion2_src_addr                 
00000000  __TI_ATRegion2_trg_addr                 
00000000  __TI_static_base__                      
00000000  interruptVectors                        
000000c1  DL_MCAN_msgRAMConfig                    
00000200  __STACK_SIZE                            
000002d5  motor_set                               
0000048d  chasis_cal                              
000005f5  SYSCFG_DL_GPIO_init                     
000008b5  DL_MCAN_readMsgRam                      
000009c1  DL_Timer_initFourCCPWMMode              
00000ac5  SYSCFG_DL_MCAN0_init                    
00000bb1  SYSCFG_DL_FRONT_OUT_init                
00000c99  SYSCFG_DL_SYSCTL_SYSPLL_init            
00000d81  DL_MCAN_init                            
00000e5d  DL_SYSCTL_configSYSPLL                  
00000f39  DL_MCAN_setBitTime                      
00001011  motor_coast                             
000010e9  __aeabi_fsub                            
000010e9  __subsf3                                
000010f3  __addsf3                                
000010f3  __aeabi_fadd                            
000011c1  motor_brake                             
00001295  motor_openloop_drive                    
00001365  SYSCFG_DL_initPower                     
00001429  SYSCFG_DL_FFRONT_IN_init                
000014e1  SYSCFG_DL_REAR_IN_init                  
00001599  SYSCFG_DL_RR_OUT_init                   
00001635  SYSCFG_DL_RL_OUT_init                   
000016cd  uart_isIDLE                             
00001761  __aeabi_fmul                            
00001761  __mulsf3                                
00001871  __aeabi_fdiv                            
00001871  __divsf3                                
000018f3  User_Init                               
000018f5  SYSCFG_DL_SYSCTL_init                   
00001971  UART0_IRQHandler                        
000019ed  handleCanRxMessage                      
00001a69  __TI_decompress_lzss                    
00001ae5  SYSCFG_DL_UART_0_init                   
00001b5d  SysTick_Handler                         
00001bd5  __gedf2                                 
00001bd5  __gtdf2                                 
00001c49  chasis_set_velocity                     
00001cb5  main                                    
00001d21  SYSCFG_DL_init                          
00001d89  __cmpdf2                                
00001d89  __eqdf2                                 
00001d89  __ledf2                                 
00001d89  __ltdf2                                 
00001d89  __nedf2                                 
00001df1  DL_SYSCTL_setHFCLKSourceHFXTParams      
00001e55  __aeabi_dcmpeq                          
00001e69  __aeabi_dcmplt                          
00001e7d  __aeabi_dcmple                          
00001e91  __aeabi_dcmpge                          
00001ea5  __aeabi_dcmpgt                          
00001eb7  __aeabi_idiv0                           
00001eb9  __aeabi_fcmpeq                          
00001ecd  __aeabi_fcmplt                          
00001ee1  __aeabi_fcmple                          
00001ef5  __aeabi_fcmpge                          
00001f09  __aeabi_fcmpgt                          
00001f1d  DL_SYSCTL_setLFCLKSourceLFXT            
00001f7d  uart_send                               
00001fdd  SYSCFG_DL_I2C_OLED_init                 
00002035  UART_Rx_DMA_ToIdle_Callback             
00002089  uart_receive_start                      
0000217d  DL_DMA_initChannel                      
00002215  DL_UART_init                            
0000225d  CANFD0_IRQHandler                       
000022a1  DL_MCAN_getRevisionId                   
000022e5  DL_SYSCTL_switchMCLKfromSYSOSCtoHSCLK   
00002329  chasis_brake                            
0000236d  DL_MCAN_writeRxFIFOAck                  
000023ad  __aeabi_uidiv                           
000023ad  __aeabi_uidivmod                        
00002429  __gesf2                                 
00002429  __gtsf2                                 
00002465  __TI_auto_init_nobinit_nopinit          
000024a1  __cmpsf2                                
000024a1  __eqsf2                                 
000024a1  __lesf2                                 
000024a1  __ltsf2                                 
000024a1  __nesf2                                 
000024dd  __muldsi3                               
00002519  DL_MCAN_getRxFIFOStatus                 
00002551  __aeabi_f2iz                            
00002551  __fixsfsi                               
00002589  DL_MCAN_setExtIDAndMask                 
0000261d  SYSCFG_DL_DMA_CH0_init                  
0000264d  SYSCFG_DL_DMA_CH1_init                  
0000267d  DL_MCAN_addExtMsgIDFilter               
000026a9  DL_MCAN_addStdMsgIDFilter               
000027c9  DL_Timer_setCaptureCompareCtl           
00002891  _c_int00_noargs                         
0000292b  DL_I2C_setClockConfig                   
00002975  DL_MCAN_setClockConfig                  
000029bd  __aeabi_ui2d                            
000029bd  __floatunsidf                           
00002ad1  DL_MCAN_enableIntr                      
00002aed  DL_MCAN_enableIntrLine                  
00002b09  DL_MCAN_selectIntrLine                  
00002b25  DL_SYSCTL_configFCC                     
00002b95  DL_Timer_setCaptCompUpdateMethod        
00002bb1  DL_Timer_setCaptureCompareInputFilter   
00002bcd  DL_Timer_setClockConfig                 
00002c05  one_hundured_ms_callback                
00002c21  DL_Timer_setCaptureCompareInput         
00002da5  DL_MCAN_setOpMode                       
00002e1d  DL_Timer_setCaptureCompareOutCtl        
00002edd  CAN_Rx_FIFO0_New_Message_Callback       
00002f09  __TI_zero_init_nomemset                 
00002f49  DL_MCAN_clearIntrStatus                 
00002f99  DL_Timer_enableCaptureCompareInputFilter
00002fd5  ms_callback                             
0000300d  DL_UART_setClockConfig                  
0000301f  TI_memcpy_small                         
00003031  __TI_decompress_none                    
00003045  DL_MCAN_getOpMode                       
00003055  DL_MCAN_isMemInitDone                   
00003095  DL_Timer_setCaptureCompareValue         
000030a5  SYSCFG_DL_SYSTICK_init                  
000030b5  chasis_stop                             
000030c5  DL_MCAN_getIntrStatus                   
000030e9  SYSCFG_DL_DMA_init                      
000030f5  DL_Common_delayCycles                   
00003101  __aeabi_memcpy                          
00003101  __aeabi_memcpy4                         
00003101  __aeabi_memcpy8                         
00003109  abort                                   
0000310f  ADC0_IRQHandler                         
0000310f  ADC1_IRQHandler                         
0000310f  AES_IRQHandler                          
0000310f  DAC0_IRQHandler                         
0000310f  DMA_IRQHandler                          
0000310f  Default_Handler                         
0000310f  GROUP0_IRQHandler                       
0000310f  GROUP1_IRQHandler                       
0000310f  HardFault_Handler                       
0000310f  I2C0_IRQHandler                         
0000310f  I2C1_IRQHandler                         
0000310f  NMI_Handler                             
0000310f  PendSV_Handler                          
0000310f  RTC_IRQHandler                          
0000310f  SPI0_IRQHandler                         
0000310f  SPI1_IRQHandler                         
0000310f  SVC_Handler                             
0000310f  TIMA0_IRQHandler                        
0000310f  TIMA1_IRQHandler                        
0000310f  TIMG0_IRQHandler                        
0000310f  TIMG12_IRQHandler                       
0000310f  TIMG6_IRQHandler                        
0000310f  TIMG7_IRQHandler                        
0000310f  TIMG8_IRQHandler                        
0000310f  UART1_IRQHandler                        
0000310f  UART2_IRQHandler                        
0000310f  UART3_IRQHandler                        
00003112  C$$EXIT                                 
00003113  HOSTexit                                
00003117  Reset_Handler                           
0000312d  _system_pre_init                        
0000331c  __TI_Handler_Table_Base                 
00003328  __TI_Handler_Table_Limit                
00003330  __TI_CINIT_Base                         
00003340  __TI_CINIT_Limit                        
00003340  __TI_CINIT_Warm                         
20200000  __start___llvm_prf_bits                 
20200000  __start___llvm_prf_cnts                 
20200000  __stop___llvm_prf_bits                  
20200000  __stop___llvm_prf_cnts                  
20200000  gFRONT_OUTBackup                        
202000bc  gRL_OUTBackup                           
20200178  gREAR_INBackup                          
20200218  gRR_OUTBackup                           
202002b8  gMCAN0Backup                            
20200350  uart_rx_buff                            
202003b4  test_count                              
202003b8  user_chasis                             
202004f0  g_tick                                  
202004fc  rx_size                                 
202004ff  g_flag_100hz                            
20200500  init_ok                                 
20200505  uart_rx_dma_complete_flag               
20200506  uart_rx_length                          
20200507  uart_tx_complete_flag                   
20200508  uart_tx_dma_complete_flag               
20207e00  __stack                                 
20208000  __STACK_END                             
ffffffff  __TI_pprof_out_hndl                     
ffffffff  __TI_prof_data_size                     
ffffffff  __TI_prof_data_start                    
ffffffff  __binit__                               
ffffffff  binit                                   
UNDEFED   __mpu_init                              
UNDEFED   _system_post_cinit                      

[203 symbols]
