******************************************************************************
            TI ARM Clang Linker PC v4.0.4                      
******************************************************************************
>> Linked Sat May 23 20:59:16 2026

OUTPUT FILE NAME:   <test.out>
ENTRY POINT SYMBOL: "_c_int00_noargs"  address: 00005829


MEMORY CONFIGURATION

         name            origin    length      used     unused   attr    fill
----------------------  --------  ---------  --------  --------  ----  --------
  FLASH                 00000000   00020000  000072f0  00018d10  R  X
  SRAM                  20200000   00008000  00000b6b  00007495  RW X
  BCR_CONFIG            41c00000   000000ff  00000000  000000ff  R   
  BSL_CONFIG            41c00100   00000080  00000000  00000080  R   


SEGMENT ALLOCATION MAP

run origin  load origin   length   init length attrs members
----------  ----------- ---------- ----------- ----- -------
00000000    00000000    000072f0   000072f0    r-x
  00000000    00000000    000000c0   000000c0    r-- .intvecs
  000000c0    000000c0    00006468   00006468    r-x .text
  00006528    00006528    00000d08   00000d08    r-- .rodata
  00007230    00007230    000000c0   000000c0    r-- .cinit
20200000    20200000    0000096b   00000000    rw-
  20200000    20200000    00000698   00000000    rw- .bss
  20200698    20200698    000002d3   00000000    rw- .data
20207e00    20207e00    00000200   00000000    rw-
  20207e00    20207e00    00000200   00000000    rw- .stack


SECTION ALLOCATION MAP

 output                                  attributes/
section   page    origin      length       input sections
--------  ----  ----------  ----------   ----------------
.intvecs   0    00000000    000000c0     
                  00000000    000000c0     startup_mspm0g350x_ticlang.o (.intvecs)

.text      0    000000c0    00006468     
                  000000c0    00000690     Task.o (.text.while_task)
                  00000750    000003e0     chasis.o (.text.chasis_cal)
                  00000b30    00000298     chasis.o (.text.mec_inverse)
                  00000dc8    00000270     chasis.o (.text.chasis_trapezoid_move)
                  00001038    00000214     driverlib.a : dl_mcan.o (.text.DL_MCAN_msgRAMConfig)
                  0000124c    00000214     wit_c_sdk.o (.text.WitSerialDataIn)
                  00001460    000001e0     ti_msp_dl_config.o (.text.SYSCFG_DL_GPIO_init)
                  00001640    000001b8     bsp_PWM.o (.text.motor_set)
                  000017f8    0000019c     ultrasonic.o (.text.Ultrasonic_GPIOB_ISR)
                  00001994    0000017c     wit_c_sdk.o (.text.WitWriteReg)
                  00001b10    00000158     wit_c_sdk.o (.text.CopeWitData)
                  00001c68    00000118     bsp_oled.o (.text.OLED_ShowChar)
                  00001d80    00000114     bsp_oled.o (.text.OLED_Init)
                  00001e94    0000010c     driverlib.a : dl_mcan.o (.text.DL_MCAN_readMsgRam)
                  00001fa0    0000010a     ZDT_CAN.o (.text.can_SendCmd)
                  000020aa    00000002     libclang_rt.builtins.a : aeabi_div0.c.obj (.text.__aeabi_idiv0)
                  000020ac    00000104     driverlib.a : dl_timer.o (.text.DL_Timer_initFourCCPWMMode)
                  000021b0    000000fc                 : dl_timer.o (.text.DL_Timer_initTimerMode)
                  000022ac    000000f6     bsp_oled.o (.text.OLED_ShowNum)
                  000023a2    00000002     libclang_rt.builtins.a : aeabi_div0.c.obj (.text.__aeabi_ldiv0)
                  000023a4    000000f4     driverlib.a : dl_mcan.o (.text.DL_MCAN_writeMsgRam)
                  00002498    000000f4     Task.o (.text.UART_Rx_DMA_ToIdle_Callback)
                  0000258c    000000f0     task_scheduler.o (.text.Menu_Enter)
                  0000267c    000000f0     task_scheduler.o (.text.Menu_Run)
                  0000276c    000000ec     ti_msp_dl_config.o (.text.SYSCFG_DL_MCAN0_init)
                  00002858    000000e8     ti_msp_dl_config.o (.text.SYSCFG_DL_FRONT_OUT_init)
                  00002940    000000e8     ti_msp_dl_config.o (.text.SYSCFG_DL_SYSCTL_SYSPLL_init)
                  00002a28    000000dc     driverlib.a : dl_mcan.o (.text.DL_MCAN_init)
                  00002b04    000000dc                 : dl_sysctl_mspm0g1x0x_g3x0x.o (.text.DL_SYSCTL_configSYSPLL)
                  00002be0    000000d8                 : dl_mcan.o (.text.DL_MCAN_setBitTime)
                  00002cb8    000000d8     task_scheduler.o (.text.Menu_Draw)
                  00002d90    000000d8     bsp_PWM.o (.text.motor_coast)
                  00002e68    000000d8     Task.o (.text.one_hundured_ms_callback)
                  00002f40    000000d8     libclang_rt.builtins.a : addsf3.S.obj (.text)
                  00003018    000000d4     bsp_PWM.o (.text.motor_brake)
                  000030ec    000000d0     chasis.o (.text.motor_openloop_drive)
                  000031bc    000000c4     ti_msp_dl_config.o (.text.SYSCFG_DL_initPower)
                  00003280    000000bc     bsp_CAN.o (.text.CAN_send_ext_frame)
                  0000333c    000000b8     ultrasonic.o (.text.Ultrasonic_Trigger)
                  000033f4    000000a2     libclang_rt.builtins.a : udivmoddi4.S.obj (.text)
                  00003496    00000002     --HOLE-- [fill = 0]
                  00003498    0000009c     ti_msp_dl_config.o (.text.SYSCFG_DL_RR_OUT_init)
                  00003534    00000098     bsp_oled.o (.text.OLED_WR_Byte)
                  000035cc    00000098     ti_msp_dl_config.o (.text.SYSCFG_DL_RL_OUT_init)
                  00003664    00000098     bsp_UART1.o (.text.uart1_isIDLE)
                  000036fc    00000090     bsp_UART.o (.text.uart_isIDLE)
                  0000378c    0000008c     libclang_rt.builtins.a : mulsf3.S.obj (.text.__mulsf3)
                  00003818    0000008c     Task.o (.text.ms_callback)
                  000038a4    00000088     empty.o (.text.SysTick_Handler)
                  0000392c    00000084     bsp_key.o (.text.KEY_Poll)
                  000039b0    00000084     task_scheduler.o (.text.Menu_Next)
                  00003a34    00000084     ti_msp_dl_config.o (.text.__NVIC_SetPriority)
                  00003ab8    00000082     libclang_rt.builtins.a : divsf3.S.obj (.text.__divsf3)
                  00003b3a    00000080     ZDT_Driver.o (.text.Emm_V5_Pos_Control)
                  00003bba    00000002     --HOLE-- [fill = 0]
                  00003bbc    00000080     bsp_UART.o (.text.UART0_IRQHandler)
                  00003c3c    00000080     bsp_UART1.o (.text.UART1_IRQHandler)
                  00003cbc    0000007c     Task.o (.text.CAN_Rx_FIFO0_New_Message_Callback)
                  00003d38    0000007c     ti_msp_dl_config.o (.text.SYSCFG_DL_SYSCTL_init)
                  00003db4    0000007c     bsp_CAN.o (.text.handleCanRxMessage)
                  00003e30    0000007c     libc.a : copy_decompress_lzss.c.obj (.text:decompress:lzss)
                  00003eac    00000078     ti_msp_dl_config.o (.text.SYSCFG_DL_UART_0_init)
                  00003f24    00000078     ti_msp_dl_config.o (.text.SYSCFG_DL_UART_1_init)
                  00003f9c    00000074     libclang_rt.builtins.a : comparedf2.c.obj (.text.__gedf2)
                  00004010    00000074     chasis.o (.text.chasis_set_velocity)
                  00004084    00000070     bsp_oled.o (.text.OLED_ShowString)
                  000040f4    00000070     wit_c_sdk.o (.text.__CRC16)
                  00004164    00000070     empty.o (.text.main)
                  000041d4    0000006c     Task.o (.text._show_signed)
                  00004240    0000006a     bsp_oled.o (.text.OLED_Clear)
                  000042aa    00000002     --HOLE-- [fill = 0]
                  000042ac    00000068     libclang_rt.builtins.a : comparedf2.c.obj (.text.__ledf2)
                  00004314    00000064     driverlib.a : dl_sysctl_mspm0g1x0x_g3x0x.o (.text.DL_SYSCTL_setHFCLKSourceHFXTParams)
                  00004378    00000064     bsp_key.o (.text.GROUP1_IRQHandler)
                  000043dc    00000062     libclang_rt.builtins.a : aeabi_dcmp.S.obj (.text.__aeabi_dcmp)
                  0000443e    00000002     --HOLE-- [fill = 0]
                  00004440    00000062                            : aeabi_fcmp.S.obj (.text.__aeabi_fcmp)
                  000044a2    00000002     --HOLE-- [fill = 0]
                  000044a4    00000060     driverlib.a : dl_sysctl_mspm0g1x0x_g3x0x.o (.text.DL_SYSCTL_setLFCLKSourceLFXT)
                  00004504    00000060     ti_msp_dl_config.o (.text.SYSCFG_DL_init)
                  00004564    00000060     bsp_oled.o (.text.oled_i2c_sda_unlock)
                  000045c4    00000060     bsp_UART1.o (.text.uart1_send)
                  00004624    0000005e     driverlib.a : dl_i2c.o (.text.DL_I2C_fillControllerTXFIFO)
                  00004682    00000002     --HOLE-- [fill = 0]
                  00004684    0000005c     bsp_oled.o (.text.mspm0_i2c_enable)
                  000046e0    00000058     ti_msp_dl_config.o (.text.SYSCFG_DL_I2C_OLED_init)
                  00004738    00000058     ultrasonic.o (.text.Ultrasonic_Init)
                  00004790    00000054     gimbal.o (.text.gimbal_update)
                  000047e4    00000054     bsp_UART1.o (.text.uart1_receive_start)
                  00004838    00000054     bsp_UART.o (.text.uart_receive_start)
                  0000488c    00000050     bsp_oled.o (.text.DL_GPIO_initPeripheralInputFunctionFeatures)
                  000048dc    00000050     ti_msp_dl_config.o (.text.DL_GPIO_initPeripheralInputFunctionFeatures)
                  0000492c    00000050     bsp_oled.o (.text.DL_I2C_startControllerTransfer)
                  0000497c    00000050     ti_msp_dl_config.o (.text.SysTick_Config)
                  000049cc    0000004c     driverlib.a : dl_dma.o (.text.DL_DMA_initChannel)
                  00004a18    0000004c     bsp_oled.o (.text.DL_GPIO_initDigitalInputFeatures)
                  00004a64    0000004c     ti_msp_dl_config.o (.text.DL_GPIO_initDigitalInputFeatures)
                  00004ab0    0000004c     ti_msp_dl_config.o (.text.DL_UART_setBaudRateDivisor)
                  00004afc    0000004c     chasis.o (.text.chasis_brake)
                  00004b48    0000004a     ZDT_Driver.o (.text.Emm_V5_En_Control)
                  00004b92    00000002     --HOLE-- [fill = 0]
                  00004b94    00000048     driverlib.a : dl_uart.o (.text.DL_UART_init)
                  00004bdc    00000048     Task.o (.text.Task_Cleanup)
                  00004c24    00000044     bsp_CAN.o (.text.CANFD0_IRQHandler)
                  00004c68    00000044     driverlib.a : dl_mcan.o (.text.DL_MCAN_getRevisionId)
                  00004cac    00000044                 : dl_sysctl_mspm0g1x0x_g3x0x.o (.text.DL_SYSCTL_switchMCLKfromSYSOSCtoHSCLK)
                  00004cf0    00000044     ultrasonic.o (.text.Ultrasonic_GetDistance_mm)
                  00004d34    00000044     bsp_oled.o (.text.mspm0_i2c_disable)
                  00004d78    00000040     driverlib.a : dl_mcan.o (.text.DL_MCAN_writeRxFIFOAck)
                  00004db8    00000040     ZDT_Driver.o (.text.Emm_V5_Origin_Set_O)
                  00004df8    00000040     Task.o (.text.UART1_Rx_DMA_ToIdle_Callback)
                  00004e38    00000040     ultrasonic.o (.text.Ultrasonic_IsDataReady)
                  00004e78    00000040     wit_c_sdk.o (.text.WitInit)
                  00004eb8    00000040     libclang_rt.builtins.a : aeabi_uidivmod.S.obj (.text.__aeabi_uidivmod)
                  00004ef8    0000003e     ZDT_Driver.o (.text.Emm_V5_Origin_Trigger_Return)
                  00004f36    00000002     --HOLE-- [fill = 0]
                  00004f38    0000003c     ti_msp_dl_config.o (.text.DL_Timer_setCounterControl)
                  00004f74    0000003c     JY901.o (.text.JY901_Init)
                  00004fb0    0000003c     task_scheduler.o (.text.Menu_Init)
                  00004fec    0000003c     bsp_oled.o (.text.OLED_Set_Pos)
                  00005028    0000003c     timer.o (.text.Timestamp_GetTicks)
                  00005064    0000003c     libclang_rt.builtins.a : floatsisf.S.obj (.text.__floatsisf)
                  000050a0    0000003c                            : comparesf2.S.obj (.text.__gtsf2)
                  000050dc    0000003c     libc.a : autoinit.c.obj (.text:__TI_auto_init_nobinit_nopinit)
                  00005118    0000003a     wit_c_sdk.o (.text.__CaliSum)
                  00005152    00000002     --HOLE-- [fill = 0]
                  00005154    0000003a     libclang_rt.builtins.a : comparesf2.S.obj (.text.__eqsf2)
                  0000518e    00000002     --HOLE-- [fill = 0]
                  00005190    0000003a                            : muldsi3.S.obj (.text.__muldsi3)
                  000051ca    00000002     --HOLE-- [fill = 0]
                  000051cc    00000038     driverlib.a : dl_mcan.o (.text.DL_MCAN_getRxFIFOStatus)
                  00005204    00000038     libclang_rt.builtins.a : fixsfsi.S.obj (.text.__fixsfsi)
                  0000523c    00000034     driverlib.a : dl_mcan.o (.text.DL_MCAN_TXBufAddReq)
                  00005270    00000034                 : dl_mcan.o (.text.DL_MCAN_setExtIDAndMask)
                  000052a4    00000034     ti_msp_dl_config.o (.text.SYSCFG_DL_US_TIMER_init)
                  000052d8    00000032     libclang_rt.builtins.a : fixunssfsi.S.obj (.text.__fixunssfsi)
                  0000530a    00000002     --HOLE-- [fill = 0]
                  0000530c    00000030     bsp_UART.o (.text.DL_DMA_setTransferSize)
                  0000533c    00000030     bsp_UART1.o (.text.DL_DMA_setTransferSize)
                  0000536c    00000030     ti_msp_dl_config.o (.text.DL_GPIO_initDigitalOutputFeatures)
                  0000539c    00000030     ti_msp_dl_config.o (.text.SYSCFG_DL_DMA_CH0_init)
                  000053cc    00000030     ti_msp_dl_config.o (.text.SYSCFG_DL_DMA_CH1_init)
                  000053fc    00000030     ti_msp_dl_config.o (.text.SYSCFG_DL_DMA_CH2_init)
                  0000542c    00000030     ti_msp_dl_config.o (.text.SYSCFG_DL_DMA_CH3_init)
                  0000545c    00000030     bsp_oled.o (.text.oled_pow)
                  0000548c    0000002c     driverlib.a : dl_mcan.o (.text.DL_MCAN_TXBufTransIntrEnable)
                  000054b8    0000002c                 : dl_mcan.o (.text.DL_MCAN_addExtMsgIDFilter)
                  000054e4    0000002c                 : dl_mcan.o (.text.DL_MCAN_addStdMsgIDFilter)
                  00005510    0000002c     timer.o (.text.TIMG12_IRQHandler)
                  0000553c    0000002c     wit_c_sdk.o (.text.WitDelayMsRegister)
                  00005568    0000002c     wit_c_sdk.o (.text.WitRegisterCallBack)
                  00005594    0000002c     wit_c_sdk.o (.text.WitSerialWriteRegister)
                  000055c0    0000002c     bsp_key.o (.text.__NVIC_EnableIRQ)
                  000055ec    0000002c     empty.o (.text.__NVIC_EnableIRQ)
                  00005618    0000002c     timer.o (.text.__NVIC_EnableIRQ)
                  00005644    0000002c     empty.o (.text.mspm0_get_clock_ms)
                  00005670    00000028     bsp_oled.o (.text.DL_Common_updateReg)
                  00005698    00000028     ti_msp_dl_config.o (.text.DL_Common_updateReg)
                  000056c0    00000028     bsp_UART.o (.text.DL_DMA_setDestAddr)
                  000056e8    00000028     bsp_UART1.o (.text.DL_DMA_setDestAddr)
                  00005710    00000028     bsp_UART.o (.text.DL_DMA_setSrcAddr)
                  00005738    00000028     bsp_UART1.o (.text.DL_DMA_setSrcAddr)
                  00005760    00000028     ti_msp_dl_config.o (.text.DL_I2C_setControllerRXFIFOThreshold)
                  00005788    00000028     ti_msp_dl_config.o (.text.DL_I2C_setControllerTXFIFOThreshold)
                  000057b0    00000028     ti_msp_dl_config.o (.text.DL_UART_setRXFIFOThreshold)
                  000057d8    00000028     ti_msp_dl_config.o (.text.DL_UART_setTXFIFOThreshold)
                  00005800    00000028     libclang_rt.builtins.a : floatunsisf.S.obj (.text.__floatunsisf)
                  00005828    00000028     libc.a : boot_cortex_m.c.obj (.text:_c_int00_noargs)
                  00005850    00000026     bsp_UART.o (.text.DL_DMA_disableChannel)
                  00005876    00000026     bsp_UART1.o (.text.DL_DMA_disableChannel)
                  0000589c    00000026     bsp_UART.o (.text.DL_DMA_enableChannel)
                  000058c2    00000026     bsp_UART1.o (.text.DL_DMA_enableChannel)
                  000058e8    00000026     ti_msp_dl_config.o (.text.DL_I2C_setAnalogGlitchFilterPulseWidth)
                  0000590e    00000026     driverlib.a : dl_i2c.o (.text.DL_I2C_setClockConfig)
                  00005934    00000024     bsp_UART.o (.text.DL_DMA_getTransferSize)
                  00005958    00000024     bsp_UART1.o (.text.DL_DMA_getTransferSize)
                  0000597c    00000024     driverlib.a : dl_mcan.o (.text.DL_MCAN_setClockConfig)
                  000059a0    00000024     ti_msp_dl_config.o (.text.DL_UART_setRXInterruptTimeout)
                  000059c4    00000024     JY901.o (.text.JY901_Update)
                  000059e8    00000024     libclang_rt.builtins.a : floatunsidf.S.obj (.text.__floatunsidf)
                  00005a0c    00000020     ti_msp_dl_config.o (.text.DL_GPIO_initPeripheralInputFunction)
                  00005a2c    00000020     driverlib.a : dl_mcan.o (.text.DL_MCAN_getTxFIFOQueStatus)
                  00005a4c    00000020     ti_msp_dl_config.o (.text.DL_SYSCTL_setFlashWaitState)
                  00005a6c    00000020     gimbal.o (.text.gimbal_enable)
                  00005a8c    0000001e     ti_msp_dl_config.o (.text.DL_UART_setOversampling)
                  00005aaa    00000002     --HOLE-- [fill = 0]
                  00005aac    0000001e     libclang_rt.builtins.a : ashldi3.S.obj (.text.__ashldi3)
                  00005aca    0000001e     gimbal.o (.text.gimbal_disable)
                  00005ae8    0000001e     gimbal.o (.text.gimbal_return_zero)
                  00005b06    00000002     --HOLE-- [fill = 0]
                  00005b08    0000001c     ti_msp_dl_config.o (.text.DL_DMA_enableInterrupt)
                  00005b24    0000001c     bsp_key.o (.text.DL_GPIO_clearInterruptStatus)
                  00005b40    0000001c     ti_msp_dl_config.o (.text.DL_GPIO_clearInterruptStatus)
                  00005b5c    0000001c     ultrasonic.o (.text.DL_GPIO_clearInterruptStatus)
                  00005b78    0000001c     ultrasonic.o (.text.DL_GPIO_disableInterrupt)
                  00005b94    0000001c     bsp_oled.o (.text.DL_GPIO_enableHiZ)
                  00005bb0    0000001c     ti_msp_dl_config.o (.text.DL_GPIO_enableHiZ)
                  00005bcc    0000001c     ti_msp_dl_config.o (.text.DL_GPIO_enableInterrupt)
                  00005be8    0000001c     ultrasonic.o (.text.DL_GPIO_enableInterrupt)
                  00005c04    0000001c     ti_msp_dl_config.o (.text.DL_GPIO_initPeripheralOutputFunction)
                  00005c20    0000001c     ti_msp_dl_config.o (.text.DL_GPIO_setLowerPinsPolarity)
                  00005c3c    0000001c     bsp_oled.o (.text.DL_I2C_getSDAStatus)
                  00005c58    0000001c     bsp_key.o (.text.DL_Interrupt_getPendingGroup)
                  00005c74    0000001c     ti_msp_dl_config.o (.text.DL_MCAN_enableInterrupt)
                  00005c90    0000001c     driverlib.a : dl_mcan.o (.text.DL_MCAN_enableIntr)
                  00005cac    0000001c                 : dl_mcan.o (.text.DL_MCAN_enableIntrLine)
                  00005cc8    0000001c                 : dl_mcan.o (.text.DL_MCAN_selectIntrLine)
                  00005ce4    0000001c                 : dl_sysctl_mspm0g1x0x_g3x0x.o (.text.DL_SYSCTL_configFCC)
                  00005d00    0000001c     ti_msp_dl_config.o (.text.DL_SYSCTL_setFCCPeriods)
                  00005d1c    0000001c     ti_msp_dl_config.o (.text.DL_SYSCTL_setSYSOSCFreq)
                  00005d38    0000001c     ti_msp_dl_config.o (.text.DL_SYSCTL_setULPCLKDivider)
                  00005d54    0000001c     ti_msp_dl_config.o (.text.DL_Timer_enableInterrupt)
                  00005d70    0000001c     driverlib.a : dl_timer.o (.text.DL_Timer_setCaptCompUpdateMethod)
                  00005d8c    0000001c                 : dl_timer.o (.text.DL_Timer_setClockConfig)
                  00005da8    0000001c     ti_msp_dl_config.o (.text.DL_UART_enableInterrupt)
                  00005dc4    0000001c     empty.o (.text.mspm0_delay_ms)
                  00005de0    0000001a     gimbal.o (.text.gimbal_set_zero)
                  00005dfa    00000002     --HOLE-- [fill = 0]
                  00005dfc    00000018     ti_msp_dl_config.o (.text.DL_DMA_clearInterruptStatus)
                  00005e14    00000018     bsp_oled.o (.text.DL_GPIO_enableOutput)
                  00005e2c    00000018     ti_msp_dl_config.o (.text.DL_GPIO_enableOutput)
                  00005e44    00000018     ti_msp_dl_config.o (.text.DL_GPIO_enablePower)
                  00005e5c    00000018     bsp_oled.o (.text.DL_GPIO_initDigitalOutput)
                  00005e74    00000018     ti_msp_dl_config.o (.text.DL_GPIO_initDigitalOutput)
                  00005e8c    00000018     ti_msp_dl_config.o (.text.DL_GPIO_initPeripheralAnalogFunction)
                  00005ea4    00000018     ti_msp_dl_config.o (.text.DL_GPIO_reset)
                  00005ebc    00000018     bsp_oled.o (.text.DL_GPIO_setPins)
                  00005ed4    00000018     empty.o (.text.DL_GPIO_setPins)
                  00005eec    00000018     ultrasonic.o (.text.DL_GPIO_setPins)
                  00005f04    00000018     ti_msp_dl_config.o (.text.DL_GPIO_setUpperPinsPolarity)
                  00005f1c    00000018     empty.o (.text.DL_GPIO_togglePins)
                  00005f34    00000018     bsp_oled.o (.text.DL_I2C_clearInterruptStatus)
                  00005f4c    00000018     ti_msp_dl_config.o (.text.DL_I2C_enableAnalogGlitchFilter)
                  00005f64    00000018     ti_msp_dl_config.o (.text.DL_I2C_enableController)
                  00005f7c    00000018     ti_msp_dl_config.o (.text.DL_I2C_enableControllerClockStretching)
                  00005f94    00000018     bsp_oled.o (.text.DL_I2C_enablePower)
                  00005fac    00000018     ti_msp_dl_config.o (.text.DL_I2C_enablePower)
                  00005fc4    00000018     bsp_oled.o (.text.DL_I2C_getRawInterruptStatus)
                  00005fdc    00000018     bsp_oled.o (.text.DL_I2C_reset)
                  00005ff4    00000018     ti_msp_dl_config.o (.text.DL_I2C_reset)
                  0000600c    00000018     ti_msp_dl_config.o (.text.DL_I2C_setTimerPeriod)
                  00006024    00000018     ti_msp_dl_config.o (.text.DL_MCAN_clearInterruptStatus)
                  0000603c    00000018     ti_msp_dl_config.o (.text.DL_MCAN_enablePower)
                  00006054    00000018     ti_msp_dl_config.o (.text.DL_MCAN_reset)
                  0000606c    00000018     driverlib.a : dl_mcan.o (.text.DL_MCAN_setOpMode)
                  00006084    00000018     ti_msp_dl_config.o (.text.DL_SYSCTL_setBORThreshold)
                  0000609c    00000018     timer.o (.text.DL_Timer_clearInterruptStatus)
                  000060b4    00000018     ti_msp_dl_config.o (.text.DL_Timer_enablePower)
                  000060cc    00000018     ti_msp_dl_config.o (.text.DL_Timer_enableShadowFeatures)
                  000060e4    00000018     ti_msp_dl_config.o (.text.DL_Timer_reset)
                  000060fc    00000018     driverlib.a : dl_timer.o (.text.DL_Timer_setCaptureCompareOutCtl)
                  00006114    00000018     ti_msp_dl_config.o (.text.DL_UART_enableDMAReceiveEvent)
                  0000612c    00000018     ti_msp_dl_config.o (.text.DL_UART_enableDMATransmitEvent)
                  00006144    00000018     ti_msp_dl_config.o (.text.DL_UART_enableFIFOs)
                  0000615c    00000018     ti_msp_dl_config.o (.text.DL_UART_enablePower)
                  00006174    00000018     ti_msp_dl_config.o (.text.DL_UART_reset)
                  0000618c    00000018     task_scheduler.o (.text.Task_Done)
                  000061a4    00000016     bsp_key.o (.text.DL_GPIO_readPins)
                  000061ba    00000016     bsp_oled.o (.text.DL_GPIO_readPins)
                  000061d0    00000016     ultrasonic.o (.text.DL_GPIO_readPins)
                  000061e6    00000016     ti_msp_dl_config.o (.text.DL_UART_enable)
                  000061fc    00000016     bsp_key.o (.text.KEY_Init)
                  00006212    00000016     JY901.o (.text._jy_write)
                  00006228    00000014     bsp_oled.o (.text.DL_GPIO_clearPins)
                  0000623c    00000014     ti_msp_dl_config.o (.text.DL_GPIO_clearPins)
                  00006250    00000014     ultrasonic.o (.text.DL_GPIO_clearPins)
                  00006264    00000014     bsp_oled.o (.text.DL_I2C_getControllerStatus)
                  00006278    00000014     ti_msp_dl_config.o (.text.DL_I2C_resetControllerTransfer)
                  0000628c    00000014     driverlib.a : dl_mcan.o (.text.DL_MCAN_clearIntrStatus)
                  000062a0    00000014     bsp_CAN.o (.text.DL_MCAN_getPendingInterrupt)
                  000062b4    00000014     ti_msp_dl_config.o (.text.DL_SYSCTL_disableSYSPLL)
                  000062c8    00000014     ti_msp_dl_config.o (.text.DL_SYSCTL_enableSYSPLL)
                  000062dc    00000014     ti_msp_dl_config.o (.text.DL_Timer_enableClock)
                  000062f0    00000014     ti_msp_dl_config.o (.text.DL_Timer_setCCPDirection)
                  00006304    00000014     ti_msp_dl_config.o (.text.SYSCFG_DL_DMA_init)
                  00006318    00000014     timer.o (.text.Timestamp_Init)
                  0000632c    00000014     libclang_rt.builtins.a : aeabi_uldivmod.S.obj (.text.__aeabi_uldivmod)
                  00006340    00000012     bsp_key.o (.text.DL_GPIO_getPendingInterrupt)
                  00006352    00000012     ti_msp_dl_config.o (.text.DL_MCAN_enableModuleClock)
                  00006364    00000012     timer.o (.text.DL_Timer_getPendingInterrupt)
                  00006376    00000012     bsp_UART.o (.text.DL_UART_getPendingInterrupt)
                  00006388    00000012     bsp_UART1.o (.text.DL_UART_getPendingInterrupt)
                  0000639a    00000012     driverlib.a : dl_uart.o (.text.DL_UART_setClockConfig)
                  000063ac    00000012     libc.a : memcpy16.S.obj (.text:TI_memcpy_small)
                  000063be    00000012            : copy_decompress_none.c.obj (.text:decompress:none)
                  000063d0    00000010     driverlib.a : dl_mcan.o (.text.DL_MCAN_getOpMode)
                  000063e0    00000010                 : dl_mcan.o (.text.DL_MCAN_isMemInitDone)
                  000063f0    00000010     ti_msp_dl_config.o (.text.DL_SYSCTL_disableHFXT)
                  00006400    00000010     ti_msp_dl_config.o (.text.DL_SYSCTL_isFCCDone)
                  00006410    00000010     ti_msp_dl_config.o (.text.DL_SYSCTL_startFCC)
                  00006420    00000010     timer.o (.text.DL_Timer_getTimerCount)
                  00006430    00000010     driverlib.a : dl_timer.o (.text.DL_Timer_setCaptureCompareValue)
                  00006440    00000010     ti_msp_dl_config.o (.text.SYSCFG_DL_SYSTICK_init)
                  00006450    00000010     Task.o (.text.User_Init)
                  00006460    00000010     libc.a : copy_zero_init.c.obj (.text:decompress:ZI)
                  00006470    0000000e     chasis.o (.text.chasis_stop)
                  0000647e    0000000e     libc.a : memset16.S.obj (.text:TI_memset_small)
                  0000648c    0000000c     driverlib.a : dl_mcan.o (.text.DL_MCAN_getIntrStatus)
                  00006498    0000000c     ti_msp_dl_config.o (.text.DL_SYSCTL_getClockStatus)
                  000064a4    0000000c     ti_msp_dl_config.o (.text.DL_SYSCTL_readFCC)
                  000064b0    0000000c     Task.o (.text.Key_A18_Pressed)
                  000064bc    0000000c     Task.o (.text.Key_B21_Pressed)
                  000064c8    0000000c     libclang_rt.builtins.a : aeabi_memset.S.obj (.text.__aeabi_memclr)
                  000064d4    0000000a     driverlib.a : dl_common.o (.text.DL_Common_delayCycles)
                  000064de    0000000a     JY901.o (.text._jy_delay)
                  000064e8    0000000a     JY901.o (.text._jy_reg_cb)
                  000064f2    00000002     --HOLE-- [fill = 0]
                  000064f4    00000008     libclang_rt.builtins.a : aeabi_memcpy.S.obj (.text.__aeabi_memcpy)
                  000064fc    00000006     libc.a : exit.c.obj (.text:abort)
                  00006502    00000004     startup_mspm0g350x_ticlang.o (.text.Default_Handler)
                  00006506    00000004     libsysbm.a : hostexit.c.obj (.text.HOSTexit)
                  0000650a    00000004     startup_mspm0g350x_ticlang.o (.text.Reset_Handler)
                  0000650e    00000002     --HOLE-- [fill = 0]
                  00006510    00000010     libc.a : boot_cortex_m.c.obj (.tramp._c_int00_noargs.1)
                  00006520    00000004            : pre_init.c.obj (.text._system_pre_init)
                  00006524    00000004     --HOLE-- [fill = 0]

.cinit     0    00007230    000000c0     
                  00007230    0000009c     (.cinit..data.load) [load image, compression = lzss]
                  000072cc    0000000c     (__TI_handler_table)
                  000072d8    00000008     (.cinit..bss.load) [load image, compression = zero_init]
                  000072e0    00000010     (__TI_cinit_table)

.rodata    0    00006528    00000d08     
                  00006528    000005f0     bsp_oled.o (.rodata.asc2_1608)
                  00006b18    00000228     bsp_oled.o (.rodata.asc2_0806)
                  00006d40    00000100     wit_c_sdk.o (.rodata.__auchCRCHi)
                  00006e40    00000100     wit_c_sdk.o (.rodata.__auchCRCLo)
                  00006f40    00000060     ti_msp_dl_config.o (.rodata.gMCAN0MsgRAMConfigParams)
                  00006fa0    00000040     driverlib.a : dl_mcan.o (.rodata..L__const.DL_MCAN_getDataSize.dataSize)
                  00006fe0    00000034     ti_msp_dl_config.o (.rodata.gMCAN0InitParams)
                  00007014    00000028     ti_msp_dl_config.o (.rodata.gSYSPLLConfig)
                  0000703c    00000020     driverlib.a : dl_mcan.o (.rodata.cst32)
                  0000705c    00000020     ti_msp_dl_config.o (.rodata.gMCAN0BitTimes)
                  0000707c    00000018     ti_msp_dl_config.o (.rodata.gDMA_CH0Config)
                  00007094    00000018     ti_msp_dl_config.o (.rodata.gDMA_CH1Config)
                  000070ac    00000018     ti_msp_dl_config.o (.rodata.gDMA_CH2Config)
                  000070c4    00000018     ti_msp_dl_config.o (.rodata.gDMA_CH3Config)
                  000070dc    00000014     ti_msp_dl_config.o (.rodata.gUS_TIMERTimerConfig)
                  000070f0    00000010     ti_msp_dl_config.o (.rodata.gMCAN0ExtFiltelem)
                  00007100    00000010     ti_msp_dl_config.o (.rodata.gMCAN0StdFiltelem)
                  00007110    00000010     chasis.o (.rodata.openloop_ratio)
                  00007120    0000000f     task_scheduler.o (.rodata.str1.14552388435526194663.1)
                  0000712f    0000000e     task_scheduler.o (.rodata.str1.9855678927950593766.1)
                  0000713d    0000000c     task_scheduler.o (.rodata.str1.14190357177579510289.1)
                  00007149    0000000b     task_scheduler.o (.rodata.str1.17557591748756409378.1)
                  00007154    0000000a     ti_msp_dl_config.o (.rodata.gUART_0Config)
                  0000715e    0000000a     ti_msp_dl_config.o (.rodata.gUART_1Config)
                  00007168    0000000a     task_scheduler.o (.rodata.str1.14606958373863359431.1)
                  00007172    0000000a     task_scheduler.o (.rodata.str1.2657894803344293859.1)
                  0000717c    00000009     task_scheduler.o (.rodata.str1.12698780283469048528.1)
                  00007185    00000009     task_scheduler.o (.rodata.str1.15138029808797558358.1)
                  0000718e    00000009     task_scheduler.o (.rodata.str1.17984259232970945524.1)
                  00007197    00000009     task_scheduler.o (.rodata.str1.2160916131609573578.1)
                  000071a0    00000009     task_scheduler.o (.rodata.str1.7939893941929394660.1)
                  000071a9    00000009     task_scheduler.o (.rodata.str1.9247241511803337348.1)
                  000071b2    00000002     ti_msp_dl_config.o (.rodata.gI2C_OLEDClockConfig)
                  000071b4    00000008     ultrasonic.o (.rodata._echo_iidx)
                  000071bc    00000008     ultrasonic.o (.rodata._echo_pin)
                  000071c4    00000008     ultrasonic.o (.rodata._trig_pin)
                  000071cc    00000008     ti_msp_dl_config.o (.rodata.gFRONT_OUTConfig)
                  000071d4    00000008     ti_msp_dl_config.o (.rodata.gRL_OUTConfig)
                  000071dc    00000008     ti_msp_dl_config.o (.rodata.gRR_OUTConfig)
                  000071e4    00000007     task_scheduler.o (.rodata.str1.10506625049490768188.1)
                  000071eb    00000007     task_scheduler.o (.rodata.str1.18069038080357984115.1)
                  000071f2    00000007     task_scheduler.o (.rodata.str1.4916143694647286702.1)
                  000071f9    00000006     task_scheduler.o (.rodata.str1.13768897686556393344.1)
                  000071ff    00000006     task_scheduler.o (.rodata.str1.4577691884733283733.1)
                  00007205    00000005     task_scheduler.o (.rodata.str1.14699949538115772633.1)
                  0000720a    00000004     ti_msp_dl_config.o (.rodata.gMCAN0ClockConf)
                  0000720e    00000004     Task.o (.rodata.str1.99587616205557558.1)
                  00007212    00000003     ti_msp_dl_config.o (.rodata.gFRONT_OUTClockConfig)
                  00007215    00000003     ti_msp_dl_config.o (.rodata.gLFCLKConfig)
                  00007218    00000003     ti_msp_dl_config.o (.rodata.gRL_OUTClockConfig)
                  0000721b    00000003     ti_msp_dl_config.o (.rodata.gRR_OUTClockConfig)
                  0000721e    00000003     ti_msp_dl_config.o (.rodata.gUS_TIMERClockConfig)
                  00007221    00000002     ti_msp_dl_config.o (.rodata.gUART_0ClockConfig)
                  00007223    00000002     ti_msp_dl_config.o (.rodata.gUART_1ClockConfig)
                  00007225    00000002     task_scheduler.o (.rodata.str1.16400217066248172146.1)
                  00007227    00000002     Task.o (.rodata.str1.7848802165208324070.1)
                  00007229    00000001     task_scheduler.o (.rodata.str1.9784223496667871455.1)
                  0000722a    00000006     --HOLE-- [fill = 0]

.init_array 
*          0    00000000    00000000     UNINITIALIZED

.binit     0    00000000    00000000     

.bss       0    20200000    00000698     UNINITIALIZED
                  20200000    00000120     (.common:sReg)
                  20200120    00000100     wit_c_sdk.o (.bss.s_ucWitDataBuff)
                  20200220    000000bc     (.common:gFRONT_OUTBackup)
                  202002dc    000000bc     (.common:gRL_OUTBackup)
                  20200398    000000a0     (.common:gRR_OUTBackup)
                  20200438    00000098     (.common:gMCAN0Backup)
                  202004d0    00000064     (.common:uart1_rx_buff)
                  20200534    00000064     (.common:uart_rx_buff)
                  20200598    00000050     ultrasonic.o (.bss.g_us)
                  202005e8    00000050     Task.o (.bss.once_flag)
                  20200638    00000030     chasis.o (.bss.trap)
                  20200668    00000018     task_scheduler.o (.bss.menu_stack)
                  20200680    00000004     chasis.o (.bss.brake_linear_dvx)
                  20200684    00000004     chasis.o (.bss.brake_linear_dvy)
                  20200688    00000004     chasis.o (.bss.brake_linear_dwz)
                  2020068c    00000004     chasis.o (.bss.brake_linear_elapsed)
                  20200690    00000004     chasis.o (.bss.brake_linear_time_ms)
                  20200694    00000004     (.common:jy901_yaw)

.data      0    20200698    000002d3     UNINITIALIZED
                  20200698    00000118     chasis.o (.data.user_chasis)
                  202007b0    00000070     task_scheduler.o (.data.menu_gimbal_items)
                  20200820    00000040     task_scheduler.o (.data.menu_chasis_items)
                  20200860    00000040     task_scheduler.o (.data.menu_debug_items)
                  202008a0    00000020     task_scheduler.o (.data.menu_gyro_items)
                  202008c0    00000010     bsp_PWM.o (.data.g_motor)
                  202008d0    00000010     task_scheduler.o (.data.menu_root)
                  202008e0    00000010     task_scheduler.o (.data.menu_root_items)
                  202008f0    00000010     chasis.o (.data.motor_test_target_rpm)
                  20200900    00000008     bsp_key.o (.data.key_tick)
                  20200908    00000004     task_scheduler.o (.data.countdown_start)
                  2020090c    00000004     task_scheduler.o (.data.cur_menu)
                  20200910    00000004     empty.o (.data.g_tick)
                  20200914    00000004     timer.o (.data.g_timer_overflow)
                  20200918    00000004     chasis.o (.data.motor_invert)
                  2020091c    00000004     chasis.o (.data.move_timer_ms)
                  20200920    00000004     wit_c_sdk.o (.data.p_WitCanWriteFunc)
                  20200924    00000004     wit_c_sdk.o (.data.p_WitDelaymsFunc)
                  20200928    00000004     wit_c_sdk.o (.data.p_WitI2cWriteFunc)
                  2020092c    00000004     wit_c_sdk.o (.data.p_WitRegUpdateCbFunc)
                  20200930    00000004     wit_c_sdk.o (.data.p_WitSerialWriteFunc)
                  20200934    00000004     task_scheduler.o (.data.pending_task)
                  20200938    00000004     wit_c_sdk.o (.data.s_uiProtoclo)
                  2020093c    00000004     wit_c_sdk.o (.data.s_uiReadRegIndex)
                  20200940    00000004     wit_c_sdk.o (.data.s_uiWitDataCnt)
                  20200944    00000004     Task.o (.data.system_mode)
                  20200948    00000002     bsp_UART.o (.data.rx_size)
                  2020094a    00000002     bsp_UART1.o (.data.uart1_rx_size)
                  2020094c    00000001     chasis.o (.data.brake_hold)
                  2020094d    00000001     chasis.o (.data.brake_linear_active)
                  2020094e    00000001     chasis.o (.data.chasis_braked)
                  2020094f    00000001     chasis.o (.data.chasis_trapezoid_done)
                  20200950    00000001     task_scheduler.o (.data.cursor)
                  20200951    00000001     task_scheduler.o (.data.flag_enter)
                  20200952    00000001     task_scheduler.o (.data.flag_next)
                  20200953    00000001     empty.o (.data.g_flag_100hz)
                  20200954    00000001     empty.o (.data.init_ok)
                  20200955    00000001     task_scheduler.o (.data.menu_sp)
                  20200956    00000001     chasis.o (.data.motor_test_mode)
                  20200957    00000001     chasis.o (.data.move_state)
                  20200958    00000001     task_scheduler.o (.data.need_draw)
                  20200959    00000001     Task.o (.data.one_hundured_ms_callback.us_cnt)
                  2020095a    00000001     wit_c_sdk.o (.data.s_ucAddr)
                  2020095b    00000001     task_scheduler.o (.data.scroll)
                  2020095c    00000001     bsp_UART1.o (.data.uart1_isIDLE.rx_last_size)
                  2020095d    00000001     bsp_UART1.o (.data.uart1_isIDLE.stable_count)
                  2020095e    00000001     bsp_UART1.o (.data.uart1_rx_dma_complete_flag)
                  2020095f    00000001     bsp_UART1.o (.data.uart1_rx_length)
                  20200960    00000001     bsp_UART1.o (.data.uart1_tx_complete_flag)
                  20200961    00000001     bsp_UART1.o (.data.uart1_tx_dma_complete_flag)
                  20200962    00000001     bsp_UART.o (.data.uart_isIDLE.rx_last_size)
                  20200963    00000001     bsp_UART.o (.data.uart_isIDLE.stable_count)
                  20200964    00000001     bsp_UART.o (.data.uart_rx_dma_complete_flag)
                  20200965    00000001     bsp_UART.o (.data.uart_rx_length)
                  20200966    00000001     bsp_UART.o (.data.uart_tx_complete_flag)
                  20200967    00000001     bsp_UART.o (.data.uart_tx_dma_complete_flag)
                  20200968    00000001     Task.o (.data.while_task.step.1)
                  20200969    00000001     Task.o (.data.while_task.step.2)
                  2020096a    00000001     Task.o (.data.while_task.step)

.stack     0    20207e00    00000200     UNINITIALIZED
                  20207e00    00000004     libc.a : boot_cortex_m.c.obj (.stack)
                  20207e04    000001fc     --HOLE--

__llvm_prf_cnts 
*          0    20200000    00000000     UNINITIALIZED

__llvm_prf_bits 
*          0    20200000    00000000     UNINITIALIZED

MODULE SUMMARY

       Module                         code    ro data   rw data
       ------                         ----    -------   -------
    .\
       ti_msp_dl_config.o             4600    437       688    
       empty.o                        412     0         6      
       startup_mspm0g350x_ticlang.o   8       192       0      
    +--+------------------------------+-------+---------+---------+
       Total:                         5020    629       694    
                                                               
    .\User\bsp\Src\
       bsp_oled.o                     2098    2072      0      
       chasis.o                       2694    16        378    
       Task.o                         2688    6         88     
       wit_c_sdk.o                    1622    512       577    
       task_scheduler.o               912     167       346    
       ultrasonic.o                   966     24        80     
       bsp_PWM.o                      868     0         16     
       bsp_UART1.o                    718     0         108    
       bsp_UART.o                     614     0         108    
       bsp_key.o                      394     0         8      
       bsp_CAN.o                      400     0         0      
       ZDT_Driver.o                   328     0         0      
       ZDT_CAN.o                      266     0         0      
       timer.o                        226     0         4      
       gimbal.o                       202     0         0      
       JY901.o                        138     0         4      
    +--+------------------------------+-------+---------+---------+
       Total:                         15134   2797      1717   
                                                               
    E:/TI/CCS/mspm0_sdk_2_10_00_04/source/ti/driverlib/lib/ticlang/m0p/mspm0g1x0x_g3x0x/driverlib.a
       dl_mcan.o                      2144    96        0      
       dl_timer.o                     608     0         0      
       dl_sysctl_mspm0g1x0x_g3x0x.o   512     0         0      
       dl_i2c.o                       132     0         0      
       dl_uart.o                      90      0         0      
       dl_dma.o                       76      0         0      
       dl_common.o                    10      0         0      
    +--+------------------------------+-------+---------+---------+
       Total:                         3572    96        0      
                                                               
    E:\TI\CCS\ccs\tools\compiler\ti-cgt-armllvm_4.0.4.LTS\lib\armv6m-ti-none-eabi/c/libc.a
       copy_decompress_lzss.c.obj     124     0         0      
       autoinit.c.obj                 60      0         0      
       boot_cortex_m.c.obj            56      0         0      
       copy_decompress_none.c.obj     18      0         0      
       memcpy16.S.obj                 18      0         0      
       copy_zero_init.c.obj           16      0         0      
       memset16.S.obj                 14      0         0      
       exit.c.obj                     6       0         0      
       pre_init.c.obj                 4       0         0      
    +--+------------------------------+-------+---------+---------+
       Total:                         316     0         0      
                                                               
    E:\TI\CCS\ccs\tools\compiler\ti-cgt-armllvm_4.0.4.LTS\lib\armv6m-ti-none-eabi/c/libsysbm.a
       hostexit.c.obj                 4       0         0      
    +--+------------------------------+-------+---------+---------+
       Total:                         4       0         0      
                                                               
    E:\TI\CCS\ccs\tools\compiler\ti-cgt-armllvm_4.0.4.LTS\lib\armv6m-ti-none-eabi/libclang_rt.builtins.a
       comparedf2.c.obj               220     0         0      
       addsf3.S.obj                   216     0         0      
       udivmoddi4.S.obj               162     0         0      
       mulsf3.S.obj                   140     0         0      
       divsf3.S.obj                   130     0         0      
       comparesf2.S.obj               118     0         0      
       aeabi_dcmp.S.obj               98      0         0      
       aeabi_fcmp.S.obj               98      0         0      
       aeabi_uidivmod.S.obj           64      0         0      
       floatsisf.S.obj                60      0         0      
       muldsi3.S.obj                  58      0         0      
       fixsfsi.S.obj                  56      0         0      
       fixunssfsi.S.obj               50      0         0      
       floatunsisf.S.obj              40      0         0      
       floatunsidf.S.obj              36      0         0      
       ashldi3.S.obj                  30      0         0      
       aeabi_uldivmod.S.obj           20      0         0      
       aeabi_memset.S.obj             12      0         0      
       aeabi_memcpy.S.obj             8       0         0      
       aeabi_div0.c.obj               4       0         0      
    +--+------------------------------+-------+---------+---------+
       Total:                         1620    0         0      
                                                               
       Stack:                         0       0         512    
       Linker Generated:              0       192       0      
    +--+------------------------------+-------+---------+---------+
       Grand Total:                   25666   3714      2923   


LINKER GENERATED COPY TABLES

__TI_cinit_table @ 000072e0 records: 2, size/record: 8, table size: 16
	.data: load addr=00007230, load size=0000009c bytes, run addr=20200698, run size=000002d3 bytes, compression=lzss
	.bss: load addr=000072d8, load size=00000008 bytes, run addr=20200000, run size=00000698 bytes, compression=zero_init


LINKER GENERATED HANDLER TABLE

__TI_handler_table @ 000072cc records: 3, size/record: 4, table size: 12
	index: 0, handler: __TI_decompress_lzss
	index: 1, handler: __TI_decompress_none
	index: 2, handler: __TI_zero_init


FAR CALL TRAMPOLINES

callee name               trampoline name
   callee addr  tramp addr   call addr  call info
--------------  -----------  ---------  ----------------
_c_int00_noargs           $Tramp$TT$L$PI$$_c_int00_noargs
   00005829     00006510     0000650a   startup_mspm0g350x_ticlang.o (.text.Reset_Handler)

[1 trampolines]
[1 trampoline calls]


GLOBAL SYMBOLS: SORTED ALPHABETICALLY BY Name 

address   name                                 
-------   ----                                 
00006503  ADC0_IRQHandler                      
00006503  ADC1_IRQHandler                      
00006503  AES_IRQHandler                       
00006506  C$$EXIT                              
00004c25  CANFD0_IRQHandler                    
00003cbd  CAN_Rx_FIFO0_New_Message_Callback    
00003281  CAN_send_ext_frame                   
00006503  DAC0_IRQHandler                      
000064d5  DL_Common_delayCycles                
000049cd  DL_DMA_initChannel                   
00004625  DL_I2C_fillControllerTXFIFO          
0000590f  DL_I2C_setClockConfig                
0000523d  DL_MCAN_TXBufAddReq                  
0000548d  DL_MCAN_TXBufTransIntrEnable         
000054b9  DL_MCAN_addExtMsgIDFilter            
000054e5  DL_MCAN_addStdMsgIDFilter            
0000628d  DL_MCAN_clearIntrStatus              
00005c91  DL_MCAN_enableIntr                   
00005cad  DL_MCAN_enableIntrLine               
0000648d  DL_MCAN_getIntrStatus                
000063d1  DL_MCAN_getOpMode                    
00004c69  DL_MCAN_getRevisionId                
000051cd  DL_MCAN_getRxFIFOStatus              
00005a2d  DL_MCAN_getTxFIFOQueStatus           
00002a29  DL_MCAN_init                         
000063e1  DL_MCAN_isMemInitDone                
00001039  DL_MCAN_msgRAMConfig                 
00001e95  DL_MCAN_readMsgRam                   
00005cc9  DL_MCAN_selectIntrLine               
00002be1  DL_MCAN_setBitTime                   
0000597d  DL_MCAN_setClockConfig               
00005271  DL_MCAN_setExtIDAndMask              
0000606d  DL_MCAN_setOpMode                    
000023a5  DL_MCAN_writeMsgRam                  
00004d79  DL_MCAN_writeRxFIFOAck               
00005ce5  DL_SYSCTL_configFCC                  
00002b05  DL_SYSCTL_configSYSPLL               
00004315  DL_SYSCTL_setHFCLKSourceHFXTParams   
000044a5  DL_SYSCTL_setLFCLKSourceLFXT         
00004cad  DL_SYSCTL_switchMCLKfromSYSOSCtoHSCLK
000020ad  DL_Timer_initFourCCPWMMode           
000021b1  DL_Timer_initTimerMode               
00005d71  DL_Timer_setCaptCompUpdateMethod     
000060fd  DL_Timer_setCaptureCompareOutCtl     
00006431  DL_Timer_setCaptureCompareValue      
00005d8d  DL_Timer_setClockConfig              
00004b95  DL_UART_init                         
0000639b  DL_UART_setClockConfig               
00006503  DMA_IRQHandler                       
00006503  Default_Handler                      
00004b49  Emm_V5_En_Control                    
00004db9  Emm_V5_Origin_Set_O                  
00004ef9  Emm_V5_Origin_Trigger_Return         
00003b3b  Emm_V5_Pos_Control                   
00006503  GROUP0_IRQHandler                    
00004379  GROUP1_IRQHandler                    
00006507  HOSTexit                             
00006503  HardFault_Handler                    
00006503  I2C0_IRQHandler                      
00006503  I2C1_IRQHandler                      
00004f75  JY901_Init                           
000059c5  JY901_Update                         
000061fd  KEY_Init                             
0000392d  KEY_Poll                             
000064b1  Key_A18_Pressed                      
000064bd  Key_B21_Pressed                      
00004fb1  Menu_Init                            
0000267d  Menu_Run                             
00006503  NMI_Handler                          
00004241  OLED_Clear                           
00001d81  OLED_Init                            
00004fed  OLED_Set_Pos                         
00001c69  OLED_ShowChar                        
000022ad  OLED_ShowNum                         
00004085  OLED_ShowString                      
00003535  OLED_WR_Byte                         
00006503  PendSV_Handler                       
00006503  RTC_IRQHandler                       
0000650b  Reset_Handler                        
00006503  SPI0_IRQHandler                      
00006503  SPI1_IRQHandler                      
00006503  SVC_Handler                          
0000539d  SYSCFG_DL_DMA_CH0_init               
000053cd  SYSCFG_DL_DMA_CH1_init               
000053fd  SYSCFG_DL_DMA_CH2_init               
0000542d  SYSCFG_DL_DMA_CH3_init               
00006305  SYSCFG_DL_DMA_init                   
00002859  SYSCFG_DL_FRONT_OUT_init             
00001461  SYSCFG_DL_GPIO_init                  
000046e1  SYSCFG_DL_I2C_OLED_init              
0000276d  SYSCFG_DL_MCAN0_init                 
000035cd  SYSCFG_DL_RL_OUT_init                
00003499  SYSCFG_DL_RR_OUT_init                
00002941  SYSCFG_DL_SYSCTL_SYSPLL_init         
00003d39  SYSCFG_DL_SYSCTL_init                
00006441  SYSCFG_DL_SYSTICK_init               
00003ead  SYSCFG_DL_UART_0_init                
00003f25  SYSCFG_DL_UART_1_init                
000052a5  SYSCFG_DL_US_TIMER_init              
00004505  SYSCFG_DL_init                       
000031bd  SYSCFG_DL_initPower                  
000038a5  SysTick_Handler                      
00006503  TIMA0_IRQHandler                     
00006503  TIMA1_IRQHandler                     
00006503  TIMG0_IRQHandler                     
00005511  TIMG12_IRQHandler                    
00006503  TIMG6_IRQHandler                     
00006503  TIMG7_IRQHandler                     
00006503  TIMG8_IRQHandler                     
000063ad  TI_memcpy_small                      
0000647f  TI_memset_small                      
00004bdd  Task_Cleanup                         
0000618d  Task_Done                            
00005029  Timestamp_GetTicks                   
00006319  Timestamp_Init                       
00003bbd  UART0_IRQHandler                     
00003c3d  UART1_IRQHandler                     
00004df9  UART1_Rx_DMA_ToIdle_Callback         
00006503  UART2_IRQHandler                     
00006503  UART3_IRQHandler                     
00002499  UART_Rx_DMA_ToIdle_Callback          
000017f9  Ultrasonic_GPIOB_ISR                 
00004cf1  Ultrasonic_GetDistance_mm            
00004739  Ultrasonic_Init                      
00004e39  Ultrasonic_IsDataReady               
0000333d  Ultrasonic_Trigger                   
00006451  User_Init                            
0000553d  WitDelayMsRegister                   
00004e79  WitInit                              
00005569  WitRegisterCallBack                  
0000124d  WitSerialDataIn                      
00005595  WitSerialWriteRegister               
00001995  WitWriteReg                          
20208000  __STACK_END                          
00000200  __STACK_SIZE                         
00000000  __TI_ATRegion0_region_sz             
00000000  __TI_ATRegion0_src_addr              
00000000  __TI_ATRegion0_trg_addr              
00000000  __TI_ATRegion1_region_sz             
00000000  __TI_ATRegion1_src_addr              
00000000  __TI_ATRegion1_trg_addr              
00000000  __TI_ATRegion2_region_sz             
00000000  __TI_ATRegion2_src_addr              
00000000  __TI_ATRegion2_trg_addr              
000072e0  __TI_CINIT_Base                      
000072f0  __TI_CINIT_Limit                     
000072f0  __TI_CINIT_Warm                      
000072cc  __TI_Handler_Table_Base              
000072d8  __TI_Handler_Table_Limit             
000050dd  __TI_auto_init_nobinit_nopinit       
00003e31  __TI_decompress_lzss                 
000063bf  __TI_decompress_none                 
ffffffff  __TI_pprof_out_hndl                  
ffffffff  __TI_prof_data_size                  
ffffffff  __TI_prof_data_start                 
00000000  __TI_static_base__                   
00006461  __TI_zero_init                       
00002f4b  __addsf3                             
000043dd  __aeabi_dcmpeq                       
00004419  __aeabi_dcmpge                       
0000442d  __aeabi_dcmpgt                       
00004405  __aeabi_dcmple                       
000043f1  __aeabi_dcmplt                       
00005205  __aeabi_f2iz                         
000052d9  __aeabi_f2uiz                        
00002f4b  __aeabi_fadd                         
00004441  __aeabi_fcmpeq                       
0000447d  __aeabi_fcmpge                       
00004491  __aeabi_fcmpgt                       
00004469  __aeabi_fcmple                       
00004455  __aeabi_fcmplt                       
00003ab9  __aeabi_fdiv                         
0000378d  __aeabi_fmul                         
00002f41  __aeabi_fsub                         
00005065  __aeabi_i2f                          
000020ab  __aeabi_idiv0                        
000023a3  __aeabi_ldiv0                        
00005aad  __aeabi_llsl                         
000064c9  __aeabi_memclr                       
000064c9  __aeabi_memclr4                      
000064c9  __aeabi_memclr8                      
000064f5  __aeabi_memcpy                       
000064f5  __aeabi_memcpy4                      
000064f5  __aeabi_memcpy8                      
000059e9  __aeabi_ui2d                         
00005801  __aeabi_ui2f                         
00004eb9  __aeabi_uidiv                        
00004eb9  __aeabi_uidivmod                     
0000632d  __aeabi_uldivmod                     
00005aad  __ashldi3                            
ffffffff  __binit__                            
000042ad  __cmpdf2                             
00005155  __cmpsf2                             
00003ab9  __divsf3                             
000042ad  __eqdf2                              
00005155  __eqsf2                              
00005205  __fixsfsi                            
000052d9  __fixunssfsi                         
00005065  __floatsisf                          
000059e9  __floatunsidf                        
00005801  __floatunsisf                        
00003f9d  __gedf2                              
000050a1  __gesf2                              
00003f9d  __gtdf2                              
000050a1  __gtsf2                              
000042ad  __ledf2                              
00005155  __lesf2                              
000042ad  __ltdf2                              
00005155  __ltsf2                              
UNDEFED   __mpu_init                           
00005191  __muldsi3                            
0000378d  __mulsf3                             
000042ad  __nedf2                              
00005155  __nesf2                              
20207e00  __stack                              
20200000  __start___llvm_prf_bits              
20200000  __start___llvm_prf_cnts              
20200000  __stop___llvm_prf_bits               
20200000  __stop___llvm_prf_cnts               
00002f41  __subsf3                             
000033f5  __udivmoddi4                         
00005829  _c_int00_noargs                      
UNDEFED   _system_post_cinit                   
00006521  _system_pre_init                     
000064fd  abort                                
00006b18  asc2_0806                            
00006528  asc2_1608                            
ffffffff  binit                                
00001fa1  can_SendCmd                          
00004afd  chasis_brake                         
2020094e  chasis_braked                        
00000751  chasis_cal                           
00004011  chasis_set_velocity                  
00006471  chasis_stop                          
2020094f  chasis_trapezoid_done                
00000dc9  chasis_trapezoid_move                
20200951  flag_enter                           
20200952  flag_next                            
20200220  gFRONT_OUTBackup                     
20200438  gMCAN0Backup                         
202002dc  gRL_OUTBackup                        
20200398  gRR_OUTBackup                        
20200953  g_flag_100hz                         
20200910  g_tick                               
00005acb  gimbal_disable                       
00005a6d  gimbal_enable                        
00005ae9  gimbal_return_zero                   
00005de1  gimbal_set_zero                      
00004791  gimbal_update                        
00003db5  handleCanRxMessage                   
20200954  init_ok                              
00000000  interruptVectors                     
20200694  jy901_yaw                            
00004165  main                                 
00003019  motor_brake                          
00002d91  motor_coast                          
000030ed  motor_openloop_drive                 
00001641  motor_set                            
00003819  ms_callback                          
00005dc5  mspm0_delay_ms                       
00005645  mspm0_get_clock_ms                   
00004565  oled_i2c_sda_unlock                  
0000545d  oled_pow                             
00002e69  one_hundured_ms_callback             
20200948  rx_size                              
20200000  sReg                                 
20200944  system_mode                          
00003665  uart1_isIDLE                         
000047e5  uart1_receive_start                  
202004d0  uart1_rx_buff                        
2020095e  uart1_rx_dma_complete_flag           
2020095f  uart1_rx_length                      
2020094a  uart1_rx_size                        
000045c5  uart1_send                           
20200960  uart1_tx_complete_flag               
20200961  uart1_tx_dma_complete_flag           
000036fd  uart_isIDLE                          
00004839  uart_receive_start                   
20200534  uart_rx_buff                         
20200964  uart_rx_dma_complete_flag            
20200965  uart_rx_length                       
20200966  uart_tx_complete_flag                
20200967  uart_tx_dma_complete_flag            
20200698  user_chasis                          
000000c1  while_task                           


GLOBAL SYMBOLS: SORTED BY Symbol Address 

address   name                                 
-------   ----                                 
00000000  __TI_ATRegion0_region_sz             
00000000  __TI_ATRegion0_src_addr              
00000000  __TI_ATRegion0_trg_addr              
00000000  __TI_ATRegion1_region_sz             
00000000  __TI_ATRegion1_src_addr              
00000000  __TI_ATRegion1_trg_addr              
00000000  __TI_ATRegion2_region_sz             
00000000  __TI_ATRegion2_src_addr              
00000000  __TI_ATRegion2_trg_addr              
00000000  __TI_static_base__                   
00000000  interruptVectors                     
000000c1  while_task                           
00000200  __STACK_SIZE                         
00000751  chasis_cal                           
00000dc9  chasis_trapezoid_move                
00001039  DL_MCAN_msgRAMConfig                 
0000124d  WitSerialDataIn                      
00001461  SYSCFG_DL_GPIO_init                  
00001641  motor_set                            
000017f9  Ultrasonic_GPIOB_ISR                 
00001995  WitWriteReg                          
00001c69  OLED_ShowChar                        
00001d81  OLED_Init                            
00001e95  DL_MCAN_readMsgRam                   
00001fa1  can_SendCmd                          
000020ab  __aeabi_idiv0                        
000020ad  DL_Timer_initFourCCPWMMode           
000021b1  DL_Timer_initTimerMode               
000022ad  OLED_ShowNum                         
000023a3  __aeabi_ldiv0                        
000023a5  DL_MCAN_writeMsgRam                  
00002499  UART_Rx_DMA_ToIdle_Callback          
0000267d  Menu_Run                             
0000276d  SYSCFG_DL_MCAN0_init                 
00002859  SYSCFG_DL_FRONT_OUT_init             
00002941  SYSCFG_DL_SYSCTL_SYSPLL_init         
00002a29  DL_MCAN_init                         
00002b05  DL_SYSCTL_configSYSPLL               
00002be1  DL_MCAN_setBitTime                   
00002d91  motor_coast                          
00002e69  one_hundured_ms_callback             
00002f41  __aeabi_fsub                         
00002f41  __subsf3                             
00002f4b  __addsf3                             
00002f4b  __aeabi_fadd                         
00003019  motor_brake                          
000030ed  motor_openloop_drive                 
000031bd  SYSCFG_DL_initPower                  
00003281  CAN_send_ext_frame                   
0000333d  Ultrasonic_Trigger                   
000033f5  __udivmoddi4                         
00003499  SYSCFG_DL_RR_OUT_init                
00003535  OLED_WR_Byte                         
000035cd  SYSCFG_DL_RL_OUT_init                
00003665  uart1_isIDLE                         
000036fd  uart_isIDLE                          
0000378d  __aeabi_fmul                         
0000378d  __mulsf3                             
00003819  ms_callback                          
000038a5  SysTick_Handler                      
0000392d  KEY_Poll                             
00003ab9  __aeabi_fdiv                         
00003ab9  __divsf3                             
00003b3b  Emm_V5_Pos_Control                   
00003bbd  UART0_IRQHandler                     
00003c3d  UART1_IRQHandler                     
00003cbd  CAN_Rx_FIFO0_New_Message_Callback    
00003d39  SYSCFG_DL_SYSCTL_init                
00003db5  handleCanRxMessage                   
00003e31  __TI_decompress_lzss                 
00003ead  SYSCFG_DL_UART_0_init                
00003f25  SYSCFG_DL_UART_1_init                
00003f9d  __gedf2                              
00003f9d  __gtdf2                              
00004011  chasis_set_velocity                  
00004085  OLED_ShowString                      
00004165  main                                 
00004241  OLED_Clear                           
000042ad  __cmpdf2                             
000042ad  __eqdf2                              
000042ad  __ledf2                              
000042ad  __ltdf2                              
000042ad  __nedf2                              
00004315  DL_SYSCTL_setHFCLKSourceHFXTParams   
00004379  GROUP1_IRQHandler                    
000043dd  __aeabi_dcmpeq                       
000043f1  __aeabi_dcmplt                       
00004405  __aeabi_dcmple                       
00004419  __aeabi_dcmpge                       
0000442d  __aeabi_dcmpgt                       
00004441  __aeabi_fcmpeq                       
00004455  __aeabi_fcmplt                       
00004469  __aeabi_fcmple                       
0000447d  __aeabi_fcmpge                       
00004491  __aeabi_fcmpgt                       
000044a5  DL_SYSCTL_setLFCLKSourceLFXT         
00004505  SYSCFG_DL_init                       
00004565  oled_i2c_sda_unlock                  
000045c5  uart1_send                           
00004625  DL_I2C_fillControllerTXFIFO          
000046e1  SYSCFG_DL_I2C_OLED_init              
00004739  Ultrasonic_Init                      
00004791  gimbal_update                        
000047e5  uart1_receive_start                  
00004839  uart_receive_start                   
000049cd  DL_DMA_initChannel                   
00004afd  chasis_brake                         
00004b49  Emm_V5_En_Control                    
00004b95  DL_UART_init                         
00004bdd  Task_Cleanup                         
00004c25  CANFD0_IRQHandler                    
00004c69  DL_MCAN_getRevisionId                
00004cad  DL_SYSCTL_switchMCLKfromSYSOSCtoHSCLK
00004cf1  Ultrasonic_GetDistance_mm            
00004d79  DL_MCAN_writeRxFIFOAck               
00004db9  Emm_V5_Origin_Set_O                  
00004df9  UART1_Rx_DMA_ToIdle_Callback         
00004e39  Ultrasonic_IsDataReady               
00004e79  WitInit                              
00004eb9  __aeabi_uidiv                        
00004eb9  __aeabi_uidivmod                     
00004ef9  Emm_V5_Origin_Trigger_Return         
00004f75  JY901_Init                           
00004fb1  Menu_Init                            
00004fed  OLED_Set_Pos                         
00005029  Timestamp_GetTicks                   
00005065  __aeabi_i2f                          
00005065  __floatsisf                          
000050a1  __gesf2                              
000050a1  __gtsf2                              
000050dd  __TI_auto_init_nobinit_nopinit       
00005155  __cmpsf2                             
00005155  __eqsf2                              
00005155  __lesf2                              
00005155  __ltsf2                              
00005155  __nesf2                              
00005191  __muldsi3                            
000051cd  DL_MCAN_getRxFIFOStatus              
00005205  __aeabi_f2iz                         
00005205  __fixsfsi                            
0000523d  DL_MCAN_TXBufAddReq                  
00005271  DL_MCAN_setExtIDAndMask              
000052a5  SYSCFG_DL_US_TIMER_init              
000052d9  __aeabi_f2uiz                        
000052d9  __fixunssfsi                         
0000539d  SYSCFG_DL_DMA_CH0_init               
000053cd  SYSCFG_DL_DMA_CH1_init               
000053fd  SYSCFG_DL_DMA_CH2_init               
0000542d  SYSCFG_DL_DMA_CH3_init               
0000545d  oled_pow                             
0000548d  DL_MCAN_TXBufTransIntrEnable         
000054b9  DL_MCAN_addExtMsgIDFilter            
000054e5  DL_MCAN_addStdMsgIDFilter            
00005511  TIMG12_IRQHandler                    
0000553d  WitDelayMsRegister                   
00005569  WitRegisterCallBack                  
00005595  WitSerialWriteRegister               
00005645  mspm0_get_clock_ms                   
00005801  __aeabi_ui2f                         
00005801  __floatunsisf                        
00005829  _c_int00_noargs                      
0000590f  DL_I2C_setClockConfig                
0000597d  DL_MCAN_setClockConfig               
000059c5  JY901_Update                         
000059e9  __aeabi_ui2d                         
000059e9  __floatunsidf                        
00005a2d  DL_MCAN_getTxFIFOQueStatus           
00005a6d  gimbal_enable                        
00005aad  __aeabi_llsl                         
00005aad  __ashldi3                            
00005acb  gimbal_disable                       
00005ae9  gimbal_return_zero                   
00005c91  DL_MCAN_enableIntr                   
00005cad  DL_MCAN_enableIntrLine               
00005cc9  DL_MCAN_selectIntrLine               
00005ce5  DL_SYSCTL_configFCC                  
00005d71  DL_Timer_setCaptCompUpdateMethod     
00005d8d  DL_Timer_setClockConfig              
00005dc5  mspm0_delay_ms                       
00005de1  gimbal_set_zero                      
0000606d  DL_MCAN_setOpMode                    
000060fd  DL_Timer_setCaptureCompareOutCtl     
0000618d  Task_Done                            
000061fd  KEY_Init                             
0000628d  DL_MCAN_clearIntrStatus              
00006305  SYSCFG_DL_DMA_init                   
00006319  Timestamp_Init                       
0000632d  __aeabi_uldivmod                     
0000639b  DL_UART_setClockConfig               
000063ad  TI_memcpy_small                      
000063bf  __TI_decompress_none                 
000063d1  DL_MCAN_getOpMode                    
000063e1  DL_MCAN_isMemInitDone                
00006431  DL_Timer_setCaptureCompareValue      
00006441  SYSCFG_DL_SYSTICK_init               
00006451  User_Init                            
00006461  __TI_zero_init                       
00006471  chasis_stop                          
0000647f  TI_memset_small                      
0000648d  DL_MCAN_getIntrStatus                
000064b1  Key_A18_Pressed                      
000064bd  Key_B21_Pressed                      
000064c9  __aeabi_memclr                       
000064c9  __aeabi_memclr4                      
000064c9  __aeabi_memclr8                      
000064d5  DL_Common_delayCycles                
000064f5  __aeabi_memcpy                       
000064f5  __aeabi_memcpy4                      
000064f5  __aeabi_memcpy8                      
000064fd  abort                                
00006503  ADC0_IRQHandler                      
00006503  ADC1_IRQHandler                      
00006503  AES_IRQHandler                       
00006503  DAC0_IRQHandler                      
00006503  DMA_IRQHandler                       
00006503  Default_Handler                      
00006503  GROUP0_IRQHandler                    
00006503  HardFault_Handler                    
00006503  I2C0_IRQHandler                      
00006503  I2C1_IRQHandler                      
00006503  NMI_Handler                          
00006503  PendSV_Handler                       
00006503  RTC_IRQHandler                       
00006503  SPI0_IRQHandler                      
00006503  SPI1_IRQHandler                      
00006503  SVC_Handler                          
00006503  TIMA0_IRQHandler                     
00006503  TIMA1_IRQHandler                     
00006503  TIMG0_IRQHandler                     
00006503  TIMG6_IRQHandler                     
00006503  TIMG7_IRQHandler                     
00006503  TIMG8_IRQHandler                     
00006503  UART2_IRQHandler                     
00006503  UART3_IRQHandler                     
00006506  C$$EXIT                              
00006507  HOSTexit                             
0000650b  Reset_Handler                        
00006521  _system_pre_init                     
00006528  asc2_1608                            
00006b18  asc2_0806                            
000072cc  __TI_Handler_Table_Base              
000072d8  __TI_Handler_Table_Limit             
000072e0  __TI_CINIT_Base                      
000072f0  __TI_CINIT_Limit                     
000072f0  __TI_CINIT_Warm                      
20200000  __start___llvm_prf_bits              
20200000  __start___llvm_prf_cnts              
20200000  __stop___llvm_prf_bits               
20200000  __stop___llvm_prf_cnts               
20200000  sReg                                 
20200220  gFRONT_OUTBackup                     
202002dc  gRL_OUTBackup                        
20200398  gRR_OUTBackup                        
20200438  gMCAN0Backup                         
202004d0  uart1_rx_buff                        
20200534  uart_rx_buff                         
20200694  jy901_yaw                            
20200698  user_chasis                          
20200910  g_tick                               
20200944  system_mode                          
20200948  rx_size                              
2020094a  uart1_rx_size                        
2020094e  chasis_braked                        
2020094f  chasis_trapezoid_done                
20200951  flag_enter                           
20200952  flag_next                            
20200953  g_flag_100hz                         
20200954  init_ok                              
2020095e  uart1_rx_dma_complete_flag           
2020095f  uart1_rx_length                      
20200960  uart1_tx_complete_flag               
20200961  uart1_tx_dma_complete_flag           
20200964  uart_rx_dma_complete_flag            
20200965  uart_rx_length                       
20200966  uart_tx_complete_flag                
20200967  uart_tx_dma_complete_flag            
20207e00  __stack                              
20208000  __STACK_END                          
ffffffff  __TI_pprof_out_hndl                  
ffffffff  __TI_prof_data_size                  
ffffffff  __TI_prof_data_start                 
ffffffff  __binit__                            
ffffffff  binit                                
UNDEFED   __mpu_init                           
UNDEFED   _system_post_cinit                   

[285 symbols]
