******************************************************************************
            TI ARM Clang Linker PC v4.0.4                      
******************************************************************************
>> Linked Tue May 19 21:40:53 2026

OUTPUT FILE NAME:   <test.out>
ENTRY POINT SYMBOL: "_c_int00_noargs"  address: 00002709


MEMORY CONFIGURATION

         name            origin    length      used     unused   attr    fill
----------------------  --------  ---------  --------  --------  ----  --------
  FLASH                 00000000   00020000  00003078  0001cf88  R  X
  SRAM                  20200000   00008000  00000611  000079ef  RW X
  BCR_CONFIG            41c00000   000000ff  00000000  000000ff  R   
  BSL_CONFIG            41c00100   00000080  00000000  00000080  R   


SEGMENT ALLOCATION MAP

run origin  load origin   length   init length attrs members
----------  ----------- ---------- ----------- ----- -------
00000000    00000000    00003078   00003078    r-x
  00000000    00000000    000000c0   000000c0    r-- .intvecs
  000000c0    000000c0    00002db8   00002db8    r-x .text
  00002e78    00002e78    000001c8   000001c8    r-- .rodata
  00003040    00003040    00000038   00000038    r-- .cinit
20200000    20200000    00000411   00000000    rw-
  20200000    20200000    000003b4   00000000    rw- .bss
  202003b4    202003b4    0000005d   00000000    rw- .data
20207e00    20207e00    00000200   00000000    rw-
  20207e00    20207e00    00000200   00000000    rw- .stack


SECTION ALLOCATION MAP

 output                                  attributes/
section   page    origin      length       input sections
--------  ----  ----------  ----------   ----------------
.intvecs   0    00000000    000000c0     
                  00000000    000000c0     startup_mspm0g350x_ticlang.o (.intvecs)

.text      0    000000c0    00002db8     
                  000000c0    0000021c     bsp_PWM.o (.text.motor_get_speed)
                  000002dc    00000214     driverlib.a : dl_mcan.o (.text.DL_MCAN_msgRAMConfig)
                  000004f0    000001b8     bsp_PWM.o (.text.motor_set)
                  000006a8    0000012c     ti_msp_dl_config.o (.text.SYSCFG_DL_GPIO_init)
                  000007d4    0000010c     driverlib.a : dl_mcan.o (.text.DL_MCAN_readMsgRam)
                  000008e0    00000104                 : dl_timer.o (.text.DL_Timer_initFourCCPWMMode)
                  000009e4    000000f4                 : dl_mcan.o (.text.DL_MCAN_writeMsgRam)
                  00000ad8    000000ec     ti_msp_dl_config.o (.text.SYSCFG_DL_MCAN0_init)
                  00000bc4    000000e8     ti_msp_dl_config.o (.text.SYSCFG_DL_FRONT_OUT_init)
                  00000cac    000000e8     ti_msp_dl_config.o (.text.SYSCFG_DL_SYSCTL_SYSPLL_init)
                  00000d94    000000dc     driverlib.a : dl_mcan.o (.text.DL_MCAN_init)
                  00000e70    000000dc                 : dl_sysctl_mspm0g1x0x_g3x0x.o (.text.DL_SYSCTL_configSYSPLL)
                  00000f4c    000000d8                 : dl_mcan.o (.text.DL_MCAN_setBitTime)
                  00001024    000000d8     libclang_rt.builtins.a : addsf3.S.obj (.text)
                  000010fc    000000bc     bsp_CAN.o (.text.CAN_send_ext_frame)
                  000011b8    000000bc     bsp_CAN.o (.text.CAN_send_std_frame)
                  00001274    000000b8     ti_msp_dl_config.o (.text.SYSCFG_DL_FFRONT_IN_init)
                  0000132c    000000b8     ti_msp_dl_config.o (.text.SYSCFG_DL_REAR_IN_init)
                  000013e4    000000b0     ti_msp_dl_config.o (.text.SYSCFG_DL_initPower)
                  00001494    0000009c     ti_msp_dl_config.o (.text.SYSCFG_DL_RR_OUT_init)
                  00001530    00000098     ti_msp_dl_config.o (.text.SYSCFG_DL_RL_OUT_init)
                  000015c8    00000094     bsp_UART.o (.text.uart_isIDLE)
                  0000165c    0000008c     libclang_rt.builtins.a : mulsf3.S.obj (.text.__mulsf3)
                  000016e8    00000084     ti_msp_dl_config.o (.text.__NVIC_SetPriority)
                  0000176c    00000082     libclang_rt.builtins.a : divsf3.S.obj (.text.__divsf3)
                  000017ee    00000002                            : aeabi_div0.c.obj (.text.__aeabi_idiv0)
                  000017f0    0000007c     ti_msp_dl_config.o (.text.SYSCFG_DL_SYSCTL_init)
                  0000186c    0000007c     bsp_UART.o (.text.UART0_IRQHandler)
                  000018e8    0000007c     bsp_CAN.o (.text.handleCanRxMessage)
                  00001964    0000007c     libc.a : copy_decompress_lzss.c.obj (.text:decompress:lzss)
                  000019e0    00000078     ti_msp_dl_config.o (.text.SYSCFG_DL_UART_0_init)
                  00001a58    00000074     empty.o (.text.SysTick_Handler)
                  00001acc    00000074     libclang_rt.builtins.a : comparedf2.c.obj (.text.__gedf2)
                  00001b40    00000074     empty.o (.text.main)
                  00001bb4    00000068     libclang_rt.builtins.a : comparedf2.c.obj (.text.__ledf2)
                  00001c1c    00000064     driverlib.a : dl_sysctl_mspm0g1x0x_g3x0x.o (.text.DL_SYSCTL_setHFCLKSourceHFXTParams)
                  00001c80    00000064     ti_msp_dl_config.o (.text.SYSCFG_DL_init)
                  00001ce4    00000062     libclang_rt.builtins.a : aeabi_dcmp.S.obj (.text.__aeabi_dcmp)
                  00001d46    00000002     --HOLE-- [fill = 0]
                  00001d48    00000062                            : aeabi_fcmp.S.obj (.text.__aeabi_fcmp)
                  00001daa    00000002     --HOLE-- [fill = 0]
                  00001dac    00000060     driverlib.a : dl_sysctl_mspm0g1x0x_g3x0x.o (.text.DL_SYSCTL_setLFCLKSourceLFXT)
                  00001e0c    00000060     bsp_UART.o (.text.uart_send)
                  00001e6c    0000005e     bsp_CAN.o (.text.CAN_Rx_FIFO0_New_Message_Callback)
                  00001eca    00000002     --HOLE-- [fill = 0]
                  00001ecc    00000054     bsp_UART.o (.text.UART_Rx_DMA_ToIdle_Callback)
                  00001f20    00000054     bsp_UART.o (.text.uart_receive_start)
                  00001f74    00000050     ti_msp_dl_config.o (.text.SysTick_Config)
                  00001fc4    0000004c     driverlib.a : dl_dma.o (.text.DL_DMA_initChannel)
                  00002010    0000004c     ti_msp_dl_config.o (.text.DL_UART_setBaudRateDivisor)
                  0000205c    00000048     driverlib.a : dl_uart.o (.text.DL_UART_init)
                  000020a4    00000044     bsp_CAN.o (.text.CANFD0_IRQHandler)
                  000020e8    00000044     driverlib.a : dl_mcan.o (.text.DL_MCAN_getRevisionId)
                  0000212c    00000044                 : dl_sysctl_mspm0g1x0x_g3x0x.o (.text.DL_SYSCTL_switchMCLKfromSYSOSCtoHSCLK)
                  00002170    00000040                 : dl_mcan.o (.text.DL_MCAN_writeRxFIFOAck)
                  000021b0    00000040     libclang_rt.builtins.a : aeabi_uidivmod.S.obj (.text.__aeabi_uidivmod)
                  000021f0    0000003c     ti_msp_dl_config.o (.text.DL_Timer_setCounterControl)
                  0000222c    0000003c     libclang_rt.builtins.a : floatsisf.S.obj (.text.__floatsisf)
                  00002268    0000003c                            : comparesf2.S.obj (.text.__gtsf2)
                  000022a4    0000003c     libc.a : autoinit.c.obj (.text:__TI_auto_init_nobinit_nopinit)
                  000022e0    0000003a     libclang_rt.builtins.a : comparesf2.S.obj (.text.__eqsf2)
                  0000231a    00000002     --HOLE-- [fill = 0]
                  0000231c    0000003a                            : muldsi3.S.obj (.text.__muldsi3)
                  00002356    00000002     --HOLE-- [fill = 0]
                  00002358    00000038     driverlib.a : dl_mcan.o (.text.DL_MCAN_getRxFIFOStatus)
                  00002390    00000038     libclang_rt.builtins.a : fixsfsi.S.obj (.text.__fixsfsi)
                  000023c8    00000034     driverlib.a : dl_mcan.o (.text.DL_MCAN_TXBufAddReq)
                  000023fc    00000034                 : dl_mcan.o (.text.DL_MCAN_setExtIDAndMask)
                  00002430    00000030     bsp_UART.o (.text.DL_DMA_setTransferSize)
                  00002460    00000030     ti_msp_dl_config.o (.text.DL_GPIO_initDigitalOutputFeatures)
                  00002490    00000030     ti_msp_dl_config.o (.text.SYSCFG_DL_DMA_CH0_init)
                  000024c0    00000030     ti_msp_dl_config.o (.text.SYSCFG_DL_DMA_CH1_init)
                  000024f0    0000002c     driverlib.a : dl_mcan.o (.text.DL_MCAN_TXBufTransIntrEnable)
                  0000251c    0000002c                 : dl_mcan.o (.text.DL_MCAN_addExtMsgIDFilter)
                  00002548    0000002c                 : dl_mcan.o (.text.DL_MCAN_addStdMsgIDFilter)
                  00002574    0000002c     empty.o (.text.__NVIC_EnableIRQ)
                  000025a0    00000028     ti_msp_dl_config.o (.text.DL_Common_updateReg)
                  000025c8    00000028     bsp_UART.o (.text.DL_DMA_setDestAddr)
                  000025f0    00000028     bsp_UART.o (.text.DL_DMA_setSrcAddr)
                  00002618    00000028     driverlib.a : dl_timer.o (.text.DL_Timer_setCaptureCompareCtl)
                  00002640    00000028     ti_msp_dl_config.o (.text.DL_Timer_setCounterMode)
                  00002668    00000028     ti_msp_dl_config.o (.text.DL_Timer_setCounterRepeatMode)
                  00002690    00000028     ti_msp_dl_config.o (.text.DL_UART_setRXFIFOThreshold)
                  000026b8    00000028     ti_msp_dl_config.o (.text.DL_UART_setTXFIFOThreshold)
                  000026e0    00000028     libclang_rt.builtins.a : floatunsisf.S.obj (.text.__floatunsisf)
                  00002708    00000028     libc.a : boot_cortex_m.c.obj (.text:_c_int00_noargs)
                  00002730    00000026     bsp_UART.o (.text.DL_DMA_disableChannel)
                  00002756    00000026     bsp_UART.o (.text.DL_DMA_enableChannel)
                  0000277c    00000024     bsp_UART.o (.text.DL_DMA_getTransferSize)
                  000027a0    00000024     driverlib.a : dl_mcan.o (.text.DL_MCAN_setClockConfig)
                  000027c4    00000024     ti_msp_dl_config.o (.text.DL_UART_setRXInterruptTimeout)
                  000027e8    00000024     libclang_rt.builtins.a : floatunsidf.S.obj (.text.__floatunsidf)
                  0000280c    00000020     ti_msp_dl_config.o (.text.DL_GPIO_initPeripheralInputFunction)
                  0000282c    00000020     driverlib.a : dl_mcan.o (.text.DL_MCAN_getTxFIFOQueStatus)
                  0000284c    00000020     ti_msp_dl_config.o (.text.DL_SYSCTL_setFlashWaitState)
                  0000286c    00000020     ti_msp_dl_config.o (.text.DL_Timer_setCounterValueAfterEnable)
                  0000288c    0000001e     ti_msp_dl_config.o (.text.DL_UART_setOversampling)
                  000028aa    00000002     --HOLE-- [fill = 0]
                  000028ac    0000001c     ti_msp_dl_config.o (.text.DL_DMA_enableInterrupt)
                  000028c8    0000001c     ti_msp_dl_config.o (.text.DL_GPIO_initPeripheralOutputFunction)
                  000028e4    0000001c     ti_msp_dl_config.o (.text.DL_MCAN_enableInterrupt)
                  00002900    0000001c     driverlib.a : dl_mcan.o (.text.DL_MCAN_enableIntr)
                  0000291c    0000001c                 : dl_mcan.o (.text.DL_MCAN_enableIntrLine)
                  00002938    0000001c                 : dl_mcan.o (.text.DL_MCAN_selectIntrLine)
                  00002954    0000001c                 : dl_sysctl_mspm0g1x0x_g3x0x.o (.text.DL_SYSCTL_configFCC)
                  00002970    0000001c     ti_msp_dl_config.o (.text.DL_SYSCTL_setFCCPeriods)
                  0000298c    0000001c     ti_msp_dl_config.o (.text.DL_SYSCTL_setSYSOSCFreq)
                  000029a8    0000001c     ti_msp_dl_config.o (.text.DL_SYSCTL_setULPCLKDivider)
                  000029c4    0000001c     driverlib.a : dl_timer.o (.text.DL_Timer_setCaptCompUpdateMethod)
                  000029e0    0000001c                 : dl_timer.o (.text.DL_Timer_setCaptureCompareInputFilter)
                  000029fc    0000001c                 : dl_timer.o (.text.DL_Timer_setClockConfig)
                  00002a18    0000001c     ti_msp_dl_config.o (.text.DL_UART_enableInterrupt)
                  00002a34    0000001a     driverlib.a : dl_timer.o (.text.DL_Timer_setCaptureCompareInput)
                  00002a4e    00000002     --HOLE-- [fill = 0]
                  00002a50    00000018     ti_msp_dl_config.o (.text.DL_DMA_clearInterruptStatus)
                  00002a68    00000018     ti_msp_dl_config.o (.text.DL_GPIO_enableOutput)
                  00002a80    00000018     ti_msp_dl_config.o (.text.DL_GPIO_enablePower)
                  00002a98    00000018     ti_msp_dl_config.o (.text.DL_GPIO_initPeripheralAnalogFunction)
                  00002ab0    00000018     ti_msp_dl_config.o (.text.DL_GPIO_reset)
                  00002ac8    00000018     empty.o (.text.DL_GPIO_setPins)
                  00002ae0    00000018     ti_msp_dl_config.o (.text.DL_MCAN_clearInterruptStatus)
                  00002af8    00000018     ti_msp_dl_config.o (.text.DL_MCAN_enablePower)
                  00002b10    00000018     ti_msp_dl_config.o (.text.DL_MCAN_reset)
                  00002b28    00000018     driverlib.a : dl_mcan.o (.text.DL_MCAN_setOpMode)
                  00002b40    00000018     ti_msp_dl_config.o (.text.DL_SYSCTL_setBORThreshold)
                  00002b58    00000018     ti_msp_dl_config.o (.text.DL_Timer_enablePower)
                  00002b70    00000018     ti_msp_dl_config.o (.text.DL_Timer_enableShadowFeatures)
                  00002b88    00000018     ti_msp_dl_config.o (.text.DL_Timer_reset)
                  00002ba0    00000018     driverlib.a : dl_timer.o (.text.DL_Timer_setCaptureCompareOutCtl)
                  00002bb8    00000018     ti_msp_dl_config.o (.text.DL_Timer_setLoadValue)
                  00002bd0    00000018     ti_msp_dl_config.o (.text.DL_Timer_startCounter)
                  00002be8    00000018     ti_msp_dl_config.o (.text.DL_UART_enableDMAReceiveEvent)
                  00002c00    00000018     ti_msp_dl_config.o (.text.DL_UART_enableDMATransmitEvent)
                  00002c18    00000018     ti_msp_dl_config.o (.text.DL_UART_enableFIFOs)
                  00002c30    00000018     ti_msp_dl_config.o (.text.DL_UART_enablePower)
                  00002c48    00000018     ti_msp_dl_config.o (.text.DL_UART_reset)
                  00002c60    00000016     ti_msp_dl_config.o (.text.DL_UART_enable)
                  00002c76    00000016     libc.a : copy_zero_init.c.obj (.text:decompress:ZI:__TI_zero_init_nomemset)
                  00002c8c    00000014     ti_msp_dl_config.o (.text.DL_GPIO_clearPins)
                  00002ca0    00000014     driverlib.a : dl_mcan.o (.text.DL_MCAN_clearIntrStatus)
                  00002cb4    00000014     bsp_CAN.o (.text.DL_MCAN_getPendingInterrupt)
                  00002cc8    00000014     ti_msp_dl_config.o (.text.DL_SYSCTL_disableSYSPLL)
                  00002cdc    00000014     ti_msp_dl_config.o (.text.DL_SYSCTL_enableSYSPLL)
                  00002cf0    00000014     driverlib.a : dl_timer.o (.text.DL_Timer_enableCaptureCompareInputFilter)
                  00002d04    00000014     ti_msp_dl_config.o (.text.DL_Timer_enableClock)
                  00002d18    00000014     ti_msp_dl_config.o (.text.DL_Timer_setCCPDirection)
                  00002d2c    00000012     ti_msp_dl_config.o (.text.DL_MCAN_enableModuleClock)
                  00002d3e    00000012     bsp_UART.o (.text.DL_UART_getPendingInterrupt)
                  00002d50    00000012     driverlib.a : dl_uart.o (.text.DL_UART_setClockConfig)
                  00002d62    00000012     libc.a : memcpy16.S.obj (.text:TI_memcpy_small)
                  00002d74    00000012            : copy_decompress_none.c.obj (.text:decompress:none)
                  00002d86    00000002     --HOLE-- [fill = 0]
                  00002d88    00000010     driverlib.a : dl_mcan.o (.text.DL_MCAN_getOpMode)
                  00002d98    00000010                 : dl_mcan.o (.text.DL_MCAN_isMemInitDone)
                  00002da8    00000010     ti_msp_dl_config.o (.text.DL_SYSCTL_disableHFXT)
                  00002db8    00000010     ti_msp_dl_config.o (.text.DL_SYSCTL_isFCCDone)
                  00002dc8    00000010     ti_msp_dl_config.o (.text.DL_SYSCTL_startFCC)
                  00002dd8    00000010     driverlib.a : dl_timer.o (.text.DL_Timer_getCaptureCompareValue)
                  00002de8    00000010     bsp_PWM.o (.text.DL_Timer_getTimerCount)
                  00002df8    00000010     driverlib.a : dl_timer.o (.text.DL_Timer_setCaptureCompareValue)
                  00002e08    00000010     ti_msp_dl_config.o (.text.SYSCFG_DL_SYSTICK_init)
                  00002e18    0000000c     driverlib.a : dl_mcan.o (.text.DL_MCAN_getIntrStatus)
                  00002e24    0000000c     ti_msp_dl_config.o (.text.DL_SYSCTL_getClockStatus)
                  00002e30    0000000c     ti_msp_dl_config.o (.text.DL_SYSCTL_readFCC)
                  00002e3c    0000000c     ti_msp_dl_config.o (.text.SYSCFG_DL_DMA_init)
                  00002e48    0000000a     driverlib.a : dl_common.o (.text.DL_Common_delayCycles)
                  00002e52    00000002     --HOLE-- [fill = 0]
                  00002e54    00000008     libclang_rt.builtins.a : aeabi_memcpy.S.obj (.text.__aeabi_memcpy)
                  00002e5c    00000006     libc.a : exit.c.obj (.text:abort)
                  00002e62    00000004     startup_mspm0g350x_ticlang.o (.text.Default_Handler)
                  00002e66    00000004     libsysbm.a : hostexit.c.obj (.text.HOSTexit)
                  00002e6a    00000004     startup_mspm0g350x_ticlang.o (.text.Reset_Handler)
                  00002e6e    00000004     libc.a : pre_init.c.obj (.text._system_pre_init)
                  00002e72    00000006     --HOLE-- [fill = 0]

.cinit     0    00003040    00000038     
                  00003040    00000012     (.cinit..data.load) [load image, compression = lzss]
                  00003052    00000002     --HOLE-- [fill = 0]
                  00003054    0000000c     (__TI_handler_table)
                  00003060    00000008     (.cinit..bss.load) [load image, compression = zero_init]
                  00003068    00000010     (__TI_cinit_table)

.rodata    0    00002e78    000001c8     
                  00002e78    00000060     ti_msp_dl_config.o (.rodata.gMCAN0MsgRAMConfigParams)
                  00002ed8    00000040     driverlib.a : dl_mcan.o (.rodata..L__const.DL_MCAN_getDataSize.dataSize)
                  00002f18    00000034     ti_msp_dl_config.o (.rodata.gMCAN0InitParams)
                  00002f4c    00000028     ti_msp_dl_config.o (.rodata.gSYSPLLConfig)
                  00002f74    00000020     driverlib.a : dl_mcan.o (.rodata.cst32)
                  00002f94    00000020     ti_msp_dl_config.o (.rodata.gMCAN0BitTimes)
                  00002fb4    00000018     ti_msp_dl_config.o (.rodata.gDMA_CH0Config)
                  00002fcc    00000018     ti_msp_dl_config.o (.rodata.gDMA_CH1Config)
                  00002fe4    00000010     ti_msp_dl_config.o (.rodata.gMCAN0ExtFiltelem)
                  00002ff4    00000010     ti_msp_dl_config.o (.rodata.gMCAN0StdFiltelem)
                  00003004    0000000a     ti_msp_dl_config.o (.rodata.gUART_0Config)
                  0000300e    00000002     ti_msp_dl_config.o (.rodata.gUART_0ClockConfig)
                  00003010    00000008     ti_msp_dl_config.o (.rodata.gFRONT_OUTConfig)
                  00003018    00000008     ti_msp_dl_config.o (.rodata.gRL_OUTConfig)
                  00003020    00000008     ti_msp_dl_config.o (.rodata.gRR_OUTConfig)
                  00003028    00000004     ti_msp_dl_config.o (.rodata.gMCAN0ClockConf)
                  0000302c    00000003     ti_msp_dl_config.o (.rodata.gFFRONT_INClockConfig)
                  0000302f    00000003     ti_msp_dl_config.o (.rodata.gFRONT_OUTClockConfig)
                  00003032    00000003     ti_msp_dl_config.o (.rodata.gLFCLKConfig)
                  00003035    00000003     ti_msp_dl_config.o (.rodata.gREAR_INClockConfig)
                  00003038    00000003     ti_msp_dl_config.o (.rodata.gRL_OUTClockConfig)
                  0000303b    00000003     ti_msp_dl_config.o (.rodata.gRR_OUTClockConfig)
                  0000303e    00000002     --HOLE-- [fill = 0]

.init_array 
*          0    00000000    00000000     UNINITIALIZED

.binit     0    00000000    00000000     

.bss       0    20200000    000003b4     UNINITIALIZED
                  20200000    000000bc     (.common:gFRONT_OUTBackup)
                  202000bc    000000bc     (.common:gRL_OUTBackup)
                  20200178    000000a0     (.common:gREAR_INBackup)
                  20200218    000000a0     (.common:gRR_OUTBackup)
                  202002b8    00000098     (.common:gMCAN0Backup)
                  20200350    00000064     (.common:uart_rx_buff)

.data      0    202003b4    0000005d     UNINITIALIZED
                  202003b4    00000010     bsp_PWM.o (.data.g_motor)
                  202003c4    00000010     bsp_PWM.o (.data.motor_get_speed.last_count)
                  202003d4    00000010     bsp_PWM.o (.data.motor_get_speed.last_period)
                  202003e4    00000010     bsp_PWM.o (.data.motor_get_speed.last_rpm)
                  202003f4    00000004     empty.o (.data.g_tick)
                  202003f8    00000004     empty.o (.data.speed_fl)
                  202003fc    00000004     empty.o (.data.speed_fr)
                  20200400    00000004     empty.o (.data.speed_rl)
                  20200404    00000004     empty.o (.data.speed_rr)
                  20200408    00000002     bsp_UART.o (.data.rx_size)
                  2020040a    00000001     empty.o (.data.g_flag_100hz)
                  2020040b    00000001     bsp_UART.o (.data.uart_isIDLE.rx_last_size)
                  2020040c    00000001     bsp_UART.o (.data.uart_isIDLE.stable_count)
                  2020040d    00000001     bsp_UART.o (.data.uart_rx_dma_complete_flag)
                  2020040e    00000001     bsp_UART.o (.data.uart_rx_length)
                  2020040f    00000001     bsp_UART.o (.data.uart_tx_complete_flag)
                  20200410    00000001     bsp_UART.o (.data.uart_tx_dma_complete_flag)

.stack     0    20207e00    00000200     UNINITIALIZED
                  20207e00    00000004     libc.a : boot_cortex_m.c.obj (.stack)
                  20207e04    000001fc     --HOLE--

__llvm_prf_cnts 
*          0    20200000    00000000     UNINITIALIZED

__llvm_prf_bits 
*          0    20200000    00000000     UNINITIALIZED

MODULE SUMMARY

       Module                         code    ro data   rw data
       ------                         ----    -------   -------
    .\
       ti_msp_dl_config.o             3942    358       848    
       empty.o                        300     0         21     
       startup_mspm0g350x_ticlang.o   8       192       0      
    +--+------------------------------+-------+---------+---------+
       Total:                         4250    550       869    
                                                               
    .\User\bsp\Src\
       bsp_PWM.o                      996     0         64     
       bsp_UART.o                     794     0         108    
       bsp_CAN.o                      682     0         0      
    +--+------------------------------+-------+---------+---------+
       Total:                         2472    0         172    
                                                               
    E:/TI/CCS/mspm0_sdk_2_10_00_04/source/ti/driverlib/lib/ticlang/m0p/mspm0g1x0x_g3x0x/driverlib.a
       dl_mcan.o                      2144    96        0      
       dl_sysctl_mspm0g1x0x_g3x0x.o   512     0         0      
       dl_timer.o                     486     0         0      
       dl_uart.o                      90      0         0      
       dl_dma.o                       76      0         0      
       dl_common.o                    10      0         0      
    +--+------------------------------+-------+---------+---------+
       Total:                         3318    96        0      
                                                               
    E:\TI\CCS\ccs\tools\compiler\ti-cgt-armllvm_4.0.4.LTS\lib\armv6m-ti-none-eabi/c/libc.a
       copy_decompress_lzss.c.obj     124     0         0      
       autoinit.c.obj                 60      0         0      
       boot_cortex_m.c.obj            40      0         0      
       copy_zero_init.c.obj           22      0         0      
       copy_decompress_none.c.obj     18      0         0      
       memcpy16.S.obj                 18      0         0      
       exit.c.obj                     6       0         0      
       pre_init.c.obj                 4       0         0      
    +--+------------------------------+-------+---------+---------+
       Total:                         292     0         0      
                                                               
    E:\TI\CCS\ccs\tools\compiler\ti-cgt-armllvm_4.0.4.LTS\lib\armv6m-ti-none-eabi/c/libsysbm.a
       hostexit.c.obj                 4       0         0      
    +--+------------------------------+-------+---------+---------+
       Total:                         4       0         0      
                                                               
    E:\TI\CCS\ccs\tools\compiler\ti-cgt-armllvm_4.0.4.LTS\lib\armv6m-ti-none-eabi/libclang_rt.builtins.a
       comparedf2.c.obj               220     0         0      
       addsf3.S.obj                   216     0         0      
       mulsf3.S.obj                   140     0         0      
       divsf3.S.obj                   130     0         0      
       comparesf2.S.obj               118     0         0      
       aeabi_dcmp.S.obj               98      0         0      
       aeabi_fcmp.S.obj               98      0         0      
       aeabi_uidivmod.S.obj           64      0         0      
       floatsisf.S.obj                60      0         0      
       muldsi3.S.obj                  58      0         0      
       fixsfsi.S.obj                  56      0         0      
       floatunsisf.S.obj              40      0         0      
       floatunsidf.S.obj              36      0         0      
       aeabi_memcpy.S.obj             8       0         0      
       aeabi_div0.c.obj               2       0         0      
    +--+------------------------------+-------+---------+---------+
       Total:                         1344    0         0      
                                                               
       Stack:                         0       0         512    
       Linker Generated:              0       54        0      
    +--+------------------------------+-------+---------+---------+
       Grand Total:                   11680   700       1553   


LINKER GENERATED COPY TABLES

__TI_cinit_table @ 00003068 records: 2, size/record: 8, table size: 16
	.data: load addr=00003040, load size=00000012 bytes, run addr=202003b4, run size=0000005d bytes, compression=lzss
	.bss: load addr=00003060, load size=00000008 bytes, run addr=20200000, run size=000003b4 bytes, compression=zero_init


LINKER GENERATED HANDLER TABLE

__TI_handler_table @ 00003054 records: 3, size/record: 4, table size: 12
	index: 0, handler: __TI_decompress_lzss
	index: 1, handler: __TI_decompress_none
	index: 2, handler: __TI_zero_init


GLOBAL SYMBOLS: SORTED ALPHABETICALLY BY Name 

address   name                                    
-------   ----                                    
00002e63  ADC0_IRQHandler                         
00002e63  ADC1_IRQHandler                         
00002e63  AES_IRQHandler                          
00002e66  C$$EXIT                                 
000020a5  CANFD0_IRQHandler                       
00001e6d  CAN_Rx_FIFO0_New_Message_Callback       
000010fd  CAN_send_ext_frame                      
000011b9  CAN_send_std_frame                      
00002e63  DAC0_IRQHandler                         
00002e49  DL_Common_delayCycles                   
00001fc5  DL_DMA_initChannel                      
000023c9  DL_MCAN_TXBufAddReq                     
000024f1  DL_MCAN_TXBufTransIntrEnable            
0000251d  DL_MCAN_addExtMsgIDFilter               
00002549  DL_MCAN_addStdMsgIDFilter               
00002ca1  DL_MCAN_clearIntrStatus                 
00002901  DL_MCAN_enableIntr                      
0000291d  DL_MCAN_enableIntrLine                  
00002e19  DL_MCAN_getIntrStatus                   
00002d89  DL_MCAN_getOpMode                       
000020e9  DL_MCAN_getRevisionId                   
00002359  DL_MCAN_getRxFIFOStatus                 
0000282d  DL_MCAN_getTxFIFOQueStatus              
00000d95  DL_MCAN_init                            
00002d99  DL_MCAN_isMemInitDone                   
000002dd  DL_MCAN_msgRAMConfig                    
000007d5  DL_MCAN_readMsgRam                      
00002939  DL_MCAN_selectIntrLine                  
00000f4d  DL_MCAN_setBitTime                      
000027a1  DL_MCAN_setClockConfig                  
000023fd  DL_MCAN_setExtIDAndMask                 
00002b29  DL_MCAN_setOpMode                       
000009e5  DL_MCAN_writeMsgRam                     
00002171  DL_MCAN_writeRxFIFOAck                  
00002955  DL_SYSCTL_configFCC                     
00000e71  DL_SYSCTL_configSYSPLL                  
00001c1d  DL_SYSCTL_setHFCLKSourceHFXTParams      
00001dad  DL_SYSCTL_setLFCLKSourceLFXT            
0000212d  DL_SYSCTL_switchMCLKfromSYSOSCtoHSCLK   
00002cf1  DL_Timer_enableCaptureCompareInputFilter
00002dd9  DL_Timer_getCaptureCompareValue         
000008e1  DL_Timer_initFourCCPWMMode              
000029c5  DL_Timer_setCaptCompUpdateMethod        
00002619  DL_Timer_setCaptureCompareCtl           
00002a35  DL_Timer_setCaptureCompareInput         
000029e1  DL_Timer_setCaptureCompareInputFilter   
00002ba1  DL_Timer_setCaptureCompareOutCtl        
00002df9  DL_Timer_setCaptureCompareValue         
000029fd  DL_Timer_setClockConfig                 
0000205d  DL_UART_init                            
00002d51  DL_UART_setClockConfig                  
00002e63  DMA_IRQHandler                          
00002e63  Default_Handler                         
00002e63  GROUP0_IRQHandler                       
00002e63  GROUP1_IRQHandler                       
00002e67  HOSTexit                                
00002e63  HardFault_Handler                       
00002e63  I2C0_IRQHandler                         
00002e63  I2C1_IRQHandler                         
00002e63  NMI_Handler                             
00002e63  PendSV_Handler                          
00002e63  RTC_IRQHandler                          
00002e6b  Reset_Handler                           
00002e63  SPI0_IRQHandler                         
00002e63  SPI1_IRQHandler                         
00002e63  SVC_Handler                             
00002491  SYSCFG_DL_DMA_CH0_init                  
000024c1  SYSCFG_DL_DMA_CH1_init                  
00002e3d  SYSCFG_DL_DMA_init                      
00001275  SYSCFG_DL_FFRONT_IN_init                
00000bc5  SYSCFG_DL_FRONT_OUT_init                
000006a9  SYSCFG_DL_GPIO_init                     
00000ad9  SYSCFG_DL_MCAN0_init                    
0000132d  SYSCFG_DL_REAR_IN_init                  
00001531  SYSCFG_DL_RL_OUT_init                   
00001495  SYSCFG_DL_RR_OUT_init                   
00000cad  SYSCFG_DL_SYSCTL_SYSPLL_init            
000017f1  SYSCFG_DL_SYSCTL_init                   
00002e09  SYSCFG_DL_SYSTICK_init                  
000019e1  SYSCFG_DL_UART_0_init                   
00001c81  SYSCFG_DL_init                          
000013e5  SYSCFG_DL_initPower                     
00001a59  SysTick_Handler                         
00002e63  TIMA0_IRQHandler                        
00002e63  TIMA1_IRQHandler                        
00002e63  TIMG0_IRQHandler                        
00002e63  TIMG12_IRQHandler                       
00002e63  TIMG6_IRQHandler                        
00002e63  TIMG7_IRQHandler                        
00002e63  TIMG8_IRQHandler                        
00002d63  TI_memcpy_small                         
0000186d  UART0_IRQHandler                        
00002e63  UART1_IRQHandler                        
00002e63  UART2_IRQHandler                        
00002e63  UART3_IRQHandler                        
00001ecd  UART_Rx_DMA_ToIdle_Callback             
20208000  __STACK_END                             
00000200  __STACK_SIZE                            
00000000  __TI_ATRegion0_region_sz                
00000000  __TI_ATRegion0_src_addr                 
00000000  __TI_ATRegion0_trg_addr                 
00000000  __TI_ATRegion1_region_sz                
00000000  __TI_ATRegion1_src_addr                 
00000000  __TI_ATRegion1_trg_addr                 
00000000  __TI_ATRegion2_region_sz                
00000000  __TI_ATRegion2_src_addr                 
00000000  __TI_ATRegion2_trg_addr                 
00003068  __TI_CINIT_Base                         
00003078  __TI_CINIT_Limit                        
00003078  __TI_CINIT_Warm                         
00003054  __TI_Handler_Table_Base                 
00003060  __TI_Handler_Table_Limit                
000022a5  __TI_auto_init_nobinit_nopinit          
00001965  __TI_decompress_lzss                    
00002d75  __TI_decompress_none                    
ffffffff  __TI_pprof_out_hndl                     
ffffffff  __TI_prof_data_size                     
ffffffff  __TI_prof_data_start                    
00000000  __TI_static_base__                      
00002c77  __TI_zero_init_nomemset                 
0000102f  __addsf3                                
00001ce5  __aeabi_dcmpeq                          
00001d21  __aeabi_dcmpge                          
00001d35  __aeabi_dcmpgt                          
00001d0d  __aeabi_dcmple                          
00001cf9  __aeabi_dcmplt                          
00002391  __aeabi_f2iz                            
0000102f  __aeabi_fadd                            
00001d49  __aeabi_fcmpeq                          
00001d85  __aeabi_fcmpge                          
00001d99  __aeabi_fcmpgt                          
00001d71  __aeabi_fcmple                          
00001d5d  __aeabi_fcmplt                          
0000176d  __aeabi_fdiv                            
0000165d  __aeabi_fmul                            
00001025  __aeabi_fsub                            
0000222d  __aeabi_i2f                             
000017ef  __aeabi_idiv0                           
00002e55  __aeabi_memcpy                          
00002e55  __aeabi_memcpy4                         
00002e55  __aeabi_memcpy8                         
000027e9  __aeabi_ui2d                            
000026e1  __aeabi_ui2f                            
000021b1  __aeabi_uidiv                           
000021b1  __aeabi_uidivmod                        
ffffffff  __binit__                               
00001bb5  __cmpdf2                                
000022e1  __cmpsf2                                
0000176d  __divsf3                                
00001bb5  __eqdf2                                 
000022e1  __eqsf2                                 
00002391  __fixsfsi                               
0000222d  __floatsisf                             
000027e9  __floatunsidf                           
000026e1  __floatunsisf                           
00001acd  __gedf2                                 
00002269  __gesf2                                 
00001acd  __gtdf2                                 
00002269  __gtsf2                                 
00001bb5  __ledf2                                 
000022e1  __lesf2                                 
00001bb5  __ltdf2                                 
000022e1  __ltsf2                                 
UNDEFED   __mpu_init                              
0000231d  __muldsi3                               
0000165d  __mulsf3                                
00001bb5  __nedf2                                 
000022e1  __nesf2                                 
20207e00  __stack                                 
20200000  __start___llvm_prf_bits                 
20200000  __start___llvm_prf_cnts                 
20200000  __stop___llvm_prf_bits                  
20200000  __stop___llvm_prf_cnts                  
00001025  __subsf3                                
00002709  _c_int00_noargs                         
UNDEFED   _system_post_cinit                      
00002e6f  _system_pre_init                        
00002e5d  abort                                   
ffffffff  binit                                   
20200000  gFRONT_OUTBackup                        
202002b8  gMCAN0Backup                            
20200178  gREAR_INBackup                          
202000bc  gRL_OUTBackup                           
20200218  gRR_OUTBackup                           
2020040a  g_flag_100hz                            
202003f4  g_tick                                  
000018e9  handleCanRxMessage                      
00000000  interruptVectors                        
00001b41  main                                    
000000c1  motor_get_speed                         
000004f1  motor_set                               
20200408  rx_size                                 
202003f8  speed_fl                                
202003fc  speed_fr                                
20200400  speed_rl                                
20200404  speed_rr                                
000015c9  uart_isIDLE                             
00001f21  uart_receive_start                      
20200350  uart_rx_buff                            
2020040d  uart_rx_dma_complete_flag               
2020040e  uart_rx_length                          
00001e0d  uart_send                               
2020040f  uart_tx_complete_flag                   
20200410  uart_tx_dma_complete_flag               


GLOBAL SYMBOLS: SORTED BY Symbol Address 

address   name                                    
-------   ----                                    
00000000  __TI_ATRegion0_region_sz                
00000000  __TI_ATRegion0_src_addr                 
00000000  __TI_ATRegion0_trg_addr                 
00000000  __TI_ATRegion1_region_sz                
00000000  __TI_ATRegion1_src_addr                 
00000000  __TI_ATRegion1_trg_addr                 
00000000  __TI_ATRegion2_region_sz                
00000000  __TI_ATRegion2_src_addr                 
00000000  __TI_ATRegion2_trg_addr                 
00000000  __TI_static_base__                      
00000000  interruptVectors                        
000000c1  motor_get_speed                         
00000200  __STACK_SIZE                            
000002dd  DL_MCAN_msgRAMConfig                    
000004f1  motor_set                               
000006a9  SYSCFG_DL_GPIO_init                     
000007d5  DL_MCAN_readMsgRam                      
000008e1  DL_Timer_initFourCCPWMMode              
000009e5  DL_MCAN_writeMsgRam                     
00000ad9  SYSCFG_DL_MCAN0_init                    
00000bc5  SYSCFG_DL_FRONT_OUT_init                
00000cad  SYSCFG_DL_SYSCTL_SYSPLL_init            
00000d95  DL_MCAN_init                            
00000e71  DL_SYSCTL_configSYSPLL                  
00000f4d  DL_MCAN_setBitTime                      
00001025  __aeabi_fsub                            
00001025  __subsf3                                
0000102f  __addsf3                                
0000102f  __aeabi_fadd                            
000010fd  CAN_send_ext_frame                      
000011b9  CAN_send_std_frame                      
00001275  SYSCFG_DL_FFRONT_IN_init                
0000132d  SYSCFG_DL_REAR_IN_init                  
000013e5  SYSCFG_DL_initPower                     
00001495  SYSCFG_DL_RR_OUT_init                   
00001531  SYSCFG_DL_RL_OUT_init                   
000015c9  uart_isIDLE                             
0000165d  __aeabi_fmul                            
0000165d  __mulsf3                                
0000176d  __aeabi_fdiv                            
0000176d  __divsf3                                
000017ef  __aeabi_idiv0                           
000017f1  SYSCFG_DL_SYSCTL_init                   
0000186d  UART0_IRQHandler                        
000018e9  handleCanRxMessage                      
00001965  __TI_decompress_lzss                    
000019e1  SYSCFG_DL_UART_0_init                   
00001a59  SysTick_Handler                         
00001acd  __gedf2                                 
00001acd  __gtdf2                                 
00001b41  main                                    
00001bb5  __cmpdf2                                
00001bb5  __eqdf2                                 
00001bb5  __ledf2                                 
00001bb5  __ltdf2                                 
00001bb5  __nedf2                                 
00001c1d  DL_SYSCTL_setHFCLKSourceHFXTParams      
00001c81  SYSCFG_DL_init                          
00001ce5  __aeabi_dcmpeq                          
00001cf9  __aeabi_dcmplt                          
00001d0d  __aeabi_dcmple                          
00001d21  __aeabi_dcmpge                          
00001d35  __aeabi_dcmpgt                          
00001d49  __aeabi_fcmpeq                          
00001d5d  __aeabi_fcmplt                          
00001d71  __aeabi_fcmple                          
00001d85  __aeabi_fcmpge                          
00001d99  __aeabi_fcmpgt                          
00001dad  DL_SYSCTL_setLFCLKSourceLFXT            
00001e0d  uart_send                               
00001e6d  CAN_Rx_FIFO0_New_Message_Callback       
00001ecd  UART_Rx_DMA_ToIdle_Callback             
00001f21  uart_receive_start                      
00001fc5  DL_DMA_initChannel                      
0000205d  DL_UART_init                            
000020a5  CANFD0_IRQHandler                       
000020e9  DL_MCAN_getRevisionId                   
0000212d  DL_SYSCTL_switchMCLKfromSYSOSCtoHSCLK   
00002171  DL_MCAN_writeRxFIFOAck                  
000021b1  __aeabi_uidiv                           
000021b1  __aeabi_uidivmod                        
0000222d  __aeabi_i2f                             
0000222d  __floatsisf                             
00002269  __gesf2                                 
00002269  __gtsf2                                 
000022a5  __TI_auto_init_nobinit_nopinit          
000022e1  __cmpsf2                                
000022e1  __eqsf2                                 
000022e1  __lesf2                                 
000022e1  __ltsf2                                 
000022e1  __nesf2                                 
0000231d  __muldsi3                               
00002359  DL_MCAN_getRxFIFOStatus                 
00002391  __aeabi_f2iz                            
00002391  __fixsfsi                               
000023c9  DL_MCAN_TXBufAddReq                     
000023fd  DL_MCAN_setExtIDAndMask                 
00002491  SYSCFG_DL_DMA_CH0_init                  
000024c1  SYSCFG_DL_DMA_CH1_init                  
000024f1  DL_MCAN_TXBufTransIntrEnable            
0000251d  DL_MCAN_addExtMsgIDFilter               
00002549  DL_MCAN_addStdMsgIDFilter               
00002619  DL_Timer_setCaptureCompareCtl           
000026e1  __aeabi_ui2f                            
000026e1  __floatunsisf                           
00002709  _c_int00_noargs                         
000027a1  DL_MCAN_setClockConfig                  
000027e9  __aeabi_ui2d                            
000027e9  __floatunsidf                           
0000282d  DL_MCAN_getTxFIFOQueStatus              
00002901  DL_MCAN_enableIntr                      
0000291d  DL_MCAN_enableIntrLine                  
00002939  DL_MCAN_selectIntrLine                  
00002955  DL_SYSCTL_configFCC                     
000029c5  DL_Timer_setCaptCompUpdateMethod        
000029e1  DL_Timer_setCaptureCompareInputFilter   
000029fd  DL_Timer_setClockConfig                 
00002a35  DL_Timer_setCaptureCompareInput         
00002b29  DL_MCAN_setOpMode                       
00002ba1  DL_Timer_setCaptureCompareOutCtl        
00002c77  __TI_zero_init_nomemset                 
00002ca1  DL_MCAN_clearIntrStatus                 
00002cf1  DL_Timer_enableCaptureCompareInputFilter
00002d51  DL_UART_setClockConfig                  
00002d63  TI_memcpy_small                         
00002d75  __TI_decompress_none                    
00002d89  DL_MCAN_getOpMode                       
00002d99  DL_MCAN_isMemInitDone                   
00002dd9  DL_Timer_getCaptureCompareValue         
00002df9  DL_Timer_setCaptureCompareValue         
00002e09  SYSCFG_DL_SYSTICK_init                  
00002e19  DL_MCAN_getIntrStatus                   
00002e3d  SYSCFG_DL_DMA_init                      
00002e49  DL_Common_delayCycles                   
00002e55  __aeabi_memcpy                          
00002e55  __aeabi_memcpy4                         
00002e55  __aeabi_memcpy8                         
00002e5d  abort                                   
00002e63  ADC0_IRQHandler                         
00002e63  ADC1_IRQHandler                         
00002e63  AES_IRQHandler                          
00002e63  DAC0_IRQHandler                         
00002e63  DMA_IRQHandler                          
00002e63  Default_Handler                         
00002e63  GROUP0_IRQHandler                       
00002e63  GROUP1_IRQHandler                       
00002e63  HardFault_Handler                       
00002e63  I2C0_IRQHandler                         
00002e63  I2C1_IRQHandler                         
00002e63  NMI_Handler                             
00002e63  PendSV_Handler                          
00002e63  RTC_IRQHandler                          
00002e63  SPI0_IRQHandler                         
00002e63  SPI1_IRQHandler                         
00002e63  SVC_Handler                             
00002e63  TIMA0_IRQHandler                        
00002e63  TIMA1_IRQHandler                        
00002e63  TIMG0_IRQHandler                        
00002e63  TIMG12_IRQHandler                       
00002e63  TIMG6_IRQHandler                        
00002e63  TIMG7_IRQHandler                        
00002e63  TIMG8_IRQHandler                        
00002e63  UART1_IRQHandler                        
00002e63  UART2_IRQHandler                        
00002e63  UART3_IRQHandler                        
00002e66  C$$EXIT                                 
00002e67  HOSTexit                                
00002e6b  Reset_Handler                           
00002e6f  _system_pre_init                        
00003054  __TI_Handler_Table_Base                 
00003060  __TI_Handler_Table_Limit                
00003068  __TI_CINIT_Base                         
00003078  __TI_CINIT_Limit                        
00003078  __TI_CINIT_Warm                         
20200000  __start___llvm_prf_bits                 
20200000  __start___llvm_prf_cnts                 
20200000  __stop___llvm_prf_bits                  
20200000  __stop___llvm_prf_cnts                  
20200000  gFRONT_OUTBackup                        
202000bc  gRL_OUTBackup                           
20200178  gREAR_INBackup                          
20200218  gRR_OUTBackup                           
202002b8  gMCAN0Backup                            
20200350  uart_rx_buff                            
202003f4  g_tick                                  
202003f8  speed_fl                                
202003fc  speed_fr                                
20200400  speed_rl                                
20200404  speed_rr                                
20200408  rx_size                                 
2020040a  g_flag_100hz                            
2020040d  uart_rx_dma_complete_flag               
2020040e  uart_rx_length                          
2020040f  uart_tx_complete_flag                   
20200410  uart_tx_dma_complete_flag               
20207e00  __stack                                 
20208000  __STACK_END                             
ffffffff  __TI_pprof_out_hndl                     
ffffffff  __TI_prof_data_size                     
ffffffff  __TI_prof_data_start                    
ffffffff  __binit__                               
ffffffff  binit                                   
UNDEFED   __mpu_init                              
UNDEFED   _system_post_cinit                      

[204 symbols]
