******************************************************************************
            TI ARM Clang Linker PC v4.0.4                      
******************************************************************************
>> Linked Sat May 23 22:59:25 2026

OUTPUT FILE NAME:   <test.out>
ENTRY POINT SYMBOL: "_c_int00_noargs"  address: 00005a3d


MEMORY CONFIGURATION

         name            origin    length      used     unused   attr    fill
----------------------  --------  ---------  --------  --------  ----  --------
  FLASH                 00000000   00020000  00007580  00018a80  R  X
  SRAM                  20200000   00008000  00000b9d  00007463  RW X
  BCR_CONFIG            41c00000   000000ff  00000000  000000ff  R   
  BSL_CONFIG            41c00100   00000080  00000000  00000080  R   


SEGMENT ALLOCATION MAP

run origin  load origin   length   init length attrs members
----------  ----------- ---------- ----------- ----- -------
00000000    00000000    00007580   00007580    r-x
  00000000    00000000    000000c0   000000c0    r-- .intvecs
  000000c0    000000c0    000066a8   000066a8    r-x .text
  00006768    00006768    00000d48   00000d48    r-- .rodata
  000074b0    000074b0    000000d0   000000d0    r-- .cinit
20200000    20200000    0000099d   00000000    rw-
  20200000    20200000    0000069c   00000000    rw- .bss
  2020069c    2020069c    00000301   00000000    rw- .data
20207e00    20207e00    00000200   00000000    rw-
  20207e00    20207e00    00000200   00000000    rw- .stack


SECTION ALLOCATION MAP

 output                                  attributes/
section   page    origin      length       input sections
--------  ----  ----------  ----------   ----------------
.intvecs   0    00000000    000000c0     
                  00000000    000000c0     startup_mspm0g350x_ticlang.o (.intvecs)

.text      0    000000c0    000066a8     
                  000000c0    00000770     Task.o (.text.while_task)
                  00000830    000003e0     chasis.o (.text.chasis_cal)
                  00000c10    00000298     chasis.o (.text.mec_inverse)
                  00000ea8    00000280     chasis.o (.text.chasis_trapezoid_move)
                  00001128    00000214     driverlib.a : dl_mcan.o (.text.DL_MCAN_msgRAMConfig)
                  0000133c    00000214     wit_c_sdk.o (.text.WitSerialDataIn)
                  00001550    000001fc     ultrasonic.o (.text.Ultrasonic_GPIOB_ISR)
                  0000174c    000001e0     ti_msp_dl_config.o (.text.SYSCFG_DL_GPIO_init)
                  0000192c    000001b8     bsp_PWM.o (.text.motor_set)
                  00001ae4    0000017c     wit_c_sdk.o (.text.WitWriteReg)
                  00001c60    00000158     wit_c_sdk.o (.text.CopeWitData)
                  00001db8    00000118     bsp_oled.o (.text.OLED_ShowChar)
                  00001ed0    00000114     bsp_oled.o (.text.OLED_Init)
                  00001fe4    0000010c     driverlib.a : dl_mcan.o (.text.DL_MCAN_readMsgRam)
                  000020f0    0000010a     ZDT_CAN.o (.text.can_SendCmd)
                  000021fa    00000002     libclang_rt.builtins.a : aeabi_div0.c.obj (.text.__aeabi_idiv0)
                  000021fc    00000108     Task.o (.text.one_hundured_ms_callback)
                  00002304    00000104     driverlib.a : dl_timer.o (.text.DL_Timer_initFourCCPWMMode)
                  00002408    000000fc                 : dl_timer.o (.text.DL_Timer_initTimerMode)
                  00002504    000000f6     bsp_oled.o (.text.OLED_ShowNum)
                  000025fa    00000002     libclang_rt.builtins.a : aeabi_div0.c.obj (.text.__aeabi_ldiv0)
                  000025fc    000000f4     driverlib.a : dl_mcan.o (.text.DL_MCAN_writeMsgRam)
                  000026f0    000000f4     Task.o (.text.UART_Rx_DMA_ToIdle_Callback)
                  000027e4    000000f0     task_scheduler.o (.text.Menu_Enter)
                  000028d4    000000f0     task_scheduler.o (.text.Menu_Run)
                  000029c4    000000ec     ti_msp_dl_config.o (.text.SYSCFG_DL_MCAN0_init)
                  00002ab0    000000e8     ti_msp_dl_config.o (.text.SYSCFG_DL_FRONT_OUT_init)
                  00002b98    000000e8     ti_msp_dl_config.o (.text.SYSCFG_DL_SYSCTL_SYSPLL_init)
                  00002c80    000000dc     driverlib.a : dl_mcan.o (.text.DL_MCAN_init)
                  00002d5c    000000dc                 : dl_sysctl_mspm0g1x0x_g3x0x.o (.text.DL_SYSCTL_configSYSPLL)
                  00002e38    000000d8                 : dl_mcan.o (.text.DL_MCAN_setBitTime)
                  00002f10    000000d8     task_scheduler.o (.text.Menu_Draw)
                  00002fe8    000000d8     bsp_PWM.o (.text.motor_coast)
                  000030c0    000000d8     libclang_rt.builtins.a : addsf3.S.obj (.text)
                  00003198    000000d4     bsp_PWM.o (.text.motor_brake)
                  0000326c    000000d0     chasis.o (.text.motor_openloop_drive)
                  0000333c    000000c4     ti_msp_dl_config.o (.text.SYSCFG_DL_initPower)
                  00003400    000000c4     ultrasonic.o (.text.Ultrasonic_Trigger)
                  000034c4    000000bc     bsp_CAN.o (.text.CAN_send_ext_frame)
                  00003580    000000a2     libclang_rt.builtins.a : udivmoddi4.S.obj (.text)
                  00003622    00000002     --HOLE-- [fill = 0]
                  00003624    0000009c     ti_msp_dl_config.o (.text.SYSCFG_DL_RR_OUT_init)
                  000036c0    00000098     bsp_oled.o (.text.OLED_WR_Byte)
                  00003758    00000098     ti_msp_dl_config.o (.text.SYSCFG_DL_RL_OUT_init)
                  000037f0    00000098     bsp_UART1.o (.text.uart1_isIDLE)
                  00003888    00000090     bsp_UART.o (.text.uart_isIDLE)
                  00003918    0000008c     libclang_rt.builtins.a : mulsf3.S.obj (.text.__mulsf3)
                  000039a4    0000008c     Task.o (.text.ms_callback)
                  00003a30    00000088     empty.o (.text.SysTick_Handler)
                  00003ab8    00000084     bsp_key.o (.text.KEY_Poll)
                  00003b3c    00000084     task_scheduler.o (.text.Menu_Next)
                  00003bc0    00000084     ti_msp_dl_config.o (.text.__NVIC_SetPriority)
                  00003c44    00000082     libclang_rt.builtins.a : divsf3.S.obj (.text.__divsf3)
                  00003cc6    00000080     ZDT_Driver.o (.text.Emm_V5_Pos_Control)
                  00003d46    00000002     --HOLE-- [fill = 0]
                  00003d48    00000080     bsp_UART.o (.text.UART0_IRQHandler)
                  00003dc8    00000080     bsp_UART1.o (.text.UART1_IRQHandler)
                  00003e48    0000007c     Task.o (.text.CAN_Rx_FIFO0_New_Message_Callback)
                  00003ec4    0000007c     ti_msp_dl_config.o (.text.SYSCFG_DL_SYSCTL_init)
                  00003f40    0000007c     bsp_CAN.o (.text.handleCanRxMessage)
                  00003fbc    0000007c     libc.a : copy_decompress_lzss.c.obj (.text:decompress:lzss)
                  00004038    00000078     ti_msp_dl_config.o (.text.SYSCFG_DL_UART_0_init)
                  000040b0    00000078     ti_msp_dl_config.o (.text.SYSCFG_DL_UART_1_init)
                  00004128    00000074     libclang_rt.builtins.a : comparedf2.c.obj (.text.__gedf2)
                  0000419c    00000074     chasis.o (.text.chasis_set_velocity)
                  00004210    00000070     bsp_oled.o (.text.OLED_ShowString)
                  00004280    00000070     wit_c_sdk.o (.text.__CRC16)
                  000042f0    00000070     empty.o (.text.main)
                  00004360    0000006c     Task.o (.text._show_signed)
                  000043cc    0000006a     bsp_oled.o (.text.OLED_Clear)
                  00004436    00000002     --HOLE-- [fill = 0]
                  00004438    00000068     libclang_rt.builtins.a : comparedf2.c.obj (.text.__ledf2)
                  000044a0    00000064     driverlib.a : dl_sysctl_mspm0g1x0x_g3x0x.o (.text.DL_SYSCTL_setHFCLKSourceHFXTParams)
                  00004504    00000064     bsp_key.o (.text.GROUP1_IRQHandler)
                  00004568    00000062     libclang_rt.builtins.a : aeabi_dcmp.S.obj (.text.__aeabi_dcmp)
                  000045ca    00000002     --HOLE-- [fill = 0]
                  000045cc    00000062                            : aeabi_fcmp.S.obj (.text.__aeabi_fcmp)
                  0000462e    00000002     --HOLE-- [fill = 0]
                  00004630    00000060     driverlib.a : dl_sysctl_mspm0g1x0x_g3x0x.o (.text.DL_SYSCTL_setLFCLKSourceLFXT)
                  00004690    00000060     ti_msp_dl_config.o (.text.SYSCFG_DL_init)
                  000046f0    00000060     bsp_oled.o (.text.oled_i2c_sda_unlock)
                  00004750    00000060     bsp_UART1.o (.text.uart1_send)
                  000047b0    0000005e     driverlib.a : dl_i2c.o (.text.DL_I2C_fillControllerTXFIFO)
                  0000480e    00000002     --HOLE-- [fill = 0]
                  00004810    0000005c     bsp_oled.o (.text.mspm0_i2c_enable)
                  0000486c    00000058     ti_msp_dl_config.o (.text.SYSCFG_DL_I2C_OLED_init)
                  000048c4    00000058     ultrasonic.o (.text.Ultrasonic_Init)
                  0000491c    00000054     timer.o (.text.Timestamp_Init)
                  00004970    00000054     gimbal.o (.text.gimbal_update)
                  000049c4    00000054     bsp_UART1.o (.text.uart1_receive_start)
                  00004a18    00000054     bsp_UART.o (.text.uart_receive_start)
                  00004a6c    00000050     bsp_oled.o (.text.DL_GPIO_initPeripheralInputFunctionFeatures)
                  00004abc    00000050     ti_msp_dl_config.o (.text.DL_GPIO_initPeripheralInputFunctionFeatures)
                  00004b0c    00000050     bsp_oled.o (.text.DL_I2C_startControllerTransfer)
                  00004b5c    00000050     ti_msp_dl_config.o (.text.SysTick_Config)
                  00004bac    0000004c     driverlib.a : dl_dma.o (.text.DL_DMA_initChannel)
                  00004bf8    0000004c     bsp_oled.o (.text.DL_GPIO_initDigitalInputFeatures)
                  00004c44    0000004c     ti_msp_dl_config.o (.text.DL_GPIO_initDigitalInputFeatures)
                  00004c90    0000004c     ti_msp_dl_config.o (.text.DL_UART_setBaudRateDivisor)
                  00004cdc    0000004c     chasis.o (.text.chasis_brake)
                  00004d28    0000004a     ZDT_Driver.o (.text.Emm_V5_En_Control)
                  00004d72    00000002     --HOLE-- [fill = 0]
                  00004d74    00000048     driverlib.a : dl_uart.o (.text.DL_UART_init)
                  00004dbc    00000048     Task.o (.text.Task_Cleanup)
                  00004e04    00000044     bsp_CAN.o (.text.CANFD0_IRQHandler)
                  00004e48    00000044     driverlib.a : dl_mcan.o (.text.DL_MCAN_getRevisionId)
                  00004e8c    00000044                 : dl_sysctl_mspm0g1x0x_g3x0x.o (.text.DL_SYSCTL_switchMCLKfromSYSOSCtoHSCLK)
                  00004ed0    00000044     ultrasonic.o (.text.Ultrasonic_GetDistance_mm)
                  00004f14    00000044     bsp_oled.o (.text.mspm0_i2c_disable)
                  00004f58    00000040     driverlib.a : dl_mcan.o (.text.DL_MCAN_writeRxFIFOAck)
                  00004f98    00000040     ZDT_Driver.o (.text.Emm_V5_Origin_Set_O)
                  00004fd8    00000040     Task.o (.text.UART1_Rx_DMA_ToIdle_Callback)
                  00005018    00000040     ultrasonic.o (.text.Ultrasonic_IsDataReady)
                  00005058    00000040     wit_c_sdk.o (.text.WitInit)
                  00005098    00000040     libclang_rt.builtins.a : aeabi_uidivmod.S.obj (.text.__aeabi_uidivmod)
                  000050d8    0000003e     ZDT_Driver.o (.text.Emm_V5_Origin_Trigger_Return)
                  00005116    00000002     --HOLE-- [fill = 0]
                  00005118    0000003c     ti_msp_dl_config.o (.text.DL_Timer_setCounterControl)
                  00005154    0000003c     JY901.o (.text.JY901_Init)
                  00005190    0000003c     task_scheduler.o (.text.Menu_Init)
                  000051cc    0000003c     bsp_oled.o (.text.OLED_Set_Pos)
                  00005208    0000003c     timer.o (.text.Timestamp_GetTicks)
                  00005244    0000003c     libclang_rt.builtins.a : floatsisf.S.obj (.text.__floatsisf)
                  00005280    0000003c                            : comparesf2.S.obj (.text.__gtsf2)
                  000052bc    0000003c     libc.a : autoinit.c.obj (.text:__TI_auto_init_nobinit_nopinit)
                  000052f8    0000003a     wit_c_sdk.o (.text.__CaliSum)
                  00005332    00000002     --HOLE-- [fill = 0]
                  00005334    0000003a     libclang_rt.builtins.a : comparesf2.S.obj (.text.__eqsf2)
                  0000536e    00000002     --HOLE-- [fill = 0]
                  00005370    0000003a                            : muldsi3.S.obj (.text.__muldsi3)
                  000053aa    00000002     --HOLE-- [fill = 0]
                  000053ac    00000038     driverlib.a : dl_mcan.o (.text.DL_MCAN_getRxFIFOStatus)
                  000053e4    00000038     libclang_rt.builtins.a : fixsfsi.S.obj (.text.__fixsfsi)
                  0000541c    00000034     driverlib.a : dl_mcan.o (.text.DL_MCAN_TXBufAddReq)
                  00005450    00000034                 : dl_mcan.o (.text.DL_MCAN_setExtIDAndMask)
                  00005484    00000034     ti_msp_dl_config.o (.text.SYSCFG_DL_US_TIMER_init)
                  000054b8    00000034     ultrasonic.o (.text.Ultrasonic_GetPulseWidth_us)
                  000054ec    00000032     libclang_rt.builtins.a : fixunssfsi.S.obj (.text.__fixunssfsi)
                  0000551e    00000002     --HOLE-- [fill = 0]
                  00005520    00000030     bsp_UART.o (.text.DL_DMA_setTransferSize)
                  00005550    00000030     bsp_UART1.o (.text.DL_DMA_setTransferSize)
                  00005580    00000030     ti_msp_dl_config.o (.text.DL_GPIO_initDigitalOutputFeatures)
                  000055b0    00000030     ti_msp_dl_config.o (.text.SYSCFG_DL_DMA_CH0_init)
                  000055e0    00000030     ti_msp_dl_config.o (.text.SYSCFG_DL_DMA_CH1_init)
                  00005610    00000030     ti_msp_dl_config.o (.text.SYSCFG_DL_DMA_CH2_init)
                  00005640    00000030     ti_msp_dl_config.o (.text.SYSCFG_DL_DMA_CH3_init)
                  00005670    00000030     bsp_oled.o (.text.oled_pow)
                  000056a0    0000002c     driverlib.a : dl_mcan.o (.text.DL_MCAN_TXBufTransIntrEnable)
                  000056cc    0000002c                 : dl_mcan.o (.text.DL_MCAN_addExtMsgIDFilter)
                  000056f8    0000002c                 : dl_mcan.o (.text.DL_MCAN_addStdMsgIDFilter)
                  00005724    0000002c     timer.o (.text.TIMG12_IRQHandler)
                  00005750    0000002c     wit_c_sdk.o (.text.WitDelayMsRegister)
                  0000577c    0000002c     wit_c_sdk.o (.text.WitRegisterCallBack)
                  000057a8    0000002c     wit_c_sdk.o (.text.WitSerialWriteRegister)
                  000057d4    0000002c     bsp_key.o (.text.__NVIC_EnableIRQ)
                  00005800    0000002c     empty.o (.text.__NVIC_EnableIRQ)
                  0000582c    0000002c     timer.o (.text.__NVIC_EnableIRQ)
                  00005858    0000002c     empty.o (.text.mspm0_get_clock_ms)
                  00005884    00000028     bsp_oled.o (.text.DL_Common_updateReg)
                  000058ac    00000028     ti_msp_dl_config.o (.text.DL_Common_updateReg)
                  000058d4    00000028     bsp_UART.o (.text.DL_DMA_setDestAddr)
                  000058fc    00000028     bsp_UART1.o (.text.DL_DMA_setDestAddr)
                  00005924    00000028     bsp_UART.o (.text.DL_DMA_setSrcAddr)
                  0000594c    00000028     bsp_UART1.o (.text.DL_DMA_setSrcAddr)
                  00005974    00000028     ti_msp_dl_config.o (.text.DL_I2C_setControllerRXFIFOThreshold)
                  0000599c    00000028     ti_msp_dl_config.o (.text.DL_I2C_setControllerTXFIFOThreshold)
                  000059c4    00000028     ti_msp_dl_config.o (.text.DL_UART_setRXFIFOThreshold)
                  000059ec    00000028     ti_msp_dl_config.o (.text.DL_UART_setTXFIFOThreshold)
                  00005a14    00000028     libclang_rt.builtins.a : floatunsisf.S.obj (.text.__floatunsisf)
                  00005a3c    00000028     libc.a : boot_cortex_m.c.obj (.text:_c_int00_noargs)
                  00005a64    00000026     bsp_UART.o (.text.DL_DMA_disableChannel)
                  00005a8a    00000026     bsp_UART1.o (.text.DL_DMA_disableChannel)
                  00005ab0    00000026     bsp_UART.o (.text.DL_DMA_enableChannel)
                  00005ad6    00000026     bsp_UART1.o (.text.DL_DMA_enableChannel)
                  00005afc    00000026     ti_msp_dl_config.o (.text.DL_I2C_setAnalogGlitchFilterPulseWidth)
                  00005b22    00000026     driverlib.a : dl_i2c.o (.text.DL_I2C_setClockConfig)
                  00005b48    00000024     bsp_UART.o (.text.DL_DMA_getTransferSize)
                  00005b6c    00000024     bsp_UART1.o (.text.DL_DMA_getTransferSize)
                  00005b90    00000024     driverlib.a : dl_mcan.o (.text.DL_MCAN_setClockConfig)
                  00005bb4    00000024     ti_msp_dl_config.o (.text.DL_UART_setRXInterruptTimeout)
                  00005bd8    00000024     JY901.o (.text.JY901_Update)
                  00005bfc    00000024     libclang_rt.builtins.a : floatunsidf.S.obj (.text.__floatunsidf)
                  00005c20    00000020     ti_msp_dl_config.o (.text.DL_GPIO_initPeripheralInputFunction)
                  00005c40    00000020     driverlib.a : dl_mcan.o (.text.DL_MCAN_getTxFIFOQueStatus)
                  00005c60    00000020     ti_msp_dl_config.o (.text.DL_SYSCTL_setFlashWaitState)
                  00005c80    00000020     gimbal.o (.text.gimbal_enable)
                  00005ca0    0000001e     ti_msp_dl_config.o (.text.DL_UART_setOversampling)
                  00005cbe    00000002     --HOLE-- [fill = 0]
                  00005cc0    0000001e     libclang_rt.builtins.a : ashldi3.S.obj (.text.__ashldi3)
                  00005cde    0000001e     gimbal.o (.text.gimbal_disable)
                  00005cfc    0000001e     gimbal.o (.text.gimbal_return_zero)
                  00005d1a    00000002     --HOLE-- [fill = 0]
                  00005d1c    0000001c     ti_msp_dl_config.o (.text.DL_DMA_enableInterrupt)
                  00005d38    0000001c     bsp_key.o (.text.DL_GPIO_clearInterruptStatus)
                  00005d54    0000001c     ti_msp_dl_config.o (.text.DL_GPIO_clearInterruptStatus)
                  00005d70    0000001c     ultrasonic.o (.text.DL_GPIO_clearInterruptStatus)
                  00005d8c    0000001c     ultrasonic.o (.text.DL_GPIO_disableInterrupt)
                  00005da8    0000001c     bsp_oled.o (.text.DL_GPIO_enableHiZ)
                  00005dc4    0000001c     ti_msp_dl_config.o (.text.DL_GPIO_enableHiZ)
                  00005de0    0000001c     ti_msp_dl_config.o (.text.DL_GPIO_enableInterrupt)
                  00005dfc    0000001c     ultrasonic.o (.text.DL_GPIO_enableInterrupt)
                  00005e18    0000001c     ti_msp_dl_config.o (.text.DL_GPIO_initPeripheralOutputFunction)
                  00005e34    0000001c     ti_msp_dl_config.o (.text.DL_GPIO_setLowerPinsPolarity)
                  00005e50    0000001c     bsp_oled.o (.text.DL_I2C_getSDAStatus)
                  00005e6c    0000001c     bsp_key.o (.text.DL_Interrupt_getPendingGroup)
                  00005e88    0000001c     ti_msp_dl_config.o (.text.DL_MCAN_enableInterrupt)
                  00005ea4    0000001c     driverlib.a : dl_mcan.o (.text.DL_MCAN_enableIntr)
                  00005ec0    0000001c                 : dl_mcan.o (.text.DL_MCAN_enableIntrLine)
                  00005edc    0000001c                 : dl_mcan.o (.text.DL_MCAN_selectIntrLine)
                  00005ef8    0000001c                 : dl_sysctl_mspm0g1x0x_g3x0x.o (.text.DL_SYSCTL_configFCC)
                  00005f14    0000001c     ti_msp_dl_config.o (.text.DL_SYSCTL_setFCCPeriods)
                  00005f30    0000001c     ti_msp_dl_config.o (.text.DL_SYSCTL_setSYSOSCFreq)
                  00005f4c    0000001c     ti_msp_dl_config.o (.text.DL_SYSCTL_setULPCLKDivider)
                  00005f68    0000001c     ti_msp_dl_config.o (.text.DL_Timer_enableInterrupt)
                  00005f84    0000001c     timer.o (.text.DL_Timer_enableInterrupt)
                  00005fa0    0000001c     driverlib.a : dl_timer.o (.text.DL_Timer_setCaptCompUpdateMethod)
                  00005fbc    0000001c                 : dl_timer.o (.text.DL_Timer_setClockConfig)
                  00005fd8    0000001c     ti_msp_dl_config.o (.text.DL_UART_enableInterrupt)
                  00005ff4    0000001c     empty.o (.text.mspm0_delay_ms)
                  00006010    0000001a     gimbal.o (.text.gimbal_set_zero)
                  0000602a    00000002     --HOLE-- [fill = 0]
                  0000602c    00000018     ti_msp_dl_config.o (.text.DL_DMA_clearInterruptStatus)
                  00006044    00000018     bsp_oled.o (.text.DL_GPIO_enableOutput)
                  0000605c    00000018     ti_msp_dl_config.o (.text.DL_GPIO_enableOutput)
                  00006074    00000018     ti_msp_dl_config.o (.text.DL_GPIO_enablePower)
                  0000608c    00000018     bsp_oled.o (.text.DL_GPIO_initDigitalOutput)
                  000060a4    00000018     ti_msp_dl_config.o (.text.DL_GPIO_initDigitalOutput)
                  000060bc    00000018     ti_msp_dl_config.o (.text.DL_GPIO_initPeripheralAnalogFunction)
                  000060d4    00000018     ti_msp_dl_config.o (.text.DL_GPIO_reset)
                  000060ec    00000018     bsp_oled.o (.text.DL_GPIO_setPins)
                  00006104    00000018     empty.o (.text.DL_GPIO_setPins)
                  0000611c    00000018     ultrasonic.o (.text.DL_GPIO_setPins)
                  00006134    00000018     ti_msp_dl_config.o (.text.DL_GPIO_setUpperPinsPolarity)
                  0000614c    00000018     empty.o (.text.DL_GPIO_togglePins)
                  00006164    00000018     bsp_oled.o (.text.DL_I2C_clearInterruptStatus)
                  0000617c    00000018     ti_msp_dl_config.o (.text.DL_I2C_enableAnalogGlitchFilter)
                  00006194    00000018     ti_msp_dl_config.o (.text.DL_I2C_enableController)
                  000061ac    00000018     ti_msp_dl_config.o (.text.DL_I2C_enableControllerClockStretching)
                  000061c4    00000018     bsp_oled.o (.text.DL_I2C_enablePower)
                  000061dc    00000018     ti_msp_dl_config.o (.text.DL_I2C_enablePower)
                  000061f4    00000018     bsp_oled.o (.text.DL_I2C_getRawInterruptStatus)
                  0000620c    00000018     bsp_oled.o (.text.DL_I2C_reset)
                  00006224    00000018     ti_msp_dl_config.o (.text.DL_I2C_reset)
                  0000623c    00000018     ti_msp_dl_config.o (.text.DL_I2C_setTimerPeriod)
                  00006254    00000018     ti_msp_dl_config.o (.text.DL_MCAN_clearInterruptStatus)
                  0000626c    00000018     ti_msp_dl_config.o (.text.DL_MCAN_enablePower)
                  00006284    00000018     ti_msp_dl_config.o (.text.DL_MCAN_reset)
                  0000629c    00000018     driverlib.a : dl_mcan.o (.text.DL_MCAN_setOpMode)
                  000062b4    00000018     ti_msp_dl_config.o (.text.DL_SYSCTL_setBORThreshold)
                  000062cc    00000018     timer.o (.text.DL_Timer_clearInterruptStatus)
                  000062e4    00000018     ti_msp_dl_config.o (.text.DL_Timer_enablePower)
                  000062fc    00000018     ti_msp_dl_config.o (.text.DL_Timer_enableShadowFeatures)
                  00006314    00000018     ti_msp_dl_config.o (.text.DL_Timer_reset)
                  0000632c    00000018     driverlib.a : dl_timer.o (.text.DL_Timer_setCaptureCompareOutCtl)
                  00006344    00000018     ti_msp_dl_config.o (.text.DL_UART_enableDMAReceiveEvent)
                  0000635c    00000018     ti_msp_dl_config.o (.text.DL_UART_enableDMATransmitEvent)
                  00006374    00000018     ti_msp_dl_config.o (.text.DL_UART_enableFIFOs)
                  0000638c    00000018     ti_msp_dl_config.o (.text.DL_UART_enablePower)
                  000063a4    00000018     ti_msp_dl_config.o (.text.DL_UART_reset)
                  000063bc    00000018     task_scheduler.o (.text.Task_Done)
                  000063d4    00000016     bsp_key.o (.text.DL_GPIO_readPins)
                  000063ea    00000016     bsp_oled.o (.text.DL_GPIO_readPins)
                  00006400    00000016     ultrasonic.o (.text.DL_GPIO_readPins)
                  00006416    00000016     ti_msp_dl_config.o (.text.DL_UART_enable)
                  0000642c    00000016     bsp_key.o (.text.KEY_Init)
                  00006442    00000016     JY901.o (.text._jy_write)
                  00006458    00000014     bsp_oled.o (.text.DL_GPIO_clearPins)
                  0000646c    00000014     ti_msp_dl_config.o (.text.DL_GPIO_clearPins)
                  00006480    00000014     ultrasonic.o (.text.DL_GPIO_clearPins)
                  00006494    00000014     bsp_oled.o (.text.DL_I2C_getControllerStatus)
                  000064a8    00000014     ti_msp_dl_config.o (.text.DL_I2C_resetControllerTransfer)
                  000064bc    00000014     driverlib.a : dl_mcan.o (.text.DL_MCAN_clearIntrStatus)
                  000064d0    00000014     bsp_CAN.o (.text.DL_MCAN_getPendingInterrupt)
                  000064e4    00000014     ti_msp_dl_config.o (.text.DL_SYSCTL_disableSYSPLL)
                  000064f8    00000014     ti_msp_dl_config.o (.text.DL_SYSCTL_enableSYSPLL)
                  0000650c    00000014     timer.o (.text.DL_Timer_disableClock)
                  00006520    00000014     ti_msp_dl_config.o (.text.DL_Timer_enableClock)
                  00006534    00000014     timer.o (.text.DL_Timer_enableClock)
                  00006548    00000014     ti_msp_dl_config.o (.text.DL_Timer_setCCPDirection)
                  0000655c    00000014     ti_msp_dl_config.o (.text.SYSCFG_DL_DMA_init)
                  00006570    00000014     libclang_rt.builtins.a : aeabi_uldivmod.S.obj (.text.__aeabi_uldivmod)
                  00006584    00000012     bsp_key.o (.text.DL_GPIO_getPendingInterrupt)
                  00006596    00000012     ti_msp_dl_config.o (.text.DL_MCAN_enableModuleClock)
                  000065a8    00000012     timer.o (.text.DL_Timer_getPendingInterrupt)
                  000065ba    00000012     bsp_UART.o (.text.DL_UART_getPendingInterrupt)
                  000065cc    00000012     bsp_UART1.o (.text.DL_UART_getPendingInterrupt)
                  000065de    00000012     driverlib.a : dl_uart.o (.text.DL_UART_setClockConfig)
                  000065f0    00000012     libc.a : memcpy16.S.obj (.text:TI_memcpy_small)
                  00006602    00000012            : copy_decompress_none.c.obj (.text:decompress:none)
                  00006614    00000010     driverlib.a : dl_mcan.o (.text.DL_MCAN_getOpMode)
                  00006624    00000010                 : dl_mcan.o (.text.DL_MCAN_isMemInitDone)
                  00006634    00000010     ti_msp_dl_config.o (.text.DL_SYSCTL_disableHFXT)
                  00006644    00000010     ti_msp_dl_config.o (.text.DL_SYSCTL_isFCCDone)
                  00006654    00000010     ti_msp_dl_config.o (.text.DL_SYSCTL_startFCC)
                  00006664    00000010     timer.o (.text.DL_Timer_getTimerCount)
                  00006674    00000010     driverlib.a : dl_timer.o (.text.DL_Timer_setCaptureCompareValue)
                  00006684    00000010     ti_msp_dl_config.o (.text.SYSCFG_DL_SYSTICK_init)
                  00006694    00000010     Task.o (.text.User_Init)
                  000066a4    00000010     libc.a : copy_zero_init.c.obj (.text:decompress:ZI)
                  000066b4    0000000e     chasis.o (.text.chasis_stop)
                  000066c2    0000000e     libc.a : memset16.S.obj (.text:TI_memset_small)
                  000066d0    0000000c     driverlib.a : dl_mcan.o (.text.DL_MCAN_getIntrStatus)
                  000066dc    0000000c     ti_msp_dl_config.o (.text.DL_SYSCTL_getClockStatus)
                  000066e8    0000000c     ti_msp_dl_config.o (.text.DL_SYSCTL_readFCC)
                  000066f4    0000000c     Task.o (.text.Key_A18_Pressed)
                  00006700    0000000c     Task.o (.text.Key_B21_Pressed)
                  0000670c    0000000c     libclang_rt.builtins.a : aeabi_memset.S.obj (.text.__aeabi_memclr)
                  00006718    0000000a     driverlib.a : dl_common.o (.text.DL_Common_delayCycles)
                  00006722    0000000a     JY901.o (.text._jy_delay)
                  0000672c    0000000a     JY901.o (.text._jy_reg_cb)
                  00006736    00000002     --HOLE-- [fill = 0]
                  00006738    00000008     libclang_rt.builtins.a : aeabi_memcpy.S.obj (.text.__aeabi_memcpy)
                  00006740    00000006     libc.a : exit.c.obj (.text:abort)
                  00006746    00000004     startup_mspm0g350x_ticlang.o (.text.Default_Handler)
                  0000674a    00000004     libsysbm.a : hostexit.c.obj (.text.HOSTexit)
                  0000674e    00000004     startup_mspm0g350x_ticlang.o (.text.Reset_Handler)
                  00006752    00000002     --HOLE-- [fill = 0]
                  00006754    00000010     libc.a : boot_cortex_m.c.obj (.tramp._c_int00_noargs.1)
                  00006764    00000004            : pre_init.c.obj (.text._system_pre_init)

.cinit     0    000074b0    000000d0     
                  000074b0    000000ac     (.cinit..data.load) [load image, compression = lzss]
                  0000755c    0000000c     (__TI_handler_table)
                  00007568    00000008     (.cinit..bss.load) [load image, compression = zero_init]
                  00007570    00000010     (__TI_cinit_table)

.rodata    0    00006768    00000d48     
                  00006768    000005f0     bsp_oled.o (.rodata.asc2_1608)
                  00006d58    00000228     bsp_oled.o (.rodata.asc2_0806)
                  00006f80    00000100     wit_c_sdk.o (.rodata.__auchCRCHi)
                  00007080    00000100     wit_c_sdk.o (.rodata.__auchCRCLo)
                  00007180    00000060     ti_msp_dl_config.o (.rodata.gMCAN0MsgRAMConfigParams)
                  000071e0    00000040     driverlib.a : dl_mcan.o (.rodata..L__const.DL_MCAN_getDataSize.dataSize)
                  00007220    00000034     ti_msp_dl_config.o (.rodata.gMCAN0InitParams)
                  00007254    00000028     ti_msp_dl_config.o (.rodata.gSYSPLLConfig)
                  0000727c    00000020     driverlib.a : dl_mcan.o (.rodata.cst32)
                  0000729c    00000020     ti_msp_dl_config.o (.rodata.gMCAN0BitTimes)
                  000072bc    00000018     ti_msp_dl_config.o (.rodata.gDMA_CH0Config)
                  000072d4    00000018     ti_msp_dl_config.o (.rodata.gDMA_CH1Config)
                  000072ec    00000018     ti_msp_dl_config.o (.rodata.gDMA_CH2Config)
                  00007304    00000018     ti_msp_dl_config.o (.rodata.gDMA_CH3Config)
                  0000731c    00000014     timer.o (.rodata..L__const.Timestamp_Init.tmrCfg)
                  00007330    00000014     ti_msp_dl_config.o (.rodata.gUS_TIMERTimerConfig)
                  00007344    00000010     ti_msp_dl_config.o (.rodata.gMCAN0ExtFiltelem)
                  00007354    00000010     ti_msp_dl_config.o (.rodata.gMCAN0StdFiltelem)
                  00007364    00000010     chasis.o (.rodata.openloop_ratio)
                  00007374    0000000f     task_scheduler.o (.rodata.str1.14190357177579510289.1)
                  00007383    0000000e     task_scheduler.o (.rodata.str1.2160916131609573578.1)
                  00007391    0000000c     task_scheduler.o (.rodata.str1.17557591748756409378.1)
                  0000739d    0000000c     Task.o (.rodata.str1.7848802165208324070.1)
                  000073a9    0000000b     task_scheduler.o (.rodata.str1.12698780283469048528.1)
                  000073b4    0000000b     task_scheduler.o (.rodata.str1.18069038080357984115.1)
                  000073bf    00000001     task_scheduler.o (.rodata.str1.9784223496667871455.1)
                  000073c0    0000000a     ti_msp_dl_config.o (.rodata.gUART_0Config)
                  000073ca    0000000a     ti_msp_dl_config.o (.rodata.gUART_1Config)
                  000073d4    0000000a     task_scheduler.o (.rodata.str1.16400217066248172146.1)
                  000073de    0000000a     task_scheduler.o (.rodata.str1.9855678927950593766.1)
                  000073e8    00000009     task_scheduler.o (.rodata.str1.14552388435526194663.1)
                  000073f1    00000009     task_scheduler.o (.rodata.str1.14606958373863359431.1)
                  000073fa    00000009     task_scheduler.o (.rodata.str1.15638319084808577004.1)
                  00007403    00000009     task_scheduler.o (.rodata.str1.17984259232970945524.1)
                  0000740c    00000009     task_scheduler.o (.rodata.str1.2657894803344293859.1)
                  00007415    00000009     task_scheduler.o (.rodata.str1.7939893941929394660.1)
                  0000741e    00000002     ti_msp_dl_config.o (.rodata.gI2C_OLEDClockConfig)
                  00007420    00000008     ultrasonic.o (.rodata._echo_iidx)
                  00007428    00000008     ultrasonic.o (.rodata._echo_pin)
                  00007430    00000008     ultrasonic.o (.rodata._trig_pin)
                  00007438    00000008     ti_msp_dl_config.o (.rodata.gFRONT_OUTConfig)
                  00007440    00000008     ti_msp_dl_config.o (.rodata.gRL_OUTConfig)
                  00007448    00000008     ti_msp_dl_config.o (.rodata.gRR_OUTConfig)
                  00007450    00000008     Task.o (.rodata.str1.6095027432129614026.1)
                  00007458    00000007     task_scheduler.o (.rodata.str1.10506625049490768188.1)
                  0000745f    00000007     task_scheduler.o (.rodata.str1.13768897686556393344.1)
                  00007466    00000007     task_scheduler.o (.rodata.str1.4916143694647286702.1)
                  0000746d    00000006     task_scheduler.o (.rodata.str1.4577691884733283733.1)
                  00007473    00000006     task_scheduler.o (.rodata.str1.9247241511803337348.1)
                  00007479    00000005     Task.o (.rodata.str1.13875185509114325111.1)
                  0000747e    00000005     task_scheduler.o (.rodata.str1.14699949538115772633.1)
                  00007483    00000005     Task.o (.rodata.str1.444840832391758400.1)
                  00007488    00000005     Task.o (.rodata.str1.5450046856251476239.1)
                  0000748d    00000001     --HOLE-- [fill = 0]
                  0000748e    00000004     ti_msp_dl_config.o (.rodata.gMCAN0ClockConf)
                  00007492    00000004     Task.o (.rodata.str1.99587616205557558.1)
                  00007496    00000003     ti_msp_dl_config.o (.rodata.gFRONT_OUTClockConfig)
                  00007499    00000003     ti_msp_dl_config.o (.rodata.gLFCLKConfig)
                  0000749c    00000003     ti_msp_dl_config.o (.rodata.gRL_OUTClockConfig)
                  0000749f    00000003     ti_msp_dl_config.o (.rodata.gRR_OUTClockConfig)
                  000074a2    00000003     ti_msp_dl_config.o (.rodata.gUS_TIMERClockConfig)
                  000074a5    00000002     ti_msp_dl_config.o (.rodata.gUART_0ClockConfig)
                  000074a7    00000002     ti_msp_dl_config.o (.rodata.gUART_1ClockConfig)
                  000074a9    00000002     Task.o (.rodata.str1.1487046719987819150.1)
                  000074ab    00000002     task_scheduler.o (.rodata.str1.15138029808797558358.1)
                  000074ad    00000003     --HOLE-- [fill = 0]

.init_array 
*          0    00000000    00000000     UNINITIALIZED

.binit     0    00000000    00000000     

.bss       0    20200000    0000069c     UNINITIALIZED
                  20200000    00000120     (.common:sReg)
                  20200120    00000100     wit_c_sdk.o (.bss.s_ucWitDataBuff)
                  20200220    000000bc     (.common:gFRONT_OUTBackup)
                  202002dc    000000bc     (.common:gRL_OUTBackup)
                  20200398    000000a0     (.common:gRR_OUTBackup)
                  20200438    00000098     (.common:gMCAN0Backup)
                  202004d0    00000064     (.common:uart1_rx_buff)
                  20200534    00000064     (.common:uart_rx_buff)
                  20200598    00000050     ultrasonic.o (.bss.g_us)
                  202005e8    00000050     Task.o (.bss.once_flag)
                  20200638    00000034     chasis.o (.bss.trap)
                  2020066c    00000018     task_scheduler.o (.bss.menu_stack)
                  20200684    00000004     chasis.o (.bss.brake_linear_dvx)
                  20200688    00000004     chasis.o (.bss.brake_linear_dvy)
                  2020068c    00000004     chasis.o (.bss.brake_linear_dwz)
                  20200690    00000004     chasis.o (.bss.brake_linear_elapsed)
                  20200694    00000004     chasis.o (.bss.brake_linear_time_ms)
                  20200698    00000004     (.common:jy901_yaw)

.data      0    2020069c    00000301     UNINITIALIZED
                  2020069c    00000118     chasis.o (.data.user_chasis)
                  202007b4    00000070     task_scheduler.o (.data.menu_gimbal_items)
                  20200824    00000050     task_scheduler.o (.data.menu_debug_items)
                  20200874    00000040     task_scheduler.o (.data.menu_chasis_items)
                  202008b4    00000020     task_scheduler.o (.data.menu_gyro_items)
                  202008d4    00000010     bsp_PWM.o (.data.g_motor)
                  202008e4    00000010     task_scheduler.o (.data.menu_root)
                  202008f4    00000010     task_scheduler.o (.data.menu_root_items)
                  20200904    00000010     chasis.o (.data.motor_test_target_rpm)
                  20200914    00000008     bsp_key.o (.data.key_tick)
                  2020091c    00000004     task_scheduler.o (.data.countdown_start)
                  20200920    00000004     task_scheduler.o (.data.cur_menu)
                  20200924    00000004     ultrasonic.o (.data.g_dbg_isr_cnt)
                  20200928    00000004     ultrasonic.o (.data.g_dbg_last_iidx)
                  2020092c    00000004     ultrasonic.o (.data.g_dbg_trig_cnt)
                  20200930    00000004     empty.o (.data.g_tick)
                  20200934    00000004     timer.o (.data.g_timer_overflow)
                  20200938    00000004     Task.o (.data.g_us_dist0)
                  2020093c    00000004     Task.o (.data.g_us_dist1)
                  20200940    00000004     Task.o (.data.g_us_pulse0)
                  20200944    00000004     Task.o (.data.g_us_pulse1)
                  20200948    00000004     chasis.o (.data.motor_invert)
                  2020094c    00000004     chasis.o (.data.move_timer_ms)
                  20200950    00000004     wit_c_sdk.o (.data.p_WitCanWriteFunc)
                  20200954    00000004     wit_c_sdk.o (.data.p_WitDelaymsFunc)
                  20200958    00000004     wit_c_sdk.o (.data.p_WitI2cWriteFunc)
                  2020095c    00000004     wit_c_sdk.o (.data.p_WitRegUpdateCbFunc)
                  20200960    00000004     wit_c_sdk.o (.data.p_WitSerialWriteFunc)
                  20200964    00000004     task_scheduler.o (.data.pending_task)
                  20200968    00000004     wit_c_sdk.o (.data.s_uiProtoclo)
                  2020096c    00000004     wit_c_sdk.o (.data.s_uiReadRegIndex)
                  20200970    00000004     wit_c_sdk.o (.data.s_uiWitDataCnt)
                  20200974    00000004     Task.o (.data.system_mode)
                  20200978    00000002     ultrasonic.o (.data.g_dbg_state)
                  2020097a    00000002     bsp_UART.o (.data.rx_size)
                  2020097c    00000002     bsp_UART1.o (.data.uart1_rx_size)
                  2020097e    00000001     chasis.o (.data.brake_hold)
                  2020097f    00000001     chasis.o (.data.brake_linear_active)
                  20200980    00000001     chasis.o (.data.chasis_braked)
                  20200981    00000001     chasis.o (.data.chasis_trapezoid_done)
                  20200982    00000001     task_scheduler.o (.data.cursor)
                  20200983    00000001     task_scheduler.o (.data.flag_enter)
                  20200984    00000001     task_scheduler.o (.data.flag_next)
                  20200985    00000001     empty.o (.data.g_flag_100hz)
                  20200986    00000001     empty.o (.data.init_ok)
                  20200987    00000001     task_scheduler.o (.data.menu_sp)
                  20200988    00000001     chasis.o (.data.motor_test_mode)
                  20200989    00000001     chasis.o (.data.move_state)
                  2020098a    00000001     task_scheduler.o (.data.need_draw)
                  2020098b    00000001     Task.o (.data.one_hundured_ms_callback.us_cnt)
                  2020098c    00000001     wit_c_sdk.o (.data.s_ucAddr)
                  2020098d    00000001     task_scheduler.o (.data.scroll)
                  2020098e    00000001     bsp_UART1.o (.data.uart1_isIDLE.rx_last_size)
                  2020098f    00000001     bsp_UART1.o (.data.uart1_isIDLE.stable_count)
                  20200990    00000001     bsp_UART1.o (.data.uart1_rx_dma_complete_flag)
                  20200991    00000001     bsp_UART1.o (.data.uart1_rx_length)
                  20200992    00000001     bsp_UART1.o (.data.uart1_tx_complete_flag)
                  20200993    00000001     bsp_UART1.o (.data.uart1_tx_dma_complete_flag)
                  20200994    00000001     bsp_UART.o (.data.uart_isIDLE.rx_last_size)
                  20200995    00000001     bsp_UART.o (.data.uart_isIDLE.stable_count)
                  20200996    00000001     bsp_UART.o (.data.uart_rx_dma_complete_flag)
                  20200997    00000001     bsp_UART.o (.data.uart_rx_length)
                  20200998    00000001     bsp_UART.o (.data.uart_tx_complete_flag)
                  20200999    00000001     bsp_UART.o (.data.uart_tx_dma_complete_flag)
                  2020099a    00000001     Task.o (.data.while_task.step.1)
                  2020099b    00000001     Task.o (.data.while_task.step.2)
                  2020099c    00000001     Task.o (.data.while_task.step)

.stack     0    20207e00    00000200     UNINITIALIZED
                  20207e00    00000004     libc.a : boot_cortex_m.c.obj (.stack)
                  20207e04    000001fc     --HOLE--

__llvm_prf_cnts 
*          0    20200000    00000000     UNINITIALIZED

__llvm_prf_bits 
*          0    20200000    00000000     UNINITIALIZED

MODULE SUMMARY

       Module                         code    ro data   rw data
       ------                         ----    -------   -------
    .\
       ti_msp_dl_config.o             4600    437       688    
       empty.o                        412     0         6      
       startup_mspm0g350x_ticlang.o   8       192       0      
    +--+------------------------------+-------+---------+---------+
       Total:                         5020    629       694    
                                                               
    .\User\bsp\Src\
       bsp_oled.o                     2098    2072      0      
       chasis.o                       2710    16        382    
       Task.o                         2960    41        104    
       wit_c_sdk.o                    1622    512       577    
       task_scheduler.o               912     178       362    
       ultrasonic.o                   1126    24        94     
       bsp_PWM.o                      868     0         16     
       bsp_UART1.o                    718     0         108    
       bsp_UART.o                     614     0         108    
       bsp_key.o                      394     0         8      
       bsp_CAN.o                      400     0         0      
       timer.o                        358     20        4      
       ZDT_Driver.o                   328     0         0      
       ZDT_CAN.o                      266     0         0      
       gimbal.o                       202     0         0      
       JY901.o                        138     0         4      
    +--+------------------------------+-------+---------+---------+
       Total:                         15714   2863      1767   
                                                               
    E:/TI/CCS/mspm0_sdk_2_10_00_04/source/ti/driverlib/lib/ticlang/m0p/mspm0g1x0x_g3x0x/driverlib.a
       dl_mcan.o                      2144    96        0      
       dl_timer.o                     608     0         0      
       dl_sysctl_mspm0g1x0x_g3x0x.o   512     0         0      
       dl_i2c.o                       132     0         0      
       dl_uart.o                      90      0         0      
       dl_dma.o                       76      0         0      
       dl_common.o                    10      0         0      
    +--+------------------------------+-------+---------+---------+
       Total:                         3572    96        0      
                                                               
    E:\TI\CCS\ccs\tools\compiler\ti-cgt-armllvm_4.0.4.LTS\lib\armv6m-ti-none-eabi/c/libc.a
       copy_decompress_lzss.c.obj     124     0         0      
       autoinit.c.obj                 60      0         0      
       boot_cortex_m.c.obj            56      0         0      
       copy_decompress_none.c.obj     18      0         0      
       memcpy16.S.obj                 18      0         0      
       copy_zero_init.c.obj           16      0         0      
       memset16.S.obj                 14      0         0      
       exit.c.obj                     6       0         0      
       pre_init.c.obj                 4       0         0      
    +--+------------------------------+-------+---------+---------+
       Total:                         316     0         0      
                                                               
    E:\TI\CCS\ccs\tools\compiler\ti-cgt-armllvm_4.0.4.LTS\lib\armv6m-ti-none-eabi/c/libsysbm.a
       hostexit.c.obj                 4       0         0      
    +--+------------------------------+-------+---------+---------+
       Total:                         4       0         0      
                                                               
    E:\TI\CCS\ccs\tools\compiler\ti-cgt-armllvm_4.0.4.LTS\lib\armv6m-ti-none-eabi/libclang_rt.builtins.a
       comparedf2.c.obj               220     0         0      
       addsf3.S.obj                   216     0         0      
       udivmoddi4.S.obj               162     0         0      
       mulsf3.S.obj                   140     0         0      
       divsf3.S.obj                   130     0         0      
       comparesf2.S.obj               118     0         0      
       aeabi_dcmp.S.obj               98      0         0      
       aeabi_fcmp.S.obj               98      0         0      
       aeabi_uidivmod.S.obj           64      0         0      
       floatsisf.S.obj                60      0         0      
       muldsi3.S.obj                  58      0         0      
       fixsfsi.S.obj                  56      0         0      
       fixunssfsi.S.obj               50      0         0      
       floatunsisf.S.obj              40      0         0      
       floatunsidf.S.obj              36      0         0      
       ashldi3.S.obj                  30      0         0      
       aeabi_uldivmod.S.obj           20      0         0      
       aeabi_memset.S.obj             12      0         0      
       aeabi_memcpy.S.obj             8       0         0      
       aeabi_div0.c.obj               4       0         0      
    +--+------------------------------+-------+---------+---------+
       Total:                         1620    0         0      
                                                               
       Stack:                         0       0         512    
       Linker Generated:              0       208       0      
    +--+------------------------------+-------+---------+---------+
       Grand Total:                   26246   3796      2973   


LINKER GENERATED COPY TABLES

__TI_cinit_table @ 00007570 records: 2, size/record: 8, table size: 16
	.data: load addr=000074b0, load size=000000ac bytes, run addr=2020069c, run size=00000301 bytes, compression=lzss
	.bss: load addr=00007568, load size=00000008 bytes, run addr=20200000, run size=0000069c bytes, compression=zero_init


LINKER GENERATED HANDLER TABLE

__TI_handler_table @ 0000755c records: 3, size/record: 4, table size: 12
	index: 0, handler: __TI_decompress_lzss
	index: 1, handler: __TI_decompress_none
	index: 2, handler: __TI_zero_init


FAR CALL TRAMPOLINES

callee name               trampoline name
   callee addr  tramp addr   call addr  call info
--------------  -----------  ---------  ----------------
_c_int00_noargs           $Tramp$TT$L$PI$$_c_int00_noargs
   00005a3d     00006754     0000674e   startup_mspm0g350x_ticlang.o (.text.Reset_Handler)

[1 trampolines]
[1 trampoline calls]


GLOBAL SYMBOLS: SORTED ALPHABETICALLY BY Name 

address   name                                 
-------   ----                                 
00006747  ADC0_IRQHandler                      
00006747  ADC1_IRQHandler                      
00006747  AES_IRQHandler                       
0000674a  C$$EXIT                              
00004e05  CANFD0_IRQHandler                    
00003e49  CAN_Rx_FIFO0_New_Message_Callback    
000034c5  CAN_send_ext_frame                   
00006747  DAC0_IRQHandler                      
00006719  DL_Common_delayCycles                
00004bad  DL_DMA_initChannel                   
000047b1  DL_I2C_fillControllerTXFIFO          
00005b23  DL_I2C_setClockConfig                
0000541d  DL_MCAN_TXBufAddReq                  
000056a1  DL_MCAN_TXBufTransIntrEnable         
000056cd  DL_MCAN_addExtMsgIDFilter            
000056f9  DL_MCAN_addStdMsgIDFilter            
000064bd  DL_MCAN_clearIntrStatus              
00005ea5  DL_MCAN_enableIntr                   
00005ec1  DL_MCAN_enableIntrLine               
000066d1  DL_MCAN_getIntrStatus                
00006615  DL_MCAN_getOpMode                    
00004e49  DL_MCAN_getRevisionId                
000053ad  DL_MCAN_getRxFIFOStatus              
00005c41  DL_MCAN_getTxFIFOQueStatus           
00002c81  DL_MCAN_init                         
00006625  DL_MCAN_isMemInitDone                
00001129  DL_MCAN_msgRAMConfig                 
00001fe5  DL_MCAN_readMsgRam                   
00005edd  DL_MCAN_selectIntrLine               
00002e39  DL_MCAN_setBitTime                   
00005b91  DL_MCAN_setClockConfig               
00005451  DL_MCAN_setExtIDAndMask              
0000629d  DL_MCAN_setOpMode                    
000025fd  DL_MCAN_writeMsgRam                  
00004f59  DL_MCAN_writeRxFIFOAck               
00005ef9  DL_SYSCTL_configFCC                  
00002d5d  DL_SYSCTL_configSYSPLL               
000044a1  DL_SYSCTL_setHFCLKSourceHFXTParams   
00004631  DL_SYSCTL_setLFCLKSourceLFXT         
00004e8d  DL_SYSCTL_switchMCLKfromSYSOSCtoHSCLK
00002305  DL_Timer_initFourCCPWMMode           
00002409  DL_Timer_initTimerMode               
00005fa1  DL_Timer_setCaptCompUpdateMethod     
0000632d  DL_Timer_setCaptureCompareOutCtl     
00006675  DL_Timer_setCaptureCompareValue      
00005fbd  DL_Timer_setClockConfig              
00004d75  DL_UART_init                         
000065df  DL_UART_setClockConfig               
00006747  DMA_IRQHandler                       
00006747  Default_Handler                      
00004d29  Emm_V5_En_Control                    
00004f99  Emm_V5_Origin_Set_O                  
000050d9  Emm_V5_Origin_Trigger_Return         
00003cc7  Emm_V5_Pos_Control                   
00006747  GROUP0_IRQHandler                    
00004505  GROUP1_IRQHandler                    
0000674b  HOSTexit                             
00006747  HardFault_Handler                    
00006747  I2C0_IRQHandler                      
00006747  I2C1_IRQHandler                      
00005155  JY901_Init                           
00005bd9  JY901_Update                         
0000642d  KEY_Init                             
00003ab9  KEY_Poll                             
000066f5  Key_A18_Pressed                      
00006701  Key_B21_Pressed                      
00005191  Menu_Init                            
000028d5  Menu_Run                             
00006747  NMI_Handler                          
000043cd  OLED_Clear                           
00001ed1  OLED_Init                            
000051cd  OLED_Set_Pos                         
00001db9  OLED_ShowChar                        
00002505  OLED_ShowNum                         
00004211  OLED_ShowString                      
000036c1  OLED_WR_Byte                         
00006747  PendSV_Handler                       
00006747  RTC_IRQHandler                       
0000674f  Reset_Handler                        
00006747  SPI0_IRQHandler                      
00006747  SPI1_IRQHandler                      
00006747  SVC_Handler                          
000055b1  SYSCFG_DL_DMA_CH0_init               
000055e1  SYSCFG_DL_DMA_CH1_init               
00005611  SYSCFG_DL_DMA_CH2_init               
00005641  SYSCFG_DL_DMA_CH3_init               
0000655d  SYSCFG_DL_DMA_init                   
00002ab1  SYSCFG_DL_FRONT_OUT_init             
0000174d  SYSCFG_DL_GPIO_init                  
0000486d  SYSCFG_DL_I2C_OLED_init              
000029c5  SYSCFG_DL_MCAN0_init                 
00003759  SYSCFG_DL_RL_OUT_init                
00003625  SYSCFG_DL_RR_OUT_init                
00002b99  SYSCFG_DL_SYSCTL_SYSPLL_init         
00003ec5  SYSCFG_DL_SYSCTL_init                
00006685  SYSCFG_DL_SYSTICK_init               
00004039  SYSCFG_DL_UART_0_init                
000040b1  SYSCFG_DL_UART_1_init                
00005485  SYSCFG_DL_US_TIMER_init              
00004691  SYSCFG_DL_init                       
0000333d  SYSCFG_DL_initPower                  
00003a31  SysTick_Handler                      
00006747  TIMA0_IRQHandler                     
00006747  TIMA1_IRQHandler                     
00006747  TIMG0_IRQHandler                     
00005725  TIMG12_IRQHandler                    
00006747  TIMG6_IRQHandler                     
00006747  TIMG7_IRQHandler                     
00006747  TIMG8_IRQHandler                     
000065f1  TI_memcpy_small                      
000066c3  TI_memset_small                      
00004dbd  Task_Cleanup                         
000063bd  Task_Done                            
00005209  Timestamp_GetTicks                   
0000491d  Timestamp_Init                       
00003d49  UART0_IRQHandler                     
00003dc9  UART1_IRQHandler                     
00004fd9  UART1_Rx_DMA_ToIdle_Callback         
00006747  UART2_IRQHandler                     
00006747  UART3_IRQHandler                     
000026f1  UART_Rx_DMA_ToIdle_Callback          
00001551  Ultrasonic_GPIOB_ISR                 
00004ed1  Ultrasonic_GetDistance_mm            
000054b9  Ultrasonic_GetPulseWidth_us          
000048c5  Ultrasonic_Init                      
00005019  Ultrasonic_IsDataReady               
00003401  Ultrasonic_Trigger                   
00006695  User_Init                            
00005751  WitDelayMsRegister                   
00005059  WitInit                              
0000577d  WitRegisterCallBack                  
0000133d  WitSerialDataIn                      
000057a9  WitSerialWriteRegister               
00001ae5  WitWriteReg                          
20208000  __STACK_END                          
00000200  __STACK_SIZE                         
00000000  __TI_ATRegion0_region_sz             
00000000  __TI_ATRegion0_src_addr              
00000000  __TI_ATRegion0_trg_addr              
00000000  __TI_ATRegion1_region_sz             
00000000  __TI_ATRegion1_src_addr              
00000000  __TI_ATRegion1_trg_addr              
00000000  __TI_ATRegion2_region_sz             
00000000  __TI_ATRegion2_src_addr              
00000000  __TI_ATRegion2_trg_addr              
00007570  __TI_CINIT_Base                      
00007580  __TI_CINIT_Limit                     
00007580  __TI_CINIT_Warm                      
0000755c  __TI_Handler_Table_Base              
00007568  __TI_Handler_Table_Limit             
000052bd  __TI_auto_init_nobinit_nopinit       
00003fbd  __TI_decompress_lzss                 
00006603  __TI_decompress_none                 
ffffffff  __TI_pprof_out_hndl                  
ffffffff  __TI_prof_data_size                  
ffffffff  __TI_prof_data_start                 
00000000  __TI_static_base__                   
000066a5  __TI_zero_init                       
000030cb  __addsf3                             
00004569  __aeabi_dcmpeq                       
000045a5  __aeabi_dcmpge                       
000045b9  __aeabi_dcmpgt                       
00004591  __aeabi_dcmple                       
0000457d  __aeabi_dcmplt                       
000053e5  __aeabi_f2iz                         
000054ed  __aeabi_f2uiz                        
000030cb  __aeabi_fadd                         
000045cd  __aeabi_fcmpeq                       
00004609  __aeabi_fcmpge                       
0000461d  __aeabi_fcmpgt                       
000045f5  __aeabi_fcmple                       
000045e1  __aeabi_fcmplt                       
00003c45  __aeabi_fdiv                         
00003919  __aeabi_fmul                         
000030c1  __aeabi_fsub                         
00005245  __aeabi_i2f                          
000021fb  __aeabi_idiv0                        
000025fb  __aeabi_ldiv0                        
00005cc1  __aeabi_llsl                         
0000670d  __aeabi_memclr                       
0000670d  __aeabi_memclr4                      
0000670d  __aeabi_memclr8                      
00006739  __aeabi_memcpy                       
00006739  __aeabi_memcpy4                      
00006739  __aeabi_memcpy8                      
00005bfd  __aeabi_ui2d                         
00005a15  __aeabi_ui2f                         
00005099  __aeabi_uidiv                        
00005099  __aeabi_uidivmod                     
00006571  __aeabi_uldivmod                     
00005cc1  __ashldi3                            
ffffffff  __binit__                            
00004439  __cmpdf2                             
00005335  __cmpsf2                             
00003c45  __divsf3                             
00004439  __eqdf2                              
00005335  __eqsf2                              
000053e5  __fixsfsi                            
000054ed  __fixunssfsi                         
00005245  __floatsisf                          
00005bfd  __floatunsidf                        
00005a15  __floatunsisf                        
00004129  __gedf2                              
00005281  __gesf2                              
00004129  __gtdf2                              
00005281  __gtsf2                              
00004439  __ledf2                              
00005335  __lesf2                              
00004439  __ltdf2                              
00005335  __ltsf2                              
UNDEFED   __mpu_init                           
00005371  __muldsi3                            
00003919  __mulsf3                             
00004439  __nedf2                              
00005335  __nesf2                              
20207e00  __stack                              
20200000  __start___llvm_prf_bits              
20200000  __start___llvm_prf_cnts              
20200000  __stop___llvm_prf_bits               
20200000  __stop___llvm_prf_cnts               
000030c1  __subsf3                             
00003581  __udivmoddi4                         
00005a3d  _c_int00_noargs                      
UNDEFED   _system_post_cinit                   
00006765  _system_pre_init                     
00006741  abort                                
00006d58  asc2_0806                            
00006768  asc2_1608                            
ffffffff  binit                                
000020f1  can_SendCmd                          
00004cdd  chasis_brake                         
20200980  chasis_braked                        
00000831  chasis_cal                           
0000419d  chasis_set_velocity                  
000066b5  chasis_stop                          
20200981  chasis_trapezoid_done                
00000ea9  chasis_trapezoid_move                
20200983  flag_enter                           
20200984  flag_next                            
20200220  gFRONT_OUTBackup                     
20200438  gMCAN0Backup                         
202002dc  gRL_OUTBackup                        
20200398  gRR_OUTBackup                        
20200924  g_dbg_isr_cnt                        
20200928  g_dbg_last_iidx                      
20200978  g_dbg_state                          
2020092c  g_dbg_trig_cnt                       
20200985  g_flag_100hz                         
20200930  g_tick                               
20200938  g_us_dist0                           
2020093c  g_us_dist1                           
20200940  g_us_pulse0                          
20200944  g_us_pulse1                          
00005cdf  gimbal_disable                       
00005c81  gimbal_enable                        
00005cfd  gimbal_return_zero                   
00006011  gimbal_set_zero                      
00004971  gimbal_update                        
00003f41  handleCanRxMessage                   
20200986  init_ok                              
00000000  interruptVectors                     
20200698  jy901_yaw                            
000042f1  main                                 
00003199  motor_brake                          
00002fe9  motor_coast                          
0000326d  motor_openloop_drive                 
0000192d  motor_set                            
000039a5  ms_callback                          
00005ff5  mspm0_delay_ms                       
00005859  mspm0_get_clock_ms                   
000046f1  oled_i2c_sda_unlock                  
00005671  oled_pow                             
000021fd  one_hundured_ms_callback             
2020097a  rx_size                              
20200000  sReg                                 
20200974  system_mode                          
000037f1  uart1_isIDLE                         
000049c5  uart1_receive_start                  
202004d0  uart1_rx_buff                        
20200990  uart1_rx_dma_complete_flag           
20200991  uart1_rx_length                      
2020097c  uart1_rx_size                        
00004751  uart1_send                           
20200992  uart1_tx_complete_flag               
20200993  uart1_tx_dma_complete_flag           
00003889  uart_isIDLE                          
00004a19  uart_receive_start                   
20200534  uart_rx_buff                         
20200996  uart_rx_dma_complete_flag            
20200997  uart_rx_length                       
20200998  uart_tx_complete_flag                
20200999  uart_tx_dma_complete_flag            
2020069c  user_chasis                          
000000c1  while_task                           


GLOBAL SYMBOLS: SORTED BY Symbol Address 

address   name                                 
-------   ----                                 
00000000  __TI_ATRegion0_region_sz             
00000000  __TI_ATRegion0_src_addr              
00000000  __TI_ATRegion0_trg_addr              
00000000  __TI_ATRegion1_region_sz             
00000000  __TI_ATRegion1_src_addr              
00000000  __TI_ATRegion1_trg_addr              
00000000  __TI_ATRegion2_region_sz             
00000000  __TI_ATRegion2_src_addr              
00000000  __TI_ATRegion2_trg_addr              
00000000  __TI_static_base__                   
00000000  interruptVectors                     
000000c1  while_task                           
00000200  __STACK_SIZE                         
00000831  chasis_cal                           
00000ea9  chasis_trapezoid_move                
00001129  DL_MCAN_msgRAMConfig                 
0000133d  WitSerialDataIn                      
00001551  Ultrasonic_GPIOB_ISR                 
0000174d  SYSCFG_DL_GPIO_init                  
0000192d  motor_set                            
00001ae5  WitWriteReg                          
00001db9  OLED_ShowChar                        
00001ed1  OLED_Init                            
00001fe5  DL_MCAN_readMsgRam                   
000020f1  can_SendCmd                          
000021fb  __aeabi_idiv0                        
000021fd  one_hundured_ms_callback             
00002305  DL_Timer_initFourCCPWMMode           
00002409  DL_Timer_initTimerMode               
00002505  OLED_ShowNum                         
000025fb  __aeabi_ldiv0                        
000025fd  DL_MCAN_writeMsgRam                  
000026f1  UART_Rx_DMA_ToIdle_Callback          
000028d5  Menu_Run                             
000029c5  SYSCFG_DL_MCAN0_init                 
00002ab1  SYSCFG_DL_FRONT_OUT_init             
00002b99  SYSCFG_DL_SYSCTL_SYSPLL_init         
00002c81  DL_MCAN_init                         
00002d5d  DL_SYSCTL_configSYSPLL               
00002e39  DL_MCAN_setBitTime                   
00002fe9  motor_coast                          
000030c1  __aeabi_fsub                         
000030c1  __subsf3                             
000030cb  __addsf3                             
000030cb  __aeabi_fadd                         
00003199  motor_brake                          
0000326d  motor_openloop_drive                 
0000333d  SYSCFG_DL_initPower                  
00003401  Ultrasonic_Trigger                   
000034c5  CAN_send_ext_frame                   
00003581  __udivmoddi4                         
00003625  SYSCFG_DL_RR_OUT_init                
000036c1  OLED_WR_Byte                         
00003759  SYSCFG_DL_RL_OUT_init                
000037f1  uart1_isIDLE                         
00003889  uart_isIDLE                          
00003919  __aeabi_fmul                         
00003919  __mulsf3                             
000039a5  ms_callback                          
00003a31  SysTick_Handler                      
00003ab9  KEY_Poll                             
00003c45  __aeabi_fdiv                         
00003c45  __divsf3                             
00003cc7  Emm_V5_Pos_Control                   
00003d49  UART0_IRQHandler                     
00003dc9  UART1_IRQHandler                     
00003e49  CAN_Rx_FIFO0_New_Message_Callback    
00003ec5  SYSCFG_DL_SYSCTL_init                
00003f41  handleCanRxMessage                   
00003fbd  __TI_decompress_lzss                 
00004039  SYSCFG_DL_UART_0_init                
000040b1  SYSCFG_DL_UART_1_init                
00004129  __gedf2                              
00004129  __gtdf2                              
0000419d  chasis_set_velocity                  
00004211  OLED_ShowString                      
000042f1  main                                 
000043cd  OLED_Clear                           
00004439  __cmpdf2                             
00004439  __eqdf2                              
00004439  __ledf2                              
00004439  __ltdf2                              
00004439  __nedf2                              
000044a1  DL_SYSCTL_setHFCLKSourceHFXTParams   
00004505  GROUP1_IRQHandler                    
00004569  __aeabi_dcmpeq                       
0000457d  __aeabi_dcmplt                       
00004591  __aeabi_dcmple                       
000045a5  __aeabi_dcmpge                       
000045b9  __aeabi_dcmpgt                       
000045cd  __aeabi_fcmpeq                       
000045e1  __aeabi_fcmplt                       
000045f5  __aeabi_fcmple                       
00004609  __aeabi_fcmpge                       
0000461d  __aeabi_fcmpgt                       
00004631  DL_SYSCTL_setLFCLKSourceLFXT         
00004691  SYSCFG_DL_init                       
000046f1  oled_i2c_sda_unlock                  
00004751  uart1_send                           
000047b1  DL_I2C_fillControllerTXFIFO          
0000486d  SYSCFG_DL_I2C_OLED_init              
000048c5  Ultrasonic_Init                      
0000491d  Timestamp_Init                       
00004971  gimbal_update                        
000049c5  uart1_receive_start                  
00004a19  uart_receive_start                   
00004bad  DL_DMA_initChannel                   
00004cdd  chasis_brake                         
00004d29  Emm_V5_En_Control                    
00004d75  DL_UART_init                         
00004dbd  Task_Cleanup                         
00004e05  CANFD0_IRQHandler                    
00004e49  DL_MCAN_getRevisionId                
00004e8d  DL_SYSCTL_switchMCLKfromSYSOSCtoHSCLK
00004ed1  Ultrasonic_GetDistance_mm            
00004f59  DL_MCAN_writeRxFIFOAck               
00004f99  Emm_V5_Origin_Set_O                  
00004fd9  UART1_Rx_DMA_ToIdle_Callback         
00005019  Ultrasonic_IsDataReady               
00005059  WitInit                              
00005099  __aeabi_uidiv                        
00005099  __aeabi_uidivmod                     
000050d9  Emm_V5_Origin_Trigger_Return         
00005155  JY901_Init                           
00005191  Menu_Init                            
000051cd  OLED_Set_Pos                         
00005209  Timestamp_GetTicks                   
00005245  __aeabi_i2f                          
00005245  __floatsisf                          
00005281  __gesf2                              
00005281  __gtsf2                              
000052bd  __TI_auto_init_nobinit_nopinit       
00005335  __cmpsf2                             
00005335  __eqsf2                              
00005335  __lesf2                              
00005335  __ltsf2                              
00005335  __nesf2                              
00005371  __muldsi3                            
000053ad  DL_MCAN_getRxFIFOStatus              
000053e5  __aeabi_f2iz                         
000053e5  __fixsfsi                            
0000541d  DL_MCAN_TXBufAddReq                  
00005451  DL_MCAN_setExtIDAndMask              
00005485  SYSCFG_DL_US_TIMER_init              
000054b9  Ultrasonic_GetPulseWidth_us          
000054ed  __aeabi_f2uiz                        
000054ed  __fixunssfsi                         
000055b1  SYSCFG_DL_DMA_CH0_init               
000055e1  SYSCFG_DL_DMA_CH1_init               
00005611  SYSCFG_DL_DMA_CH2_init               
00005641  SYSCFG_DL_DMA_CH3_init               
00005671  oled_pow                             
000056a1  DL_MCAN_TXBufTransIntrEnable         
000056cd  DL_MCAN_addExtMsgIDFilter            
000056f9  DL_MCAN_addStdMsgIDFilter            
00005725  TIMG12_IRQHandler                    
00005751  WitDelayMsRegister                   
0000577d  WitRegisterCallBack                  
000057a9  WitSerialWriteRegister               
00005859  mspm0_get_clock_ms                   
00005a15  __aeabi_ui2f                         
00005a15  __floatunsisf                        
00005a3d  _c_int00_noargs                      
00005b23  DL_I2C_setClockConfig                
00005b91  DL_MCAN_setClockConfig               
00005bd9  JY901_Update                         
00005bfd  __aeabi_ui2d                         
00005bfd  __floatunsidf                        
00005c41  DL_MCAN_getTxFIFOQueStatus           
00005c81  gimbal_enable                        
00005cc1  __aeabi_llsl                         
00005cc1  __ashldi3                            
00005cdf  gimbal_disable                       
00005cfd  gimbal_return_zero                   
00005ea5  DL_MCAN_enableIntr                   
00005ec1  DL_MCAN_enableIntrLine               
00005edd  DL_MCAN_selectIntrLine               
00005ef9  DL_SYSCTL_configFCC                  
00005fa1  DL_Timer_setCaptCompUpdateMethod     
00005fbd  DL_Timer_setClockConfig              
00005ff5  mspm0_delay_ms                       
00006011  gimbal_set_zero                      
0000629d  DL_MCAN_setOpMode                    
0000632d  DL_Timer_setCaptureCompareOutCtl     
000063bd  Task_Done                            
0000642d  KEY_Init                             
000064bd  DL_MCAN_clearIntrStatus              
0000655d  SYSCFG_DL_DMA_init                   
00006571  __aeabi_uldivmod                     
000065df  DL_UART_setClockConfig               
000065f1  TI_memcpy_small                      
00006603  __TI_decompress_none                 
00006615  DL_MCAN_getOpMode                    
00006625  DL_MCAN_isMemInitDone                
00006675  DL_Timer_setCaptureCompareValue      
00006685  SYSCFG_DL_SYSTICK_init               
00006695  User_Init                            
000066a5  __TI_zero_init                       
000066b5  chasis_stop                          
000066c3  TI_memset_small                      
000066d1  DL_MCAN_getIntrStatus                
000066f5  Key_A18_Pressed                      
00006701  Key_B21_Pressed                      
0000670d  __aeabi_memclr                       
0000670d  __aeabi_memclr4                      
0000670d  __aeabi_memclr8                      
00006719  DL_Common_delayCycles                
00006739  __aeabi_memcpy                       
00006739  __aeabi_memcpy4                      
00006739  __aeabi_memcpy8                      
00006741  abort                                
00006747  ADC0_IRQHandler                      
00006747  ADC1_IRQHandler                      
00006747  AES_IRQHandler                       
00006747  DAC0_IRQHandler                      
00006747  DMA_IRQHandler                       
00006747  Default_Handler                      
00006747  GROUP0_IRQHandler                    
00006747  HardFault_Handler                    
00006747  I2C0_IRQHandler                      
00006747  I2C1_IRQHandler                      
00006747  NMI_Handler                          
00006747  PendSV_Handler                       
00006747  RTC_IRQHandler                       
00006747  SPI0_IRQHandler                      
00006747  SPI1_IRQHandler                      
00006747  SVC_Handler                          
00006747  TIMA0_IRQHandler                     
00006747  TIMA1_IRQHandler                     
00006747  TIMG0_IRQHandler                     
00006747  TIMG6_IRQHandler                     
00006747  TIMG7_IRQHandler                     
00006747  TIMG8_IRQHandler                     
00006747  UART2_IRQHandler                     
00006747  UART3_IRQHandler                     
0000674a  C$$EXIT                              
0000674b  HOSTexit                             
0000674f  Reset_Handler                        
00006765  _system_pre_init                     
00006768  asc2_1608                            
00006d58  asc2_0806                            
0000755c  __TI_Handler_Table_Base              
00007568  __TI_Handler_Table_Limit             
00007570  __TI_CINIT_Base                      
00007580  __TI_CINIT_Limit                     
00007580  __TI_CINIT_Warm                      
20200000  __start___llvm_prf_bits              
20200000  __start___llvm_prf_cnts              
20200000  __stop___llvm_prf_bits               
20200000  __stop___llvm_prf_cnts               
20200000  sReg                                 
20200220  gFRONT_OUTBackup                     
202002dc  gRL_OUTBackup                        
20200398  gRR_OUTBackup                        
20200438  gMCAN0Backup                         
202004d0  uart1_rx_buff                        
20200534  uart_rx_buff                         
20200698  jy901_yaw                            
2020069c  user_chasis                          
20200924  g_dbg_isr_cnt                        
20200928  g_dbg_last_iidx                      
2020092c  g_dbg_trig_cnt                       
20200930  g_tick                               
20200938  g_us_dist0                           
2020093c  g_us_dist1                           
20200940  g_us_pulse0                          
20200944  g_us_pulse1                          
20200974  system_mode                          
20200978  g_dbg_state                          
2020097a  rx_size                              
2020097c  uart1_rx_size                        
20200980  chasis_braked                        
20200981  chasis_trapezoid_done                
20200983  flag_enter                           
20200984  flag_next                            
20200985  g_flag_100hz                         
20200986  init_ok                              
20200990  uart1_rx_dma_complete_flag           
20200991  uart1_rx_length                      
20200992  uart1_tx_complete_flag               
20200993  uart1_tx_dma_complete_flag           
20200996  uart_rx_dma_complete_flag            
20200997  uart_rx_length                       
20200998  uart_tx_complete_flag                
20200999  uart_tx_dma_complete_flag            
20207e00  __stack                              
20208000  __STACK_END                          
ffffffff  __TI_pprof_out_hndl                  
ffffffff  __TI_prof_data_size                  
ffffffff  __TI_prof_data_start                 
ffffffff  __binit__                            
ffffffff  binit                                
UNDEFED   __mpu_init                           
UNDEFED   _system_post_cinit                   

[294 symbols]
