******************************************************************************
            TI ARM Clang Linker PC v4.0.4                      
******************************************************************************
>> Linked Sat May 23 08:37:48 2026

OUTPUT FILE NAME:   <test.out>
ENTRY POINT SYMBOL: "_c_int00_noargs"  address: 00003ded


MEMORY CONFIGURATION

         name            origin    length      used     unused   attr    fill
----------------------  --------  ---------  --------  --------  ----  --------
  FLASH                 00000000   00020000  00005358  0001aca8  R  X
  SRAM                  20200000   00008000  0000076b  00007895  RW X
  BCR_CONFIG            41c00000   000000ff  00000000  000000ff  R   
  BSL_CONFIG            41c00100   00000080  00000000  00000080  R   


SEGMENT ALLOCATION MAP

run origin  load origin   length   init length attrs members
----------  ----------- ---------- ----------- ----- -------
00000000    00000000    00005358   00005358    r-x
  00000000    00000000    000000c0   000000c0    r-- .intvecs
  000000c0    000000c0    000047a8   000047a8    r-x .text
  00004868    00004868    00000a60   00000a60    r-- .rodata
  000052c8    000052c8    00000090   00000090    r-- .cinit
20200000    20200000    0000056b   00000000    rw-
  20200000    20200000    0000034c   00000000    rw- .bss
  2020034c    2020034c    0000021f   00000000    rw- .data
20207e00    20207e00    00000200   00000000    rw-
  20207e00    20207e00    00000200   00000000    rw- .stack


SECTION ALLOCATION MAP

 output                                  attributes/
section   page    origin      length       input sections
--------  ----  ----------  ----------   ----------------
.intvecs   0    00000000    000000c0     
                  00000000    000000c0     startup_mspm0g350x_ticlang.o (.intvecs)

.text      0    000000c0    000047a8     
                  000000c0    00000470     Task.o (.text.while_task)
                  00000530    00000214     driverlib.a : dl_mcan.o (.text.DL_MCAN_msgRAMConfig)
                  00000744    000001b8     bsp_PWM.o (.text.motor_set)
                  000008fc    00000194     ti_msp_dl_config.o (.text.SYSCFG_DL_GPIO_init)
                  00000a90    00000168     chasis.o (.text.chasis_cal)
                  00000bf8    0000015c     chasis.o (.text.mec_inverse)
                  00000d54    00000118     bsp_oled.o (.text.OLED_ShowChar)
                  00000e6c    00000114     bsp_oled.o (.text.OLED_Init)
                  00000f80    0000010c     driverlib.a : dl_mcan.o (.text.DL_MCAN_readMsgRam)
                  0000108c    0000010a     ZDT_CAN.o (.text.can_SendCmd)
                  00001196    00000002     libclang_rt.builtins.a : aeabi_div0.c.obj (.text.__aeabi_idiv0)
                  00001198    00000104     driverlib.a : dl_timer.o (.text.DL_Timer_initFourCCPWMMode)
                  0000129c    000000f6     bsp_oled.o (.text.OLED_ShowNum)
                  00001392    00000002     --HOLE-- [fill = 0]
                  00001394    000000f4     driverlib.a : dl_mcan.o (.text.DL_MCAN_writeMsgRam)
                  00001488    000000f4     task_scheduler.o (.text.Menu_Run)
                  0000157c    000000f0     task_scheduler.o (.text.Menu_Enter)
                  0000166c    000000ec     ti_msp_dl_config.o (.text.SYSCFG_DL_MCAN0_init)
                  00001758    000000e8     ti_msp_dl_config.o (.text.SYSCFG_DL_FRONT_OUT_init)
                  00001840    000000e8     ti_msp_dl_config.o (.text.SYSCFG_DL_SYSCTL_SYSPLL_init)
                  00001928    000000e0     Task.o (.text.UART_Rx_DMA_ToIdle_Callback)
                  00001a08    000000dc     driverlib.a : dl_mcan.o (.text.DL_MCAN_init)
                  00001ae4    000000dc                 : dl_sysctl_mspm0g1x0x_g3x0x.o (.text.DL_SYSCTL_configSYSPLL)
                  00001bc0    000000d8                 : dl_mcan.o (.text.DL_MCAN_setBitTime)
                  00001c98    000000d8     task_scheduler.o (.text.Menu_Draw)
                  00001d70    000000d8     bsp_PWM.o (.text.motor_coast)
                  00001e48    000000d8     libclang_rt.builtins.a : addsf3.S.obj (.text)
                  00001f20    000000d4     bsp_PWM.o (.text.motor_brake)
                  00001ff4    000000d0     chasis.o (.text.motor_openloop_drive)
                  000020c4    000000bc     bsp_CAN.o (.text.CAN_send_ext_frame)
                  00002180    000000a0     ti_msp_dl_config.o (.text.SYSCFG_DL_initPower)
                  00002220    0000009c     ti_msp_dl_config.o (.text.SYSCFG_DL_RR_OUT_init)
                  000022bc    00000098     bsp_oled.o (.text.OLED_WR_Byte)
                  00002354    00000098     ti_msp_dl_config.o (.text.SYSCFG_DL_RL_OUT_init)
                  000023ec    00000094     bsp_UART.o (.text.uart_isIDLE)
                  00002480    0000008c     libclang_rt.builtins.a : mulsf3.S.obj (.text.__mulsf3)
                  0000250c    00000084     bsp_key.o (.text.KEY_Poll)
                  00002590    00000084     task_scheduler.o (.text.Menu_Next)
                  00002614    00000084     empty.o (.text.SysTick_Handler)
                  00002698    00000084     ti_msp_dl_config.o (.text.__NVIC_SetPriority)
                  0000271c    00000082     libclang_rt.builtins.a : divsf3.S.obj (.text.__divsf3)
                  0000279e    00000080     ZDT_Driver.o (.text.Emm_V5_Pos_Control)
                  0000281e    00000002     --HOLE-- [fill = 0]
                  00002820    0000007c     ti_msp_dl_config.o (.text.SYSCFG_DL_SYSCTL_init)
                  0000289c    0000007c     bsp_UART.o (.text.UART0_IRQHandler)
                  00002918    0000007c     bsp_CAN.o (.text.handleCanRxMessage)
                  00002994    0000007c     Task.o (.text.ms_callback)
                  00002a10    0000007c     libc.a : copy_decompress_lzss.c.obj (.text:decompress:lzss)
                  00002a8c    00000078     ti_msp_dl_config.o (.text.SYSCFG_DL_UART_0_init)
                  00002b04    00000074     libclang_rt.builtins.a : comparedf2.c.obj (.text.__gedf2)
                  00002b78    00000070     bsp_oled.o (.text.OLED_ShowString)
                  00002be8    0000006c     chasis.o (.text.chasis_set_velocity)
                  00002c54    0000006c     Task.o (.text.one_hundured_ms_callback)
                  00002cc0    0000006a     bsp_oled.o (.text.OLED_Clear)
                  00002d2a    00000002     --HOLE-- [fill = 0]
                  00002d2c    00000068     Task.o (.text.CAN_Rx_FIFO0_New_Message_Callback)
                  00002d94    00000068     libclang_rt.builtins.a : comparedf2.c.obj (.text.__ledf2)
                  00002dfc    00000064     driverlib.a : dl_sysctl_mspm0g1x0x_g3x0x.o (.text.DL_SYSCTL_setHFCLKSourceHFXTParams)
                  00002e60    00000062     libclang_rt.builtins.a : aeabi_dcmp.S.obj (.text.__aeabi_dcmp)
                  00002ec2    00000002     --HOLE-- [fill = 0]
                  00002ec4    00000062                            : aeabi_fcmp.S.obj (.text.__aeabi_fcmp)
                  00002f26    00000002     --HOLE-- [fill = 0]
                  00002f28    00000060     driverlib.a : dl_sysctl_mspm0g1x0x_g3x0x.o (.text.DL_SYSCTL_setLFCLKSourceLFXT)
                  00002f88    00000060     bsp_oled.o (.text.oled_i2c_sda_unlock)
                  00002fe8    0000005e     driverlib.a : dl_i2c.o (.text.DL_I2C_fillControllerTXFIFO)
                  00003046    00000002     --HOLE-- [fill = 0]
                  00003048    0000005c     empty.o (.text.main)
                  000030a4    0000005c     bsp_oled.o (.text.mspm0_i2c_enable)
                  00003100    00000058     ti_msp_dl_config.o (.text.SYSCFG_DL_I2C_OLED_init)
                  00003158    00000058     ti_msp_dl_config.o (.text.SYSCFG_DL_init)
                  000031b0    00000056     gimbal.o (.text.gimbal_update)
                  00003206    00000002     --HOLE-- [fill = 0]
                  00003208    00000054     bsp_UART.o (.text.uart_receive_start)
                  0000325c    00000050     bsp_oled.o (.text.DL_GPIO_initPeripheralInputFunctionFeatures)
                  000032ac    00000050     ti_msp_dl_config.o (.text.DL_GPIO_initPeripheralInputFunctionFeatures)
                  000032fc    00000050     bsp_oled.o (.text.DL_I2C_startControllerTransfer)
                  0000334c    00000050     ti_msp_dl_config.o (.text.SysTick_Config)
                  0000339c    0000004c     driverlib.a : dl_dma.o (.text.DL_DMA_initChannel)
                  000033e8    0000004c     bsp_oled.o (.text.DL_GPIO_initDigitalInputFeatures)
                  00003434    0000004c     ti_msp_dl_config.o (.text.DL_GPIO_initDigitalInputFeatures)
                  00003480    0000004c     ti_msp_dl_config.o (.text.DL_UART_setBaudRateDivisor)
                  000034cc    0000004a     ZDT_Driver.o (.text.Emm_V5_En_Control)
                  00003516    00000002     --HOLE-- [fill = 0]
                  00003518    00000048     driverlib.a : dl_uart.o (.text.DL_UART_init)
                  00003560    00000048     Task.o (.text.Task_Cleanup)
                  000035a8    00000044     bsp_CAN.o (.text.CANFD0_IRQHandler)
                  000035ec    00000044     driverlib.a : dl_mcan.o (.text.DL_MCAN_getRevisionId)
                  00003630    00000044                 : dl_sysctl_mspm0g1x0x_g3x0x.o (.text.DL_SYSCTL_switchMCLKfromSYSOSCtoHSCLK)
                  00003674    00000044     chasis.o (.text.chasis_brake)
                  000036b8    00000044     bsp_oled.o (.text.mspm0_i2c_disable)
                  000036fc    00000040     driverlib.a : dl_mcan.o (.text.DL_MCAN_writeRxFIFOAck)
                  0000373c    00000040     ZDT_Driver.o (.text.Emm_V5_Origin_Set_O)
                  0000377c    00000040     libclang_rt.builtins.a : aeabi_uidivmod.S.obj (.text.__aeabi_uidivmod)
                  000037bc    0000003e     ZDT_Driver.o (.text.Emm_V5_Origin_Trigger_Return)
                  000037fa    00000002     --HOLE-- [fill = 0]
                  000037fc    0000003c     ti_msp_dl_config.o (.text.DL_Timer_setCounterControl)
                  00003838    0000003c     bsp_key.o (.text.GROUP1_IRQHandler)
                  00003874    0000003c     task_scheduler.o (.text.Menu_Init)
                  000038b0    0000003c     bsp_oled.o (.text.OLED_Set_Pos)
                  000038ec    0000003c     libclang_rt.builtins.a : comparesf2.S.obj (.text.__gtsf2)
                  00003928    0000003c     libc.a : autoinit.c.obj (.text:__TI_auto_init_nobinit_nopinit)
                  00003964    0000003a     libclang_rt.builtins.a : comparesf2.S.obj (.text.__eqsf2)
                  0000399e    00000002     --HOLE-- [fill = 0]
                  000039a0    0000003a                            : muldsi3.S.obj (.text.__muldsi3)
                  000039da    00000002     --HOLE-- [fill = 0]
                  000039dc    00000038     driverlib.a : dl_mcan.o (.text.DL_MCAN_getRxFIFOStatus)
                  00003a14    00000038     libclang_rt.builtins.a : fixsfsi.S.obj (.text.__fixsfsi)
                  00003a4c    00000034     driverlib.a : dl_mcan.o (.text.DL_MCAN_TXBufAddReq)
                  00003a80    00000034                 : dl_mcan.o (.text.DL_MCAN_setExtIDAndMask)
                  00003ab4    00000030     bsp_UART.o (.text.DL_DMA_setTransferSize)
                  00003ae4    00000030     ti_msp_dl_config.o (.text.DL_GPIO_initDigitalOutputFeatures)
                  00003b14    00000030     ti_msp_dl_config.o (.text.SYSCFG_DL_DMA_CH0_init)
                  00003b44    00000030     ti_msp_dl_config.o (.text.SYSCFG_DL_DMA_CH1_init)
                  00003b74    00000030     bsp_oled.o (.text.oled_pow)
                  00003ba4    0000002c     driverlib.a : dl_mcan.o (.text.DL_MCAN_TXBufTransIntrEnable)
                  00003bd0    0000002c                 : dl_mcan.o (.text.DL_MCAN_addExtMsgIDFilter)
                  00003bfc    0000002c                 : dl_mcan.o (.text.DL_MCAN_addStdMsgIDFilter)
                  00003c28    0000002c     bsp_key.o (.text.__NVIC_EnableIRQ)
                  00003c54    0000002c     empty.o (.text.__NVIC_EnableIRQ)
                  00003c80    0000002c     empty.o (.text.mspm0_get_clock_ms)
                  00003cac    00000028     bsp_oled.o (.text.DL_Common_updateReg)
                  00003cd4    00000028     ti_msp_dl_config.o (.text.DL_Common_updateReg)
                  00003cfc    00000028     bsp_UART.o (.text.DL_DMA_setDestAddr)
                  00003d24    00000028     bsp_UART.o (.text.DL_DMA_setSrcAddr)
                  00003d4c    00000028     ti_msp_dl_config.o (.text.DL_I2C_setControllerRXFIFOThreshold)
                  00003d74    00000028     ti_msp_dl_config.o (.text.DL_I2C_setControllerTXFIFOThreshold)
                  00003d9c    00000028     ti_msp_dl_config.o (.text.DL_UART_setRXFIFOThreshold)
                  00003dc4    00000028     ti_msp_dl_config.o (.text.DL_UART_setTXFIFOThreshold)
                  00003dec    00000028     libc.a : boot_cortex_m.c.obj (.text:_c_int00_noargs)
                  00003e14    00000026     bsp_UART.o (.text.DL_DMA_disableChannel)
                  00003e3a    00000026     bsp_UART.o (.text.DL_DMA_enableChannel)
                  00003e60    00000026     ti_msp_dl_config.o (.text.DL_I2C_setAnalogGlitchFilterPulseWidth)
                  00003e86    00000026     driverlib.a : dl_i2c.o (.text.DL_I2C_setClockConfig)
                  00003eac    00000024     bsp_UART.o (.text.DL_DMA_getTransferSize)
                  00003ed0    00000024     driverlib.a : dl_mcan.o (.text.DL_MCAN_setClockConfig)
                  00003ef4    00000024     ti_msp_dl_config.o (.text.DL_UART_setRXInterruptTimeout)
                  00003f18    00000024     libclang_rt.builtins.a : floatunsidf.S.obj (.text.__floatunsidf)
                  00003f3c    00000020     ti_msp_dl_config.o (.text.DL_GPIO_initPeripheralInputFunction)
                  00003f5c    00000020     driverlib.a : dl_mcan.o (.text.DL_MCAN_getTxFIFOQueStatus)
                  00003f7c    00000020     ti_msp_dl_config.o (.text.DL_SYSCTL_setFlashWaitState)
                  00003f9c    00000020     gimbal.o (.text.gimbal_enable)
                  00003fbc    0000001e     ti_msp_dl_config.o (.text.DL_UART_setOversampling)
                  00003fda    0000001e     gimbal.o (.text.gimbal_disable)
                  00003ff8    0000001e     gimbal.o (.text.gimbal_return_zero)
                  00004016    00000002     --HOLE-- [fill = 0]
                  00004018    0000001c     ti_msp_dl_config.o (.text.DL_DMA_enableInterrupt)
                  00004034    0000001c     ti_msp_dl_config.o (.text.DL_GPIO_clearInterruptStatus)
                  00004050    0000001c     bsp_oled.o (.text.DL_GPIO_enableHiZ)
                  0000406c    0000001c     ti_msp_dl_config.o (.text.DL_GPIO_enableHiZ)
                  00004088    0000001c     ti_msp_dl_config.o (.text.DL_GPIO_enableInterrupt)
                  000040a4    0000001c     ti_msp_dl_config.o (.text.DL_GPIO_initPeripheralOutputFunction)
                  000040c0    0000001c     bsp_oled.o (.text.DL_I2C_getSDAStatus)
                  000040dc    0000001c     bsp_key.o (.text.DL_Interrupt_getPendingGroup)
                  000040f8    0000001c     ti_msp_dl_config.o (.text.DL_MCAN_enableInterrupt)
                  00004114    0000001c     driverlib.a : dl_mcan.o (.text.DL_MCAN_enableIntr)
                  00004130    0000001c                 : dl_mcan.o (.text.DL_MCAN_enableIntrLine)
                  0000414c    0000001c                 : dl_mcan.o (.text.DL_MCAN_selectIntrLine)
                  00004168    0000001c                 : dl_sysctl_mspm0g1x0x_g3x0x.o (.text.DL_SYSCTL_configFCC)
                  00004184    0000001c     ti_msp_dl_config.o (.text.DL_SYSCTL_setFCCPeriods)
                  000041a0    0000001c     ti_msp_dl_config.o (.text.DL_SYSCTL_setSYSOSCFreq)
                  000041bc    0000001c     ti_msp_dl_config.o (.text.DL_SYSCTL_setULPCLKDivider)
                  000041d8    0000001c     driverlib.a : dl_timer.o (.text.DL_Timer_setCaptCompUpdateMethod)
                  000041f4    0000001c                 : dl_timer.o (.text.DL_Timer_setClockConfig)
                  00004210    0000001c     ti_msp_dl_config.o (.text.DL_UART_enableInterrupt)
                  0000422c    0000001c     empty.o (.text.mspm0_delay_ms)
                  00004248    0000001a     gimbal.o (.text.gimbal_set_zero)
                  00004262    00000002     --HOLE-- [fill = 0]
                  00004264    00000018     ti_msp_dl_config.o (.text.DL_DMA_clearInterruptStatus)
                  0000427c    00000018     bsp_oled.o (.text.DL_GPIO_enableOutput)
                  00004294    00000018     ti_msp_dl_config.o (.text.DL_GPIO_enableOutput)
                  000042ac    00000018     ti_msp_dl_config.o (.text.DL_GPIO_enablePower)
                  000042c4    00000018     bsp_oled.o (.text.DL_GPIO_initDigitalOutput)
                  000042dc    00000018     ti_msp_dl_config.o (.text.DL_GPIO_initPeripheralAnalogFunction)
                  000042f4    00000018     ti_msp_dl_config.o (.text.DL_GPIO_reset)
                  0000430c    00000018     bsp_oled.o (.text.DL_GPIO_setPins)
                  00004324    00000018     empty.o (.text.DL_GPIO_setPins)
                  0000433c    00000018     ti_msp_dl_config.o (.text.DL_GPIO_setUpperPinsPolarity)
                  00004354    00000018     empty.o (.text.DL_GPIO_togglePins)
                  0000436c    00000018     bsp_oled.o (.text.DL_I2C_clearInterruptStatus)
                  00004384    00000018     ti_msp_dl_config.o (.text.DL_I2C_enableAnalogGlitchFilter)
                  0000439c    00000018     ti_msp_dl_config.o (.text.DL_I2C_enableController)
                  000043b4    00000018     ti_msp_dl_config.o (.text.DL_I2C_enableControllerClockStretching)
                  000043cc    00000018     bsp_oled.o (.text.DL_I2C_enablePower)
                  000043e4    00000018     ti_msp_dl_config.o (.text.DL_I2C_enablePower)
                  000043fc    00000018     bsp_oled.o (.text.DL_I2C_getRawInterruptStatus)
                  00004414    00000018     bsp_oled.o (.text.DL_I2C_reset)
                  0000442c    00000018     ti_msp_dl_config.o (.text.DL_I2C_reset)
                  00004444    00000018     ti_msp_dl_config.o (.text.DL_I2C_setTimerPeriod)
                  0000445c    00000018     ti_msp_dl_config.o (.text.DL_MCAN_clearInterruptStatus)
                  00004474    00000018     ti_msp_dl_config.o (.text.DL_MCAN_enablePower)
                  0000448c    00000018     ti_msp_dl_config.o (.text.DL_MCAN_reset)
                  000044a4    00000018     driverlib.a : dl_mcan.o (.text.DL_MCAN_setOpMode)
                  000044bc    00000018     ti_msp_dl_config.o (.text.DL_SYSCTL_setBORThreshold)
                  000044d4    00000018     ti_msp_dl_config.o (.text.DL_Timer_enablePower)
                  000044ec    00000018     ti_msp_dl_config.o (.text.DL_Timer_enableShadowFeatures)
                  00004504    00000018     ti_msp_dl_config.o (.text.DL_Timer_reset)
                  0000451c    00000018     driverlib.a : dl_timer.o (.text.DL_Timer_setCaptureCompareOutCtl)
                  00004534    00000018     ti_msp_dl_config.o (.text.DL_UART_enableDMAReceiveEvent)
                  0000454c    00000018     ti_msp_dl_config.o (.text.DL_UART_enableDMATransmitEvent)
                  00004564    00000018     ti_msp_dl_config.o (.text.DL_UART_enableFIFOs)
                  0000457c    00000018     ti_msp_dl_config.o (.text.DL_UART_enablePower)
                  00004594    00000018     ti_msp_dl_config.o (.text.DL_UART_reset)
                  000045ac    00000018     task_scheduler.o (.text.Task_Done)
                  000045c4    00000016     bsp_key.o (.text.DL_GPIO_readPins)
                  000045da    00000016     bsp_oled.o (.text.DL_GPIO_readPins)
                  000045f0    00000016     ti_msp_dl_config.o (.text.DL_UART_enable)
                  00004606    00000016     bsp_key.o (.text.KEY_Init)
                  0000461c    00000016     libc.a : copy_zero_init.c.obj (.text:decompress:ZI:__TI_zero_init_nomemset)
                  00004632    00000014     bsp_oled.o (.text.DL_GPIO_clearPins)
                  00004646    00000014     ti_msp_dl_config.o (.text.DL_GPIO_clearPins)
                  0000465a    00000002     --HOLE-- [fill = 0]
                  0000465c    00000014     bsp_oled.o (.text.DL_I2C_getControllerStatus)
                  00004670    00000014     ti_msp_dl_config.o (.text.DL_I2C_resetControllerTransfer)
                  00004684    00000014     driverlib.a : dl_mcan.o (.text.DL_MCAN_clearIntrStatus)
                  00004698    00000014     bsp_CAN.o (.text.DL_MCAN_getPendingInterrupt)
                  000046ac    00000014     ti_msp_dl_config.o (.text.DL_SYSCTL_disableSYSPLL)
                  000046c0    00000014     ti_msp_dl_config.o (.text.DL_SYSCTL_enableSYSPLL)
                  000046d4    00000014     ti_msp_dl_config.o (.text.DL_Timer_enableClock)
                  000046e8    00000014     ti_msp_dl_config.o (.text.DL_Timer_setCCPDirection)
                  000046fc    00000012     ti_msp_dl_config.o (.text.DL_MCAN_enableModuleClock)
                  0000470e    00000012     bsp_UART.o (.text.DL_UART_getPendingInterrupt)
                  00004720    00000012     driverlib.a : dl_uart.o (.text.DL_UART_setClockConfig)
                  00004732    00000012     libc.a : memcpy16.S.obj (.text:TI_memcpy_small)
                  00004744    00000012            : copy_decompress_none.c.obj (.text:decompress:none)
                  00004756    00000002     --HOLE-- [fill = 0]
                  00004758    00000010     driverlib.a : dl_mcan.o (.text.DL_MCAN_getOpMode)
                  00004768    00000010                 : dl_mcan.o (.text.DL_MCAN_isMemInitDone)
                  00004778    00000010     ti_msp_dl_config.o (.text.DL_SYSCTL_disableHFXT)
                  00004788    00000010     ti_msp_dl_config.o (.text.DL_SYSCTL_isFCCDone)
                  00004798    00000010     ti_msp_dl_config.o (.text.DL_SYSCTL_startFCC)
                  000047a8    00000010     driverlib.a : dl_timer.o (.text.DL_Timer_setCaptureCompareValue)
                  000047b8    00000010     ti_msp_dl_config.o (.text.SYSCFG_DL_SYSTICK_init)
                  000047c8    0000000e     chasis.o (.text.chasis_stop)
                  000047d6    00000002     --HOLE-- [fill = 0]
                  000047d8    0000000c     driverlib.a : dl_mcan.o (.text.DL_MCAN_getIntrStatus)
                  000047e4    0000000c     ti_msp_dl_config.o (.text.DL_SYSCTL_getClockStatus)
                  000047f0    0000000c     ti_msp_dl_config.o (.text.DL_SYSCTL_readFCC)
                  000047fc    0000000c     Task.o (.text.Key_A18_Pressed)
                  00004808    0000000c     Task.o (.text.Key_B21_Pressed)
                  00004814    0000000c     ti_msp_dl_config.o (.text.SYSCFG_DL_DMA_init)
                  00004820    0000000c     Task.o (.text.User_Init)
                  0000482c    0000000a     driverlib.a : dl_common.o (.text.DL_Common_delayCycles)
                  00004836    00000002     --HOLE-- [fill = 0]
                  00004838    00000008     libclang_rt.builtins.a : aeabi_memcpy.S.obj (.text.__aeabi_memcpy)
                  00004840    00000006     libc.a : exit.c.obj (.text:abort)
                  00004846    00000004     startup_mspm0g350x_ticlang.o (.text.Default_Handler)
                  0000484a    00000004     libsysbm.a : hostexit.c.obj (.text.HOSTexit)
                  0000484e    00000004     startup_mspm0g350x_ticlang.o (.text.Reset_Handler)
                  00004852    00000002     --HOLE-- [fill = 0]
                  00004854    00000010     libc.a : boot_cortex_m.c.obj (.tramp._c_int00_noargs.1)
                  00004864    00000004            : pre_init.c.obj (.text._system_pre_init)

.cinit     0    000052c8    00000090     
                  000052c8    00000067     (.cinit..data.load) [load image, compression = lzss]
                  0000532f    00000001     --HOLE-- [fill = 0]
                  00005330    0000000c     (__TI_handler_table)
                  0000533c    00000008     (.cinit..bss.load) [load image, compression = zero_init]
                  00005344    00000010     (__TI_cinit_table)
                  00005354    00000004     --HOLE-- [fill = 0]

.rodata    0    00004868    00000a60     
                  00004868    000005f0     bsp_oled.o (.rodata.asc2_1608)
                  00004e58    00000228     bsp_oled.o (.rodata.asc2_0806)
                  00005080    00000060     ti_msp_dl_config.o (.rodata.gMCAN0MsgRAMConfigParams)
                  000050e0    00000040     driverlib.a : dl_mcan.o (.rodata..L__const.DL_MCAN_getDataSize.dataSize)
                  00005120    00000034     ti_msp_dl_config.o (.rodata.gMCAN0InitParams)
                  00005154    00000028     ti_msp_dl_config.o (.rodata.gSYSPLLConfig)
                  0000517c    00000020     driverlib.a : dl_mcan.o (.rodata.cst32)
                  0000519c    00000020     ti_msp_dl_config.o (.rodata.gMCAN0BitTimes)
                  000051bc    00000018     ti_msp_dl_config.o (.rodata.gDMA_CH0Config)
                  000051d4    00000018     ti_msp_dl_config.o (.rodata.gDMA_CH1Config)
                  000051ec    00000010     ti_msp_dl_config.o (.rodata.gMCAN0ExtFiltelem)
                  000051fc    00000010     ti_msp_dl_config.o (.rodata.gMCAN0StdFiltelem)
                  0000520c    00000010     chasis.o (.rodata.openloop_ratio)
                  0000521c    0000000b     task_scheduler.o (.rodata.str1.14190357177579510289.1)
                  00005227    0000000b     task_scheduler.o (.rodata.str1.14552388435526194663.1)
                  00005232    0000000b     task_scheduler.o (.rodata.str1.9247241511803337348.1)
                  0000523d    00000001     task_scheduler.o (.rodata.str1.9784223496667871455.1)
                  0000523e    0000000a     ti_msp_dl_config.o (.rodata.gUART_0Config)
                  00005248    0000000a     task_scheduler.o (.rodata.str1.13768897686556393344.1)
                  00005252    0000000a     task_scheduler.o (.rodata.str1.14699949538115772633.1)
                  0000525c    00000009     task_scheduler.o (.rodata.str1.14606958373863359431.1)
                  00005265    00000009     task_scheduler.o (.rodata.str1.17984259232970945524.1)
                  0000526e    00000009     task_scheduler.o (.rodata.str1.18069038080357984115.1)
                  00005277    00000001     --HOLE-- [fill = 0]
                  00005278    00000008     ti_msp_dl_config.o (.rodata.gFRONT_OUTConfig)
                  00005280    00000008     ti_msp_dl_config.o (.rodata.gRL_OUTConfig)
                  00005288    00000008     ti_msp_dl_config.o (.rodata.gRR_OUTConfig)
                  00005290    00000008     task_scheduler.o (.rodata.str1.4916143694647286702.1)
                  00005298    00000007     task_scheduler.o (.rodata.str1.10506625049490768188.1)
                  0000529f    00000007     task_scheduler.o (.rodata.str1.17557591748756409378.1)
                  000052a6    00000006     task_scheduler.o (.rodata.str1.4577691884733283733.1)
                  000052ac    00000004     ti_msp_dl_config.o (.rodata.gMCAN0ClockConf)
                  000052b0    00000003     ti_msp_dl_config.o (.rodata.gFRONT_OUTClockConfig)
                  000052b3    00000003     ti_msp_dl_config.o (.rodata.gLFCLKConfig)
                  000052b6    00000003     ti_msp_dl_config.o (.rodata.gRL_OUTClockConfig)
                  000052b9    00000003     ti_msp_dl_config.o (.rodata.gRR_OUTClockConfig)
                  000052bc    00000002     ti_msp_dl_config.o (.rodata.gI2C_OLEDClockConfig)
                  000052be    00000002     ti_msp_dl_config.o (.rodata.gUART_0ClockConfig)
                  000052c0    00000002     task_scheduler.o (.rodata.str1.12698780283469048528.1)
                  000052c2    00000006     --HOLE-- [fill = 0]

.init_array 
*          0    00000000    00000000     UNINITIALIZED

.binit     0    00000000    00000000     

.bss       0    20200000    0000034c     UNINITIALIZED
                  20200000    000000bc     (.common:gFRONT_OUTBackup)
                  202000bc    000000bc     (.common:gRL_OUTBackup)
                  20200178    000000a0     (.common:gRR_OUTBackup)
                  20200218    00000098     (.common:gMCAN0Backup)
                  202002b0    00000064     (.common:uart_rx_buff)
                  20200314    00000020     Task.o (.bss.once_flag)
                  20200334    00000018     task_scheduler.o (.bss.menu_stack)

.data      0    2020034c    0000021f     UNINITIALIZED
                  2020034c    00000118     chasis.o (.data.user_chasis)
                  20200464    00000090     task_scheduler.o (.data.menu_debug_items)
                  202004f4    00000010     bsp_PWM.o (.data.g_motor)
                  20200504    00000010     task_scheduler.o (.data.menu_root)
                  20200514    00000010     task_scheduler.o (.data.menu_root_items)
                  20200524    00000010     chasis.o (.data.motor_test_target_rpm)
                  20200534    00000008     bsp_key.o (.data.key_tick)
                  2020053c    00000004     task_scheduler.o (.data.countdown_start)
                  20200540    00000004     task_scheduler.o (.data.cur_menu)
                  20200544    00000004     empty.o (.data.g_tick)
                  20200548    00000004     chasis.o (.data.motor_invert)
                  2020054c    00000004     chasis.o (.data.move_timer_ms)
                  20200550    00000004     task_scheduler.o (.data.pending_task)
                  20200554    00000004     Task.o (.data.system_mode)
                  20200558    00000002     bsp_UART.o (.data.rx_size)
                  2020055a    00000001     chasis.o (.data.brake_hold)
                  2020055b    00000001     task_scheduler.o (.data.cursor)
                  2020055c    00000001     task_scheduler.o (.data.flag_enter)
                  2020055d    00000001     task_scheduler.o (.data.flag_next)
                  2020055e    00000001     empty.o (.data.g_flag_100hz)
                  2020055f    00000001     empty.o (.data.init_ok)
                  20200560    00000001     task_scheduler.o (.data.menu_sp)
                  20200561    00000001     chasis.o (.data.motor_test_mode)
                  20200562    00000001     chasis.o (.data.move_state)
                  20200563    00000001     task_scheduler.o (.data.need_draw)
                  20200564    00000001     task_scheduler.o (.data.scroll)
                  20200565    00000001     bsp_UART.o (.data.uart_isIDLE.rx_last_size)
                  20200566    00000001     bsp_UART.o (.data.uart_isIDLE.stable_count)
                  20200567    00000001     bsp_UART.o (.data.uart_rx_dma_complete_flag)
                  20200568    00000001     bsp_UART.o (.data.uart_rx_length)
                  20200569    00000001     bsp_UART.o (.data.uart_tx_complete_flag)
                  2020056a    00000001     bsp_UART.o (.data.uart_tx_dma_complete_flag)

.stack     0    20207e00    00000200     UNINITIALIZED
                  20207e00    00000004     libc.a : boot_cortex_m.c.obj (.stack)
                  20207e04    000001fc     --HOLE--

__llvm_prf_cnts 
*          0    20200000    00000000     UNINITIALIZED

__llvm_prf_bits 
*          0    20200000    00000000     UNINITIALIZED

MODULE SUMMARY

       Module                         code    ro data   rw data
       ------                         ----    -------   -------
    .\
       ti_msp_dl_config.o             4124    354       688    
       empty.o                        388     0         6      
       startup_mspm0g350x_ticlang.o   8       192       0      
    +--+------------------------------+-------+---------+---------+
       Total:                         4520    546       694    
                                                               
    .\User\bsp\Src\
       bsp_oled.o                     2098    2072      0      
       Task.o                         1804    0         36     
       chasis.o                       1106    16        307    
       task_scheduler.o               916     111       218    
       bsp_PWM.o                      868     0         16     
       bsp_UART.o                     614     0         108    
       bsp_CAN.o                      400     0         0      
       ZDT_Driver.o                   328     0         0      
       bsp_key.o                      308     0         8      
       ZDT_CAN.o                      266     0         0      
       gimbal.o                       204     0         0      
    +--+------------------------------+-------+---------+---------+
       Total:                         8912    2199      693    
                                                               
    E:/TI/CCS/mspm0_sdk_2_10_00_04/source/ti/driverlib/lib/ticlang/m0p/mspm0g1x0x_g3x0x/driverlib.a
       dl_mcan.o                      2144    96        0      
       dl_sysctl_mspm0g1x0x_g3x0x.o   512     0         0      
       dl_timer.o                     356     0         0      
       dl_i2c.o                       132     0         0      
       dl_uart.o                      90      0         0      
       dl_dma.o                       76      0         0      
       dl_common.o                    10      0         0      
    +--+------------------------------+-------+---------+---------+
       Total:                         3320    96        0      
                                                               
    E:\TI\CCS\ccs\tools\compiler\ti-cgt-armllvm_4.0.4.LTS\lib\armv6m-ti-none-eabi/c/libc.a
       copy_decompress_lzss.c.obj     124     0         0      
       autoinit.c.obj                 60      0         0      
       boot_cortex_m.c.obj            56      0         0      
       copy_zero_init.c.obj           22      0         0      
       copy_decompress_none.c.obj     18      0         0      
       memcpy16.S.obj                 18      0         0      
       exit.c.obj                     6       0         0      
       pre_init.c.obj                 4       0         0      
    +--+------------------------------+-------+---------+---------+
       Total:                         308     0         0      
                                                               
    E:\TI\CCS\ccs\tools\compiler\ti-cgt-armllvm_4.0.4.LTS\lib\armv6m-ti-none-eabi/c/libsysbm.a
       hostexit.c.obj                 4       0         0      
    +--+------------------------------+-------+---------+---------+
       Total:                         4       0         0      
                                                               
    E:\TI\CCS\ccs\tools\compiler\ti-cgt-armllvm_4.0.4.LTS\lib\armv6m-ti-none-eabi/libclang_rt.builtins.a
       comparedf2.c.obj               220     0         0      
       addsf3.S.obj                   216     0         0      
       mulsf3.S.obj                   140     0         0      
       divsf3.S.obj                   130     0         0      
       comparesf2.S.obj               118     0         0      
       aeabi_dcmp.S.obj               98      0         0      
       aeabi_fcmp.S.obj               98      0         0      
       aeabi_uidivmod.S.obj           64      0         0      
       muldsi3.S.obj                  58      0         0      
       fixsfsi.S.obj                  56      0         0      
       floatunsidf.S.obj              36      0         0      
       aeabi_memcpy.S.obj             8       0         0      
       aeabi_div0.c.obj               2       0         0      
    +--+------------------------------+-------+---------+---------+
       Total:                         1244    0         0      
                                                               
       Stack:                         0       0         512    
       Linker Generated:              0       139       0      
    +--+------------------------------+-------+---------+---------+
       Grand Total:                   18308   2980      1899   


LINKER GENERATED COPY TABLES

__TI_cinit_table @ 00005344 records: 2, size/record: 8, table size: 16
	.data: load addr=000052c8, load size=00000067 bytes, run addr=2020034c, run size=0000021f bytes, compression=lzss
	.bss: load addr=0000533c, load size=00000008 bytes, run addr=20200000, run size=0000034c bytes, compression=zero_init


LINKER GENERATED HANDLER TABLE

__TI_handler_table @ 00005330 records: 3, size/record: 4, table size: 12
	index: 0, handler: __TI_decompress_lzss
	index: 1, handler: __TI_decompress_none
	index: 2, handler: __TI_zero_init


FAR CALL TRAMPOLINES

callee name               trampoline name
   callee addr  tramp addr   call addr  call info
--------------  -----------  ---------  ----------------
_c_int00_noargs           $Tramp$TT$L$PI$$_c_int00_noargs
   00003ded     00004854     0000484e   startup_mspm0g350x_ticlang.o (.text.Reset_Handler)

[1 trampolines]
[1 trampoline calls]


GLOBAL SYMBOLS: SORTED ALPHABETICALLY BY Name 

address   name                                 
-------   ----                                 
00004847  ADC0_IRQHandler                      
00004847  ADC1_IRQHandler                      
00004847  AES_IRQHandler                       
0000484a  C$$EXIT                              
000035a9  CANFD0_IRQHandler                    
00002d2d  CAN_Rx_FIFO0_New_Message_Callback    
000020c5  CAN_send_ext_frame                   
00004847  DAC0_IRQHandler                      
0000482d  DL_Common_delayCycles                
0000339d  DL_DMA_initChannel                   
00002fe9  DL_I2C_fillControllerTXFIFO          
00003e87  DL_I2C_setClockConfig                
00003a4d  DL_MCAN_TXBufAddReq                  
00003ba5  DL_MCAN_TXBufTransIntrEnable         
00003bd1  DL_MCAN_addExtMsgIDFilter            
00003bfd  DL_MCAN_addStdMsgIDFilter            
00004685  DL_MCAN_clearIntrStatus              
00004115  DL_MCAN_enableIntr                   
00004131  DL_MCAN_enableIntrLine               
000047d9  DL_MCAN_getIntrStatus                
00004759  DL_MCAN_getOpMode                    
000035ed  DL_MCAN_getRevisionId                
000039dd  DL_MCAN_getRxFIFOStatus              
00003f5d  DL_MCAN_getTxFIFOQueStatus           
00001a09  DL_MCAN_init                         
00004769  DL_MCAN_isMemInitDone                
00000531  DL_MCAN_msgRAMConfig                 
00000f81  DL_MCAN_readMsgRam                   
0000414d  DL_MCAN_selectIntrLine               
00001bc1  DL_MCAN_setBitTime                   
00003ed1  DL_MCAN_setClockConfig               
00003a81  DL_MCAN_setExtIDAndMask              
000044a5  DL_MCAN_setOpMode                    
00001395  DL_MCAN_writeMsgRam                  
000036fd  DL_MCAN_writeRxFIFOAck               
00004169  DL_SYSCTL_configFCC                  
00001ae5  DL_SYSCTL_configSYSPLL               
00002dfd  DL_SYSCTL_setHFCLKSourceHFXTParams   
00002f29  DL_SYSCTL_setLFCLKSourceLFXT         
00003631  DL_SYSCTL_switchMCLKfromSYSOSCtoHSCLK
00001199  DL_Timer_initFourCCPWMMode           
000041d9  DL_Timer_setCaptCompUpdateMethod     
0000451d  DL_Timer_setCaptureCompareOutCtl     
000047a9  DL_Timer_setCaptureCompareValue      
000041f5  DL_Timer_setClockConfig              
00003519  DL_UART_init                         
00004721  DL_UART_setClockConfig               
00004847  DMA_IRQHandler                       
00004847  Default_Handler                      
000034cd  Emm_V5_En_Control                    
0000373d  Emm_V5_Origin_Set_O                  
000037bd  Emm_V5_Origin_Trigger_Return         
0000279f  Emm_V5_Pos_Control                   
00004847  GROUP0_IRQHandler                    
00003839  GROUP1_IRQHandler                    
0000484b  HOSTexit                             
00004847  HardFault_Handler                    
00004847  I2C0_IRQHandler                      
00004847  I2C1_IRQHandler                      
00004607  KEY_Init                             
0000250d  KEY_Poll                             
000047fd  Key_A18_Pressed                      
00004809  Key_B21_Pressed                      
00003875  Menu_Init                            
00001489  Menu_Run                             
00004847  NMI_Handler                          
00002cc1  OLED_Clear                           
00000e6d  OLED_Init                            
000038b1  OLED_Set_Pos                         
00000d55  OLED_ShowChar                        
0000129d  OLED_ShowNum                         
00002b79  OLED_ShowString                      
000022bd  OLED_WR_Byte                         
00004847  PendSV_Handler                       
00004847  RTC_IRQHandler                       
0000484f  Reset_Handler                        
00004847  SPI0_IRQHandler                      
00004847  SPI1_IRQHandler                      
00004847  SVC_Handler                          
00003b15  SYSCFG_DL_DMA_CH0_init               
00003b45  SYSCFG_DL_DMA_CH1_init               
00004815  SYSCFG_DL_DMA_init                   
00001759  SYSCFG_DL_FRONT_OUT_init             
000008fd  SYSCFG_DL_GPIO_init                  
00003101  SYSCFG_DL_I2C_OLED_init              
0000166d  SYSCFG_DL_MCAN0_init                 
00002355  SYSCFG_DL_RL_OUT_init                
00002221  SYSCFG_DL_RR_OUT_init                
00001841  SYSCFG_DL_SYSCTL_SYSPLL_init         
00002821  SYSCFG_DL_SYSCTL_init                
000047b9  SYSCFG_DL_SYSTICK_init               
00002a8d  SYSCFG_DL_UART_0_init                
00003159  SYSCFG_DL_init                       
00002181  SYSCFG_DL_initPower                  
00002615  SysTick_Handler                      
00004847  TIMA0_IRQHandler                     
00004847  TIMA1_IRQHandler                     
00004847  TIMG0_IRQHandler                     
00004847  TIMG12_IRQHandler                    
00004847  TIMG6_IRQHandler                     
00004847  TIMG7_IRQHandler                     
00004847  TIMG8_IRQHandler                     
00004733  TI_memcpy_small                      
00003561  Task_Cleanup                         
000045ad  Task_Done                            
0000289d  UART0_IRQHandler                     
00004847  UART1_IRQHandler                     
00004847  UART2_IRQHandler                     
00004847  UART3_IRQHandler                     
00001929  UART_Rx_DMA_ToIdle_Callback          
00004821  User_Init                            
20208000  __STACK_END                          
00000200  __STACK_SIZE                         
00000000  __TI_ATRegion0_region_sz             
00000000  __TI_ATRegion0_src_addr              
00000000  __TI_ATRegion0_trg_addr              
00000000  __TI_ATRegion1_region_sz             
00000000  __TI_ATRegion1_src_addr              
00000000  __TI_ATRegion1_trg_addr              
00000000  __TI_ATRegion2_region_sz             
00000000  __TI_ATRegion2_src_addr              
00000000  __TI_ATRegion2_trg_addr              
00005344  __TI_CINIT_Base                      
00005354  __TI_CINIT_Limit                     
00005354  __TI_CINIT_Warm                      
00005330  __TI_Handler_Table_Base              
0000533c  __TI_Handler_Table_Limit             
00003929  __TI_auto_init_nobinit_nopinit       
00002a11  __TI_decompress_lzss                 
00004745  __TI_decompress_none                 
ffffffff  __TI_pprof_out_hndl                  
ffffffff  __TI_prof_data_size                  
ffffffff  __TI_prof_data_start                 
00000000  __TI_static_base__                   
0000461d  __TI_zero_init_nomemset              
00001e53  __addsf3                             
00002e61  __aeabi_dcmpeq                       
00002e9d  __aeabi_dcmpge                       
00002eb1  __aeabi_dcmpgt                       
00002e89  __aeabi_dcmple                       
00002e75  __aeabi_dcmplt                       
00003a15  __aeabi_f2iz                         
00001e53  __aeabi_fadd                         
00002ec5  __aeabi_fcmpeq                       
00002f01  __aeabi_fcmpge                       
00002f15  __aeabi_fcmpgt                       
00002eed  __aeabi_fcmple                       
00002ed9  __aeabi_fcmplt                       
0000271d  __aeabi_fdiv                         
00002481  __aeabi_fmul                         
00001e49  __aeabi_fsub                         
00001197  __aeabi_idiv0                        
00004839  __aeabi_memcpy                       
00004839  __aeabi_memcpy4                      
00004839  __aeabi_memcpy8                      
00003f19  __aeabi_ui2d                         
0000377d  __aeabi_uidiv                        
0000377d  __aeabi_uidivmod                     
ffffffff  __binit__                            
00002d95  __cmpdf2                             
00003965  __cmpsf2                             
0000271d  __divsf3                             
00002d95  __eqdf2                              
00003965  __eqsf2                              
00003a15  __fixsfsi                            
00003f19  __floatunsidf                        
00002b05  __gedf2                              
000038ed  __gesf2                              
00002b05  __gtdf2                              
000038ed  __gtsf2                              
00002d95  __ledf2                              
00003965  __lesf2                              
00002d95  __ltdf2                              
00003965  __ltsf2                              
UNDEFED   __mpu_init                           
000039a1  __muldsi3                            
00002481  __mulsf3                             
00002d95  __nedf2                              
00003965  __nesf2                              
20207e00  __stack                              
20200000  __start___llvm_prf_bits              
20200000  __start___llvm_prf_cnts              
20200000  __stop___llvm_prf_bits               
20200000  __stop___llvm_prf_cnts               
00001e49  __subsf3                             
00003ded  _c_int00_noargs                      
UNDEFED   _system_post_cinit                   
00004865  _system_pre_init                     
00004841  abort                                
00004e58  asc2_0806                            
00004868  asc2_1608                            
ffffffff  binit                                
0000108d  can_SendCmd                          
00003675  chasis_brake                         
00000a91  chasis_cal                           
00002be9  chasis_set_velocity                  
000047c9  chasis_stop                          
2020055c  flag_enter                           
2020055d  flag_next                            
20200000  gFRONT_OUTBackup                     
20200218  gMCAN0Backup                         
202000bc  gRL_OUTBackup                        
20200178  gRR_OUTBackup                        
2020055e  g_flag_100hz                         
20200544  g_tick                               
00003fdb  gimbal_disable                       
00003f9d  gimbal_enable                        
00003ff9  gimbal_return_zero                   
00004249  gimbal_set_zero                      
000031b1  gimbal_update                        
00002919  handleCanRxMessage                   
2020055f  init_ok                              
00000000  interruptVectors                     
00003049  main                                 
00001f21  motor_brake                          
00001d71  motor_coast                          
00001ff5  motor_openloop_drive                 
00000745  motor_set                            
00002995  ms_callback                          
0000422d  mspm0_delay_ms                       
00003c81  mspm0_get_clock_ms                   
00002f89  oled_i2c_sda_unlock                  
00003b75  oled_pow                             
00002c55  one_hundured_ms_callback             
20200558  rx_size                              
20200554  system_mode                          
000023ed  uart_isIDLE                          
00003209  uart_receive_start                   
202002b0  uart_rx_buff                         
20200567  uart_rx_dma_complete_flag            
20200568  uart_rx_length                       
20200569  uart_tx_complete_flag                
2020056a  uart_tx_dma_complete_flag            
2020034c  user_chasis                          
000000c1  while_task                           


GLOBAL SYMBOLS: SORTED BY Symbol Address 

address   name                                 
-------   ----                                 
00000000  __TI_ATRegion0_region_sz             
00000000  __TI_ATRegion0_src_addr              
00000000  __TI_ATRegion0_trg_addr              
00000000  __TI_ATRegion1_region_sz             
00000000  __TI_ATRegion1_src_addr              
00000000  __TI_ATRegion1_trg_addr              
00000000  __TI_ATRegion2_region_sz             
00000000  __TI_ATRegion2_src_addr              
00000000  __TI_ATRegion2_trg_addr              
00000000  __TI_static_base__                   
00000000  interruptVectors                     
000000c1  while_task                           
00000200  __STACK_SIZE                         
00000531  DL_MCAN_msgRAMConfig                 
00000745  motor_set                            
000008fd  SYSCFG_DL_GPIO_init                  
00000a91  chasis_cal                           
00000d55  OLED_ShowChar                        
00000e6d  OLED_Init                            
00000f81  DL_MCAN_readMsgRam                   
0000108d  can_SendCmd                          
00001197  __aeabi_idiv0                        
00001199  DL_Timer_initFourCCPWMMode           
0000129d  OLED_ShowNum                         
00001395  DL_MCAN_writeMsgRam                  
00001489  Menu_Run                             
0000166d  SYSCFG_DL_MCAN0_init                 
00001759  SYSCFG_DL_FRONT_OUT_init             
00001841  SYSCFG_DL_SYSCTL_SYSPLL_init         
00001929  UART_Rx_DMA_ToIdle_Callback          
00001a09  DL_MCAN_init                         
00001ae5  DL_SYSCTL_configSYSPLL               
00001bc1  DL_MCAN_setBitTime                   
00001d71  motor_coast                          
00001e49  __aeabi_fsub                         
00001e49  __subsf3                             
00001e53  __addsf3                             
00001e53  __aeabi_fadd                         
00001f21  motor_brake                          
00001ff5  motor_openloop_drive                 
000020c5  CAN_send_ext_frame                   
00002181  SYSCFG_DL_initPower                  
00002221  SYSCFG_DL_RR_OUT_init                
000022bd  OLED_WR_Byte                         
00002355  SYSCFG_DL_RL_OUT_init                
000023ed  uart_isIDLE                          
00002481  __aeabi_fmul                         
00002481  __mulsf3                             
0000250d  KEY_Poll                             
00002615  SysTick_Handler                      
0000271d  __aeabi_fdiv                         
0000271d  __divsf3                             
0000279f  Emm_V5_Pos_Control                   
00002821  SYSCFG_DL_SYSCTL_init                
0000289d  UART0_IRQHandler                     
00002919  handleCanRxMessage                   
00002995  ms_callback                          
00002a11  __TI_decompress_lzss                 
00002a8d  SYSCFG_DL_UART_0_init                
00002b05  __gedf2                              
00002b05  __gtdf2                              
00002b79  OLED_ShowString                      
00002be9  chasis_set_velocity                  
00002c55  one_hundured_ms_callback             
00002cc1  OLED_Clear                           
00002d2d  CAN_Rx_FIFO0_New_Message_Callback    
00002d95  __cmpdf2                             
00002d95  __eqdf2                              
00002d95  __ledf2                              
00002d95  __ltdf2                              
00002d95  __nedf2                              
00002dfd  DL_SYSCTL_setHFCLKSourceHFXTParams   
00002e61  __aeabi_dcmpeq                       
00002e75  __aeabi_dcmplt                       
00002e89  __aeabi_dcmple                       
00002e9d  __aeabi_dcmpge                       
00002eb1  __aeabi_dcmpgt                       
00002ec5  __aeabi_fcmpeq                       
00002ed9  __aeabi_fcmplt                       
00002eed  __aeabi_fcmple                       
00002f01  __aeabi_fcmpge                       
00002f15  __aeabi_fcmpgt                       
00002f29  DL_SYSCTL_setLFCLKSourceLFXT         
00002f89  oled_i2c_sda_unlock                  
00002fe9  DL_I2C_fillControllerTXFIFO          
00003049  main                                 
00003101  SYSCFG_DL_I2C_OLED_init              
00003159  SYSCFG_DL_init                       
000031b1  gimbal_update                        
00003209  uart_receive_start                   
0000339d  DL_DMA_initChannel                   
000034cd  Emm_V5_En_Control                    
00003519  DL_UART_init                         
00003561  Task_Cleanup                         
000035a9  CANFD0_IRQHandler                    
000035ed  DL_MCAN_getRevisionId                
00003631  DL_SYSCTL_switchMCLKfromSYSOSCtoHSCLK
00003675  chasis_brake                         
000036fd  DL_MCAN_writeRxFIFOAck               
0000373d  Emm_V5_Origin_Set_O                  
0000377d  __aeabi_uidiv                        
0000377d  __aeabi_uidivmod                     
000037bd  Emm_V5_Origin_Trigger_Return         
00003839  GROUP1_IRQHandler                    
00003875  Menu_Init                            
000038b1  OLED_Set_Pos                         
000038ed  __gesf2                              
000038ed  __gtsf2                              
00003929  __TI_auto_init_nobinit_nopinit       
00003965  __cmpsf2                             
00003965  __eqsf2                              
00003965  __lesf2                              
00003965  __ltsf2                              
00003965  __nesf2                              
000039a1  __muldsi3                            
000039dd  DL_MCAN_getRxFIFOStatus              
00003a15  __aeabi_f2iz                         
00003a15  __fixsfsi                            
00003a4d  DL_MCAN_TXBufAddReq                  
00003a81  DL_MCAN_setExtIDAndMask              
00003b15  SYSCFG_DL_DMA_CH0_init               
00003b45  SYSCFG_DL_DMA_CH1_init               
00003b75  oled_pow                             
00003ba5  DL_MCAN_TXBufTransIntrEnable         
00003bd1  DL_MCAN_addExtMsgIDFilter            
00003bfd  DL_MCAN_addStdMsgIDFilter            
00003c81  mspm0_get_clock_ms                   
00003ded  _c_int00_noargs                      
00003e87  DL_I2C_setClockConfig                
00003ed1  DL_MCAN_setClockConfig               
00003f19  __aeabi_ui2d                         
00003f19  __floatunsidf                        
00003f5d  DL_MCAN_getTxFIFOQueStatus           
00003f9d  gimbal_enable                        
00003fdb  gimbal_disable                       
00003ff9  gimbal_return_zero                   
00004115  DL_MCAN_enableIntr                   
00004131  DL_MCAN_enableIntrLine               
0000414d  DL_MCAN_selectIntrLine               
00004169  DL_SYSCTL_configFCC                  
000041d9  DL_Timer_setCaptCompUpdateMethod     
000041f5  DL_Timer_setClockConfig              
0000422d  mspm0_delay_ms                       
00004249  gimbal_set_zero                      
000044a5  DL_MCAN_setOpMode                    
0000451d  DL_Timer_setCaptureCompareOutCtl     
000045ad  Task_Done                            
00004607  KEY_Init                             
0000461d  __TI_zero_init_nomemset              
00004685  DL_MCAN_clearIntrStatus              
00004721  DL_UART_setClockConfig               
00004733  TI_memcpy_small                      
00004745  __TI_decompress_none                 
00004759  DL_MCAN_getOpMode                    
00004769  DL_MCAN_isMemInitDone                
000047a9  DL_Timer_setCaptureCompareValue      
000047b9  SYSCFG_DL_SYSTICK_init               
000047c9  chasis_stop                          
000047d9  DL_MCAN_getIntrStatus                
000047fd  Key_A18_Pressed                      
00004809  Key_B21_Pressed                      
00004815  SYSCFG_DL_DMA_init                   
00004821  User_Init                            
0000482d  DL_Common_delayCycles                
00004839  __aeabi_memcpy                       
00004839  __aeabi_memcpy4                      
00004839  __aeabi_memcpy8                      
00004841  abort                                
00004847  ADC0_IRQHandler                      
00004847  ADC1_IRQHandler                      
00004847  AES_IRQHandler                       
00004847  DAC0_IRQHandler                      
00004847  DMA_IRQHandler                       
00004847  Default_Handler                      
00004847  GROUP0_IRQHandler                    
00004847  HardFault_Handler                    
00004847  I2C0_IRQHandler                      
00004847  I2C1_IRQHandler                      
00004847  NMI_Handler                          
00004847  PendSV_Handler                       
00004847  RTC_IRQHandler                       
00004847  SPI0_IRQHandler                      
00004847  SPI1_IRQHandler                      
00004847  SVC_Handler                          
00004847  TIMA0_IRQHandler                     
00004847  TIMA1_IRQHandler                     
00004847  TIMG0_IRQHandler                     
00004847  TIMG12_IRQHandler                    
00004847  TIMG6_IRQHandler                     
00004847  TIMG7_IRQHandler                     
00004847  TIMG8_IRQHandler                     
00004847  UART1_IRQHandler                     
00004847  UART2_IRQHandler                     
00004847  UART3_IRQHandler                     
0000484a  C$$EXIT                              
0000484b  HOSTexit                             
0000484f  Reset_Handler                        
00004865  _system_pre_init                     
00004868  asc2_1608                            
00004e58  asc2_0806                            
00005330  __TI_Handler_Table_Base              
0000533c  __TI_Handler_Table_Limit             
00005344  __TI_CINIT_Base                      
00005354  __TI_CINIT_Limit                     
00005354  __TI_CINIT_Warm                      
20200000  __start___llvm_prf_bits              
20200000  __start___llvm_prf_cnts              
20200000  __stop___llvm_prf_bits               
20200000  __stop___llvm_prf_cnts               
20200000  gFRONT_OUTBackup                     
202000bc  gRL_OUTBackup                        
20200178  gRR_OUTBackup                        
20200218  gMCAN0Backup                         
202002b0  uart_rx_buff                         
2020034c  user_chasis                          
20200544  g_tick                               
20200554  system_mode                          
20200558  rx_size                              
2020055c  flag_enter                           
2020055d  flag_next                            
2020055e  g_flag_100hz                         
2020055f  init_ok                              
20200567  uart_rx_dma_complete_flag            
20200568  uart_rx_length                       
20200569  uart_tx_complete_flag                
2020056a  uart_tx_dma_complete_flag            
20207e00  __stack                              
20208000  __STACK_END                          
ffffffff  __TI_pprof_out_hndl                  
ffffffff  __TI_prof_data_size                  
ffffffff  __TI_prof_data_start                 
ffffffff  __binit__                            
ffffffff  binit                                
UNDEFED   __mpu_init                           
UNDEFED   _system_post_cinit                   

[235 symbols]
