******************************************************************************
            TI ARM Clang Linker PC v4.0.4                      
******************************************************************************
>> Linked Sat May 23 21:19:28 2026

OUTPUT FILE NAME:   <test.out>
ENTRY POINT SYMBOL: "_c_int00_noargs"  address: 0000584d


MEMORY CONFIGURATION

         name            origin    length      used     unused   attr    fill
----------------------  --------  ---------  --------  --------  ----  --------
  FLASH                 00000000   00020000  00007318  00018ce8  R  X
  SRAM                  20200000   00008000  00000b6f  00007491  RW X
  BCR_CONFIG            41c00000   000000ff  00000000  000000ff  R   
  BSL_CONFIG            41c00100   00000080  00000000  00000080  R   


SEGMENT ALLOCATION MAP

run origin  load origin   length   init length attrs members
----------  ----------- ---------- ----------- ----- -------
00000000    00000000    00007318   00007318    r-x
  00000000    00000000    000000c0   000000c0    r-- .intvecs
  000000c0    000000c0    00006488   00006488    r-x .text
  00006548    00006548    00000d08   00000d08    r-- .rodata
  00007250    00007250    000000c8   000000c8    r-- .cinit
20200000    20200000    0000096f   00000000    rw-
  20200000    20200000    0000069c   00000000    rw- .bss
  2020069c    2020069c    000002d3   00000000    rw- .data
20207e00    20207e00    00000200   00000000    rw-
  20207e00    20207e00    00000200   00000000    rw- .stack


SECTION ALLOCATION MAP

 output                                  attributes/
section   page    origin      length       input sections
--------  ----  ----------  ----------   ----------------
.intvecs   0    00000000    000000c0     
                  00000000    000000c0     startup_mspm0g350x_ticlang.o (.intvecs)

.text      0    000000c0    00006488     
                  000000c0    000006a4     Task.o (.text.while_task)
                  00000764    000003e0     chasis.o (.text.chasis_cal)
                  00000b44    00000298     chasis.o (.text.mec_inverse)
                  00000ddc    00000280     chasis.o (.text.chasis_trapezoid_move)
                  0000105c    00000214     driverlib.a : dl_mcan.o (.text.DL_MCAN_msgRAMConfig)
                  00001270    00000214     wit_c_sdk.o (.text.WitSerialDataIn)
                  00001484    000001e0     ti_msp_dl_config.o (.text.SYSCFG_DL_GPIO_init)
                  00001664    000001b8     bsp_PWM.o (.text.motor_set)
                  0000181c    0000019c     ultrasonic.o (.text.Ultrasonic_GPIOB_ISR)
                  000019b8    0000017c     wit_c_sdk.o (.text.WitWriteReg)
                  00001b34    00000158     wit_c_sdk.o (.text.CopeWitData)
                  00001c8c    00000118     bsp_oled.o (.text.OLED_ShowChar)
                  00001da4    00000114     bsp_oled.o (.text.OLED_Init)
                  00001eb8    0000010c     driverlib.a : dl_mcan.o (.text.DL_MCAN_readMsgRam)
                  00001fc4    0000010a     ZDT_CAN.o (.text.can_SendCmd)
                  000020ce    00000002     libclang_rt.builtins.a : aeabi_div0.c.obj (.text.__aeabi_idiv0)
                  000020d0    00000104     driverlib.a : dl_timer.o (.text.DL_Timer_initFourCCPWMMode)
                  000021d4    000000fc                 : dl_timer.o (.text.DL_Timer_initTimerMode)
                  000022d0    000000f6     bsp_oled.o (.text.OLED_ShowNum)
                  000023c6    00000002     libclang_rt.builtins.a : aeabi_div0.c.obj (.text.__aeabi_ldiv0)
                  000023c8    000000f4     driverlib.a : dl_mcan.o (.text.DL_MCAN_writeMsgRam)
                  000024bc    000000f4     Task.o (.text.UART_Rx_DMA_ToIdle_Callback)
                  000025b0    000000f0     task_scheduler.o (.text.Menu_Enter)
                  000026a0    000000f0     task_scheduler.o (.text.Menu_Run)
                  00002790    000000ec     ti_msp_dl_config.o (.text.SYSCFG_DL_MCAN0_init)
                  0000287c    000000e8     ti_msp_dl_config.o (.text.SYSCFG_DL_FRONT_OUT_init)
                  00002964    000000e8     ti_msp_dl_config.o (.text.SYSCFG_DL_SYSCTL_SYSPLL_init)
                  00002a4c    000000dc     driverlib.a : dl_mcan.o (.text.DL_MCAN_init)
                  00002b28    000000dc                 : dl_sysctl_mspm0g1x0x_g3x0x.o (.text.DL_SYSCTL_configSYSPLL)
                  00002c04    000000d8                 : dl_mcan.o (.text.DL_MCAN_setBitTime)
                  00002cdc    000000d8     task_scheduler.o (.text.Menu_Draw)
                  00002db4    000000d8     bsp_PWM.o (.text.motor_coast)
                  00002e8c    000000d8     Task.o (.text.one_hundured_ms_callback)
                  00002f64    000000d8     libclang_rt.builtins.a : addsf3.S.obj (.text)
                  0000303c    000000d4     bsp_PWM.o (.text.motor_brake)
                  00003110    000000d0     chasis.o (.text.motor_openloop_drive)
                  000031e0    000000c4     ti_msp_dl_config.o (.text.SYSCFG_DL_initPower)
                  000032a4    000000bc     bsp_CAN.o (.text.CAN_send_ext_frame)
                  00003360    000000b8     ultrasonic.o (.text.Ultrasonic_Trigger)
                  00003418    000000a2     libclang_rt.builtins.a : udivmoddi4.S.obj (.text)
                  000034ba    00000002     --HOLE-- [fill = 0]
                  000034bc    0000009c     ti_msp_dl_config.o (.text.SYSCFG_DL_RR_OUT_init)
                  00003558    00000098     bsp_oled.o (.text.OLED_WR_Byte)
                  000035f0    00000098     ti_msp_dl_config.o (.text.SYSCFG_DL_RL_OUT_init)
                  00003688    00000098     bsp_UART1.o (.text.uart1_isIDLE)
                  00003720    00000090     bsp_UART.o (.text.uart_isIDLE)
                  000037b0    0000008c     libclang_rt.builtins.a : mulsf3.S.obj (.text.__mulsf3)
                  0000383c    0000008c     Task.o (.text.ms_callback)
                  000038c8    00000088     empty.o (.text.SysTick_Handler)
                  00003950    00000084     bsp_key.o (.text.KEY_Poll)
                  000039d4    00000084     task_scheduler.o (.text.Menu_Next)
                  00003a58    00000084     ti_msp_dl_config.o (.text.__NVIC_SetPriority)
                  00003adc    00000082     libclang_rt.builtins.a : divsf3.S.obj (.text.__divsf3)
                  00003b5e    00000080     ZDT_Driver.o (.text.Emm_V5_Pos_Control)
                  00003bde    00000002     --HOLE-- [fill = 0]
                  00003be0    00000080     bsp_UART.o (.text.UART0_IRQHandler)
                  00003c60    00000080     bsp_UART1.o (.text.UART1_IRQHandler)
                  00003ce0    0000007c     Task.o (.text.CAN_Rx_FIFO0_New_Message_Callback)
                  00003d5c    0000007c     ti_msp_dl_config.o (.text.SYSCFG_DL_SYSCTL_init)
                  00003dd8    0000007c     bsp_CAN.o (.text.handleCanRxMessage)
                  00003e54    0000007c     libc.a : copy_decompress_lzss.c.obj (.text:decompress:lzss)
                  00003ed0    00000078     ti_msp_dl_config.o (.text.SYSCFG_DL_UART_0_init)
                  00003f48    00000078     ti_msp_dl_config.o (.text.SYSCFG_DL_UART_1_init)
                  00003fc0    00000074     libclang_rt.builtins.a : comparedf2.c.obj (.text.__gedf2)
                  00004034    00000074     chasis.o (.text.chasis_set_velocity)
                  000040a8    00000070     bsp_oled.o (.text.OLED_ShowString)
                  00004118    00000070     wit_c_sdk.o (.text.__CRC16)
                  00004188    00000070     empty.o (.text.main)
                  000041f8    0000006c     Task.o (.text._show_signed)
                  00004264    0000006a     bsp_oled.o (.text.OLED_Clear)
                  000042ce    00000002     --HOLE-- [fill = 0]
                  000042d0    00000068     libclang_rt.builtins.a : comparedf2.c.obj (.text.__ledf2)
                  00004338    00000064     driverlib.a : dl_sysctl_mspm0g1x0x_g3x0x.o (.text.DL_SYSCTL_setHFCLKSourceHFXTParams)
                  0000439c    00000064     bsp_key.o (.text.GROUP1_IRQHandler)
                  00004400    00000062     libclang_rt.builtins.a : aeabi_dcmp.S.obj (.text.__aeabi_dcmp)
                  00004462    00000002     --HOLE-- [fill = 0]
                  00004464    00000062                            : aeabi_fcmp.S.obj (.text.__aeabi_fcmp)
                  000044c6    00000002     --HOLE-- [fill = 0]
                  000044c8    00000060     driverlib.a : dl_sysctl_mspm0g1x0x_g3x0x.o (.text.DL_SYSCTL_setLFCLKSourceLFXT)
                  00004528    00000060     ti_msp_dl_config.o (.text.SYSCFG_DL_init)
                  00004588    00000060     bsp_oled.o (.text.oled_i2c_sda_unlock)
                  000045e8    00000060     bsp_UART1.o (.text.uart1_send)
                  00004648    0000005e     driverlib.a : dl_i2c.o (.text.DL_I2C_fillControllerTXFIFO)
                  000046a6    00000002     --HOLE-- [fill = 0]
                  000046a8    0000005c     bsp_oled.o (.text.mspm0_i2c_enable)
                  00004704    00000058     ti_msp_dl_config.o (.text.SYSCFG_DL_I2C_OLED_init)
                  0000475c    00000058     ultrasonic.o (.text.Ultrasonic_Init)
                  000047b4    00000054     gimbal.o (.text.gimbal_update)
                  00004808    00000054     bsp_UART1.o (.text.uart1_receive_start)
                  0000485c    00000054     bsp_UART.o (.text.uart_receive_start)
                  000048b0    00000050     bsp_oled.o (.text.DL_GPIO_initPeripheralInputFunctionFeatures)
                  00004900    00000050     ti_msp_dl_config.o (.text.DL_GPIO_initPeripheralInputFunctionFeatures)
                  00004950    00000050     bsp_oled.o (.text.DL_I2C_startControllerTransfer)
                  000049a0    00000050     ti_msp_dl_config.o (.text.SysTick_Config)
                  000049f0    0000004c     driverlib.a : dl_dma.o (.text.DL_DMA_initChannel)
                  00004a3c    0000004c     bsp_oled.o (.text.DL_GPIO_initDigitalInputFeatures)
                  00004a88    0000004c     ti_msp_dl_config.o (.text.DL_GPIO_initDigitalInputFeatures)
                  00004ad4    0000004c     ti_msp_dl_config.o (.text.DL_UART_setBaudRateDivisor)
                  00004b20    0000004c     chasis.o (.text.chasis_brake)
                  00004b6c    0000004a     ZDT_Driver.o (.text.Emm_V5_En_Control)
                  00004bb6    00000002     --HOLE-- [fill = 0]
                  00004bb8    00000048     driverlib.a : dl_uart.o (.text.DL_UART_init)
                  00004c00    00000048     Task.o (.text.Task_Cleanup)
                  00004c48    00000044     bsp_CAN.o (.text.CANFD0_IRQHandler)
                  00004c8c    00000044     driverlib.a : dl_mcan.o (.text.DL_MCAN_getRevisionId)
                  00004cd0    00000044                 : dl_sysctl_mspm0g1x0x_g3x0x.o (.text.DL_SYSCTL_switchMCLKfromSYSOSCtoHSCLK)
                  00004d14    00000044     ultrasonic.o (.text.Ultrasonic_GetDistance_mm)
                  00004d58    00000044     bsp_oled.o (.text.mspm0_i2c_disable)
                  00004d9c    00000040     driverlib.a : dl_mcan.o (.text.DL_MCAN_writeRxFIFOAck)
                  00004ddc    00000040     ZDT_Driver.o (.text.Emm_V5_Origin_Set_O)
                  00004e1c    00000040     Task.o (.text.UART1_Rx_DMA_ToIdle_Callback)
                  00004e5c    00000040     ultrasonic.o (.text.Ultrasonic_IsDataReady)
                  00004e9c    00000040     wit_c_sdk.o (.text.WitInit)
                  00004edc    00000040     libclang_rt.builtins.a : aeabi_uidivmod.S.obj (.text.__aeabi_uidivmod)
                  00004f1c    0000003e     ZDT_Driver.o (.text.Emm_V5_Origin_Trigger_Return)
                  00004f5a    00000002     --HOLE-- [fill = 0]
                  00004f5c    0000003c     ti_msp_dl_config.o (.text.DL_Timer_setCounterControl)
                  00004f98    0000003c     JY901.o (.text.JY901_Init)
                  00004fd4    0000003c     task_scheduler.o (.text.Menu_Init)
                  00005010    0000003c     bsp_oled.o (.text.OLED_Set_Pos)
                  0000504c    0000003c     timer.o (.text.Timestamp_GetTicks)
                  00005088    0000003c     libclang_rt.builtins.a : floatsisf.S.obj (.text.__floatsisf)
                  000050c4    0000003c                            : comparesf2.S.obj (.text.__gtsf2)
                  00005100    0000003c     libc.a : autoinit.c.obj (.text:__TI_auto_init_nobinit_nopinit)
                  0000513c    0000003a     wit_c_sdk.o (.text.__CaliSum)
                  00005176    00000002     --HOLE-- [fill = 0]
                  00005178    0000003a     libclang_rt.builtins.a : comparesf2.S.obj (.text.__eqsf2)
                  000051b2    00000002     --HOLE-- [fill = 0]
                  000051b4    0000003a                            : muldsi3.S.obj (.text.__muldsi3)
                  000051ee    00000002     --HOLE-- [fill = 0]
                  000051f0    00000038     driverlib.a : dl_mcan.o (.text.DL_MCAN_getRxFIFOStatus)
                  00005228    00000038     libclang_rt.builtins.a : fixsfsi.S.obj (.text.__fixsfsi)
                  00005260    00000034     driverlib.a : dl_mcan.o (.text.DL_MCAN_TXBufAddReq)
                  00005294    00000034                 : dl_mcan.o (.text.DL_MCAN_setExtIDAndMask)
                  000052c8    00000034     ti_msp_dl_config.o (.text.SYSCFG_DL_US_TIMER_init)
                  000052fc    00000032     libclang_rt.builtins.a : fixunssfsi.S.obj (.text.__fixunssfsi)
                  0000532e    00000002     --HOLE-- [fill = 0]
                  00005330    00000030     bsp_UART.o (.text.DL_DMA_setTransferSize)
                  00005360    00000030     bsp_UART1.o (.text.DL_DMA_setTransferSize)
                  00005390    00000030     ti_msp_dl_config.o (.text.DL_GPIO_initDigitalOutputFeatures)
                  000053c0    00000030     ti_msp_dl_config.o (.text.SYSCFG_DL_DMA_CH0_init)
                  000053f0    00000030     ti_msp_dl_config.o (.text.SYSCFG_DL_DMA_CH1_init)
                  00005420    00000030     ti_msp_dl_config.o (.text.SYSCFG_DL_DMA_CH2_init)
                  00005450    00000030     ti_msp_dl_config.o (.text.SYSCFG_DL_DMA_CH3_init)
                  00005480    00000030     bsp_oled.o (.text.oled_pow)
                  000054b0    0000002c     driverlib.a : dl_mcan.o (.text.DL_MCAN_TXBufTransIntrEnable)
                  000054dc    0000002c                 : dl_mcan.o (.text.DL_MCAN_addExtMsgIDFilter)
                  00005508    0000002c                 : dl_mcan.o (.text.DL_MCAN_addStdMsgIDFilter)
                  00005534    0000002c     timer.o (.text.TIMG12_IRQHandler)
                  00005560    0000002c     wit_c_sdk.o (.text.WitDelayMsRegister)
                  0000558c    0000002c     wit_c_sdk.o (.text.WitRegisterCallBack)
                  000055b8    0000002c     wit_c_sdk.o (.text.WitSerialWriteRegister)
                  000055e4    0000002c     bsp_key.o (.text.__NVIC_EnableIRQ)
                  00005610    0000002c     empty.o (.text.__NVIC_EnableIRQ)
                  0000563c    0000002c     timer.o (.text.__NVIC_EnableIRQ)
                  00005668    0000002c     empty.o (.text.mspm0_get_clock_ms)
                  00005694    00000028     bsp_oled.o (.text.DL_Common_updateReg)
                  000056bc    00000028     ti_msp_dl_config.o (.text.DL_Common_updateReg)
                  000056e4    00000028     bsp_UART.o (.text.DL_DMA_setDestAddr)
                  0000570c    00000028     bsp_UART1.o (.text.DL_DMA_setDestAddr)
                  00005734    00000028     bsp_UART.o (.text.DL_DMA_setSrcAddr)
                  0000575c    00000028     bsp_UART1.o (.text.DL_DMA_setSrcAddr)
                  00005784    00000028     ti_msp_dl_config.o (.text.DL_I2C_setControllerRXFIFOThreshold)
                  000057ac    00000028     ti_msp_dl_config.o (.text.DL_I2C_setControllerTXFIFOThreshold)
                  000057d4    00000028     ti_msp_dl_config.o (.text.DL_UART_setRXFIFOThreshold)
                  000057fc    00000028     ti_msp_dl_config.o (.text.DL_UART_setTXFIFOThreshold)
                  00005824    00000028     libclang_rt.builtins.a : floatunsisf.S.obj (.text.__floatunsisf)
                  0000584c    00000028     libc.a : boot_cortex_m.c.obj (.text:_c_int00_noargs)
                  00005874    00000026     bsp_UART.o (.text.DL_DMA_disableChannel)
                  0000589a    00000026     bsp_UART1.o (.text.DL_DMA_disableChannel)
                  000058c0    00000026     bsp_UART.o (.text.DL_DMA_enableChannel)
                  000058e6    00000026     bsp_UART1.o (.text.DL_DMA_enableChannel)
                  0000590c    00000026     ti_msp_dl_config.o (.text.DL_I2C_setAnalogGlitchFilterPulseWidth)
                  00005932    00000026     driverlib.a : dl_i2c.o (.text.DL_I2C_setClockConfig)
                  00005958    00000024     bsp_UART.o (.text.DL_DMA_getTransferSize)
                  0000597c    00000024     bsp_UART1.o (.text.DL_DMA_getTransferSize)
                  000059a0    00000024     driverlib.a : dl_mcan.o (.text.DL_MCAN_setClockConfig)
                  000059c4    00000024     ti_msp_dl_config.o (.text.DL_UART_setRXInterruptTimeout)
                  000059e8    00000024     JY901.o (.text.JY901_Update)
                  00005a0c    00000024     libclang_rt.builtins.a : floatunsidf.S.obj (.text.__floatunsidf)
                  00005a30    00000020     ti_msp_dl_config.o (.text.DL_GPIO_initPeripheralInputFunction)
                  00005a50    00000020     driverlib.a : dl_mcan.o (.text.DL_MCAN_getTxFIFOQueStatus)
                  00005a70    00000020     ti_msp_dl_config.o (.text.DL_SYSCTL_setFlashWaitState)
                  00005a90    00000020     gimbal.o (.text.gimbal_enable)
                  00005ab0    0000001e     ti_msp_dl_config.o (.text.DL_UART_setOversampling)
                  00005ace    00000002     --HOLE-- [fill = 0]
                  00005ad0    0000001e     libclang_rt.builtins.a : ashldi3.S.obj (.text.__ashldi3)
                  00005aee    0000001e     gimbal.o (.text.gimbal_disable)
                  00005b0c    0000001e     gimbal.o (.text.gimbal_return_zero)
                  00005b2a    00000002     --HOLE-- [fill = 0]
                  00005b2c    0000001c     ti_msp_dl_config.o (.text.DL_DMA_enableInterrupt)
                  00005b48    0000001c     bsp_key.o (.text.DL_GPIO_clearInterruptStatus)
                  00005b64    0000001c     ti_msp_dl_config.o (.text.DL_GPIO_clearInterruptStatus)
                  00005b80    0000001c     ultrasonic.o (.text.DL_GPIO_clearInterruptStatus)
                  00005b9c    0000001c     ultrasonic.o (.text.DL_GPIO_disableInterrupt)
                  00005bb8    0000001c     bsp_oled.o (.text.DL_GPIO_enableHiZ)
                  00005bd4    0000001c     ti_msp_dl_config.o (.text.DL_GPIO_enableHiZ)
                  00005bf0    0000001c     ti_msp_dl_config.o (.text.DL_GPIO_enableInterrupt)
                  00005c0c    0000001c     ultrasonic.o (.text.DL_GPIO_enableInterrupt)
                  00005c28    0000001c     ti_msp_dl_config.o (.text.DL_GPIO_initPeripheralOutputFunction)
                  00005c44    0000001c     ti_msp_dl_config.o (.text.DL_GPIO_setLowerPinsPolarity)
                  00005c60    0000001c     bsp_oled.o (.text.DL_I2C_getSDAStatus)
                  00005c7c    0000001c     bsp_key.o (.text.DL_Interrupt_getPendingGroup)
                  00005c98    0000001c     ti_msp_dl_config.o (.text.DL_MCAN_enableInterrupt)
                  00005cb4    0000001c     driverlib.a : dl_mcan.o (.text.DL_MCAN_enableIntr)
                  00005cd0    0000001c                 : dl_mcan.o (.text.DL_MCAN_enableIntrLine)
                  00005cec    0000001c                 : dl_mcan.o (.text.DL_MCAN_selectIntrLine)
                  00005d08    0000001c                 : dl_sysctl_mspm0g1x0x_g3x0x.o (.text.DL_SYSCTL_configFCC)
                  00005d24    0000001c     ti_msp_dl_config.o (.text.DL_SYSCTL_setFCCPeriods)
                  00005d40    0000001c     ti_msp_dl_config.o (.text.DL_SYSCTL_setSYSOSCFreq)
                  00005d5c    0000001c     ti_msp_dl_config.o (.text.DL_SYSCTL_setULPCLKDivider)
                  00005d78    0000001c     ti_msp_dl_config.o (.text.DL_Timer_enableInterrupt)
                  00005d94    0000001c     driverlib.a : dl_timer.o (.text.DL_Timer_setCaptCompUpdateMethod)
                  00005db0    0000001c                 : dl_timer.o (.text.DL_Timer_setClockConfig)
                  00005dcc    0000001c     ti_msp_dl_config.o (.text.DL_UART_enableInterrupt)
                  00005de8    0000001c     empty.o (.text.mspm0_delay_ms)
                  00005e04    0000001a     gimbal.o (.text.gimbal_set_zero)
                  00005e1e    00000002     --HOLE-- [fill = 0]
                  00005e20    00000018     ti_msp_dl_config.o (.text.DL_DMA_clearInterruptStatus)
                  00005e38    00000018     bsp_oled.o (.text.DL_GPIO_enableOutput)
                  00005e50    00000018     ti_msp_dl_config.o (.text.DL_GPIO_enableOutput)
                  00005e68    00000018     ti_msp_dl_config.o (.text.DL_GPIO_enablePower)
                  00005e80    00000018     bsp_oled.o (.text.DL_GPIO_initDigitalOutput)
                  00005e98    00000018     ti_msp_dl_config.o (.text.DL_GPIO_initDigitalOutput)
                  00005eb0    00000018     ti_msp_dl_config.o (.text.DL_GPIO_initPeripheralAnalogFunction)
                  00005ec8    00000018     ti_msp_dl_config.o (.text.DL_GPIO_reset)
                  00005ee0    00000018     bsp_oled.o (.text.DL_GPIO_setPins)
                  00005ef8    00000018     empty.o (.text.DL_GPIO_setPins)
                  00005f10    00000018     ultrasonic.o (.text.DL_GPIO_setPins)
                  00005f28    00000018     ti_msp_dl_config.o (.text.DL_GPIO_setUpperPinsPolarity)
                  00005f40    00000018     empty.o (.text.DL_GPIO_togglePins)
                  00005f58    00000018     bsp_oled.o (.text.DL_I2C_clearInterruptStatus)
                  00005f70    00000018     ti_msp_dl_config.o (.text.DL_I2C_enableAnalogGlitchFilter)
                  00005f88    00000018     ti_msp_dl_config.o (.text.DL_I2C_enableController)
                  00005fa0    00000018     ti_msp_dl_config.o (.text.DL_I2C_enableControllerClockStretching)
                  00005fb8    00000018     bsp_oled.o (.text.DL_I2C_enablePower)
                  00005fd0    00000018     ti_msp_dl_config.o (.text.DL_I2C_enablePower)
                  00005fe8    00000018     bsp_oled.o (.text.DL_I2C_getRawInterruptStatus)
                  00006000    00000018     bsp_oled.o (.text.DL_I2C_reset)
                  00006018    00000018     ti_msp_dl_config.o (.text.DL_I2C_reset)
                  00006030    00000018     ti_msp_dl_config.o (.text.DL_I2C_setTimerPeriod)
                  00006048    00000018     ti_msp_dl_config.o (.text.DL_MCAN_clearInterruptStatus)
                  00006060    00000018     ti_msp_dl_config.o (.text.DL_MCAN_enablePower)
                  00006078    00000018     ti_msp_dl_config.o (.text.DL_MCAN_reset)
                  00006090    00000018     driverlib.a : dl_mcan.o (.text.DL_MCAN_setOpMode)
                  000060a8    00000018     ti_msp_dl_config.o (.text.DL_SYSCTL_setBORThreshold)
                  000060c0    00000018     timer.o (.text.DL_Timer_clearInterruptStatus)
                  000060d8    00000018     ti_msp_dl_config.o (.text.DL_Timer_enablePower)
                  000060f0    00000018     ti_msp_dl_config.o (.text.DL_Timer_enableShadowFeatures)
                  00006108    00000018     ti_msp_dl_config.o (.text.DL_Timer_reset)
                  00006120    00000018     driverlib.a : dl_timer.o (.text.DL_Timer_setCaptureCompareOutCtl)
                  00006138    00000018     ti_msp_dl_config.o (.text.DL_UART_enableDMAReceiveEvent)
                  00006150    00000018     ti_msp_dl_config.o (.text.DL_UART_enableDMATransmitEvent)
                  00006168    00000018     ti_msp_dl_config.o (.text.DL_UART_enableFIFOs)
                  00006180    00000018     ti_msp_dl_config.o (.text.DL_UART_enablePower)
                  00006198    00000018     ti_msp_dl_config.o (.text.DL_UART_reset)
                  000061b0    00000018     task_scheduler.o (.text.Task_Done)
                  000061c8    00000016     bsp_key.o (.text.DL_GPIO_readPins)
                  000061de    00000016     bsp_oled.o (.text.DL_GPIO_readPins)
                  000061f4    00000016     ultrasonic.o (.text.DL_GPIO_readPins)
                  0000620a    00000016     ti_msp_dl_config.o (.text.DL_UART_enable)
                  00006220    00000016     bsp_key.o (.text.KEY_Init)
                  00006236    00000016     JY901.o (.text._jy_write)
                  0000624c    00000014     bsp_oled.o (.text.DL_GPIO_clearPins)
                  00006260    00000014     ti_msp_dl_config.o (.text.DL_GPIO_clearPins)
                  00006274    00000014     ultrasonic.o (.text.DL_GPIO_clearPins)
                  00006288    00000014     bsp_oled.o (.text.DL_I2C_getControllerStatus)
                  0000629c    00000014     ti_msp_dl_config.o (.text.DL_I2C_resetControllerTransfer)
                  000062b0    00000014     driverlib.a : dl_mcan.o (.text.DL_MCAN_clearIntrStatus)
                  000062c4    00000014     bsp_CAN.o (.text.DL_MCAN_getPendingInterrupt)
                  000062d8    00000014     ti_msp_dl_config.o (.text.DL_SYSCTL_disableSYSPLL)
                  000062ec    00000014     ti_msp_dl_config.o (.text.DL_SYSCTL_enableSYSPLL)
                  00006300    00000014     ti_msp_dl_config.o (.text.DL_Timer_enableClock)
                  00006314    00000014     ti_msp_dl_config.o (.text.DL_Timer_setCCPDirection)
                  00006328    00000014     ti_msp_dl_config.o (.text.SYSCFG_DL_DMA_init)
                  0000633c    00000014     timer.o (.text.Timestamp_Init)
                  00006350    00000014     libclang_rt.builtins.a : aeabi_uldivmod.S.obj (.text.__aeabi_uldivmod)
                  00006364    00000012     bsp_key.o (.text.DL_GPIO_getPendingInterrupt)
                  00006376    00000012     ti_msp_dl_config.o (.text.DL_MCAN_enableModuleClock)
                  00006388    00000012     timer.o (.text.DL_Timer_getPendingInterrupt)
                  0000639a    00000012     bsp_UART.o (.text.DL_UART_getPendingInterrupt)
                  000063ac    00000012     bsp_UART1.o (.text.DL_UART_getPendingInterrupt)
                  000063be    00000012     driverlib.a : dl_uart.o (.text.DL_UART_setClockConfig)
                  000063d0    00000012     libc.a : memcpy16.S.obj (.text:TI_memcpy_small)
                  000063e2    00000012            : copy_decompress_none.c.obj (.text:decompress:none)
                  000063f4    00000010     driverlib.a : dl_mcan.o (.text.DL_MCAN_getOpMode)
                  00006404    00000010                 : dl_mcan.o (.text.DL_MCAN_isMemInitDone)
                  00006414    00000010     ti_msp_dl_config.o (.text.DL_SYSCTL_disableHFXT)
                  00006424    00000010     ti_msp_dl_config.o (.text.DL_SYSCTL_isFCCDone)
                  00006434    00000010     ti_msp_dl_config.o (.text.DL_SYSCTL_startFCC)
                  00006444    00000010     timer.o (.text.DL_Timer_getTimerCount)
                  00006454    00000010     driverlib.a : dl_timer.o (.text.DL_Timer_setCaptureCompareValue)
                  00006464    00000010     ti_msp_dl_config.o (.text.SYSCFG_DL_SYSTICK_init)
                  00006474    00000010     Task.o (.text.User_Init)
                  00006484    00000010     libc.a : copy_zero_init.c.obj (.text:decompress:ZI)
                  00006494    0000000e     chasis.o (.text.chasis_stop)
                  000064a2    0000000e     libc.a : memset16.S.obj (.text:TI_memset_small)
                  000064b0    0000000c     driverlib.a : dl_mcan.o (.text.DL_MCAN_getIntrStatus)
                  000064bc    0000000c     ti_msp_dl_config.o (.text.DL_SYSCTL_getClockStatus)
                  000064c8    0000000c     ti_msp_dl_config.o (.text.DL_SYSCTL_readFCC)
                  000064d4    0000000c     Task.o (.text.Key_A18_Pressed)
                  000064e0    0000000c     Task.o (.text.Key_B21_Pressed)
                  000064ec    0000000c     libclang_rt.builtins.a : aeabi_memset.S.obj (.text.__aeabi_memclr)
                  000064f8    0000000a     driverlib.a : dl_common.o (.text.DL_Common_delayCycles)
                  00006502    0000000a     JY901.o (.text._jy_delay)
                  0000650c    0000000a     JY901.o (.text._jy_reg_cb)
                  00006516    00000002     --HOLE-- [fill = 0]
                  00006518    00000008     libclang_rt.builtins.a : aeabi_memcpy.S.obj (.text.__aeabi_memcpy)
                  00006520    00000006     libc.a : exit.c.obj (.text:abort)
                  00006526    00000004     startup_mspm0g350x_ticlang.o (.text.Default_Handler)
                  0000652a    00000004     libsysbm.a : hostexit.c.obj (.text.HOSTexit)
                  0000652e    00000004     startup_mspm0g350x_ticlang.o (.text.Reset_Handler)
                  00006532    00000002     --HOLE-- [fill = 0]
                  00006534    00000010     libc.a : boot_cortex_m.c.obj (.tramp._c_int00_noargs.1)
                  00006544    00000004            : pre_init.c.obj (.text._system_pre_init)

.cinit     0    00007250    000000c8     
                  00007250    000000a0     (.cinit..data.load) [load image, compression = lzss]
                  000072f0    0000000c     (__TI_handler_table)
                  000072fc    00000008     (.cinit..bss.load) [load image, compression = zero_init]
                  00007304    00000010     (__TI_cinit_table)
                  00007314    00000004     --HOLE-- [fill = 0]

.rodata    0    00006548    00000d08     
                  00006548    000005f0     bsp_oled.o (.rodata.asc2_1608)
                  00006b38    00000228     bsp_oled.o (.rodata.asc2_0806)
                  00006d60    00000100     wit_c_sdk.o (.rodata.__auchCRCHi)
                  00006e60    00000100     wit_c_sdk.o (.rodata.__auchCRCLo)
                  00006f60    00000060     ti_msp_dl_config.o (.rodata.gMCAN0MsgRAMConfigParams)
                  00006fc0    00000040     driverlib.a : dl_mcan.o (.rodata..L__const.DL_MCAN_getDataSize.dataSize)
                  00007000    00000034     ti_msp_dl_config.o (.rodata.gMCAN0InitParams)
                  00007034    00000028     ti_msp_dl_config.o (.rodata.gSYSPLLConfig)
                  0000705c    00000020     driverlib.a : dl_mcan.o (.rodata.cst32)
                  0000707c    00000020     ti_msp_dl_config.o (.rodata.gMCAN0BitTimes)
                  0000709c    00000018     ti_msp_dl_config.o (.rodata.gDMA_CH0Config)
                  000070b4    00000018     ti_msp_dl_config.o (.rodata.gDMA_CH1Config)
                  000070cc    00000018     ti_msp_dl_config.o (.rodata.gDMA_CH2Config)
                  000070e4    00000018     ti_msp_dl_config.o (.rodata.gDMA_CH3Config)
                  000070fc    00000014     ti_msp_dl_config.o (.rodata.gUS_TIMERTimerConfig)
                  00007110    00000010     ti_msp_dl_config.o (.rodata.gMCAN0ExtFiltelem)
                  00007120    00000010     ti_msp_dl_config.o (.rodata.gMCAN0StdFiltelem)
                  00007130    00000010     chasis.o (.rodata.openloop_ratio)
                  00007140    0000000f     task_scheduler.o (.rodata.str1.14552388435526194663.1)
                  0000714f    0000000e     task_scheduler.o (.rodata.str1.9855678927950593766.1)
                  0000715d    0000000c     task_scheduler.o (.rodata.str1.14190357177579510289.1)
                  00007169    0000000b     task_scheduler.o (.rodata.str1.17557591748756409378.1)
                  00007174    0000000a     ti_msp_dl_config.o (.rodata.gUART_0Config)
                  0000717e    0000000a     ti_msp_dl_config.o (.rodata.gUART_1Config)
                  00007188    0000000a     task_scheduler.o (.rodata.str1.14606958373863359431.1)
                  00007192    0000000a     task_scheduler.o (.rodata.str1.2657894803344293859.1)
                  0000719c    00000009     task_scheduler.o (.rodata.str1.12698780283469048528.1)
                  000071a5    00000009     task_scheduler.o (.rodata.str1.15138029808797558358.1)
                  000071ae    00000009     task_scheduler.o (.rodata.str1.17984259232970945524.1)
                  000071b7    00000009     task_scheduler.o (.rodata.str1.2160916131609573578.1)
                  000071c0    00000009     task_scheduler.o (.rodata.str1.7939893941929394660.1)
                  000071c9    00000009     task_scheduler.o (.rodata.str1.9247241511803337348.1)
                  000071d2    00000002     ti_msp_dl_config.o (.rodata.gI2C_OLEDClockConfig)
                  000071d4    00000008     ultrasonic.o (.rodata._echo_iidx)
                  000071dc    00000008     ultrasonic.o (.rodata._echo_pin)
                  000071e4    00000008     ultrasonic.o (.rodata._trig_pin)
                  000071ec    00000008     ti_msp_dl_config.o (.rodata.gFRONT_OUTConfig)
                  000071f4    00000008     ti_msp_dl_config.o (.rodata.gRL_OUTConfig)
                  000071fc    00000008     ti_msp_dl_config.o (.rodata.gRR_OUTConfig)
                  00007204    00000007     task_scheduler.o (.rodata.str1.10506625049490768188.1)
                  0000720b    00000007     task_scheduler.o (.rodata.str1.18069038080357984115.1)
                  00007212    00000007     task_scheduler.o (.rodata.str1.4916143694647286702.1)
                  00007219    00000006     task_scheduler.o (.rodata.str1.13768897686556393344.1)
                  0000721f    00000006     task_scheduler.o (.rodata.str1.4577691884733283733.1)
                  00007225    00000005     task_scheduler.o (.rodata.str1.14699949538115772633.1)
                  0000722a    00000004     ti_msp_dl_config.o (.rodata.gMCAN0ClockConf)
                  0000722e    00000004     Task.o (.rodata.str1.99587616205557558.1)
                  00007232    00000003     ti_msp_dl_config.o (.rodata.gFRONT_OUTClockConfig)
                  00007235    00000003     ti_msp_dl_config.o (.rodata.gLFCLKConfig)
                  00007238    00000003     ti_msp_dl_config.o (.rodata.gRL_OUTClockConfig)
                  0000723b    00000003     ti_msp_dl_config.o (.rodata.gRR_OUTClockConfig)
                  0000723e    00000003     ti_msp_dl_config.o (.rodata.gUS_TIMERClockConfig)
                  00007241    00000002     ti_msp_dl_config.o (.rodata.gUART_0ClockConfig)
                  00007243    00000002     ti_msp_dl_config.o (.rodata.gUART_1ClockConfig)
                  00007245    00000002     task_scheduler.o (.rodata.str1.16400217066248172146.1)
                  00007247    00000002     Task.o (.rodata.str1.7848802165208324070.1)
                  00007249    00000001     task_scheduler.o (.rodata.str1.9784223496667871455.1)
                  0000724a    00000006     --HOLE-- [fill = 0]

.init_array 
*          0    00000000    00000000     UNINITIALIZED

.binit     0    00000000    00000000     

.bss       0    20200000    0000069c     UNINITIALIZED
                  20200000    00000120     (.common:sReg)
                  20200120    00000100     wit_c_sdk.o (.bss.s_ucWitDataBuff)
                  20200220    000000bc     (.common:gFRONT_OUTBackup)
                  202002dc    000000bc     (.common:gRL_OUTBackup)
                  20200398    000000a0     (.common:gRR_OUTBackup)
                  20200438    00000098     (.common:gMCAN0Backup)
                  202004d0    00000064     (.common:uart1_rx_buff)
                  20200534    00000064     (.common:uart_rx_buff)
                  20200598    00000050     ultrasonic.o (.bss.g_us)
                  202005e8    00000050     Task.o (.bss.once_flag)
                  20200638    00000034     chasis.o (.bss.trap)
                  2020066c    00000018     task_scheduler.o (.bss.menu_stack)
                  20200684    00000004     chasis.o (.bss.brake_linear_dvx)
                  20200688    00000004     chasis.o (.bss.brake_linear_dvy)
                  2020068c    00000004     chasis.o (.bss.brake_linear_dwz)
                  20200690    00000004     chasis.o (.bss.brake_linear_elapsed)
                  20200694    00000004     chasis.o (.bss.brake_linear_time_ms)
                  20200698    00000004     (.common:jy901_yaw)

.data      0    2020069c    000002d3     UNINITIALIZED
                  2020069c    00000118     chasis.o (.data.user_chasis)
                  202007b4    00000070     task_scheduler.o (.data.menu_gimbal_items)
                  20200824    00000040     task_scheduler.o (.data.menu_chasis_items)
                  20200864    00000040     task_scheduler.o (.data.menu_debug_items)
                  202008a4    00000020     task_scheduler.o (.data.menu_gyro_items)
                  202008c4    00000010     bsp_PWM.o (.data.g_motor)
                  202008d4    00000010     task_scheduler.o (.data.menu_root)
                  202008e4    00000010     task_scheduler.o (.data.menu_root_items)
                  202008f4    00000010     chasis.o (.data.motor_test_target_rpm)
                  20200904    00000008     bsp_key.o (.data.key_tick)
                  2020090c    00000004     task_scheduler.o (.data.countdown_start)
                  20200910    00000004     task_scheduler.o (.data.cur_menu)
                  20200914    00000004     empty.o (.data.g_tick)
                  20200918    00000004     timer.o (.data.g_timer_overflow)
                  2020091c    00000004     chasis.o (.data.motor_invert)
                  20200920    00000004     chasis.o (.data.move_timer_ms)
                  20200924    00000004     wit_c_sdk.o (.data.p_WitCanWriteFunc)
                  20200928    00000004     wit_c_sdk.o (.data.p_WitDelaymsFunc)
                  2020092c    00000004     wit_c_sdk.o (.data.p_WitI2cWriteFunc)
                  20200930    00000004     wit_c_sdk.o (.data.p_WitRegUpdateCbFunc)
                  20200934    00000004     wit_c_sdk.o (.data.p_WitSerialWriteFunc)
                  20200938    00000004     task_scheduler.o (.data.pending_task)
                  2020093c    00000004     wit_c_sdk.o (.data.s_uiProtoclo)
                  20200940    00000004     wit_c_sdk.o (.data.s_uiReadRegIndex)
                  20200944    00000004     wit_c_sdk.o (.data.s_uiWitDataCnt)
                  20200948    00000004     Task.o (.data.system_mode)
                  2020094c    00000002     bsp_UART.o (.data.rx_size)
                  2020094e    00000002     bsp_UART1.o (.data.uart1_rx_size)
                  20200950    00000001     chasis.o (.data.brake_hold)
                  20200951    00000001     chasis.o (.data.brake_linear_active)
                  20200952    00000001     chasis.o (.data.chasis_braked)
                  20200953    00000001     chasis.o (.data.chasis_trapezoid_done)
                  20200954    00000001     task_scheduler.o (.data.cursor)
                  20200955    00000001     task_scheduler.o (.data.flag_enter)
                  20200956    00000001     task_scheduler.o (.data.flag_next)
                  20200957    00000001     empty.o (.data.g_flag_100hz)
                  20200958    00000001     empty.o (.data.init_ok)
                  20200959    00000001     task_scheduler.o (.data.menu_sp)
                  2020095a    00000001     chasis.o (.data.motor_test_mode)
                  2020095b    00000001     chasis.o (.data.move_state)
                  2020095c    00000001     task_scheduler.o (.data.need_draw)
                  2020095d    00000001     Task.o (.data.one_hundured_ms_callback.us_cnt)
                  2020095e    00000001     wit_c_sdk.o (.data.s_ucAddr)
                  2020095f    00000001     task_scheduler.o (.data.scroll)
                  20200960    00000001     bsp_UART1.o (.data.uart1_isIDLE.rx_last_size)
                  20200961    00000001     bsp_UART1.o (.data.uart1_isIDLE.stable_count)
                  20200962    00000001     bsp_UART1.o (.data.uart1_rx_dma_complete_flag)
                  20200963    00000001     bsp_UART1.o (.data.uart1_rx_length)
                  20200964    00000001     bsp_UART1.o (.data.uart1_tx_complete_flag)
                  20200965    00000001     bsp_UART1.o (.data.uart1_tx_dma_complete_flag)
                  20200966    00000001     bsp_UART.o (.data.uart_isIDLE.rx_last_size)
                  20200967    00000001     bsp_UART.o (.data.uart_isIDLE.stable_count)
                  20200968    00000001     bsp_UART.o (.data.uart_rx_dma_complete_flag)
                  20200969    00000001     bsp_UART.o (.data.uart_rx_length)
                  2020096a    00000001     bsp_UART.o (.data.uart_tx_complete_flag)
                  2020096b    00000001     bsp_UART.o (.data.uart_tx_dma_complete_flag)
                  2020096c    00000001     Task.o (.data.while_task.step.1)
                  2020096d    00000001     Task.o (.data.while_task.step.2)
                  2020096e    00000001     Task.o (.data.while_task.step)

.stack     0    20207e00    00000200     UNINITIALIZED
                  20207e00    00000004     libc.a : boot_cortex_m.c.obj (.stack)
                  20207e04    000001fc     --HOLE--

__llvm_prf_cnts 
*          0    20200000    00000000     UNINITIALIZED

__llvm_prf_bits 
*          0    20200000    00000000     UNINITIALIZED

MODULE SUMMARY

       Module                         code    ro data   rw data
       ------                         ----    -------   -------
    .\
       ti_msp_dl_config.o             4600    437       688    
       empty.o                        412     0         6      
       startup_mspm0g350x_ticlang.o   8       192       0      
    +--+------------------------------+-------+---------+---------+
       Total:                         5020    629       694    
                                                               
    .\User\bsp\Src\
       bsp_oled.o                     2098    2072      0      
       chasis.o                       2710    16        382    
       Task.o                         2708    6         88     
       wit_c_sdk.o                    1622    512       577    
       task_scheduler.o               912     167       346    
       ultrasonic.o                   966     24        80     
       bsp_PWM.o                      868     0         16     
       bsp_UART1.o                    718     0         108    
       bsp_UART.o                     614     0         108    
       bsp_key.o                      394     0         8      
       bsp_CAN.o                      400     0         0      
       ZDT_Driver.o                   328     0         0      
       ZDT_CAN.o                      266     0         0      
       timer.o                        226     0         4      
       gimbal.o                       202     0         0      
       JY901.o                        138     0         4      
    +--+------------------------------+-------+---------+---------+
       Total:                         15170   2797      1721   
                                                               
    E:/TI/CCS/mspm0_sdk_2_10_00_04/source/ti/driverlib/lib/ticlang/m0p/mspm0g1x0x_g3x0x/driverlib.a
       dl_mcan.o                      2144    96        0      
       dl_timer.o                     608     0         0      
       dl_sysctl_mspm0g1x0x_g3x0x.o   512     0         0      
       dl_i2c.o                       132     0         0      
       dl_uart.o                      90      0         0      
       dl_dma.o                       76      0         0      
       dl_common.o                    10      0         0      
    +--+------------------------------+-------+---------+---------+
       Total:                         3572    96        0      
                                                               
    E:\TI\CCS\ccs\tools\compiler\ti-cgt-armllvm_4.0.4.LTS\lib\armv6m-ti-none-eabi/c/libc.a
       copy_decompress_lzss.c.obj     124     0         0      
       autoinit.c.obj                 60      0         0      
       boot_cortex_m.c.obj            56      0         0      
       copy_decompress_none.c.obj     18      0         0      
       memcpy16.S.obj                 18      0         0      
       copy_zero_init.c.obj           16      0         0      
       memset16.S.obj                 14      0         0      
       exit.c.obj                     6       0         0      
       pre_init.c.obj                 4       0         0      
    +--+------------------------------+-------+---------+---------+
       Total:                         316     0         0      
                                                               
    E:\TI\CCS\ccs\tools\compiler\ti-cgt-armllvm_4.0.4.LTS\lib\armv6m-ti-none-eabi/c/libsysbm.a
       hostexit.c.obj                 4       0         0      
    +--+------------------------------+-------+---------+---------+
       Total:                         4       0         0      
                                                               
    E:\TI\CCS\ccs\tools\compiler\ti-cgt-armllvm_4.0.4.LTS\lib\armv6m-ti-none-eabi/libclang_rt.builtins.a
       comparedf2.c.obj               220     0         0      
       addsf3.S.obj                   216     0         0      
       udivmoddi4.S.obj               162     0         0      
       mulsf3.S.obj                   140     0         0      
       divsf3.S.obj                   130     0         0      
       comparesf2.S.obj               118     0         0      
       aeabi_dcmp.S.obj               98      0         0      
       aeabi_fcmp.S.obj               98      0         0      
       aeabi_uidivmod.S.obj           64      0         0      
       floatsisf.S.obj                60      0         0      
       muldsi3.S.obj                  58      0         0      
       fixsfsi.S.obj                  56      0         0      
       fixunssfsi.S.obj               50      0         0      
       floatunsisf.S.obj              40      0         0      
       floatunsidf.S.obj              36      0         0      
       ashldi3.S.obj                  30      0         0      
       aeabi_uldivmod.S.obj           20      0         0      
       aeabi_memset.S.obj             12      0         0      
       aeabi_memcpy.S.obj             8       0         0      
       aeabi_div0.c.obj               4       0         0      
    +--+------------------------------+-------+---------+---------+
       Total:                         1620    0         0      
                                                               
       Stack:                         0       0         512    
       Linker Generated:              0       196       0      
    +--+------------------------------+-------+---------+---------+
       Grand Total:                   25702   3718      2927   


LINKER GENERATED COPY TABLES

__TI_cinit_table @ 00007304 records: 2, size/record: 8, table size: 16
	.data: load addr=00007250, load size=000000a0 bytes, run addr=2020069c, run size=000002d3 bytes, compression=lzss
	.bss: load addr=000072fc, load size=00000008 bytes, run addr=20200000, run size=0000069c bytes, compression=zero_init


LINKER GENERATED HANDLER TABLE

__TI_handler_table @ 000072f0 records: 3, size/record: 4, table size: 12
	index: 0, handler: __TI_decompress_lzss
	index: 1, handler: __TI_decompress_none
	index: 2, handler: __TI_zero_init


FAR CALL TRAMPOLINES

callee name               trampoline name
   callee addr  tramp addr   call addr  call info
--------------  -----------  ---------  ----------------
_c_int00_noargs           $Tramp$TT$L$PI$$_c_int00_noargs
   0000584d     00006534     0000652e   startup_mspm0g350x_ticlang.o (.text.Reset_Handler)

[1 trampolines]
[1 trampoline calls]


GLOBAL SYMBOLS: SORTED ALPHABETICALLY BY Name 

address   name                                 
-------   ----                                 
00006527  ADC0_IRQHandler                      
00006527  ADC1_IRQHandler                      
00006527  AES_IRQHandler                       
0000652a  C$$EXIT                              
00004c49  CANFD0_IRQHandler                    
00003ce1  CAN_Rx_FIFO0_New_Message_Callback    
000032a5  CAN_send_ext_frame                   
00006527  DAC0_IRQHandler                      
000064f9  DL_Common_delayCycles                
000049f1  DL_DMA_initChannel                   
00004649  DL_I2C_fillControllerTXFIFO          
00005933  DL_I2C_setClockConfig                
00005261  DL_MCAN_TXBufAddReq                  
000054b1  DL_MCAN_TXBufTransIntrEnable         
000054dd  DL_MCAN_addExtMsgIDFilter            
00005509  DL_MCAN_addStdMsgIDFilter            
000062b1  DL_MCAN_clearIntrStatus              
00005cb5  DL_MCAN_enableIntr                   
00005cd1  DL_MCAN_enableIntrLine               
000064b1  DL_MCAN_getIntrStatus                
000063f5  DL_MCAN_getOpMode                    
00004c8d  DL_MCAN_getRevisionId                
000051f1  DL_MCAN_getRxFIFOStatus              
00005a51  DL_MCAN_getTxFIFOQueStatus           
00002a4d  DL_MCAN_init                         
00006405  DL_MCAN_isMemInitDone                
0000105d  DL_MCAN_msgRAMConfig                 
00001eb9  DL_MCAN_readMsgRam                   
00005ced  DL_MCAN_selectIntrLine               
00002c05  DL_MCAN_setBitTime                   
000059a1  DL_MCAN_setClockConfig               
00005295  DL_MCAN_setExtIDAndMask              
00006091  DL_MCAN_setOpMode                    
000023c9  DL_MCAN_writeMsgRam                  
00004d9d  DL_MCAN_writeRxFIFOAck               
00005d09  DL_SYSCTL_configFCC                  
00002b29  DL_SYSCTL_configSYSPLL               
00004339  DL_SYSCTL_setHFCLKSourceHFXTParams   
000044c9  DL_SYSCTL_setLFCLKSourceLFXT         
00004cd1  DL_SYSCTL_switchMCLKfromSYSOSCtoHSCLK
000020d1  DL_Timer_initFourCCPWMMode           
000021d5  DL_Timer_initTimerMode               
00005d95  DL_Timer_setCaptCompUpdateMethod     
00006121  DL_Timer_setCaptureCompareOutCtl     
00006455  DL_Timer_setCaptureCompareValue      
00005db1  DL_Timer_setClockConfig              
00004bb9  DL_UART_init                         
000063bf  DL_UART_setClockConfig               
00006527  DMA_IRQHandler                       
00006527  Default_Handler                      
00004b6d  Emm_V5_En_Control                    
00004ddd  Emm_V5_Origin_Set_O                  
00004f1d  Emm_V5_Origin_Trigger_Return         
00003b5f  Emm_V5_Pos_Control                   
00006527  GROUP0_IRQHandler                    
0000439d  GROUP1_IRQHandler                    
0000652b  HOSTexit                             
00006527  HardFault_Handler                    
00006527  I2C0_IRQHandler                      
00006527  I2C1_IRQHandler                      
00004f99  JY901_Init                           
000059e9  JY901_Update                         
00006221  KEY_Init                             
00003951  KEY_Poll                             
000064d5  Key_A18_Pressed                      
000064e1  Key_B21_Pressed                      
00004fd5  Menu_Init                            
000026a1  Menu_Run                             
00006527  NMI_Handler                          
00004265  OLED_Clear                           
00001da5  OLED_Init                            
00005011  OLED_Set_Pos                         
00001c8d  OLED_ShowChar                        
000022d1  OLED_ShowNum                         
000040a9  OLED_ShowString                      
00003559  OLED_WR_Byte                         
00006527  PendSV_Handler                       
00006527  RTC_IRQHandler                       
0000652f  Reset_Handler                        
00006527  SPI0_IRQHandler                      
00006527  SPI1_IRQHandler                      
00006527  SVC_Handler                          
000053c1  SYSCFG_DL_DMA_CH0_init               
000053f1  SYSCFG_DL_DMA_CH1_init               
00005421  SYSCFG_DL_DMA_CH2_init               
00005451  SYSCFG_DL_DMA_CH3_init               
00006329  SYSCFG_DL_DMA_init                   
0000287d  SYSCFG_DL_FRONT_OUT_init             
00001485  SYSCFG_DL_GPIO_init                  
00004705  SYSCFG_DL_I2C_OLED_init              
00002791  SYSCFG_DL_MCAN0_init                 
000035f1  SYSCFG_DL_RL_OUT_init                
000034bd  SYSCFG_DL_RR_OUT_init                
00002965  SYSCFG_DL_SYSCTL_SYSPLL_init         
00003d5d  SYSCFG_DL_SYSCTL_init                
00006465  SYSCFG_DL_SYSTICK_init               
00003ed1  SYSCFG_DL_UART_0_init                
00003f49  SYSCFG_DL_UART_1_init                
000052c9  SYSCFG_DL_US_TIMER_init              
00004529  SYSCFG_DL_init                       
000031e1  SYSCFG_DL_initPower                  
000038c9  SysTick_Handler                      
00006527  TIMA0_IRQHandler                     
00006527  TIMA1_IRQHandler                     
00006527  TIMG0_IRQHandler                     
00005535  TIMG12_IRQHandler                    
00006527  TIMG6_IRQHandler                     
00006527  TIMG7_IRQHandler                     
00006527  TIMG8_IRQHandler                     
000063d1  TI_memcpy_small                      
000064a3  TI_memset_small                      
00004c01  Task_Cleanup                         
000061b1  Task_Done                            
0000504d  Timestamp_GetTicks                   
0000633d  Timestamp_Init                       
00003be1  UART0_IRQHandler                     
00003c61  UART1_IRQHandler                     
00004e1d  UART1_Rx_DMA_ToIdle_Callback         
00006527  UART2_IRQHandler                     
00006527  UART3_IRQHandler                     
000024bd  UART_Rx_DMA_ToIdle_Callback          
0000181d  Ultrasonic_GPIOB_ISR                 
00004d15  Ultrasonic_GetDistance_mm            
0000475d  Ultrasonic_Init                      
00004e5d  Ultrasonic_IsDataReady               
00003361  Ultrasonic_Trigger                   
00006475  User_Init                            
00005561  WitDelayMsRegister                   
00004e9d  WitInit                              
0000558d  WitRegisterCallBack                  
00001271  WitSerialDataIn                      
000055b9  WitSerialWriteRegister               
000019b9  WitWriteReg                          
20208000  __STACK_END                          
00000200  __STACK_SIZE                         
00000000  __TI_ATRegion0_region_sz             
00000000  __TI_ATRegion0_src_addr              
00000000  __TI_ATRegion0_trg_addr              
00000000  __TI_ATRegion1_region_sz             
00000000  __TI_ATRegion1_src_addr              
00000000  __TI_ATRegion1_trg_addr              
00000000  __TI_ATRegion2_region_sz             
00000000  __TI_ATRegion2_src_addr              
00000000  __TI_ATRegion2_trg_addr              
00007304  __TI_CINIT_Base                      
00007314  __TI_CINIT_Limit                     
00007314  __TI_CINIT_Warm                      
000072f0  __TI_Handler_Table_Base              
000072fc  __TI_Handler_Table_Limit             
00005101  __TI_auto_init_nobinit_nopinit       
00003e55  __TI_decompress_lzss                 
000063e3  __TI_decompress_none                 
ffffffff  __TI_pprof_out_hndl                  
ffffffff  __TI_prof_data_size                  
ffffffff  __TI_prof_data_start                 
00000000  __TI_static_base__                   
00006485  __TI_zero_init                       
00002f6f  __addsf3                             
00004401  __aeabi_dcmpeq                       
0000443d  __aeabi_dcmpge                       
00004451  __aeabi_dcmpgt                       
00004429  __aeabi_dcmple                       
00004415  __aeabi_dcmplt                       
00005229  __aeabi_f2iz                         
000052fd  __aeabi_f2uiz                        
00002f6f  __aeabi_fadd                         
00004465  __aeabi_fcmpeq                       
000044a1  __aeabi_fcmpge                       
000044b5  __aeabi_fcmpgt                       
0000448d  __aeabi_fcmple                       
00004479  __aeabi_fcmplt                       
00003add  __aeabi_fdiv                         
000037b1  __aeabi_fmul                         
00002f65  __aeabi_fsub                         
00005089  __aeabi_i2f                          
000020cf  __aeabi_idiv0                        
000023c7  __aeabi_ldiv0                        
00005ad1  __aeabi_llsl                         
000064ed  __aeabi_memclr                       
000064ed  __aeabi_memclr4                      
000064ed  __aeabi_memclr8                      
00006519  __aeabi_memcpy                       
00006519  __aeabi_memcpy4                      
00006519  __aeabi_memcpy8                      
00005a0d  __aeabi_ui2d                         
00005825  __aeabi_ui2f                         
00004edd  __aeabi_uidiv                        
00004edd  __aeabi_uidivmod                     
00006351  __aeabi_uldivmod                     
00005ad1  __ashldi3                            
ffffffff  __binit__                            
000042d1  __cmpdf2                             
00005179  __cmpsf2                             
00003add  __divsf3                             
000042d1  __eqdf2                              
00005179  __eqsf2                              
00005229  __fixsfsi                            
000052fd  __fixunssfsi                         
00005089  __floatsisf                          
00005a0d  __floatunsidf                        
00005825  __floatunsisf                        
00003fc1  __gedf2                              
000050c5  __gesf2                              
00003fc1  __gtdf2                              
000050c5  __gtsf2                              
000042d1  __ledf2                              
00005179  __lesf2                              
000042d1  __ltdf2                              
00005179  __ltsf2                              
UNDEFED   __mpu_init                           
000051b5  __muldsi3                            
000037b1  __mulsf3                             
000042d1  __nedf2                              
00005179  __nesf2                              
20207e00  __stack                              
20200000  __start___llvm_prf_bits              
20200000  __start___llvm_prf_cnts              
20200000  __stop___llvm_prf_bits               
20200000  __stop___llvm_prf_cnts               
00002f65  __subsf3                             
00003419  __udivmoddi4                         
0000584d  _c_int00_noargs                      
UNDEFED   _system_post_cinit                   
00006545  _system_pre_init                     
00006521  abort                                
00006b38  asc2_0806                            
00006548  asc2_1608                            
ffffffff  binit                                
00001fc5  can_SendCmd                          
00004b21  chasis_brake                         
20200952  chasis_braked                        
00000765  chasis_cal                           
00004035  chasis_set_velocity                  
00006495  chasis_stop                          
20200953  chasis_trapezoid_done                
00000ddd  chasis_trapezoid_move                
20200955  flag_enter                           
20200956  flag_next                            
20200220  gFRONT_OUTBackup                     
20200438  gMCAN0Backup                         
202002dc  gRL_OUTBackup                        
20200398  gRR_OUTBackup                        
20200957  g_flag_100hz                         
20200914  g_tick                               
00005aef  gimbal_disable                       
00005a91  gimbal_enable                        
00005b0d  gimbal_return_zero                   
00005e05  gimbal_set_zero                      
000047b5  gimbal_update                        
00003dd9  handleCanRxMessage                   
20200958  init_ok                              
00000000  interruptVectors                     
20200698  jy901_yaw                            
00004189  main                                 
0000303d  motor_brake                          
00002db5  motor_coast                          
00003111  motor_openloop_drive                 
00001665  motor_set                            
0000383d  ms_callback                          
00005de9  mspm0_delay_ms                       
00005669  mspm0_get_clock_ms                   
00004589  oled_i2c_sda_unlock                  
00005481  oled_pow                             
00002e8d  one_hundured_ms_callback             
2020094c  rx_size                              
20200000  sReg                                 
20200948  system_mode                          
00003689  uart1_isIDLE                         
00004809  uart1_receive_start                  
202004d0  uart1_rx_buff                        
20200962  uart1_rx_dma_complete_flag           
20200963  uart1_rx_length                      
2020094e  uart1_rx_size                        
000045e9  uart1_send                           
20200964  uart1_tx_complete_flag               
20200965  uart1_tx_dma_complete_flag           
00003721  uart_isIDLE                          
0000485d  uart_receive_start                   
20200534  uart_rx_buff                         
20200968  uart_rx_dma_complete_flag            
20200969  uart_rx_length                       
2020096a  uart_tx_complete_flag                
2020096b  uart_tx_dma_complete_flag            
2020069c  user_chasis                          
000000c1  while_task                           


GLOBAL SYMBOLS: SORTED BY Symbol Address 

address   name                                 
-------   ----                                 
00000000  __TI_ATRegion0_region_sz             
00000000  __TI_ATRegion0_src_addr              
00000000  __TI_ATRegion0_trg_addr              
00000000  __TI_ATRegion1_region_sz             
00000000  __TI_ATRegion1_src_addr              
00000000  __TI_ATRegion1_trg_addr              
00000000  __TI_ATRegion2_region_sz             
00000000  __TI_ATRegion2_src_addr              
00000000  __TI_ATRegion2_trg_addr              
00000000  __TI_static_base__                   
00000000  interruptVectors                     
000000c1  while_task                           
00000200  __STACK_SIZE                         
00000765  chasis_cal                           
00000ddd  chasis_trapezoid_move                
0000105d  DL_MCAN_msgRAMConfig                 
00001271  WitSerialDataIn                      
00001485  SYSCFG_DL_GPIO_init                  
00001665  motor_set                            
0000181d  Ultrasonic_GPIOB_ISR                 
000019b9  WitWriteReg                          
00001c8d  OLED_ShowChar                        
00001da5  OLED_Init                            
00001eb9  DL_MCAN_readMsgRam                   
00001fc5  can_SendCmd                          
000020cf  __aeabi_idiv0                        
000020d1  DL_Timer_initFourCCPWMMode           
000021d5  DL_Timer_initTimerMode               
000022d1  OLED_ShowNum                         
000023c7  __aeabi_ldiv0                        
000023c9  DL_MCAN_writeMsgRam                  
000024bd  UART_Rx_DMA_ToIdle_Callback          
000026a1  Menu_Run                             
00002791  SYSCFG_DL_MCAN0_init                 
0000287d  SYSCFG_DL_FRONT_OUT_init             
00002965  SYSCFG_DL_SYSCTL_SYSPLL_init         
00002a4d  DL_MCAN_init                         
00002b29  DL_SYSCTL_configSYSPLL               
00002c05  DL_MCAN_setBitTime                   
00002db5  motor_coast                          
00002e8d  one_hundured_ms_callback             
00002f65  __aeabi_fsub                         
00002f65  __subsf3                             
00002f6f  __addsf3                             
00002f6f  __aeabi_fadd                         
0000303d  motor_brake                          
00003111  motor_openloop_drive                 
000031e1  SYSCFG_DL_initPower                  
000032a5  CAN_send_ext_frame                   
00003361  Ultrasonic_Trigger                   
00003419  __udivmoddi4                         
000034bd  SYSCFG_DL_RR_OUT_init                
00003559  OLED_WR_Byte                         
000035f1  SYSCFG_DL_RL_OUT_init                
00003689  uart1_isIDLE                         
00003721  uart_isIDLE                          
000037b1  __aeabi_fmul                         
000037b1  __mulsf3                             
0000383d  ms_callback                          
000038c9  SysTick_Handler                      
00003951  KEY_Poll                             
00003add  __aeabi_fdiv                         
00003add  __divsf3                             
00003b5f  Emm_V5_Pos_Control                   
00003be1  UART0_IRQHandler                     
00003c61  UART1_IRQHandler                     
00003ce1  CAN_Rx_FIFO0_New_Message_Callback    
00003d5d  SYSCFG_DL_SYSCTL_init                
00003dd9  handleCanRxMessage                   
00003e55  __TI_decompress_lzss                 
00003ed1  SYSCFG_DL_UART_0_init                
00003f49  SYSCFG_DL_UART_1_init                
00003fc1  __gedf2                              
00003fc1  __gtdf2                              
00004035  chasis_set_velocity                  
000040a9  OLED_ShowString                      
00004189  main                                 
00004265  OLED_Clear                           
000042d1  __cmpdf2                             
000042d1  __eqdf2                              
000042d1  __ledf2                              
000042d1  __ltdf2                              
000042d1  __nedf2                              
00004339  DL_SYSCTL_setHFCLKSourceHFXTParams   
0000439d  GROUP1_IRQHandler                    
00004401  __aeabi_dcmpeq                       
00004415  __aeabi_dcmplt                       
00004429  __aeabi_dcmple                       
0000443d  __aeabi_dcmpge                       
00004451  __aeabi_dcmpgt                       
00004465  __aeabi_fcmpeq                       
00004479  __aeabi_fcmplt                       
0000448d  __aeabi_fcmple                       
000044a1  __aeabi_fcmpge                       
000044b5  __aeabi_fcmpgt                       
000044c9  DL_SYSCTL_setLFCLKSourceLFXT         
00004529  SYSCFG_DL_init                       
00004589  oled_i2c_sda_unlock                  
000045e9  uart1_send                           
00004649  DL_I2C_fillControllerTXFIFO          
00004705  SYSCFG_DL_I2C_OLED_init              
0000475d  Ultrasonic_Init                      
000047b5  gimbal_update                        
00004809  uart1_receive_start                  
0000485d  uart_receive_start                   
000049f1  DL_DMA_initChannel                   
00004b21  chasis_brake                         
00004b6d  Emm_V5_En_Control                    
00004bb9  DL_UART_init                         
00004c01  Task_Cleanup                         
00004c49  CANFD0_IRQHandler                    
00004c8d  DL_MCAN_getRevisionId                
00004cd1  DL_SYSCTL_switchMCLKfromSYSOSCtoHSCLK
00004d15  Ultrasonic_GetDistance_mm            
00004d9d  DL_MCAN_writeRxFIFOAck               
00004ddd  Emm_V5_Origin_Set_O                  
00004e1d  UART1_Rx_DMA_ToIdle_Callback         
00004e5d  Ultrasonic_IsDataReady               
00004e9d  WitInit                              
00004edd  __aeabi_uidiv                        
00004edd  __aeabi_uidivmod                     
00004f1d  Emm_V5_Origin_Trigger_Return         
00004f99  JY901_Init                           
00004fd5  Menu_Init                            
00005011  OLED_Set_Pos                         
0000504d  Timestamp_GetTicks                   
00005089  __aeabi_i2f                          
00005089  __floatsisf                          
000050c5  __gesf2                              
000050c5  __gtsf2                              
00005101  __TI_auto_init_nobinit_nopinit       
00005179  __cmpsf2                             
00005179  __eqsf2                              
00005179  __lesf2                              
00005179  __ltsf2                              
00005179  __nesf2                              
000051b5  __muldsi3                            
000051f1  DL_MCAN_getRxFIFOStatus              
00005229  __aeabi_f2iz                         
00005229  __fixsfsi                            
00005261  DL_MCAN_TXBufAddReq                  
00005295  DL_MCAN_setExtIDAndMask              
000052c9  SYSCFG_DL_US_TIMER_init              
000052fd  __aeabi_f2uiz                        
000052fd  __fixunssfsi                         
000053c1  SYSCFG_DL_DMA_CH0_init               
000053f1  SYSCFG_DL_DMA_CH1_init               
00005421  SYSCFG_DL_DMA_CH2_init               
00005451  SYSCFG_DL_DMA_CH3_init               
00005481  oled_pow                             
000054b1  DL_MCAN_TXBufTransIntrEnable         
000054dd  DL_MCAN_addExtMsgIDFilter            
00005509  DL_MCAN_addStdMsgIDFilter            
00005535  TIMG12_IRQHandler                    
00005561  WitDelayMsRegister                   
0000558d  WitRegisterCallBack                  
000055b9  WitSerialWriteRegister               
00005669  mspm0_get_clock_ms                   
00005825  __aeabi_ui2f                         
00005825  __floatunsisf                        
0000584d  _c_int00_noargs                      
00005933  DL_I2C_setClockConfig                
000059a1  DL_MCAN_setClockConfig               
000059e9  JY901_Update                         
00005a0d  __aeabi_ui2d                         
00005a0d  __floatunsidf                        
00005a51  DL_MCAN_getTxFIFOQueStatus           
00005a91  gimbal_enable                        
00005ad1  __aeabi_llsl                         
00005ad1  __ashldi3                            
00005aef  gimbal_disable                       
00005b0d  gimbal_return_zero                   
00005cb5  DL_MCAN_enableIntr                   
00005cd1  DL_MCAN_enableIntrLine               
00005ced  DL_MCAN_selectIntrLine               
00005d09  DL_SYSCTL_configFCC                  
00005d95  DL_Timer_setCaptCompUpdateMethod     
00005db1  DL_Timer_setClockConfig              
00005de9  mspm0_delay_ms                       
00005e05  gimbal_set_zero                      
00006091  DL_MCAN_setOpMode                    
00006121  DL_Timer_setCaptureCompareOutCtl     
000061b1  Task_Done                            
00006221  KEY_Init                             
000062b1  DL_MCAN_clearIntrStatus              
00006329  SYSCFG_DL_DMA_init                   
0000633d  Timestamp_Init                       
00006351  __aeabi_uldivmod                     
000063bf  DL_UART_setClockConfig               
000063d1  TI_memcpy_small                      
000063e3  __TI_decompress_none                 
000063f5  DL_MCAN_getOpMode                    
00006405  DL_MCAN_isMemInitDone                
00006455  DL_Timer_setCaptureCompareValue      
00006465  SYSCFG_DL_SYSTICK_init               
00006475  User_Init                            
00006485  __TI_zero_init                       
00006495  chasis_stop                          
000064a3  TI_memset_small                      
000064b1  DL_MCAN_getIntrStatus                
000064d5  Key_A18_Pressed                      
000064e1  Key_B21_Pressed                      
000064ed  __aeabi_memclr                       
000064ed  __aeabi_memclr4                      
000064ed  __aeabi_memclr8                      
000064f9  DL_Common_delayCycles                
00006519  __aeabi_memcpy                       
00006519  __aeabi_memcpy4                      
00006519  __aeabi_memcpy8                      
00006521  abort                                
00006527  ADC0_IRQHandler                      
00006527  ADC1_IRQHandler                      
00006527  AES_IRQHandler                       
00006527  DAC0_IRQHandler                      
00006527  DMA_IRQHandler                       
00006527  Default_Handler                      
00006527  GROUP0_IRQHandler                    
00006527  HardFault_Handler                    
00006527  I2C0_IRQHandler                      
00006527  I2C1_IRQHandler                      
00006527  NMI_Handler                          
00006527  PendSV_Handler                       
00006527  RTC_IRQHandler                       
00006527  SPI0_IRQHandler                      
00006527  SPI1_IRQHandler                      
00006527  SVC_Handler                          
00006527  TIMA0_IRQHandler                     
00006527  TIMA1_IRQHandler                     
00006527  TIMG0_IRQHandler                     
00006527  TIMG6_IRQHandler                     
00006527  TIMG7_IRQHandler                     
00006527  TIMG8_IRQHandler                     
00006527  UART2_IRQHandler                     
00006527  UART3_IRQHandler                     
0000652a  C$$EXIT                              
0000652b  HOSTexit                             
0000652f  Reset_Handler                        
00006545  _system_pre_init                     
00006548  asc2_1608                            
00006b38  asc2_0806                            
000072f0  __TI_Handler_Table_Base              
000072fc  __TI_Handler_Table_Limit             
00007304  __TI_CINIT_Base                      
00007314  __TI_CINIT_Limit                     
00007314  __TI_CINIT_Warm                      
20200000  __start___llvm_prf_bits              
20200000  __start___llvm_prf_cnts              
20200000  __stop___llvm_prf_bits               
20200000  __stop___llvm_prf_cnts               
20200000  sReg                                 
20200220  gFRONT_OUTBackup                     
202002dc  gRL_OUTBackup                        
20200398  gRR_OUTBackup                        
20200438  gMCAN0Backup                         
202004d0  uart1_rx_buff                        
20200534  uart_rx_buff                         
20200698  jy901_yaw                            
2020069c  user_chasis                          
20200914  g_tick                               
20200948  system_mode                          
2020094c  rx_size                              
2020094e  uart1_rx_size                        
20200952  chasis_braked                        
20200953  chasis_trapezoid_done                
20200955  flag_enter                           
20200956  flag_next                            
20200957  g_flag_100hz                         
20200958  init_ok                              
20200962  uart1_rx_dma_complete_flag           
20200963  uart1_rx_length                      
20200964  uart1_tx_complete_flag               
20200965  uart1_tx_dma_complete_flag           
20200968  uart_rx_dma_complete_flag            
20200969  uart_rx_length                       
2020096a  uart_tx_complete_flag                
2020096b  uart_tx_dma_complete_flag            
20207e00  __stack                              
20208000  __STACK_END                          
ffffffff  __TI_pprof_out_hndl                  
ffffffff  __TI_prof_data_size                  
ffffffff  __TI_prof_data_start                 
ffffffff  __binit__                            
ffffffff  binit                                
UNDEFED   __mpu_init                           
UNDEFED   _system_post_cinit                   

[285 symbols]
