******************************************************************************
            TI ARM Clang Linker PC v4.0.4                      
******************************************************************************
>> Linked Wed May 20 14:40:04 2026

OUTPUT FILE NAME:   <test.out>
ENTRY POINT SYMBOL: "_c_int00_noargs"  address: 000032a1


MEMORY CONFIGURATION

         name            origin    length      used     unused   attr    fill
----------------------  --------  ---------  --------  --------  ----  --------
  FLASH                 00000000   00020000  00004798  0001b868  R  X
  SRAM                  20200000   00008000  00000611  000079ef  RW X
  BCR_CONFIG            41c00000   000000ff  00000000  000000ff  R   
  BSL_CONFIG            41c00100   00000080  00000000  00000080  R   


SEGMENT ALLOCATION MAP

run origin  load origin   length   init length attrs members
----------  ----------- ---------- ----------- ----- -------
00000000    00000000    00004798   00004798    r-x
  00000000    00000000    000000c0   000000c0    r-- .intvecs
  000000c0    000000c0    00003bb8   00003bb8    r-x .text
  00003c78    00003c78    00000ae8   00000ae8    r-- .rodata
  00004760    00004760    00000038   00000038    r-- .cinit
20200000    20200000    00000411   00000000    rw-
  20200000    20200000    000003b4   00000000    rw- .bss
  202003b4    202003b4    0000005d   00000000    rw- .data
20207e00    20207e00    00000200   00000000    rw-
  20207e00    20207e00    00000200   00000000    rw- .stack


SECTION ALLOCATION MAP

 output                                  attributes/
section   page    origin      length       input sections
--------  ----  ----------  ----------   ----------------
.intvecs   0    00000000    000000c0     
                  00000000    000000c0     startup_mspm0g350x_ticlang.o (.intvecs)

.text      0    000000c0    00003bb8     
                  000000c0    0000021c     bsp_PWM.o (.text.motor_get_speed)
                  000002dc    00000214     driverlib.a : dl_mcan.o (.text.DL_MCAN_msgRAMConfig)
                  000004f0    000001b8     bsp_PWM.o (.text.motor_set)
                  000006a8    00000164     ti_msp_dl_config.o (.text.SYSCFG_DL_GPIO_init)
                  0000080c    00000134     empty.o (.text.main)
                  00000940    00000118     bsp_oled.o (.text.OLED_ShowChar)
                  00000a58    00000114     bsp_oled.o (.text.OLED_Init)
                  00000b6c    0000010c     driverlib.a : dl_mcan.o (.text.DL_MCAN_readMsgRam)
                  00000c78    00000104                 : dl_timer.o (.text.DL_Timer_initFourCCPWMMode)
                  00000d7c    000000f6     bsp_oled.o (.text.OLED_ShowNum)
                  00000e72    00000002     libclang_rt.builtins.a : aeabi_div0.c.obj (.text.__aeabi_idiv0)
                  00000e74    000000f4     driverlib.a : dl_mcan.o (.text.DL_MCAN_writeMsgRam)
                  00000f68    000000ec     ti_msp_dl_config.o (.text.SYSCFG_DL_MCAN0_init)
                  00001054    000000e8     ti_msp_dl_config.o (.text.SYSCFG_DL_FRONT_OUT_init)
                  0000113c    000000e8     ti_msp_dl_config.o (.text.SYSCFG_DL_SYSCTL_SYSPLL_init)
                  00001224    000000dc     driverlib.a : dl_mcan.o (.text.DL_MCAN_init)
                  00001300    000000dc                 : dl_sysctl_mspm0g1x0x_g3x0x.o (.text.DL_SYSCTL_configSYSPLL)
                  000013dc    000000d8                 : dl_mcan.o (.text.DL_MCAN_setBitTime)
                  000014b4    000000d8     libclang_rt.builtins.a : addsf3.S.obj (.text)
                  0000158c    000000d4     bsp_PWM.o (.text.motor_brake)
                  00001660    000000d0     bsp_CAN.o (.text.CAN_Rx_FIFO0_New_Message_Callback)
                  00001730    000000c4     ti_msp_dl_config.o (.text.SYSCFG_DL_initPower)
                  000017f4    000000bc     bsp_CAN.o (.text.CAN_send_ext_frame)
                  000018b0    000000bc     bsp_CAN.o (.text.CAN_send_std_frame)
                  0000196c    000000b8     ti_msp_dl_config.o (.text.SYSCFG_DL_FFRONT_IN_init)
                  00001a24    000000b8     ti_msp_dl_config.o (.text.SYSCFG_DL_REAR_IN_init)
                  00001adc    000000a8     bsp_oled.o (.text.OLED_ShowChinese)
                  00001b84    0000009c     ti_msp_dl_config.o (.text.SYSCFG_DL_RR_OUT_init)
                  00001c20    00000098     bsp_oled.o (.text.OLED_WR_Byte)
                  00001cb8    00000098     ti_msp_dl_config.o (.text.SYSCFG_DL_RL_OUT_init)
                  00001d50    00000094     bsp_UART.o (.text.uart_isIDLE)
                  00001de4    0000008c     libclang_rt.builtins.a : mulsf3.S.obj (.text.__mulsf3)
                  00001e70    00000084     ti_msp_dl_config.o (.text.__NVIC_SetPriority)
                  00001ef4    00000082     libclang_rt.builtins.a : divsf3.S.obj (.text.__divsf3)
                  00001f76    00000002     --HOLE-- [fill = 0]
                  00001f78    0000007c     ti_msp_dl_config.o (.text.SYSCFG_DL_SYSCTL_init)
                  00001ff4    0000007c     bsp_UART.o (.text.UART0_IRQHandler)
                  00002070    0000007c     bsp_CAN.o (.text.handleCanRxMessage)
                  000020ec    0000007c     libc.a : copy_decompress_lzss.c.obj (.text:decompress:lzss)
                  00002168    00000078     ti_msp_dl_config.o (.text.SYSCFG_DL_UART_0_init)
                  000021e0    00000074     empty.o (.text.SysTick_Handler)
                  00002254    00000074     libclang_rt.builtins.a : comparedf2.c.obj (.text.__gedf2)
                  000022c8    00000070     bsp_oled.o (.text.OLED_ShowString)
                  00002338    0000006a     bsp_oled.o (.text.OLED_Clear)
                  000023a2    00000002     --HOLE-- [fill = 0]
                  000023a4    00000068     ti_msp_dl_config.o (.text.SYSCFG_DL_init)
                  0000240c    00000068     libclang_rt.builtins.a : comparedf2.c.obj (.text.__ledf2)
                  00002474    00000064     driverlib.a : dl_sysctl_mspm0g1x0x_g3x0x.o (.text.DL_SYSCTL_setHFCLKSourceHFXTParams)
                  000024d8    00000062     libclang_rt.builtins.a : aeabi_dcmp.S.obj (.text.__aeabi_dcmp)
                  0000253a    00000002     --HOLE-- [fill = 0]
                  0000253c    00000062                            : aeabi_fcmp.S.obj (.text.__aeabi_fcmp)
                  0000259e    00000002     --HOLE-- [fill = 0]
                  000025a0    00000060     driverlib.a : dl_sysctl_mspm0g1x0x_g3x0x.o (.text.DL_SYSCTL_setLFCLKSourceLFXT)
                  00002600    00000060     bsp_oled.o (.text.oled_i2c_sda_unlock)
                  00002660    00000060     bsp_UART.o (.text.uart_send)
                  000026c0    0000005e     driverlib.a : dl_i2c.o (.text.DL_I2C_fillControllerTXFIFO)
                  0000271e    00000002     --HOLE-- [fill = 0]
                  00002720    0000005c     bsp_oled.o (.text.mspm0_i2c_enable)
                  0000277c    00000058     ti_msp_dl_config.o (.text.SYSCFG_DL_I2C_OLED_init)
                  000027d4    00000054     bsp_UART.o (.text.UART_Rx_DMA_ToIdle_Callback)
                  00002828    00000054     bsp_UART.o (.text.uart_receive_start)
                  0000287c    00000050     bsp_oled.o (.text.DL_GPIO_initPeripheralInputFunctionFeatures)
                  000028cc    00000050     ti_msp_dl_config.o (.text.DL_GPIO_initPeripheralInputFunctionFeatures)
                  0000291c    00000050     bsp_oled.o (.text.DL_I2C_startControllerTransfer)
                  0000296c    00000050     ti_msp_dl_config.o (.text.SysTick_Config)
                  000029bc    0000004c     driverlib.a : dl_dma.o (.text.DL_DMA_initChannel)
                  00002a08    0000004c     bsp_oled.o (.text.DL_GPIO_initDigitalInputFeatures)
                  00002a54    0000004c     ti_msp_dl_config.o (.text.DL_UART_setBaudRateDivisor)
                  00002aa0    00000048     driverlib.a : dl_uart.o (.text.DL_UART_init)
                  00002ae8    00000044     bsp_CAN.o (.text.CANFD0_IRQHandler)
                  00002b2c    00000044     driverlib.a : dl_mcan.o (.text.DL_MCAN_getRevisionId)
                  00002b70    00000044                 : dl_sysctl_mspm0g1x0x_g3x0x.o (.text.DL_SYSCTL_switchMCLKfromSYSOSCtoHSCLK)
                  00002bb4    00000044     bsp_oled.o (.text.mspm0_i2c_disable)
                  00002bf8    00000040     driverlib.a : dl_mcan.o (.text.DL_MCAN_writeRxFIFOAck)
                  00002c38    00000040     libclang_rt.builtins.a : aeabi_uidivmod.S.obj (.text.__aeabi_uidivmod)
                  00002c78    0000003c     ti_msp_dl_config.o (.text.DL_Timer_setCounterControl)
                  00002cb4    0000003c     bsp_oled.o (.text.OLED_Set_Pos)
                  00002cf0    0000003c     libclang_rt.builtins.a : floatsisf.S.obj (.text.__floatsisf)
                  00002d2c    0000003c                            : comparesf2.S.obj (.text.__gtsf2)
                  00002d68    0000003c     libc.a : autoinit.c.obj (.text:__TI_auto_init_nobinit_nopinit)
                  00002da4    0000003a     libclang_rt.builtins.a : comparesf2.S.obj (.text.__eqsf2)
                  00002dde    00000002     --HOLE-- [fill = 0]
                  00002de0    0000003a                            : muldsi3.S.obj (.text.__muldsi3)
                  00002e1a    00000002     --HOLE-- [fill = 0]
                  00002e1c    00000038     driverlib.a : dl_mcan.o (.text.DL_MCAN_getRxFIFOStatus)
                  00002e54    00000038     libclang_rt.builtins.a : fixsfsi.S.obj (.text.__fixsfsi)
                  00002e8c    00000034     driverlib.a : dl_mcan.o (.text.DL_MCAN_TXBufAddReq)
                  00002ec0    00000034                 : dl_mcan.o (.text.DL_MCAN_setExtIDAndMask)
                  00002ef4    00000030     bsp_UART.o (.text.DL_DMA_setTransferSize)
                  00002f24    00000030     ti_msp_dl_config.o (.text.DL_GPIO_initDigitalOutputFeatures)
                  00002f54    00000030     ti_msp_dl_config.o (.text.SYSCFG_DL_DMA_CH0_init)
                  00002f84    00000030     ti_msp_dl_config.o (.text.SYSCFG_DL_DMA_CH1_init)
                  00002fb4    00000030     bsp_oled.o (.text.oled_pow)
                  00002fe4    0000002c     driverlib.a : dl_mcan.o (.text.DL_MCAN_TXBufTransIntrEnable)
                  00003010    0000002c                 : dl_mcan.o (.text.DL_MCAN_addExtMsgIDFilter)
                  0000303c    0000002c                 : dl_mcan.o (.text.DL_MCAN_addStdMsgIDFilter)
                  00003068    0000002c     empty.o (.text.__NVIC_EnableIRQ)
                  00003094    0000002c     empty.o (.text.mspm0_get_clock_ms)
                  000030c0    00000028     bsp_oled.o (.text.DL_Common_updateReg)
                  000030e8    00000028     ti_msp_dl_config.o (.text.DL_Common_updateReg)
                  00003110    00000028     bsp_UART.o (.text.DL_DMA_setDestAddr)
                  00003138    00000028     bsp_UART.o (.text.DL_DMA_setSrcAddr)
                  00003160    00000028     ti_msp_dl_config.o (.text.DL_I2C_setControllerRXFIFOThreshold)
                  00003188    00000028     ti_msp_dl_config.o (.text.DL_I2C_setControllerTXFIFOThreshold)
                  000031b0    00000028     driverlib.a : dl_timer.o (.text.DL_Timer_setCaptureCompareCtl)
                  000031d8    00000028     ti_msp_dl_config.o (.text.DL_Timer_setCounterMode)
                  00003200    00000028     ti_msp_dl_config.o (.text.DL_Timer_setCounterRepeatMode)
                  00003228    00000028     ti_msp_dl_config.o (.text.DL_UART_setRXFIFOThreshold)
                  00003250    00000028     ti_msp_dl_config.o (.text.DL_UART_setTXFIFOThreshold)
                  00003278    00000028     libclang_rt.builtins.a : floatunsisf.S.obj (.text.__floatunsisf)
                  000032a0    00000028     libc.a : boot_cortex_m.c.obj (.text:_c_int00_noargs)
                  000032c8    00000026     bsp_UART.o (.text.DL_DMA_disableChannel)
                  000032ee    00000026     bsp_UART.o (.text.DL_DMA_enableChannel)
                  00003314    00000026     ti_msp_dl_config.o (.text.DL_I2C_setAnalogGlitchFilterPulseWidth)
                  0000333a    00000026     driverlib.a : dl_i2c.o (.text.DL_I2C_setClockConfig)
                  00003360    00000024     bsp_UART.o (.text.DL_DMA_getTransferSize)
                  00003384    00000024     driverlib.a : dl_mcan.o (.text.DL_MCAN_setClockConfig)
                  000033a8    00000024     ti_msp_dl_config.o (.text.DL_UART_setRXInterruptTimeout)
                  000033cc    00000024     libclang_rt.builtins.a : floatunsidf.S.obj (.text.__floatunsidf)
                  000033f0    00000020     ti_msp_dl_config.o (.text.DL_GPIO_initPeripheralInputFunction)
                  00003410    00000020     driverlib.a : dl_mcan.o (.text.DL_MCAN_getTxFIFOQueStatus)
                  00003430    00000020     ti_msp_dl_config.o (.text.DL_SYSCTL_setFlashWaitState)
                  00003450    00000020     ti_msp_dl_config.o (.text.DL_Timer_setCounterValueAfterEnable)
                  00003470    0000001e     ti_msp_dl_config.o (.text.DL_UART_setOversampling)
                  0000348e    00000002     --HOLE-- [fill = 0]
                  00003490    0000001c     ti_msp_dl_config.o (.text.DL_DMA_enableInterrupt)
                  000034ac    0000001c     bsp_oled.o (.text.DL_GPIO_enableHiZ)
                  000034c8    0000001c     ti_msp_dl_config.o (.text.DL_GPIO_enableHiZ)
                  000034e4    0000001c     ti_msp_dl_config.o (.text.DL_GPIO_initPeripheralOutputFunction)
                  00003500    0000001c     bsp_oled.o (.text.DL_I2C_getSDAStatus)
                  0000351c    0000001c     ti_msp_dl_config.o (.text.DL_MCAN_enableInterrupt)
                  00003538    0000001c     driverlib.a : dl_mcan.o (.text.DL_MCAN_enableIntr)
                  00003554    0000001c                 : dl_mcan.o (.text.DL_MCAN_enableIntrLine)
                  00003570    0000001c                 : dl_mcan.o (.text.DL_MCAN_selectIntrLine)
                  0000358c    0000001c                 : dl_sysctl_mspm0g1x0x_g3x0x.o (.text.DL_SYSCTL_configFCC)
                  000035a8    0000001c     ti_msp_dl_config.o (.text.DL_SYSCTL_setFCCPeriods)
                  000035c4    0000001c     ti_msp_dl_config.o (.text.DL_SYSCTL_setSYSOSCFreq)
                  000035e0    0000001c     ti_msp_dl_config.o (.text.DL_SYSCTL_setULPCLKDivider)
                  000035fc    0000001c     driverlib.a : dl_timer.o (.text.DL_Timer_setCaptCompUpdateMethod)
                  00003618    0000001c                 : dl_timer.o (.text.DL_Timer_setCaptureCompareInputFilter)
                  00003634    0000001c                 : dl_timer.o (.text.DL_Timer_setClockConfig)
                  00003650    0000001c     ti_msp_dl_config.o (.text.DL_UART_enableInterrupt)
                  0000366c    0000001c     empty.o (.text.mspm0_delay_ms)
                  00003688    0000001a     driverlib.a : dl_timer.o (.text.DL_Timer_setCaptureCompareInput)
                  000036a2    00000002     --HOLE-- [fill = 0]
                  000036a4    00000018     ti_msp_dl_config.o (.text.DL_DMA_clearInterruptStatus)
                  000036bc    00000018     bsp_oled.o (.text.DL_GPIO_enableOutput)
                  000036d4    00000018     ti_msp_dl_config.o (.text.DL_GPIO_enableOutput)
                  000036ec    00000018     ti_msp_dl_config.o (.text.DL_GPIO_enablePower)
                  00003704    00000018     bsp_oled.o (.text.DL_GPIO_initDigitalOutput)
                  0000371c    00000018     ti_msp_dl_config.o (.text.DL_GPIO_initPeripheralAnalogFunction)
                  00003734    00000018     ti_msp_dl_config.o (.text.DL_GPIO_reset)
                  0000374c    00000018     bsp_oled.o (.text.DL_GPIO_setPins)
                  00003764    00000018     empty.o (.text.DL_GPIO_setPins)
                  0000377c    00000018     bsp_oled.o (.text.DL_I2C_clearInterruptStatus)
                  00003794    00000018     ti_msp_dl_config.o (.text.DL_I2C_enableAnalogGlitchFilter)
                  000037ac    00000018     ti_msp_dl_config.o (.text.DL_I2C_enableController)
                  000037c4    00000018     ti_msp_dl_config.o (.text.DL_I2C_enableControllerClockStretching)
                  000037dc    00000018     bsp_oled.o (.text.DL_I2C_enablePower)
                  000037f4    00000018     ti_msp_dl_config.o (.text.DL_I2C_enablePower)
                  0000380c    00000018     bsp_oled.o (.text.DL_I2C_getRawInterruptStatus)
                  00003824    00000018     bsp_oled.o (.text.DL_I2C_reset)
                  0000383c    00000018     ti_msp_dl_config.o (.text.DL_I2C_reset)
                  00003854    00000018     ti_msp_dl_config.o (.text.DL_I2C_setTimerPeriod)
                  0000386c    00000018     ti_msp_dl_config.o (.text.DL_MCAN_clearInterruptStatus)
                  00003884    00000018     ti_msp_dl_config.o (.text.DL_MCAN_enablePower)
                  0000389c    00000018     ti_msp_dl_config.o (.text.DL_MCAN_reset)
                  000038b4    00000018     driverlib.a : dl_mcan.o (.text.DL_MCAN_setOpMode)
                  000038cc    00000018     ti_msp_dl_config.o (.text.DL_SYSCTL_setBORThreshold)
                  000038e4    00000018     ti_msp_dl_config.o (.text.DL_Timer_enablePower)
                  000038fc    00000018     ti_msp_dl_config.o (.text.DL_Timer_enableShadowFeatures)
                  00003914    00000018     ti_msp_dl_config.o (.text.DL_Timer_reset)
                  0000392c    00000018     driverlib.a : dl_timer.o (.text.DL_Timer_setCaptureCompareOutCtl)
                  00003944    00000018     ti_msp_dl_config.o (.text.DL_Timer_setLoadValue)
                  0000395c    00000018     ti_msp_dl_config.o (.text.DL_Timer_startCounter)
                  00003974    00000018     ti_msp_dl_config.o (.text.DL_UART_enableDMAReceiveEvent)
                  0000398c    00000018     ti_msp_dl_config.o (.text.DL_UART_enableDMATransmitEvent)
                  000039a4    00000018     ti_msp_dl_config.o (.text.DL_UART_enableFIFOs)
                  000039bc    00000018     ti_msp_dl_config.o (.text.DL_UART_enablePower)
                  000039d4    00000018     ti_msp_dl_config.o (.text.DL_UART_reset)
                  000039ec    00000016     bsp_oled.o (.text.DL_GPIO_readPins)
                  00003a02    00000016     ti_msp_dl_config.o (.text.DL_UART_enable)
                  00003a18    00000016     libc.a : copy_zero_init.c.obj (.text:decompress:ZI:__TI_zero_init_nomemset)
                  00003a2e    00000014     bsp_oled.o (.text.DL_GPIO_clearPins)
                  00003a42    00000014     ti_msp_dl_config.o (.text.DL_GPIO_clearPins)
                  00003a56    00000002     --HOLE-- [fill = 0]
                  00003a58    00000014     bsp_oled.o (.text.DL_I2C_getControllerStatus)
                  00003a6c    00000014     ti_msp_dl_config.o (.text.DL_I2C_resetControllerTransfer)
                  00003a80    00000014     driverlib.a : dl_mcan.o (.text.DL_MCAN_clearIntrStatus)
                  00003a94    00000014     bsp_CAN.o (.text.DL_MCAN_getPendingInterrupt)
                  00003aa8    00000014     ti_msp_dl_config.o (.text.DL_SYSCTL_disableSYSPLL)
                  00003abc    00000014     ti_msp_dl_config.o (.text.DL_SYSCTL_enableSYSPLL)
                  00003ad0    00000014     driverlib.a : dl_timer.o (.text.DL_Timer_enableCaptureCompareInputFilter)
                  00003ae4    00000014     ti_msp_dl_config.o (.text.DL_Timer_enableClock)
                  00003af8    00000014     ti_msp_dl_config.o (.text.DL_Timer_setCCPDirection)
                  00003b0c    00000012     ti_msp_dl_config.o (.text.DL_MCAN_enableModuleClock)
                  00003b1e    00000012     bsp_UART.o (.text.DL_UART_getPendingInterrupt)
                  00003b30    00000012     driverlib.a : dl_uart.o (.text.DL_UART_setClockConfig)
                  00003b42    00000012     libc.a : memcpy16.S.obj (.text:TI_memcpy_small)
                  00003b54    00000012            : copy_decompress_none.c.obj (.text:decompress:none)
                  00003b66    00000002     --HOLE-- [fill = 0]
                  00003b68    00000010     driverlib.a : dl_mcan.o (.text.DL_MCAN_getOpMode)
                  00003b78    00000010                 : dl_mcan.o (.text.DL_MCAN_isMemInitDone)
                  00003b88    00000010     ti_msp_dl_config.o (.text.DL_SYSCTL_disableHFXT)
                  00003b98    00000010     ti_msp_dl_config.o (.text.DL_SYSCTL_isFCCDone)
                  00003ba8    00000010     ti_msp_dl_config.o (.text.DL_SYSCTL_startFCC)
                  00003bb8    00000010     driverlib.a : dl_timer.o (.text.DL_Timer_getCaptureCompareValue)
                  00003bc8    00000010     bsp_PWM.o (.text.DL_Timer_getTimerCount)
                  00003bd8    00000010     driverlib.a : dl_timer.o (.text.DL_Timer_setCaptureCompareValue)
                  00003be8    00000010     ti_msp_dl_config.o (.text.SYSCFG_DL_SYSTICK_init)
                  00003bf8    00000010     bsp_oled.o (.text.delay_ms)
                  00003c08    0000000c     driverlib.a : dl_mcan.o (.text.DL_MCAN_getIntrStatus)
                  00003c14    0000000c     ti_msp_dl_config.o (.text.DL_SYSCTL_getClockStatus)
                  00003c20    0000000c     ti_msp_dl_config.o (.text.DL_SYSCTL_readFCC)
                  00003c2c    0000000c     ti_msp_dl_config.o (.text.SYSCFG_DL_DMA_init)
                  00003c38    0000000a     driverlib.a : dl_common.o (.text.DL_Common_delayCycles)
                  00003c42    00000002     --HOLE-- [fill = 0]
                  00003c44    00000008     libclang_rt.builtins.a : aeabi_memcpy.S.obj (.text.__aeabi_memcpy)
                  00003c4c    00000006     libc.a : exit.c.obj (.text:abort)
                  00003c52    00000004     startup_mspm0g350x_ticlang.o (.text.Default_Handler)
                  00003c56    00000004     libsysbm.a : hostexit.c.obj (.text.HOSTexit)
                  00003c5a    00000004     startup_mspm0g350x_ticlang.o (.text.Reset_Handler)
                  00003c5e    00000002     --HOLE-- [fill = 0]
                  00003c60    00000010     libc.a : boot_cortex_m.c.obj (.tramp._c_int00_noargs.1)
                  00003c70    00000004            : pre_init.c.obj (.text._system_pre_init)
                  00003c74    00000004     --HOLE-- [fill = 0]

.cinit     0    00004760    00000038     
                  00004760    00000012     (.cinit..data.load) [load image, compression = lzss]
                  00004772    00000002     --HOLE-- [fill = 0]
                  00004774    0000000c     (__TI_handler_table)
                  00004780    00000008     (.cinit..bss.load) [load image, compression = zero_init]
                  00004788    00000010     (__TI_cinit_table)

.rodata    0    00003c78    00000ae8     
                  00003c78    000005f0     bsp_oled.o (.rodata.asc2_1608)
                  00004268    00000228     bsp_oled.o (.rodata.asc2_0806)
                  00004490    000000e0     bsp_oled.o (.rodata.Hzk)
                  00004570    00000060     ti_msp_dl_config.o (.rodata.gMCAN0MsgRAMConfigParams)
                  000045d0    00000040     driverlib.a : dl_mcan.o (.rodata..L__const.DL_MCAN_getDataSize.dataSize)
                  00004610    00000034     ti_msp_dl_config.o (.rodata.gMCAN0InitParams)
                  00004644    00000028     ti_msp_dl_config.o (.rodata.gSYSPLLConfig)
                  0000466c    00000020     driverlib.a : dl_mcan.o (.rodata.cst32)
                  0000468c    00000020     ti_msp_dl_config.o (.rodata.gMCAN0BitTimes)
                  000046ac    00000018     ti_msp_dl_config.o (.rodata.gDMA_CH0Config)
                  000046c4    00000018     ti_msp_dl_config.o (.rodata.gDMA_CH1Config)
                  000046dc    00000010     ti_msp_dl_config.o (.rodata.gMCAN0ExtFiltelem)
                  000046ec    00000010     ti_msp_dl_config.o (.rodata.gMCAN0StdFiltelem)
                  000046fc    0000000e     empty.o (.rodata.str1.9517790425240694019.1)
                  0000470a    0000000b     empty.o (.rodata.str1.254342170260855183.1)
                  00004715    00000001     --HOLE-- [fill = 0]
                  00004716    0000000a     ti_msp_dl_config.o (.rodata.gUART_0Config)
                  00004720    00000008     ti_msp_dl_config.o (.rodata.gFRONT_OUTConfig)
                  00004728    00000008     ti_msp_dl_config.o (.rodata.gRL_OUTConfig)
                  00004730    00000008     ti_msp_dl_config.o (.rodata.gRR_OUTConfig)
                  00004738    00000007     empty.o (.rodata.str1.14685083708502177989.1)
                  0000473f    00000006     empty.o (.rodata.str1.17669528882079347314.1)
                  00004745    00000001     --HOLE-- [fill = 0]
                  00004746    00000004     ti_msp_dl_config.o (.rodata.gMCAN0ClockConf)
                  0000474a    00000003     ti_msp_dl_config.o (.rodata.gFFRONT_INClockConfig)
                  0000474d    00000003     ti_msp_dl_config.o (.rodata.gFRONT_OUTClockConfig)
                  00004750    00000003     ti_msp_dl_config.o (.rodata.gLFCLKConfig)
                  00004753    00000003     ti_msp_dl_config.o (.rodata.gREAR_INClockConfig)
                  00004756    00000003     ti_msp_dl_config.o (.rodata.gRL_OUTClockConfig)
                  00004759    00000003     ti_msp_dl_config.o (.rodata.gRR_OUTClockConfig)
                  0000475c    00000002     ti_msp_dl_config.o (.rodata.gI2C_OLEDClockConfig)
                  0000475e    00000002     ti_msp_dl_config.o (.rodata.gUART_0ClockConfig)

.init_array 
*          0    00000000    00000000     UNINITIALIZED

.binit     0    00000000    00000000     

.bss       0    20200000    000003b4     UNINITIALIZED
                  20200000    000000bc     (.common:gFRONT_OUTBackup)
                  202000bc    000000bc     (.common:gRL_OUTBackup)
                  20200178    000000a0     (.common:gREAR_INBackup)
                  20200218    000000a0     (.common:gRR_OUTBackup)
                  202002b8    00000098     (.common:gMCAN0Backup)
                  20200350    00000064     (.common:uart_rx_buff)

.data      0    202003b4    0000005d     UNINITIALIZED
                  202003b4    00000010     bsp_PWM.o (.data.g_motor)
                  202003c4    00000010     bsp_PWM.o (.data.motor_get_speed.last_count)
                  202003d4    00000010     bsp_PWM.o (.data.motor_get_speed.last_period)
                  202003e4    00000010     bsp_PWM.o (.data.motor_get_speed.last_rpm)
                  202003f4    00000004     empty.o (.data.g_tick)
                  202003f8    00000004     empty.o (.data.speed_fl)
                  202003fc    00000004     empty.o (.data.speed_fr)
                  20200400    00000004     empty.o (.data.speed_rl)
                  20200404    00000004     empty.o (.data.speed_rr)
                  20200408    00000002     bsp_UART.o (.data.rx_size)
                  2020040a    00000001     empty.o (.data.g_flag_100hz)
                  2020040b    00000001     bsp_UART.o (.data.uart_isIDLE.rx_last_size)
                  2020040c    00000001     bsp_UART.o (.data.uart_isIDLE.stable_count)
                  2020040d    00000001     bsp_UART.o (.data.uart_rx_dma_complete_flag)
                  2020040e    00000001     bsp_UART.o (.data.uart_rx_length)
                  2020040f    00000001     bsp_UART.o (.data.uart_tx_complete_flag)
                  20200410    00000001     bsp_UART.o (.data.uart_tx_dma_complete_flag)

.stack     0    20207e00    00000200     UNINITIALIZED
                  20207e00    00000004     libc.a : boot_cortex_m.c.obj (.stack)
                  20207e04    000001fc     --HOLE--

__llvm_prf_cnts 
*          0    20200000    00000000     UNINITIALIZED

__llvm_prf_bits 
*          0    20200000    00000000     UNINITIALIZED

MODULE SUMMARY

       Module                         code    ro data   rw data
       ------                         ----    -------   -------
    .\
       ti_msp_dl_config.o             4500    360       848    
       empty.o                        564     38        21     
       startup_mspm0g350x_ticlang.o   8       192       0      
    +--+------------------------------+-------+---------+---------+
       Total:                         5072    590       869    
                                                               
    .\User\bsp\Src\
       bsp_oled.o                     2282    2296      0      
       bsp_PWM.o                      1208    0         64     
       bsp_UART.o                     794     0         108    
       bsp_CAN.o                      796     0         0      
    +--+------------------------------+-------+---------+---------+
       Total:                         5080    2296      172    
                                                               
    E:/TI/CCS/mspm0_sdk_2_10_00_04/source/ti/driverlib/lib/ticlang/m0p/mspm0g1x0x_g3x0x/driverlib.a
       dl_mcan.o                      2144    96        0      
       dl_sysctl_mspm0g1x0x_g3x0x.o   512     0         0      
       dl_timer.o                     486     0         0      
       dl_i2c.o                       132     0         0      
       dl_uart.o                      90      0         0      
       dl_dma.o                       76      0         0      
       dl_common.o                    10      0         0      
    +--+------------------------------+-------+---------+---------+
       Total:                         3450    96        0      
                                                               
    E:\TI\CCS\ccs\tools\compiler\ti-cgt-armllvm_4.0.4.LTS\lib\armv6m-ti-none-eabi/c/libc.a
       copy_decompress_lzss.c.obj     124     0         0      
       autoinit.c.obj                 60      0         0      
       boot_cortex_m.c.obj            56      0         0      
       copy_zero_init.c.obj           22      0         0      
       copy_decompress_none.c.obj     18      0         0      
       memcpy16.S.obj                 18      0         0      
       exit.c.obj                     6       0         0      
       pre_init.c.obj                 4       0         0      
    +--+------------------------------+-------+---------+---------+
       Total:                         308     0         0      
                                                               
    E:\TI\CCS\ccs\tools\compiler\ti-cgt-armllvm_4.0.4.LTS\lib\armv6m-ti-none-eabi/c/libsysbm.a
       hostexit.c.obj                 4       0         0      
    +--+------------------------------+-------+---------+---------+
       Total:                         4       0         0      
                                                               
    E:\TI\CCS\ccs\tools\compiler\ti-cgt-armllvm_4.0.4.LTS\lib\armv6m-ti-none-eabi/libclang_rt.builtins.a
       comparedf2.c.obj               220     0         0      
       addsf3.S.obj                   216     0         0      
       mulsf3.S.obj                   140     0         0      
       divsf3.S.obj                   130     0         0      
       comparesf2.S.obj               118     0         0      
       aeabi_dcmp.S.obj               98      0         0      
       aeabi_fcmp.S.obj               98      0         0      
       aeabi_uidivmod.S.obj           64      0         0      
       floatsisf.S.obj                60      0         0      
       muldsi3.S.obj                  58      0         0      
       fixsfsi.S.obj                  56      0         0      
       floatunsisf.S.obj              40      0         0      
       floatunsidf.S.obj              36      0         0      
       aeabi_memcpy.S.obj             8       0         0      
       aeabi_div0.c.obj               2       0         0      
    +--+------------------------------+-------+---------+---------+
       Total:                         1344    0         0      
                                                               
       Stack:                         0       0         512    
       Linker Generated:              0       54        0      
    +--+------------------------------+-------+---------+---------+
       Grand Total:                   15258   3036      1553   


LINKER GENERATED COPY TABLES

__TI_cinit_table @ 00004788 records: 2, size/record: 8, table size: 16
	.data: load addr=00004760, load size=00000012 bytes, run addr=202003b4, run size=0000005d bytes, compression=lzss
	.bss: load addr=00004780, load size=00000008 bytes, run addr=20200000, run size=000003b4 bytes, compression=zero_init


LINKER GENERATED HANDLER TABLE

__TI_handler_table @ 00004774 records: 3, size/record: 4, table size: 12
	index: 0, handler: __TI_decompress_lzss
	index: 1, handler: __TI_decompress_none
	index: 2, handler: __TI_zero_init


FAR CALL TRAMPOLINES

callee name               trampoline name
   callee addr  tramp addr   call addr  call info
--------------  -----------  ---------  ----------------
_c_int00_noargs           $Tramp$TT$L$PI$$_c_int00_noargs
   000032a1     00003c60     00003c5a   startup_mspm0g350x_ticlang.o (.text.Reset_Handler)

[1 trampolines]
[1 trampoline calls]


GLOBAL SYMBOLS: SORTED ALPHABETICALLY BY Name 

address   name                                    
-------   ----                                    
00003c53  ADC0_IRQHandler                         
00003c53  ADC1_IRQHandler                         
00003c53  AES_IRQHandler                          
00003c56  C$$EXIT                                 
00002ae9  CANFD0_IRQHandler                       
00001661  CAN_Rx_FIFO0_New_Message_Callback       
000017f5  CAN_send_ext_frame                      
000018b1  CAN_send_std_frame                      
00003c53  DAC0_IRQHandler                         
00003c39  DL_Common_delayCycles                   
000029bd  DL_DMA_initChannel                      
000026c1  DL_I2C_fillControllerTXFIFO             
0000333b  DL_I2C_setClockConfig                   
00002e8d  DL_MCAN_TXBufAddReq                     
00002fe5  DL_MCAN_TXBufTransIntrEnable            
00003011  DL_MCAN_addExtMsgIDFilter               
0000303d  DL_MCAN_addStdMsgIDFilter               
00003a81  DL_MCAN_clearIntrStatus                 
00003539  DL_MCAN_enableIntr                      
00003555  DL_MCAN_enableIntrLine                  
00003c09  DL_MCAN_getIntrStatus                   
00003b69  DL_MCAN_getOpMode                       
00002b2d  DL_MCAN_getRevisionId                   
00002e1d  DL_MCAN_getRxFIFOStatus                 
00003411  DL_MCAN_getTxFIFOQueStatus              
00001225  DL_MCAN_init                            
00003b79  DL_MCAN_isMemInitDone                   
000002dd  DL_MCAN_msgRAMConfig                    
00000b6d  DL_MCAN_readMsgRam                      
00003571  DL_MCAN_selectIntrLine                  
000013dd  DL_MCAN_setBitTime                      
00003385  DL_MCAN_setClockConfig                  
00002ec1  DL_MCAN_setExtIDAndMask                 
000038b5  DL_MCAN_setOpMode                       
00000e75  DL_MCAN_writeMsgRam                     
00002bf9  DL_MCAN_writeRxFIFOAck                  
0000358d  DL_SYSCTL_configFCC                     
00001301  DL_SYSCTL_configSYSPLL                  
00002475  DL_SYSCTL_setHFCLKSourceHFXTParams      
000025a1  DL_SYSCTL_setLFCLKSourceLFXT            
00002b71  DL_SYSCTL_switchMCLKfromSYSOSCtoHSCLK   
00003ad1  DL_Timer_enableCaptureCompareInputFilter
00003bb9  DL_Timer_getCaptureCompareValue         
00000c79  DL_Timer_initFourCCPWMMode              
000035fd  DL_Timer_setCaptCompUpdateMethod        
000031b1  DL_Timer_setCaptureCompareCtl           
00003689  DL_Timer_setCaptureCompareInput         
00003619  DL_Timer_setCaptureCompareInputFilter   
0000392d  DL_Timer_setCaptureCompareOutCtl        
00003bd9  DL_Timer_setCaptureCompareValue         
00003635  DL_Timer_setClockConfig                 
00002aa1  DL_UART_init                            
00003b31  DL_UART_setClockConfig                  
00003c53  DMA_IRQHandler                          
00003c53  Default_Handler                         
00003c53  GROUP0_IRQHandler                       
00003c53  GROUP1_IRQHandler                       
00003c57  HOSTexit                                
00003c53  HardFault_Handler                       
00004490  Hzk                                     
00003c53  I2C0_IRQHandler                         
00003c53  I2C1_IRQHandler                         
00003c53  NMI_Handler                             
00002339  OLED_Clear                              
00000a59  OLED_Init                               
00002cb5  OLED_Set_Pos                            
00000941  OLED_ShowChar                           
00001add  OLED_ShowChinese                        
00000d7d  OLED_ShowNum                            
000022c9  OLED_ShowString                         
00001c21  OLED_WR_Byte                            
00003c53  PendSV_Handler                          
00003c53  RTC_IRQHandler                          
00003c5b  Reset_Handler                           
00003c53  SPI0_IRQHandler                         
00003c53  SPI1_IRQHandler                         
00003c53  SVC_Handler                             
00002f55  SYSCFG_DL_DMA_CH0_init                  
00002f85  SYSCFG_DL_DMA_CH1_init                  
00003c2d  SYSCFG_DL_DMA_init                      
0000196d  SYSCFG_DL_FFRONT_IN_init                
00001055  SYSCFG_DL_FRONT_OUT_init                
000006a9  SYSCFG_DL_GPIO_init                     
0000277d  SYSCFG_DL_I2C_OLED_init                 
00000f69  SYSCFG_DL_MCAN0_init                    
00001a25  SYSCFG_DL_REAR_IN_init                  
00001cb9  SYSCFG_DL_RL_OUT_init                   
00001b85  SYSCFG_DL_RR_OUT_init                   
0000113d  SYSCFG_DL_SYSCTL_SYSPLL_init            
00001f79  SYSCFG_DL_SYSCTL_init                   
00003be9  SYSCFG_DL_SYSTICK_init                  
00002169  SYSCFG_DL_UART_0_init                   
000023a5  SYSCFG_DL_init                          
00001731  SYSCFG_DL_initPower                     
000021e1  SysTick_Handler                         
00003c53  TIMA0_IRQHandler                        
00003c53  TIMA1_IRQHandler                        
00003c53  TIMG0_IRQHandler                        
00003c53  TIMG12_IRQHandler                       
00003c53  TIMG6_IRQHandler                        
00003c53  TIMG7_IRQHandler                        
00003c53  TIMG8_IRQHandler                        
00003b43  TI_memcpy_small                         
00001ff5  UART0_IRQHandler                        
00003c53  UART1_IRQHandler                        
00003c53  UART2_IRQHandler                        
00003c53  UART3_IRQHandler                        
000027d5  UART_Rx_DMA_ToIdle_Callback             
20208000  __STACK_END                             
00000200  __STACK_SIZE                            
00000000  __TI_ATRegion0_region_sz                
00000000  __TI_ATRegion0_src_addr                 
00000000  __TI_ATRegion0_trg_addr                 
00000000  __TI_ATRegion1_region_sz                
00000000  __TI_ATRegion1_src_addr                 
00000000  __TI_ATRegion1_trg_addr                 
00000000  __TI_ATRegion2_region_sz                
00000000  __TI_ATRegion2_src_addr                 
00000000  __TI_ATRegion2_trg_addr                 
00004788  __TI_CINIT_Base                         
00004798  __TI_CINIT_Limit                        
00004798  __TI_CINIT_Warm                         
00004774  __TI_Handler_Table_Base                 
00004780  __TI_Handler_Table_Limit                
00002d69  __TI_auto_init_nobinit_nopinit          
000020ed  __TI_decompress_lzss                    
00003b55  __TI_decompress_none                    
ffffffff  __TI_pprof_out_hndl                     
ffffffff  __TI_prof_data_size                     
ffffffff  __TI_prof_data_start                    
00000000  __TI_static_base__                      
00003a19  __TI_zero_init_nomemset                 
000014bf  __addsf3                                
000024d9  __aeabi_dcmpeq                          
00002515  __aeabi_dcmpge                          
00002529  __aeabi_dcmpgt                          
00002501  __aeabi_dcmple                          
000024ed  __aeabi_dcmplt                          
00002e55  __aeabi_f2iz                            
000014bf  __aeabi_fadd                            
0000253d  __aeabi_fcmpeq                          
00002579  __aeabi_fcmpge                          
0000258d  __aeabi_fcmpgt                          
00002565  __aeabi_fcmple                          
00002551  __aeabi_fcmplt                          
00001ef5  __aeabi_fdiv                            
00001de5  __aeabi_fmul                            
000014b5  __aeabi_fsub                            
00002cf1  __aeabi_i2f                             
00000e73  __aeabi_idiv0                           
00003c45  __aeabi_memcpy                          
00003c45  __aeabi_memcpy4                         
00003c45  __aeabi_memcpy8                         
000033cd  __aeabi_ui2d                            
00003279  __aeabi_ui2f                            
00002c39  __aeabi_uidiv                           
00002c39  __aeabi_uidivmod                        
ffffffff  __binit__                               
0000240d  __cmpdf2                                
00002da5  __cmpsf2                                
00001ef5  __divsf3                                
0000240d  __eqdf2                                 
00002da5  __eqsf2                                 
00002e55  __fixsfsi                               
00002cf1  __floatsisf                             
000033cd  __floatunsidf                           
00003279  __floatunsisf                           
00002255  __gedf2                                 
00002d2d  __gesf2                                 
00002255  __gtdf2                                 
00002d2d  __gtsf2                                 
0000240d  __ledf2                                 
00002da5  __lesf2                                 
0000240d  __ltdf2                                 
00002da5  __ltsf2                                 
UNDEFED   __mpu_init                              
00002de1  __muldsi3                               
00001de5  __mulsf3                                
0000240d  __nedf2                                 
00002da5  __nesf2                                 
20207e00  __stack                                 
20200000  __start___llvm_prf_bits                 
20200000  __start___llvm_prf_cnts                 
20200000  __stop___llvm_prf_bits                  
20200000  __stop___llvm_prf_cnts                  
000014b5  __subsf3                                
000032a1  _c_int00_noargs                         
UNDEFED   _system_post_cinit                      
00003c71  _system_pre_init                        
00003c4d  abort                                   
00004268  asc2_0806                               
00003c78  asc2_1608                               
ffffffff  binit                                   
00003bf9  delay_ms                                
20200000  gFRONT_OUTBackup                        
202002b8  gMCAN0Backup                            
20200178  gREAR_INBackup                          
202000bc  gRL_OUTBackup                           
20200218  gRR_OUTBackup                           
2020040a  g_flag_100hz                            
202003f4  g_tick                                  
00002071  handleCanRxMessage                      
00000000  interruptVectors                        
0000080d  main                                    
0000158d  motor_brake                             
000000c1  motor_get_speed                         
000004f1  motor_set                               
0000366d  mspm0_delay_ms                          
00003095  mspm0_get_clock_ms                      
00002601  oled_i2c_sda_unlock                     
00002fb5  oled_pow                                
20200408  rx_size                                 
202003f8  speed_fl                                
202003fc  speed_fr                                
20200400  speed_rl                                
20200404  speed_rr                                
00001d51  uart_isIDLE                             
00002829  uart_receive_start                      
20200350  uart_rx_buff                            
2020040d  uart_rx_dma_complete_flag               
2020040e  uart_rx_length                          
00002661  uart_send                               
2020040f  uart_tx_complete_flag                   
20200410  uart_tx_dma_complete_flag               


GLOBAL SYMBOLS: SORTED BY Symbol Address 

address   name                                    
-------   ----                                    
00000000  __TI_ATRegion0_region_sz                
00000000  __TI_ATRegion0_src_addr                 
00000000  __TI_ATRegion0_trg_addr                 
00000000  __TI_ATRegion1_region_sz                
00000000  __TI_ATRegion1_src_addr                 
00000000  __TI_ATRegion1_trg_addr                 
00000000  __TI_ATRegion2_region_sz                
00000000  __TI_ATRegion2_src_addr                 
00000000  __TI_ATRegion2_trg_addr                 
00000000  __TI_static_base__                      
00000000  interruptVectors                        
000000c1  motor_get_speed                         
00000200  __STACK_SIZE                            
000002dd  DL_MCAN_msgRAMConfig                    
000004f1  motor_set                               
000006a9  SYSCFG_DL_GPIO_init                     
0000080d  main                                    
00000941  OLED_ShowChar                           
00000a59  OLED_Init                               
00000b6d  DL_MCAN_readMsgRam                      
00000c79  DL_Timer_initFourCCPWMMode              
00000d7d  OLED_ShowNum                            
00000e73  __aeabi_idiv0                           
00000e75  DL_MCAN_writeMsgRam                     
00000f69  SYSCFG_DL_MCAN0_init                    
00001055  SYSCFG_DL_FRONT_OUT_init                
0000113d  SYSCFG_DL_SYSCTL_SYSPLL_init            
00001225  DL_MCAN_init                            
00001301  DL_SYSCTL_configSYSPLL                  
000013dd  DL_MCAN_setBitTime                      
000014b5  __aeabi_fsub                            
000014b5  __subsf3                                
000014bf  __addsf3                                
000014bf  __aeabi_fadd                            
0000158d  motor_brake                             
00001661  CAN_Rx_FIFO0_New_Message_Callback       
00001731  SYSCFG_DL_initPower                     
000017f5  CAN_send_ext_frame                      
000018b1  CAN_send_std_frame                      
0000196d  SYSCFG_DL_FFRONT_IN_init                
00001a25  SYSCFG_DL_REAR_IN_init                  
00001add  OLED_ShowChinese                        
00001b85  SYSCFG_DL_RR_OUT_init                   
00001c21  OLED_WR_Byte                            
00001cb9  SYSCFG_DL_RL_OUT_init                   
00001d51  uart_isIDLE                             
00001de5  __aeabi_fmul                            
00001de5  __mulsf3                                
00001ef5  __aeabi_fdiv                            
00001ef5  __divsf3                                
00001f79  SYSCFG_DL_SYSCTL_init                   
00001ff5  UART0_IRQHandler                        
00002071  handleCanRxMessage                      
000020ed  __TI_decompress_lzss                    
00002169  SYSCFG_DL_UART_0_init                   
000021e1  SysTick_Handler                         
00002255  __gedf2                                 
00002255  __gtdf2                                 
000022c9  OLED_ShowString                         
00002339  OLED_Clear                              
000023a5  SYSCFG_DL_init                          
0000240d  __cmpdf2                                
0000240d  __eqdf2                                 
0000240d  __ledf2                                 
0000240d  __ltdf2                                 
0000240d  __nedf2                                 
00002475  DL_SYSCTL_setHFCLKSourceHFXTParams      
000024d9  __aeabi_dcmpeq                          
000024ed  __aeabi_dcmplt                          
00002501  __aeabi_dcmple                          
00002515  __aeabi_dcmpge                          
00002529  __aeabi_dcmpgt                          
0000253d  __aeabi_fcmpeq                          
00002551  __aeabi_fcmplt                          
00002565  __aeabi_fcmple                          
00002579  __aeabi_fcmpge                          
0000258d  __aeabi_fcmpgt                          
000025a1  DL_SYSCTL_setLFCLKSourceLFXT            
00002601  oled_i2c_sda_unlock                     
00002661  uart_send                               
000026c1  DL_I2C_fillControllerTXFIFO             
0000277d  SYSCFG_DL_I2C_OLED_init                 
000027d5  UART_Rx_DMA_ToIdle_Callback             
00002829  uart_receive_start                      
000029bd  DL_DMA_initChannel                      
00002aa1  DL_UART_init                            
00002ae9  CANFD0_IRQHandler                       
00002b2d  DL_MCAN_getRevisionId                   
00002b71  DL_SYSCTL_switchMCLKfromSYSOSCtoHSCLK   
00002bf9  DL_MCAN_writeRxFIFOAck                  
00002c39  __aeabi_uidiv                           
00002c39  __aeabi_uidivmod                        
00002cb5  OLED_Set_Pos                            
00002cf1  __aeabi_i2f                             
00002cf1  __floatsisf                             
00002d2d  __gesf2                                 
00002d2d  __gtsf2                                 
00002d69  __TI_auto_init_nobinit_nopinit          
00002da5  __cmpsf2                                
00002da5  __eqsf2                                 
00002da5  __lesf2                                 
00002da5  __ltsf2                                 
00002da5  __nesf2                                 
00002de1  __muldsi3                               
00002e1d  DL_MCAN_getRxFIFOStatus                 
00002e55  __aeabi_f2iz                            
00002e55  __fixsfsi                               
00002e8d  DL_MCAN_TXBufAddReq                     
00002ec1  DL_MCAN_setExtIDAndMask                 
00002f55  SYSCFG_DL_DMA_CH0_init                  
00002f85  SYSCFG_DL_DMA_CH1_init                  
00002fb5  oled_pow                                
00002fe5  DL_MCAN_TXBufTransIntrEnable            
00003011  DL_MCAN_addExtMsgIDFilter               
0000303d  DL_MCAN_addStdMsgIDFilter               
00003095  mspm0_get_clock_ms                      
000031b1  DL_Timer_setCaptureCompareCtl           
00003279  __aeabi_ui2f                            
00003279  __floatunsisf                           
000032a1  _c_int00_noargs                         
0000333b  DL_I2C_setClockConfig                   
00003385  DL_MCAN_setClockConfig                  
000033cd  __aeabi_ui2d                            
000033cd  __floatunsidf                           
00003411  DL_MCAN_getTxFIFOQueStatus              
00003539  DL_MCAN_enableIntr                      
00003555  DL_MCAN_enableIntrLine                  
00003571  DL_MCAN_selectIntrLine                  
0000358d  DL_SYSCTL_configFCC                     
000035fd  DL_Timer_setCaptCompUpdateMethod        
00003619  DL_Timer_setCaptureCompareInputFilter   
00003635  DL_Timer_setClockConfig                 
0000366d  mspm0_delay_ms                          
00003689  DL_Timer_setCaptureCompareInput         
000038b5  DL_MCAN_setOpMode                       
0000392d  DL_Timer_setCaptureCompareOutCtl        
00003a19  __TI_zero_init_nomemset                 
00003a81  DL_MCAN_clearIntrStatus                 
00003ad1  DL_Timer_enableCaptureCompareInputFilter
00003b31  DL_UART_setClockConfig                  
00003b43  TI_memcpy_small                         
00003b55  __TI_decompress_none                    
00003b69  DL_MCAN_getOpMode                       
00003b79  DL_MCAN_isMemInitDone                   
00003bb9  DL_Timer_getCaptureCompareValue         
00003bd9  DL_Timer_setCaptureCompareValue         
00003be9  SYSCFG_DL_SYSTICK_init                  
00003bf9  delay_ms                                
00003c09  DL_MCAN_getIntrStatus                   
00003c2d  SYSCFG_DL_DMA_init                      
00003c39  DL_Common_delayCycles                   
00003c45  __aeabi_memcpy                          
00003c45  __aeabi_memcpy4                         
00003c45  __aeabi_memcpy8                         
00003c4d  abort                                   
00003c53  ADC0_IRQHandler                         
00003c53  ADC1_IRQHandler                         
00003c53  AES_IRQHandler                          
00003c53  DAC0_IRQHandler                         
00003c53  DMA_IRQHandler                          
00003c53  Default_Handler                         
00003c53  GROUP0_IRQHandler                       
00003c53  GROUP1_IRQHandler                       
00003c53  HardFault_Handler                       
00003c53  I2C0_IRQHandler                         
00003c53  I2C1_IRQHandler                         
00003c53  NMI_Handler                             
00003c53  PendSV_Handler                          
00003c53  RTC_IRQHandler                          
00003c53  SPI0_IRQHandler                         
00003c53  SPI1_IRQHandler                         
00003c53  SVC_Handler                             
00003c53  TIMA0_IRQHandler                        
00003c53  TIMA1_IRQHandler                        
00003c53  TIMG0_IRQHandler                        
00003c53  TIMG12_IRQHandler                       
00003c53  TIMG6_IRQHandler                        
00003c53  TIMG7_IRQHandler                        
00003c53  TIMG8_IRQHandler                        
00003c53  UART1_IRQHandler                        
00003c53  UART2_IRQHandler                        
00003c53  UART3_IRQHandler                        
00003c56  C$$EXIT                                 
00003c57  HOSTexit                                
00003c5b  Reset_Handler                           
00003c71  _system_pre_init                        
00003c78  asc2_1608                               
00004268  asc2_0806                               
00004490  Hzk                                     
00004774  __TI_Handler_Table_Base                 
00004780  __TI_Handler_Table_Limit                
00004788  __TI_CINIT_Base                         
00004798  __TI_CINIT_Limit                        
00004798  __TI_CINIT_Warm                         
20200000  __start___llvm_prf_bits                 
20200000  __start___llvm_prf_cnts                 
20200000  __stop___llvm_prf_bits                  
20200000  __stop___llvm_prf_cnts                  
20200000  gFRONT_OUTBackup                        
202000bc  gRL_OUTBackup                           
20200178  gREAR_INBackup                          
20200218  gRR_OUTBackup                           
202002b8  gMCAN0Backup                            
20200350  uart_rx_buff                            
202003f4  g_tick                                  
202003f8  speed_fl                                
202003fc  speed_fr                                
20200400  speed_rl                                
20200404  speed_rr                                
20200408  rx_size                                 
2020040a  g_flag_100hz                            
2020040d  uart_rx_dma_complete_flag               
2020040e  uart_rx_length                          
2020040f  uart_tx_complete_flag                   
20200410  uart_tx_dma_complete_flag               
20207e00  __stack                                 
20208000  __STACK_END                             
ffffffff  __TI_pprof_out_hndl                     
ffffffff  __TI_prof_data_size                     
ffffffff  __TI_prof_data_start                    
ffffffff  __binit__                               
ffffffff  binit                                   
UNDEFED   __mpu_init                              
UNDEFED   _system_post_cinit                      

[224 symbols]
