******************************************************************************
            TI ARM Clang Linker PC v4.0.4                      
******************************************************************************
>> Linked Mon May 18 11:21:10 2026

OUTPUT FILE NAME:   <test.out>
ENTRY POINT SYMBOL: "_c_int00_noargs"  address: 00001231


MEMORY CONFIGURATION

         name            origin    length      used     unused   attr    fill
----------------------  --------  ---------  --------  --------  ----  --------
  FLASH                 00000000   00020000  00001890  0001e770  R  X
  SRAM                  20200000   00008000  00000304  00007cfc  RW X
  BCR_CONFIG            41c00000   000000ff  00000000  000000ff  R   
  BSL_CONFIG            41c00100   00000080  00000000  00000080  R   


SEGMENT ALLOCATION MAP

run origin  load origin   length   init length attrs members
----------  ----------- ---------- ----------- ----- -------
00000000    00000000    00001890   00001890    r-x
  00000000    00000000    000000c0   000000c0    r-- .intvecs
  000000c0    000000c0    00001680   00001680    r-x .text
  00001740    00001740    00000120   00000120    r-- .rodata
  00001860    00001860    00000030   00000030    r-- .cinit
20200000    20200000    00000104   00000000    rw-
  20200000    20200000    000000fc   00000000    rw- .bss
  202000fc    202000fc    00000008   00000000    rw- .data
20207e00    20207e00    00000200   00000000    rw-
  20207e00    20207e00    00000200   00000000    rw- .stack


SECTION ALLOCATION MAP

 output                                  attributes/
section   page    origin      length       input sections
--------  ----  ----------  ----------   ----------------
.intvecs   0    00000000    000000c0     
                  00000000    000000c0     startup_mspm0g350x_ticlang.o (.intvecs)

.text      0    000000c0    00001680     
                  000000c0    00000214     driverlib.a : dl_mcan.o (.text.DL_MCAN_msgRAMConfig)
                  000002d4    000000e8     ti_msp_dl_config.o (.text.SYSCFG_DL_SYSCTL_SYSPLL_init)
                  000003bc    000000dc     driverlib.a : dl_mcan.o (.text.DL_MCAN_init)
                  00000498    000000dc                 : dl_sysctl_mspm0g1x0x_g3x0x.o (.text.DL_SYSCTL_configSYSPLL)
                  00000574    000000d8                 : dl_mcan.o (.text.DL_MCAN_setBitTime)
                  0000064c    0000009c     ti_msp_dl_config.o (.text.SYSCFG_DL_MCAN0_init)
                  000006e8    00000094     bsp_UART.o (.text.uart_isIDLE)
                  0000077c    00000084     ti_msp_dl_config.o (.text.__NVIC_SetPriority)
                  00000800    0000007c     ti_msp_dl_config.o (.text.SYSCFG_DL_SYSCTL_init)
                  0000087c    0000007c     bsp_UART.o (.text.UART0_IRQHandler)
                  000008f8    0000007c     libc.a : copy_decompress_lzss.c.obj (.text:decompress:lzss)
                  00000974    00000078     ti_msp_dl_config.o (.text.SYSCFG_DL_UART_0_init)
                  000009ec    00000074     libclang_rt.builtins.a : comparedf2.c.obj (.text.__gedf2)
                  00000a60    00000070     ti_msp_dl_config.o (.text.SYSCFG_DL_GPIO_init)
                  00000ad0    00000068     libclang_rt.builtins.a : comparedf2.c.obj (.text.__ledf2)
                  00000b38    00000064     driverlib.a : dl_sysctl_mspm0g1x0x_g3x0x.o (.text.DL_SYSCTL_setHFCLKSourceHFXTParams)
                  00000b9c    00000062     libclang_rt.builtins.a : aeabi_dcmp.S.obj (.text.__aeabi_dcmp)
                  00000bfe    00000002                            : aeabi_div0.c.obj (.text.__aeabi_idiv0)
                  00000c00    00000060     driverlib.a : dl_sysctl_mspm0g1x0x_g3x0x.o (.text.DL_SYSCTL_setLFCLKSourceLFXT)
                  00000c60    00000060     bsp_UART.o (.text.uart_send)
                  00000cc0    00000058     ti_msp_dl_config.o (.text.SYSCFG_DL_initPower)
                  00000d18    00000054     bsp_UART.o (.text.UART_Rx_DMA_ToIdle_Callback)
                  00000d6c    00000054     bsp_UART.o (.text.uart_receive_start)
                  00000dc0    00000050     ti_msp_dl_config.o (.text.SysTick_Config)
                  00000e10    0000004c     driverlib.a : dl_dma.o (.text.DL_DMA_initChannel)
                  00000e5c    0000004c     ti_msp_dl_config.o (.text.DL_UART_setBaudRateDivisor)
                  00000ea8    00000048     driverlib.a : dl_uart.o (.text.DL_UART_init)
                  00000ef0    00000044                 : dl_mcan.o (.text.DL_MCAN_getRevisionId)
                  00000f34    00000044                 : dl_sysctl_mspm0g1x0x_g3x0x.o (.text.DL_SYSCTL_switchMCLKfromSYSOSCtoHSCLK)
                  00000f78    00000040     libclang_rt.builtins.a : aeabi_uidivmod.S.obj (.text.__aeabi_uidivmod)
                  00000fb8    0000003c     libc.a : autoinit.c.obj (.text:__TI_auto_init_nobinit_nopinit)
                  00000ff4    00000034     driverlib.a : dl_mcan.o (.text.DL_MCAN_setExtIDAndMask)
                  00001028    00000030     bsp_UART.o (.text.DL_DMA_setTransferSize)
                  00001058    00000030     ti_msp_dl_config.o (.text.DL_GPIO_initDigitalOutputFeatures)
                  00001088    00000030     ti_msp_dl_config.o (.text.SYSCFG_DL_DMA_CH0_init)
                  000010b8    00000030     ti_msp_dl_config.o (.text.SYSCFG_DL_DMA_CH1_init)
                  000010e8    0000002c     ti_msp_dl_config.o (.text.SYSCFG_DL_init)
                  00001114    0000002c     empty.o (.text.__NVIC_EnableIRQ)
                  00001140    00000028     ti_msp_dl_config.o (.text.DL_Common_updateReg)
                  00001168    00000028     bsp_UART.o (.text.DL_DMA_setDestAddr)
                  00001190    00000028     bsp_UART.o (.text.DL_DMA_setSrcAddr)
                  000011b8    00000028     ti_msp_dl_config.o (.text.DL_UART_setRXFIFOThreshold)
                  000011e0    00000028     ti_msp_dl_config.o (.text.DL_UART_setTXFIFOThreshold)
                  00001208    00000028     empty.o (.text.main)
                  00001230    00000028     libc.a : boot_cortex_m.c.obj (.text:_c_int00_noargs)
                  00001258    00000026     bsp_UART.o (.text.DL_DMA_disableChannel)
                  0000127e    00000026     bsp_UART.o (.text.DL_DMA_enableChannel)
                  000012a4    00000024     bsp_UART.o (.text.DL_DMA_getTransferSize)
                  000012c8    00000024     driverlib.a : dl_mcan.o (.text.DL_MCAN_setClockConfig)
                  000012ec    00000024     ti_msp_dl_config.o (.text.DL_UART_setRXInterruptTimeout)
                  00001310    00000024     libclang_rt.builtins.a : floatunsidf.S.obj (.text.__floatunsidf)
                  00001334    00000020     ti_msp_dl_config.o (.text.DL_GPIO_initPeripheralInputFunction)
                  00001354    00000020     ti_msp_dl_config.o (.text.DL_SYSCTL_setFlashWaitState)
                  00001374    0000001e     ti_msp_dl_config.o (.text.DL_UART_setOversampling)
                  00001392    00000002     --HOLE-- [fill = 0]
                  00001394    0000001c     ti_msp_dl_config.o (.text.DL_DMA_enableInterrupt)
                  000013b0    0000001c     ti_msp_dl_config.o (.text.DL_GPIO_initPeripheralOutputFunction)
                  000013cc    0000001c     driverlib.a : dl_sysctl_mspm0g1x0x_g3x0x.o (.text.DL_SYSCTL_configFCC)
                  000013e8    0000001c     ti_msp_dl_config.o (.text.DL_SYSCTL_setFCCPeriods)
                  00001404    0000001c     ti_msp_dl_config.o (.text.DL_SYSCTL_setSYSOSCFreq)
                  00001420    0000001c     ti_msp_dl_config.o (.text.DL_SYSCTL_setULPCLKDivider)
                  0000143c    0000001c     ti_msp_dl_config.o (.text.DL_UART_enableInterrupt)
                  00001458    00000018     ti_msp_dl_config.o (.text.DL_DMA_clearInterruptStatus)
                  00001470    00000018     ti_msp_dl_config.o (.text.DL_GPIO_enableOutput)
                  00001488    00000018     ti_msp_dl_config.o (.text.DL_GPIO_enablePower)
                  000014a0    00000018     ti_msp_dl_config.o (.text.DL_GPIO_initPeripheralAnalogFunction)
                  000014b8    00000018     ti_msp_dl_config.o (.text.DL_GPIO_reset)
                  000014d0    00000018     empty.o (.text.DL_GPIO_setPins)
                  000014e8    00000018     ti_msp_dl_config.o (.text.DL_MCAN_enablePower)
                  00001500    00000018     ti_msp_dl_config.o (.text.DL_MCAN_reset)
                  00001518    00000018     driverlib.a : dl_mcan.o (.text.DL_MCAN_setOpMode)
                  00001530    00000018     ti_msp_dl_config.o (.text.DL_SYSCTL_setBORThreshold)
                  00001548    00000018     ti_msp_dl_config.o (.text.DL_UART_enableDMAReceiveEvent)
                  00001560    00000018     ti_msp_dl_config.o (.text.DL_UART_enableDMATransmitEvent)
                  00001578    00000018     ti_msp_dl_config.o (.text.DL_UART_enableFIFOs)
                  00001590    00000018     ti_msp_dl_config.o (.text.DL_UART_enablePower)
                  000015a8    00000018     ti_msp_dl_config.o (.text.DL_UART_reset)
                  000015c0    00000016     ti_msp_dl_config.o (.text.DL_UART_enable)
                  000015d6    00000016     libc.a : copy_zero_init.c.obj (.text:decompress:ZI:__TI_zero_init_nomemset)
                  000015ec    00000014     ti_msp_dl_config.o (.text.DL_GPIO_clearPins)
                  00001600    00000014     ti_msp_dl_config.o (.text.DL_SYSCTL_disableSYSPLL)
                  00001614    00000014     ti_msp_dl_config.o (.text.DL_SYSCTL_enableSYSPLL)
                  00001628    00000012     ti_msp_dl_config.o (.text.DL_MCAN_enableModuleClock)
                  0000163a    00000012     bsp_UART.o (.text.DL_UART_getPendingInterrupt)
                  0000164c    00000012     driverlib.a : dl_uart.o (.text.DL_UART_setClockConfig)
                  0000165e    00000012     libc.a : memcpy16.S.obj (.text:TI_memcpy_small)
                  00001670    00000012            : copy_decompress_none.c.obj (.text:decompress:none)
                  00001682    00000002     --HOLE-- [fill = 0]
                  00001684    00000010     driverlib.a : dl_mcan.o (.text.DL_MCAN_getOpMode)
                  00001694    00000010                 : dl_mcan.o (.text.DL_MCAN_isMemInitDone)
                  000016a4    00000010     ti_msp_dl_config.o (.text.DL_SYSCTL_disableHFXT)
                  000016b4    00000010     ti_msp_dl_config.o (.text.DL_SYSCTL_isFCCDone)
                  000016c4    00000010     ti_msp_dl_config.o (.text.DL_SYSCTL_startFCC)
                  000016d4    00000010     ti_msp_dl_config.o (.text.SYSCFG_DL_SYSTICK_init)
                  000016e4    0000000c     ti_msp_dl_config.o (.text.DL_SYSCTL_getClockStatus)
                  000016f0    0000000c     ti_msp_dl_config.o (.text.DL_SYSCTL_readFCC)
                  000016fc    0000000c     ti_msp_dl_config.o (.text.SYSCFG_DL_DMA_init)
                  00001708    0000000a     driverlib.a : dl_common.o (.text.DL_Common_delayCycles)
                  00001712    00000008     empty.o (.text.SysTick_Handler)
                  0000171a    00000002     --HOLE-- [fill = 0]
                  0000171c    00000008     libclang_rt.builtins.a : aeabi_memcpy.S.obj (.text.__aeabi_memcpy)
                  00001724    00000006     libc.a : exit.c.obj (.text:abort)
                  0000172a    00000004     startup_mspm0g350x_ticlang.o (.text.Default_Handler)
                  0000172e    00000004     libsysbm.a : hostexit.c.obj (.text.HOSTexit)
                  00001732    00000004     startup_mspm0g350x_ticlang.o (.text.Reset_Handler)
                  00001736    00000004     libc.a : pre_init.c.obj (.text._system_pre_init)
                  0000173a    00000006     --HOLE-- [fill = 0]

.cinit     0    00001860    00000030     
                  00001860    0000000c     (__TI_handler_table)
                  0000186c    0000000b     (.cinit..data.load) [load image, compression = lzss]
                  00001877    00000001     --HOLE-- [fill = 0]
                  00001878    00000008     (.cinit..bss.load) [load image, compression = zero_init]
                  00001880    00000010     (__TI_cinit_table)

.rodata    0    00001740    00000120     
                  00001740    00000060     ti_msp_dl_config.o (.rodata.gMCAN0MsgRAMConfigParams)
                  000017a0    00000034     ti_msp_dl_config.o (.rodata.gMCAN0InitParams)
                  000017d4    00000028     ti_msp_dl_config.o (.rodata.gSYSPLLConfig)
                  000017fc    00000020     ti_msp_dl_config.o (.rodata.gMCAN0BitTimes)
                  0000181c    00000018     ti_msp_dl_config.o (.rodata.gDMA_CH0Config)
                  00001834    00000018     ti_msp_dl_config.o (.rodata.gDMA_CH1Config)
                  0000184c    0000000a     ti_msp_dl_config.o (.rodata.gUART_0Config)
                  00001856    00000004     ti_msp_dl_config.o (.rodata.gMCAN0ClockConf)
                  0000185a    00000003     ti_msp_dl_config.o (.rodata.gLFCLKConfig)
                  0000185d    00000002     ti_msp_dl_config.o (.rodata.gUART_0ClockConfig)
                  0000185f    00000001     --HOLE-- [fill = 0]

.init_array 
*          0    00000000    00000000     UNINITIALIZED

.binit     0    00000000    00000000     

.bss       0    20200000    000000fc     UNINITIALIZED
                  20200000    00000098     (.common:gMCAN0Backup)
                  20200098    00000064     (.common:uart_rx_buff)

.data      0    202000fc    00000008     UNINITIALIZED
                  202000fc    00000002     bsp_UART.o (.data.rx_size)
                  202000fe    00000001     bsp_UART.o (.data.uart_isIDLE.rx_last_size)
                  202000ff    00000001     bsp_UART.o (.data.uart_isIDLE.stable_count)
                  20200100    00000001     bsp_UART.o (.data.uart_rx_dma_complete_flag)
                  20200101    00000001     bsp_UART.o (.data.uart_rx_length)
                  20200102    00000001     bsp_UART.o (.data.uart_tx_complete_flag)
                  20200103    00000001     bsp_UART.o (.data.uart_tx_dma_complete_flag)

.stack     0    20207e00    00000200     UNINITIALIZED
                  20207e00    00000004     libc.a : boot_cortex_m.c.obj (.stack)
                  20207e04    000001fc     --HOLE--

__llvm_prf_cnts 
*          0    20200000    00000000     UNINITIALIZED

__llvm_prf_bits 
*          0    20200000    00000000     UNINITIALIZED

MODULE SUMMARY

       Module                         code   ro data   rw data
       ------                         ----   -------   -------
    .\
       ti_msp_dl_config.o             2238   287       152    
       startup_mspm0g350x_ticlang.o   8      192       0      
       empty.o                        116    0         0      
    +--+------------------------------+------+---------+---------+
       Total:                         2362   479       152    
                                                              
    .\User\bsp\Src\
       bsp_UART.o                     794    0         108    
    +--+------------------------------+------+---------+---------+
       Total:                         794    0         108    
                                                              
    E:/TI/CCS/mspm0_sdk_2_10_00_04/source/ti/driverlib/lib/ticlang/m0p/mspm0g1x0x_g3x0x/driverlib.a
       dl_mcan.o                      1180   0         0      
       dl_sysctl_mspm0g1x0x_g3x0x.o   512    0         0      
       dl_uart.o                      90     0         0      
       dl_dma.o                       76     0         0      
       dl_common.o                    10     0         0      
    +--+------------------------------+------+---------+---------+
       Total:                         1868   0         0      
                                                              
    E:\TI\CCS\ccs\tools\compiler\ti-cgt-armllvm_4.0.4.LTS\lib\armv6m-ti-none-eabi/c/libc.a
       copy_decompress_lzss.c.obj     124    0         0      
       autoinit.c.obj                 60     0         0      
       boot_cortex_m.c.obj            40     0         0      
       copy_zero_init.c.obj           22     0         0      
       copy_decompress_none.c.obj     18     0         0      
       memcpy16.S.obj                 18     0         0      
       exit.c.obj                     6      0         0      
       pre_init.c.obj                 4      0         0      
    +--+------------------------------+------+---------+---------+
       Total:                         292    0         0      
                                                              
    E:\TI\CCS\ccs\tools\compiler\ti-cgt-armllvm_4.0.4.LTS\lib\armv6m-ti-none-eabi/c/libsysbm.a
       hostexit.c.obj                 4      0         0      
    +--+------------------------------+------+---------+---------+
       Total:                         4      0         0      
                                                              
    E:\TI\CCS\ccs\tools\compiler\ti-cgt-armllvm_4.0.4.LTS\lib\armv6m-ti-none-eabi/libclang_rt.builtins.a
       comparedf2.c.obj               220    0         0      
       aeabi_dcmp.S.obj               98     0         0      
       aeabi_uidivmod.S.obj           64     0         0      
       floatunsidf.S.obj              36     0         0      
       aeabi_memcpy.S.obj             8      0         0      
       aeabi_div0.c.obj               2      0         0      
    +--+------------------------------+------+---------+---------+
       Total:                         428    0         0      
                                                              
       Stack:                         0      0         512    
       Linker Generated:              0      47        0      
    +--+------------------------------+------+---------+---------+
       Grand Total:                   5748   526       772    


LINKER GENERATED COPY TABLES

__TI_cinit_table @ 00001880 records: 2, size/record: 8, table size: 16
	.data: load addr=0000186c, load size=0000000b bytes, run addr=202000fc, run size=00000008 bytes, compression=lzss
	.bss: load addr=00001878, load size=00000008 bytes, run addr=20200000, run size=000000fc bytes, compression=zero_init


LINKER GENERATED HANDLER TABLE

__TI_handler_table @ 00001860 records: 3, size/record: 4, table size: 12
	index: 0, handler: __TI_decompress_lzss
	index: 1, handler: __TI_decompress_none
	index: 2, handler: __TI_zero_init


GLOBAL SYMBOLS: SORTED ALPHABETICALLY BY Name 

address   name                                 
-------   ----                                 
0000172b  ADC0_IRQHandler                      
0000172b  ADC1_IRQHandler                      
0000172b  AES_IRQHandler                       
0000172e  C$$EXIT                              
0000172b  CANFD0_IRQHandler                    
0000172b  DAC0_IRQHandler                      
00001709  DL_Common_delayCycles                
00000e11  DL_DMA_initChannel                   
00001685  DL_MCAN_getOpMode                    
00000ef1  DL_MCAN_getRevisionId                
000003bd  DL_MCAN_init                         
00001695  DL_MCAN_isMemInitDone                
000000c1  DL_MCAN_msgRAMConfig                 
00000575  DL_MCAN_setBitTime                   
000012c9  DL_MCAN_setClockConfig               
00000ff5  DL_MCAN_setExtIDAndMask              
00001519  DL_MCAN_setOpMode                    
000013cd  DL_SYSCTL_configFCC                  
00000499  DL_SYSCTL_configSYSPLL               
00000b39  DL_SYSCTL_setHFCLKSourceHFXTParams   
00000c01  DL_SYSCTL_setLFCLKSourceLFXT         
00000f35  DL_SYSCTL_switchMCLKfromSYSOSCtoHSCLK
00000ea9  DL_UART_init                         
0000164d  DL_UART_setClockConfig               
0000172b  DMA_IRQHandler                       
0000172b  Default_Handler                      
0000172b  GROUP0_IRQHandler                    
0000172b  GROUP1_IRQHandler                    
0000172f  HOSTexit                             
0000172b  HardFault_Handler                    
0000172b  I2C0_IRQHandler                      
0000172b  I2C1_IRQHandler                      
0000172b  NMI_Handler                          
0000172b  PendSV_Handler                       
0000172b  RTC_IRQHandler                       
00001733  Reset_Handler                        
0000172b  SPI0_IRQHandler                      
0000172b  SPI1_IRQHandler                      
0000172b  SVC_Handler                          
00001089  SYSCFG_DL_DMA_CH0_init               
000010b9  SYSCFG_DL_DMA_CH1_init               
000016fd  SYSCFG_DL_DMA_init                   
00000a61  SYSCFG_DL_GPIO_init                  
0000064d  SYSCFG_DL_MCAN0_init                 
000002d5  SYSCFG_DL_SYSCTL_SYSPLL_init         
00000801  SYSCFG_DL_SYSCTL_init                
000016d5  SYSCFG_DL_SYSTICK_init               
00000975  SYSCFG_DL_UART_0_init                
000010e9  SYSCFG_DL_init                       
00000cc1  SYSCFG_DL_initPower                  
00001713  SysTick_Handler                      
0000172b  TIMA0_IRQHandler                     
0000172b  TIMA1_IRQHandler                     
0000172b  TIMG0_IRQHandler                     
0000172b  TIMG12_IRQHandler                    
0000172b  TIMG6_IRQHandler                     
0000172b  TIMG7_IRQHandler                     
0000172b  TIMG8_IRQHandler                     
0000165f  TI_memcpy_small                      
0000087d  UART0_IRQHandler                     
0000172b  UART1_IRQHandler                     
0000172b  UART2_IRQHandler                     
0000172b  UART3_IRQHandler                     
00000d19  UART_Rx_DMA_ToIdle_Callback          
20208000  __STACK_END                          
00000200  __STACK_SIZE                         
00000000  __TI_ATRegion0_region_sz             
00000000  __TI_ATRegion0_src_addr              
00000000  __TI_ATRegion0_trg_addr              
00000000  __TI_ATRegion1_region_sz             
00000000  __TI_ATRegion1_src_addr              
00000000  __TI_ATRegion1_trg_addr              
00000000  __TI_ATRegion2_region_sz             
00000000  __TI_ATRegion2_src_addr              
00000000  __TI_ATRegion2_trg_addr              
00001880  __TI_CINIT_Base                      
00001890  __TI_CINIT_Limit                     
00001890  __TI_CINIT_Warm                      
00001860  __TI_Handler_Table_Base              
0000186c  __TI_Handler_Table_Limit             
00000fb9  __TI_auto_init_nobinit_nopinit       
000008f9  __TI_decompress_lzss                 
00001671  __TI_decompress_none                 
ffffffff  __TI_pprof_out_hndl                  
ffffffff  __TI_prof_data_size                  
ffffffff  __TI_prof_data_start                 
00000000  __TI_static_base__                   
000015d7  __TI_zero_init_nomemset              
00000b9d  __aeabi_dcmpeq                       
00000bd9  __aeabi_dcmpge                       
00000bed  __aeabi_dcmpgt                       
00000bc5  __aeabi_dcmple                       
00000bb1  __aeabi_dcmplt                       
00000bff  __aeabi_idiv0                        
0000171d  __aeabi_memcpy                       
0000171d  __aeabi_memcpy4                      
0000171d  __aeabi_memcpy8                      
00001311  __aeabi_ui2d                         
00000f79  __aeabi_uidiv                        
00000f79  __aeabi_uidivmod                     
ffffffff  __binit__                            
00000ad1  __cmpdf2                             
00000ad1  __eqdf2                              
00001311  __floatunsidf                        
000009ed  __gedf2                              
000009ed  __gtdf2                              
00000ad1  __ledf2                              
00000ad1  __ltdf2                              
UNDEFED   __mpu_init                           
00000ad1  __nedf2                              
20207e00  __stack                              
20200000  __start___llvm_prf_bits              
20200000  __start___llvm_prf_cnts              
20200000  __stop___llvm_prf_bits               
20200000  __stop___llvm_prf_cnts               
00001231  _c_int00_noargs                      
UNDEFED   _system_post_cinit                   
00001737  _system_pre_init                     
00001725  abort                                
ffffffff  binit                                
20200000  gMCAN0Backup                         
00000000  interruptVectors                     
00001209  main                                 
202000fc  rx_size                              
000006e9  uart_isIDLE                          
00000d6d  uart_receive_start                   
20200098  uart_rx_buff                         
20200100  uart_rx_dma_complete_flag            
20200101  uart_rx_length                       
00000c61  uart_send                            
20200102  uart_tx_complete_flag                
20200103  uart_tx_dma_complete_flag            


GLOBAL SYMBOLS: SORTED BY Symbol Address 

address   name                                 
-------   ----                                 
00000000  __TI_ATRegion0_region_sz             
00000000  __TI_ATRegion0_src_addr              
00000000  __TI_ATRegion0_trg_addr              
00000000  __TI_ATRegion1_region_sz             
00000000  __TI_ATRegion1_src_addr              
00000000  __TI_ATRegion1_trg_addr              
00000000  __TI_ATRegion2_region_sz             
00000000  __TI_ATRegion2_src_addr              
00000000  __TI_ATRegion2_trg_addr              
00000000  __TI_static_base__                   
00000000  interruptVectors                     
000000c1  DL_MCAN_msgRAMConfig                 
00000200  __STACK_SIZE                         
000002d5  SYSCFG_DL_SYSCTL_SYSPLL_init         
000003bd  DL_MCAN_init                         
00000499  DL_SYSCTL_configSYSPLL               
00000575  DL_MCAN_setBitTime                   
0000064d  SYSCFG_DL_MCAN0_init                 
000006e9  uart_isIDLE                          
00000801  SYSCFG_DL_SYSCTL_init                
0000087d  UART0_IRQHandler                     
000008f9  __TI_decompress_lzss                 
00000975  SYSCFG_DL_UART_0_init                
000009ed  __gedf2                              
000009ed  __gtdf2                              
00000a61  SYSCFG_DL_GPIO_init                  
00000ad1  __cmpdf2                             
00000ad1  __eqdf2                              
00000ad1  __ledf2                              
00000ad1  __ltdf2                              
00000ad1  __nedf2                              
00000b39  DL_SYSCTL_setHFCLKSourceHFXTParams   
00000b9d  __aeabi_dcmpeq                       
00000bb1  __aeabi_dcmplt                       
00000bc5  __aeabi_dcmple                       
00000bd9  __aeabi_dcmpge                       
00000bed  __aeabi_dcmpgt                       
00000bff  __aeabi_idiv0                        
00000c01  DL_SYSCTL_setLFCLKSourceLFXT         
00000c61  uart_send                            
00000cc1  SYSCFG_DL_initPower                  
00000d19  UART_Rx_DMA_ToIdle_Callback          
00000d6d  uart_receive_start                   
00000e11  DL_DMA_initChannel                   
00000ea9  DL_UART_init                         
00000ef1  DL_MCAN_getRevisionId                
00000f35  DL_SYSCTL_switchMCLKfromSYSOSCtoHSCLK
00000f79  __aeabi_uidiv                        
00000f79  __aeabi_uidivmod                     
00000fb9  __TI_auto_init_nobinit_nopinit       
00000ff5  DL_MCAN_setExtIDAndMask              
00001089  SYSCFG_DL_DMA_CH0_init               
000010b9  SYSCFG_DL_DMA_CH1_init               
000010e9  SYSCFG_DL_init                       
00001209  main                                 
00001231  _c_int00_noargs                      
000012c9  DL_MCAN_setClockConfig               
00001311  __aeabi_ui2d                         
00001311  __floatunsidf                        
000013cd  DL_SYSCTL_configFCC                  
00001519  DL_MCAN_setOpMode                    
000015d7  __TI_zero_init_nomemset              
0000164d  DL_UART_setClockConfig               
0000165f  TI_memcpy_small                      
00001671  __TI_decompress_none                 
00001685  DL_MCAN_getOpMode                    
00001695  DL_MCAN_isMemInitDone                
000016d5  SYSCFG_DL_SYSTICK_init               
000016fd  SYSCFG_DL_DMA_init                   
00001709  DL_Common_delayCycles                
00001713  SysTick_Handler                      
0000171d  __aeabi_memcpy                       
0000171d  __aeabi_memcpy4                      
0000171d  __aeabi_memcpy8                      
00001725  abort                                
0000172b  ADC0_IRQHandler                      
0000172b  ADC1_IRQHandler                      
0000172b  AES_IRQHandler                       
0000172b  CANFD0_IRQHandler                    
0000172b  DAC0_IRQHandler                      
0000172b  DMA_IRQHandler                       
0000172b  Default_Handler                      
0000172b  GROUP0_IRQHandler                    
0000172b  GROUP1_IRQHandler                    
0000172b  HardFault_Handler                    
0000172b  I2C0_IRQHandler                      
0000172b  I2C1_IRQHandler                      
0000172b  NMI_Handler                          
0000172b  PendSV_Handler                       
0000172b  RTC_IRQHandler                       
0000172b  SPI0_IRQHandler                      
0000172b  SPI1_IRQHandler                      
0000172b  SVC_Handler                          
0000172b  TIMA0_IRQHandler                     
0000172b  TIMA1_IRQHandler                     
0000172b  TIMG0_IRQHandler                     
0000172b  TIMG12_IRQHandler                    
0000172b  TIMG6_IRQHandler                     
0000172b  TIMG7_IRQHandler                     
0000172b  TIMG8_IRQHandler                     
0000172b  UART1_IRQHandler                     
0000172b  UART2_IRQHandler                     
0000172b  UART3_IRQHandler                     
0000172e  C$$EXIT                              
0000172f  HOSTexit                             
00001733  Reset_Handler                        
00001737  _system_pre_init                     
00001860  __TI_Handler_Table_Base              
0000186c  __TI_Handler_Table_Limit             
00001880  __TI_CINIT_Base                      
00001890  __TI_CINIT_Limit                     
00001890  __TI_CINIT_Warm                      
20200000  __start___llvm_prf_bits              
20200000  __start___llvm_prf_cnts              
20200000  __stop___llvm_prf_bits               
20200000  __stop___llvm_prf_cnts               
20200000  gMCAN0Backup                         
20200098  uart_rx_buff                         
202000fc  rx_size                              
20200100  uart_rx_dma_complete_flag            
20200101  uart_rx_length                       
20200102  uart_tx_complete_flag                
20200103  uart_tx_dma_complete_flag            
20207e00  __stack                              
20208000  __STACK_END                          
ffffffff  __TI_pprof_out_hndl                  
ffffffff  __TI_prof_data_size                  
ffffffff  __TI_prof_data_start                 
ffffffff  __binit__                            
ffffffff  binit                                
UNDEFED   __mpu_init                           
UNDEFED   _system_post_cinit                   

[132 symbols]
