******************************************************************************
            TI ARM Clang Linker PC v4.0.4                      
******************************************************************************
>> Linked Tue May 19 20:53:13 2026

OUTPUT FILE NAME:   <test.out>
ENTRY POINT SYMBOL: "_c_int00_noargs"  address: 00002521


MEMORY CONFIGURATION

         name            origin    length      used     unused   attr    fill
----------------------  --------  ---------  --------  --------  ----  --------
  FLASH                 00000000   00020000  00002e90  0001d170  R  X
  SRAM                  20200000   00008000  00000611  000079ef  RW X
  BCR_CONFIG            41c00000   000000ff  00000000  000000ff  R   
  BSL_CONFIG            41c00100   00000080  00000000  00000080  R   


SEGMENT ALLOCATION MAP

run origin  load origin   length   init length attrs members
----------  ----------- ---------- ----------- ----- -------
00000000    00000000    00002e90   00002e90    r-x
  00000000    00000000    000000c0   000000c0    r-- .intvecs
  000000c0    000000c0    00002bd0   00002bd0    r-x .text
  00002c90    00002c90    000001c8   000001c8    r-- .rodata
  00002e58    00002e58    00000038   00000038    r-- .cinit
20200000    20200000    00000411   00000000    rw-
  20200000    20200000    000003b4   00000000    rw- .bss
  202003b4    202003b4    0000005d   00000000    rw- .data
20207e00    20207e00    00000200   00000000    rw-
  20207e00    20207e00    00000200   00000000    rw- .stack


SECTION ALLOCATION MAP

 output                                  attributes/
section   page    origin      length       input sections
--------  ----  ----------  ----------   ----------------
.intvecs   0    00000000    000000c0     
                  00000000    000000c0     startup_mspm0g350x_ticlang.o (.intvecs)

.text      0    000000c0    00002bd0     
                  000000c0    0000021c     bsp_PWM.o (.text.motor_get_speed)
                  000002dc    00000214     driverlib.a : dl_mcan.o (.text.DL_MCAN_msgRAMConfig)
                  000004f0    0000012c     ti_msp_dl_config.o (.text.SYSCFG_DL_GPIO_init)
                  0000061c    0000010c     driverlib.a : dl_mcan.o (.text.DL_MCAN_readMsgRam)
                  00000728    00000104                 : dl_timer.o (.text.DL_Timer_initFourCCPWMMode)
                  0000082c    000000f4                 : dl_mcan.o (.text.DL_MCAN_writeMsgRam)
                  00000920    000000ec     ti_msp_dl_config.o (.text.SYSCFG_DL_MCAN0_init)
                  00000a0c    000000e8     ti_msp_dl_config.o (.text.SYSCFG_DL_FRONT_OUT_init)
                  00000af4    000000e8     ti_msp_dl_config.o (.text.SYSCFG_DL_SYSCTL_SYSPLL_init)
                  00000bdc    000000dc     driverlib.a : dl_mcan.o (.text.DL_MCAN_init)
                  00000cb8    000000dc                 : dl_sysctl_mspm0g1x0x_g3x0x.o (.text.DL_SYSCTL_configSYSPLL)
                  00000d94    000000d8                 : dl_mcan.o (.text.DL_MCAN_setBitTime)
                  00000e6c    000000d8     libclang_rt.builtins.a : addsf3.S.obj (.text)
                  00000f44    000000bc     bsp_CAN.o (.text.CAN_send_ext_frame)
                  00001000    000000bc     bsp_CAN.o (.text.CAN_send_std_frame)
                  000010bc    000000b8     ti_msp_dl_config.o (.text.SYSCFG_DL_FFRONT_IN_init)
                  00001174    000000b8     ti_msp_dl_config.o (.text.SYSCFG_DL_REAR_IN_init)
                  0000122c    000000b0     ti_msp_dl_config.o (.text.SYSCFG_DL_initPower)
                  000012dc    0000009c     ti_msp_dl_config.o (.text.SYSCFG_DL_RR_OUT_init)
                  00001378    00000098     ti_msp_dl_config.o (.text.SYSCFG_DL_RL_OUT_init)
                  00001410    00000094     bsp_UART.o (.text.uart_isIDLE)
                  000014a4    0000008c     libclang_rt.builtins.a : mulsf3.S.obj (.text.__mulsf3)
                  00001530    00000084     ti_msp_dl_config.o (.text.__NVIC_SetPriority)
                  000015b4    00000082     libclang_rt.builtins.a : divsf3.S.obj (.text.__divsf3)
                  00001636    00000002                            : aeabi_div0.c.obj (.text.__aeabi_idiv0)
                  00001638    0000007c     ti_msp_dl_config.o (.text.SYSCFG_DL_SYSCTL_init)
                  000016b4    0000007c     bsp_UART.o (.text.UART0_IRQHandler)
                  00001730    0000007c     bsp_CAN.o (.text.handleCanRxMessage)
                  000017ac    0000007c     libc.a : copy_decompress_lzss.c.obj (.text:decompress:lzss)
                  00001828    00000078     ti_msp_dl_config.o (.text.SYSCFG_DL_UART_0_init)
                  000018a0    00000074     empty.o (.text.SysTick_Handler)
                  00001914    00000074     libclang_rt.builtins.a : comparedf2.c.obj (.text.__gedf2)
                  00001988    00000068                            : comparedf2.c.obj (.text.__ledf2)
                  000019f0    00000064     driverlib.a : dl_sysctl_mspm0g1x0x_g3x0x.o (.text.DL_SYSCTL_setHFCLKSourceHFXTParams)
                  00001a54    00000064     ti_msp_dl_config.o (.text.SYSCFG_DL_init)
                  00001ab8    00000062     libclang_rt.builtins.a : aeabi_dcmp.S.obj (.text.__aeabi_dcmp)
                  00001b1a    00000002     --HOLE-- [fill = 0]
                  00001b1c    00000062                            : aeabi_fcmp.S.obj (.text.__aeabi_fcmp)
                  00001b7e    00000002     --HOLE-- [fill = 0]
                  00001b80    00000060     driverlib.a : dl_sysctl_mspm0g1x0x_g3x0x.o (.text.DL_SYSCTL_setLFCLKSourceLFXT)
                  00001be0    00000060     bsp_UART.o (.text.uart_send)
                  00001c40    0000005e     bsp_CAN.o (.text.CAN_Rx_FIFO0_New_Message_Callback)
                  00001c9e    00000002     --HOLE-- [fill = 0]
                  00001ca0    00000054     bsp_UART.o (.text.UART_Rx_DMA_ToIdle_Callback)
                  00001cf4    00000054     bsp_UART.o (.text.uart_receive_start)
                  00001d48    00000050     ti_msp_dl_config.o (.text.SysTick_Config)
                  00001d98    0000004c     driverlib.a : dl_dma.o (.text.DL_DMA_initChannel)
                  00001de4    0000004c     ti_msp_dl_config.o (.text.DL_UART_setBaudRateDivisor)
                  00001e30    00000048     driverlib.a : dl_uart.o (.text.DL_UART_init)
                  00001e78    00000044     bsp_CAN.o (.text.CANFD0_IRQHandler)
                  00001ebc    00000044     driverlib.a : dl_mcan.o (.text.DL_MCAN_getRevisionId)
                  00001f00    00000044                 : dl_sysctl_mspm0g1x0x_g3x0x.o (.text.DL_SYSCTL_switchMCLKfromSYSOSCtoHSCLK)
                  00001f44    00000044     empty.o (.text.main)
                  00001f88    00000040     driverlib.a : dl_mcan.o (.text.DL_MCAN_writeRxFIFOAck)
                  00001fc8    00000040     libclang_rt.builtins.a : aeabi_uidivmod.S.obj (.text.__aeabi_uidivmod)
                  00002008    0000003c     ti_msp_dl_config.o (.text.DL_Timer_setCounterControl)
                  00002044    0000003c     libclang_rt.builtins.a : floatsisf.S.obj (.text.__floatsisf)
                  00002080    0000003c                            : comparesf2.S.obj (.text.__gtsf2)
                  000020bc    0000003c     libc.a : autoinit.c.obj (.text:__TI_auto_init_nobinit_nopinit)
                  000020f8    0000003a     libclang_rt.builtins.a : comparesf2.S.obj (.text.__eqsf2)
                  00002132    00000002     --HOLE-- [fill = 0]
                  00002134    0000003a                            : muldsi3.S.obj (.text.__muldsi3)
                  0000216e    00000002     --HOLE-- [fill = 0]
                  00002170    00000038     driverlib.a : dl_mcan.o (.text.DL_MCAN_getRxFIFOStatus)
                  000021a8    00000038     libclang_rt.builtins.a : fixsfsi.S.obj (.text.__fixsfsi)
                  000021e0    00000034     driverlib.a : dl_mcan.o (.text.DL_MCAN_TXBufAddReq)
                  00002214    00000034                 : dl_mcan.o (.text.DL_MCAN_setExtIDAndMask)
                  00002248    00000030     bsp_UART.o (.text.DL_DMA_setTransferSize)
                  00002278    00000030     ti_msp_dl_config.o (.text.DL_GPIO_initDigitalOutputFeatures)
                  000022a8    00000030     ti_msp_dl_config.o (.text.SYSCFG_DL_DMA_CH0_init)
                  000022d8    00000030     ti_msp_dl_config.o (.text.SYSCFG_DL_DMA_CH1_init)
                  00002308    0000002c     driverlib.a : dl_mcan.o (.text.DL_MCAN_TXBufTransIntrEnable)
                  00002334    0000002c                 : dl_mcan.o (.text.DL_MCAN_addExtMsgIDFilter)
                  00002360    0000002c                 : dl_mcan.o (.text.DL_MCAN_addStdMsgIDFilter)
                  0000238c    0000002c     empty.o (.text.__NVIC_EnableIRQ)
                  000023b8    00000028     ti_msp_dl_config.o (.text.DL_Common_updateReg)
                  000023e0    00000028     bsp_UART.o (.text.DL_DMA_setDestAddr)
                  00002408    00000028     bsp_UART.o (.text.DL_DMA_setSrcAddr)
                  00002430    00000028     driverlib.a : dl_timer.o (.text.DL_Timer_setCaptureCompareCtl)
                  00002458    00000028     ti_msp_dl_config.o (.text.DL_Timer_setCounterMode)
                  00002480    00000028     ti_msp_dl_config.o (.text.DL_Timer_setCounterRepeatMode)
                  000024a8    00000028     ti_msp_dl_config.o (.text.DL_UART_setRXFIFOThreshold)
                  000024d0    00000028     ti_msp_dl_config.o (.text.DL_UART_setTXFIFOThreshold)
                  000024f8    00000028     libclang_rt.builtins.a : floatunsisf.S.obj (.text.__floatunsisf)
                  00002520    00000028     libc.a : boot_cortex_m.c.obj (.text:_c_int00_noargs)
                  00002548    00000026     bsp_UART.o (.text.DL_DMA_disableChannel)
                  0000256e    00000026     bsp_UART.o (.text.DL_DMA_enableChannel)
                  00002594    00000024     bsp_UART.o (.text.DL_DMA_getTransferSize)
                  000025b8    00000024     driverlib.a : dl_mcan.o (.text.DL_MCAN_setClockConfig)
                  000025dc    00000024     ti_msp_dl_config.o (.text.DL_UART_setRXInterruptTimeout)
                  00002600    00000024     libclang_rt.builtins.a : floatunsidf.S.obj (.text.__floatunsidf)
                  00002624    00000020     ti_msp_dl_config.o (.text.DL_GPIO_initPeripheralInputFunction)
                  00002644    00000020     driverlib.a : dl_mcan.o (.text.DL_MCAN_getTxFIFOQueStatus)
                  00002664    00000020     ti_msp_dl_config.o (.text.DL_SYSCTL_setFlashWaitState)
                  00002684    00000020     ti_msp_dl_config.o (.text.DL_Timer_setCounterValueAfterEnable)
                  000026a4    0000001e     ti_msp_dl_config.o (.text.DL_UART_setOversampling)
                  000026c2    00000002     --HOLE-- [fill = 0]
                  000026c4    0000001c     ti_msp_dl_config.o (.text.DL_DMA_enableInterrupt)
                  000026e0    0000001c     ti_msp_dl_config.o (.text.DL_GPIO_initPeripheralOutputFunction)
                  000026fc    0000001c     ti_msp_dl_config.o (.text.DL_MCAN_enableInterrupt)
                  00002718    0000001c     driverlib.a : dl_mcan.o (.text.DL_MCAN_enableIntr)
                  00002734    0000001c                 : dl_mcan.o (.text.DL_MCAN_enableIntrLine)
                  00002750    0000001c                 : dl_mcan.o (.text.DL_MCAN_selectIntrLine)
                  0000276c    0000001c                 : dl_sysctl_mspm0g1x0x_g3x0x.o (.text.DL_SYSCTL_configFCC)
                  00002788    0000001c     ti_msp_dl_config.o (.text.DL_SYSCTL_setFCCPeriods)
                  000027a4    0000001c     ti_msp_dl_config.o (.text.DL_SYSCTL_setSYSOSCFreq)
                  000027c0    0000001c     ti_msp_dl_config.o (.text.DL_SYSCTL_setULPCLKDivider)
                  000027dc    0000001c     driverlib.a : dl_timer.o (.text.DL_Timer_setCaptCompUpdateMethod)
                  000027f8    0000001c                 : dl_timer.o (.text.DL_Timer_setCaptureCompareInputFilter)
                  00002814    0000001c                 : dl_timer.o (.text.DL_Timer_setClockConfig)
                  00002830    0000001c     ti_msp_dl_config.o (.text.DL_UART_enableInterrupt)
                  0000284c    0000001a     driverlib.a : dl_timer.o (.text.DL_Timer_setCaptureCompareInput)
                  00002866    00000002     --HOLE-- [fill = 0]
                  00002868    00000018     ti_msp_dl_config.o (.text.DL_DMA_clearInterruptStatus)
                  00002880    00000018     ti_msp_dl_config.o (.text.DL_GPIO_enableOutput)
                  00002898    00000018     ti_msp_dl_config.o (.text.DL_GPIO_enablePower)
                  000028b0    00000018     ti_msp_dl_config.o (.text.DL_GPIO_initPeripheralAnalogFunction)
                  000028c8    00000018     ti_msp_dl_config.o (.text.DL_GPIO_reset)
                  000028e0    00000018     empty.o (.text.DL_GPIO_setPins)
                  000028f8    00000018     ti_msp_dl_config.o (.text.DL_MCAN_clearInterruptStatus)
                  00002910    00000018     ti_msp_dl_config.o (.text.DL_MCAN_enablePower)
                  00002928    00000018     ti_msp_dl_config.o (.text.DL_MCAN_reset)
                  00002940    00000018     driverlib.a : dl_mcan.o (.text.DL_MCAN_setOpMode)
                  00002958    00000018     ti_msp_dl_config.o (.text.DL_SYSCTL_setBORThreshold)
                  00002970    00000018     ti_msp_dl_config.o (.text.DL_Timer_enablePower)
                  00002988    00000018     ti_msp_dl_config.o (.text.DL_Timer_enableShadowFeatures)
                  000029a0    00000018     ti_msp_dl_config.o (.text.DL_Timer_reset)
                  000029b8    00000018     driverlib.a : dl_timer.o (.text.DL_Timer_setCaptureCompareOutCtl)
                  000029d0    00000018     ti_msp_dl_config.o (.text.DL_Timer_setLoadValue)
                  000029e8    00000018     ti_msp_dl_config.o (.text.DL_Timer_startCounter)
                  00002a00    00000018     ti_msp_dl_config.o (.text.DL_UART_enableDMAReceiveEvent)
                  00002a18    00000018     ti_msp_dl_config.o (.text.DL_UART_enableDMATransmitEvent)
                  00002a30    00000018     ti_msp_dl_config.o (.text.DL_UART_enableFIFOs)
                  00002a48    00000018     ti_msp_dl_config.o (.text.DL_UART_enablePower)
                  00002a60    00000018     ti_msp_dl_config.o (.text.DL_UART_reset)
                  00002a78    00000016     ti_msp_dl_config.o (.text.DL_UART_enable)
                  00002a8e    00000016     libc.a : copy_zero_init.c.obj (.text:decompress:ZI:__TI_zero_init_nomemset)
                  00002aa4    00000014     ti_msp_dl_config.o (.text.DL_GPIO_clearPins)
                  00002ab8    00000014     driverlib.a : dl_mcan.o (.text.DL_MCAN_clearIntrStatus)
                  00002acc    00000014     bsp_CAN.o (.text.DL_MCAN_getPendingInterrupt)
                  00002ae0    00000014     ti_msp_dl_config.o (.text.DL_SYSCTL_disableSYSPLL)
                  00002af4    00000014     ti_msp_dl_config.o (.text.DL_SYSCTL_enableSYSPLL)
                  00002b08    00000014     driverlib.a : dl_timer.o (.text.DL_Timer_enableCaptureCompareInputFilter)
                  00002b1c    00000014     ti_msp_dl_config.o (.text.DL_Timer_enableClock)
                  00002b30    00000014     ti_msp_dl_config.o (.text.DL_Timer_setCCPDirection)
                  00002b44    00000012     ti_msp_dl_config.o (.text.DL_MCAN_enableModuleClock)
                  00002b56    00000012     bsp_UART.o (.text.DL_UART_getPendingInterrupt)
                  00002b68    00000012     driverlib.a : dl_uart.o (.text.DL_UART_setClockConfig)
                  00002b7a    00000012     libc.a : memcpy16.S.obj (.text:TI_memcpy_small)
                  00002b8c    00000012            : copy_decompress_none.c.obj (.text:decompress:none)
                  00002b9e    00000002     --HOLE-- [fill = 0]
                  00002ba0    00000010     driverlib.a : dl_mcan.o (.text.DL_MCAN_getOpMode)
                  00002bb0    00000010                 : dl_mcan.o (.text.DL_MCAN_isMemInitDone)
                  00002bc0    00000010     ti_msp_dl_config.o (.text.DL_SYSCTL_disableHFXT)
                  00002bd0    00000010     ti_msp_dl_config.o (.text.DL_SYSCTL_isFCCDone)
                  00002be0    00000010     ti_msp_dl_config.o (.text.DL_SYSCTL_startFCC)
                  00002bf0    00000010     driverlib.a : dl_timer.o (.text.DL_Timer_getCaptureCompareValue)
                  00002c00    00000010     bsp_PWM.o (.text.DL_Timer_getTimerCount)
                  00002c10    00000010     driverlib.a : dl_timer.o (.text.DL_Timer_setCaptureCompareValue)
                  00002c20    00000010     ti_msp_dl_config.o (.text.SYSCFG_DL_SYSTICK_init)
                  00002c30    0000000c     driverlib.a : dl_mcan.o (.text.DL_MCAN_getIntrStatus)
                  00002c3c    0000000c     ti_msp_dl_config.o (.text.DL_SYSCTL_getClockStatus)
                  00002c48    0000000c     ti_msp_dl_config.o (.text.DL_SYSCTL_readFCC)
                  00002c54    0000000c     ti_msp_dl_config.o (.text.SYSCFG_DL_DMA_init)
                  00002c60    0000000a     driverlib.a : dl_common.o (.text.DL_Common_delayCycles)
                  00002c6a    00000002     --HOLE-- [fill = 0]
                  00002c6c    00000008     libclang_rt.builtins.a : aeabi_memcpy.S.obj (.text.__aeabi_memcpy)
                  00002c74    00000006     libc.a : exit.c.obj (.text:abort)
                  00002c7a    00000004     startup_mspm0g350x_ticlang.o (.text.Default_Handler)
                  00002c7e    00000004     libsysbm.a : hostexit.c.obj (.text.HOSTexit)
                  00002c82    00000004     startup_mspm0g350x_ticlang.o (.text.Reset_Handler)
                  00002c86    00000004     libc.a : pre_init.c.obj (.text._system_pre_init)
                  00002c8a    00000006     --HOLE-- [fill = 0]

.cinit     0    00002e58    00000038     
                  00002e58    00000012     (.cinit..data.load) [load image, compression = lzss]
                  00002e6a    00000002     --HOLE-- [fill = 0]
                  00002e6c    0000000c     (__TI_handler_table)
                  00002e78    00000008     (.cinit..bss.load) [load image, compression = zero_init]
                  00002e80    00000010     (__TI_cinit_table)

.rodata    0    00002c90    000001c8     
                  00002c90    00000060     ti_msp_dl_config.o (.rodata.gMCAN0MsgRAMConfigParams)
                  00002cf0    00000040     driverlib.a : dl_mcan.o (.rodata..L__const.DL_MCAN_getDataSize.dataSize)
                  00002d30    00000034     ti_msp_dl_config.o (.rodata.gMCAN0InitParams)
                  00002d64    00000028     ti_msp_dl_config.o (.rodata.gSYSPLLConfig)
                  00002d8c    00000020     driverlib.a : dl_mcan.o (.rodata.cst32)
                  00002dac    00000020     ti_msp_dl_config.o (.rodata.gMCAN0BitTimes)
                  00002dcc    00000018     ti_msp_dl_config.o (.rodata.gDMA_CH0Config)
                  00002de4    00000018     ti_msp_dl_config.o (.rodata.gDMA_CH1Config)
                  00002dfc    00000010     ti_msp_dl_config.o (.rodata.gMCAN0ExtFiltelem)
                  00002e0c    00000010     ti_msp_dl_config.o (.rodata.gMCAN0StdFiltelem)
                  00002e1c    0000000a     ti_msp_dl_config.o (.rodata.gUART_0Config)
                  00002e26    00000002     ti_msp_dl_config.o (.rodata.gUART_0ClockConfig)
                  00002e28    00000008     ti_msp_dl_config.o (.rodata.gFRONT_OUTConfig)
                  00002e30    00000008     ti_msp_dl_config.o (.rodata.gRL_OUTConfig)
                  00002e38    00000008     ti_msp_dl_config.o (.rodata.gRR_OUTConfig)
                  00002e40    00000004     ti_msp_dl_config.o (.rodata.gMCAN0ClockConf)
                  00002e44    00000003     ti_msp_dl_config.o (.rodata.gFFRONT_INClockConfig)
                  00002e47    00000003     ti_msp_dl_config.o (.rodata.gFRONT_OUTClockConfig)
                  00002e4a    00000003     ti_msp_dl_config.o (.rodata.gLFCLKConfig)
                  00002e4d    00000003     ti_msp_dl_config.o (.rodata.gREAR_INClockConfig)
                  00002e50    00000003     ti_msp_dl_config.o (.rodata.gRL_OUTClockConfig)
                  00002e53    00000003     ti_msp_dl_config.o (.rodata.gRR_OUTClockConfig)
                  00002e56    00000002     --HOLE-- [fill = 0]

.init_array 
*          0    00000000    00000000     UNINITIALIZED

.binit     0    00000000    00000000     

.bss       0    20200000    000003b4     UNINITIALIZED
                  20200000    000000bc     (.common:gFRONT_OUTBackup)
                  202000bc    000000bc     (.common:gRL_OUTBackup)
                  20200178    000000a0     (.common:gREAR_INBackup)
                  20200218    000000a0     (.common:gRR_OUTBackup)
                  202002b8    00000098     (.common:gMCAN0Backup)
                  20200350    00000064     (.common:uart_rx_buff)

.data      0    202003b4    0000005d     UNINITIALIZED
                  202003b4    00000010     bsp_PWM.o (.data.g_motor)
                  202003c4    00000010     bsp_PWM.o (.data.motor_get_speed.last_count)
                  202003d4    00000010     bsp_PWM.o (.data.motor_get_speed.last_period)
                  202003e4    00000010     bsp_PWM.o (.data.motor_get_speed.last_rpm)
                  202003f4    00000004     empty.o (.data.g_tick)
                  202003f8    00000004     empty.o (.data.speed_fl)
                  202003fc    00000004     empty.o (.data.speed_fr)
                  20200400    00000004     empty.o (.data.speed_rl)
                  20200404    00000004     empty.o (.data.speed_rr)
                  20200408    00000002     bsp_UART.o (.data.rx_size)
                  2020040a    00000001     empty.o (.data.g_flag_100hz)
                  2020040b    00000001     bsp_UART.o (.data.uart_isIDLE.rx_last_size)
                  2020040c    00000001     bsp_UART.o (.data.uart_isIDLE.stable_count)
                  2020040d    00000001     bsp_UART.o (.data.uart_rx_dma_complete_flag)
                  2020040e    00000001     bsp_UART.o (.data.uart_rx_length)
                  2020040f    00000001     bsp_UART.o (.data.uart_tx_complete_flag)
                  20200410    00000001     bsp_UART.o (.data.uart_tx_dma_complete_flag)

.stack     0    20207e00    00000200     UNINITIALIZED
                  20207e00    00000004     libc.a : boot_cortex_m.c.obj (.stack)
                  20207e04    000001fc     --HOLE--

__llvm_prf_cnts 
*          0    20200000    00000000     UNINITIALIZED

__llvm_prf_bits 
*          0    20200000    00000000     UNINITIALIZED

MODULE SUMMARY

       Module                         code    ro data   rw data
       ------                         ----    -------   -------
    .\
       ti_msp_dl_config.o             3942    358       848    
       empty.o                        252     0         21     
       startup_mspm0g350x_ticlang.o   8       192       0      
    +--+------------------------------+-------+---------+---------+
       Total:                         4202    550       869    
                                                               
    .\User\bsp\Src\
       bsp_UART.o                     794     0         108    
       bsp_CAN.o                      682     0         0      
       bsp_PWM.o                      556     0         64     
    +--+------------------------------+-------+---------+---------+
       Total:                         2032    0         172    
                                                               
    E:/TI/CCS/mspm0_sdk_2_10_00_04/source/ti/driverlib/lib/ticlang/m0p/mspm0g1x0x_g3x0x/driverlib.a
       dl_mcan.o                      2144    96        0      
       dl_sysctl_mspm0g1x0x_g3x0x.o   512     0         0      
       dl_timer.o                     486     0         0      
       dl_uart.o                      90      0         0      
       dl_dma.o                       76      0         0      
       dl_common.o                    10      0         0      
    +--+------------------------------+-------+---------+---------+
       Total:                         3318    96        0      
                                                               
    E:\TI\CCS\ccs\tools\compiler\ti-cgt-armllvm_4.0.4.LTS\lib\armv6m-ti-none-eabi/c/libc.a
       copy_decompress_lzss.c.obj     124     0         0      
       autoinit.c.obj                 60      0         0      
       boot_cortex_m.c.obj            40      0         0      
       copy_zero_init.c.obj           22      0         0      
       copy_decompress_none.c.obj     18      0         0      
       memcpy16.S.obj                 18      0         0      
       exit.c.obj                     6       0         0      
       pre_init.c.obj                 4       0         0      
    +--+------------------------------+-------+---------+---------+
       Total:                         292     0         0      
                                                               
    E:\TI\CCS\ccs\tools\compiler\ti-cgt-armllvm_4.0.4.LTS\lib\armv6m-ti-none-eabi/c/libsysbm.a
       hostexit.c.obj                 4       0         0      
    +--+------------------------------+-------+---------+---------+
       Total:                         4       0         0      
                                                               
    E:\TI\CCS\ccs\tools\compiler\ti-cgt-armllvm_4.0.4.LTS\lib\armv6m-ti-none-eabi/libclang_rt.builtins.a
       comparedf2.c.obj               220     0         0      
       addsf3.S.obj                   216     0         0      
       mulsf3.S.obj                   140     0         0      
       divsf3.S.obj                   130     0         0      
       comparesf2.S.obj               118     0         0      
       aeabi_dcmp.S.obj               98      0         0      
       aeabi_fcmp.S.obj               98      0         0      
       aeabi_uidivmod.S.obj           64      0         0      
       floatsisf.S.obj                60      0         0      
       muldsi3.S.obj                  58      0         0      
       fixsfsi.S.obj                  56      0         0      
       floatunsisf.S.obj              40      0         0      
       floatunsidf.S.obj              36      0         0      
       aeabi_memcpy.S.obj             8       0         0      
       aeabi_div0.c.obj               2       0         0      
    +--+------------------------------+-------+---------+---------+
       Total:                         1344    0         0      
                                                               
       Stack:                         0       0         512    
       Linker Generated:              0       54        0      
    +--+------------------------------+-------+---------+---------+
       Grand Total:                   11192   700       1553   


LINKER GENERATED COPY TABLES

__TI_cinit_table @ 00002e80 records: 2, size/record: 8, table size: 16
	.data: load addr=00002e58, load size=00000012 bytes, run addr=202003b4, run size=0000005d bytes, compression=lzss
	.bss: load addr=00002e78, load size=00000008 bytes, run addr=20200000, run size=000003b4 bytes, compression=zero_init


LINKER GENERATED HANDLER TABLE

__TI_handler_table @ 00002e6c records: 3, size/record: 4, table size: 12
	index: 0, handler: __TI_decompress_lzss
	index: 1, handler: __TI_decompress_none
	index: 2, handler: __TI_zero_init


GLOBAL SYMBOLS: SORTED ALPHABETICALLY BY Name 

address   name                                    
-------   ----                                    
00002c7b  ADC0_IRQHandler                         
00002c7b  ADC1_IRQHandler                         
00002c7b  AES_IRQHandler                          
00002c7e  C$$EXIT                                 
00001e79  CANFD0_IRQHandler                       
00001c41  CAN_Rx_FIFO0_New_Message_Callback       
00000f45  CAN_send_ext_frame                      
00001001  CAN_send_std_frame                      
00002c7b  DAC0_IRQHandler                         
00002c61  DL_Common_delayCycles                   
00001d99  DL_DMA_initChannel                      
000021e1  DL_MCAN_TXBufAddReq                     
00002309  DL_MCAN_TXBufTransIntrEnable            
00002335  DL_MCAN_addExtMsgIDFilter               
00002361  DL_MCAN_addStdMsgIDFilter               
00002ab9  DL_MCAN_clearIntrStatus                 
00002719  DL_MCAN_enableIntr                      
00002735  DL_MCAN_enableIntrLine                  
00002c31  DL_MCAN_getIntrStatus                   
00002ba1  DL_MCAN_getOpMode                       
00001ebd  DL_MCAN_getRevisionId                   
00002171  DL_MCAN_getRxFIFOStatus                 
00002645  DL_MCAN_getTxFIFOQueStatus              
00000bdd  DL_MCAN_init                            
00002bb1  DL_MCAN_isMemInitDone                   
000002dd  DL_MCAN_msgRAMConfig                    
0000061d  DL_MCAN_readMsgRam                      
00002751  DL_MCAN_selectIntrLine                  
00000d95  DL_MCAN_setBitTime                      
000025b9  DL_MCAN_setClockConfig                  
00002215  DL_MCAN_setExtIDAndMask                 
00002941  DL_MCAN_setOpMode                       
0000082d  DL_MCAN_writeMsgRam                     
00001f89  DL_MCAN_writeRxFIFOAck                  
0000276d  DL_SYSCTL_configFCC                     
00000cb9  DL_SYSCTL_configSYSPLL                  
000019f1  DL_SYSCTL_setHFCLKSourceHFXTParams      
00001b81  DL_SYSCTL_setLFCLKSourceLFXT            
00001f01  DL_SYSCTL_switchMCLKfromSYSOSCtoHSCLK   
00002b09  DL_Timer_enableCaptureCompareInputFilter
00002bf1  DL_Timer_getCaptureCompareValue         
00000729  DL_Timer_initFourCCPWMMode              
000027dd  DL_Timer_setCaptCompUpdateMethod        
00002431  DL_Timer_setCaptureCompareCtl           
0000284d  DL_Timer_setCaptureCompareInput         
000027f9  DL_Timer_setCaptureCompareInputFilter   
000029b9  DL_Timer_setCaptureCompareOutCtl        
00002c11  DL_Timer_setCaptureCompareValue         
00002815  DL_Timer_setClockConfig                 
00001e31  DL_UART_init                            
00002b69  DL_UART_setClockConfig                  
00002c7b  DMA_IRQHandler                          
00002c7b  Default_Handler                         
00002c7b  GROUP0_IRQHandler                       
00002c7b  GROUP1_IRQHandler                       
00002c7f  HOSTexit                                
00002c7b  HardFault_Handler                       
00002c7b  I2C0_IRQHandler                         
00002c7b  I2C1_IRQHandler                         
00002c7b  NMI_Handler                             
00002c7b  PendSV_Handler                          
00002c7b  RTC_IRQHandler                          
00002c83  Reset_Handler                           
00002c7b  SPI0_IRQHandler                         
00002c7b  SPI1_IRQHandler                         
00002c7b  SVC_Handler                             
000022a9  SYSCFG_DL_DMA_CH0_init                  
000022d9  SYSCFG_DL_DMA_CH1_init                  
00002c55  SYSCFG_DL_DMA_init                      
000010bd  SYSCFG_DL_FFRONT_IN_init                
00000a0d  SYSCFG_DL_FRONT_OUT_init                
000004f1  SYSCFG_DL_GPIO_init                     
00000921  SYSCFG_DL_MCAN0_init                    
00001175  SYSCFG_DL_REAR_IN_init                  
00001379  SYSCFG_DL_RL_OUT_init                   
000012dd  SYSCFG_DL_RR_OUT_init                   
00000af5  SYSCFG_DL_SYSCTL_SYSPLL_init            
00001639  SYSCFG_DL_SYSCTL_init                   
00002c21  SYSCFG_DL_SYSTICK_init                  
00001829  SYSCFG_DL_UART_0_init                   
00001a55  SYSCFG_DL_init                          
0000122d  SYSCFG_DL_initPower                     
000018a1  SysTick_Handler                         
00002c7b  TIMA0_IRQHandler                        
00002c7b  TIMA1_IRQHandler                        
00002c7b  TIMG0_IRQHandler                        
00002c7b  TIMG12_IRQHandler                       
00002c7b  TIMG6_IRQHandler                        
00002c7b  TIMG7_IRQHandler                        
00002c7b  TIMG8_IRQHandler                        
00002b7b  TI_memcpy_small                         
000016b5  UART0_IRQHandler                        
00002c7b  UART1_IRQHandler                        
00002c7b  UART2_IRQHandler                        
00002c7b  UART3_IRQHandler                        
00001ca1  UART_Rx_DMA_ToIdle_Callback             
20208000  __STACK_END                             
00000200  __STACK_SIZE                            
00000000  __TI_ATRegion0_region_sz                
00000000  __TI_ATRegion0_src_addr                 
00000000  __TI_ATRegion0_trg_addr                 
00000000  __TI_ATRegion1_region_sz                
00000000  __TI_ATRegion1_src_addr                 
00000000  __TI_ATRegion1_trg_addr                 
00000000  __TI_ATRegion2_region_sz                
00000000  __TI_ATRegion2_src_addr                 
00000000  __TI_ATRegion2_trg_addr                 
00002e80  __TI_CINIT_Base                         
00002e90  __TI_CINIT_Limit                        
00002e90  __TI_CINIT_Warm                         
00002e6c  __TI_Handler_Table_Base                 
00002e78  __TI_Handler_Table_Limit                
000020bd  __TI_auto_init_nobinit_nopinit          
000017ad  __TI_decompress_lzss                    
00002b8d  __TI_decompress_none                    
ffffffff  __TI_pprof_out_hndl                     
ffffffff  __TI_prof_data_size                     
ffffffff  __TI_prof_data_start                    
00000000  __TI_static_base__                      
00002a8f  __TI_zero_init_nomemset                 
00000e77  __addsf3                                
00001ab9  __aeabi_dcmpeq                          
00001af5  __aeabi_dcmpge                          
00001b09  __aeabi_dcmpgt                          
00001ae1  __aeabi_dcmple                          
00001acd  __aeabi_dcmplt                          
000021a9  __aeabi_f2iz                            
00000e77  __aeabi_fadd                            
00001b1d  __aeabi_fcmpeq                          
00001b59  __aeabi_fcmpge                          
00001b6d  __aeabi_fcmpgt                          
00001b45  __aeabi_fcmple                          
00001b31  __aeabi_fcmplt                          
000015b5  __aeabi_fdiv                            
000014a5  __aeabi_fmul                            
00000e6d  __aeabi_fsub                            
00002045  __aeabi_i2f                             
00001637  __aeabi_idiv0                           
00002c6d  __aeabi_memcpy                          
00002c6d  __aeabi_memcpy4                         
00002c6d  __aeabi_memcpy8                         
00002601  __aeabi_ui2d                            
000024f9  __aeabi_ui2f                            
00001fc9  __aeabi_uidiv                           
00001fc9  __aeabi_uidivmod                        
ffffffff  __binit__                               
00001989  __cmpdf2                                
000020f9  __cmpsf2                                
000015b5  __divsf3                                
00001989  __eqdf2                                 
000020f9  __eqsf2                                 
000021a9  __fixsfsi                               
00002045  __floatsisf                             
00002601  __floatunsidf                           
000024f9  __floatunsisf                           
00001915  __gedf2                                 
00002081  __gesf2                                 
00001915  __gtdf2                                 
00002081  __gtsf2                                 
00001989  __ledf2                                 
000020f9  __lesf2                                 
00001989  __ltdf2                                 
000020f9  __ltsf2                                 
UNDEFED   __mpu_init                              
00002135  __muldsi3                               
000014a5  __mulsf3                                
00001989  __nedf2                                 
000020f9  __nesf2                                 
20207e00  __stack                                 
20200000  __start___llvm_prf_bits                 
20200000  __start___llvm_prf_cnts                 
20200000  __stop___llvm_prf_bits                  
20200000  __stop___llvm_prf_cnts                  
00000e6d  __subsf3                                
00002521  _c_int00_noargs                         
UNDEFED   _system_post_cinit                      
00002c87  _system_pre_init                        
00002c75  abort                                   
ffffffff  binit                                   
20200000  gFRONT_OUTBackup                        
202002b8  gMCAN0Backup                            
20200178  gREAR_INBackup                          
202000bc  gRL_OUTBackup                           
20200218  gRR_OUTBackup                           
2020040a  g_flag_100hz                            
202003f4  g_tick                                  
00001731  handleCanRxMessage                      
00000000  interruptVectors                        
00001f45  main                                    
000000c1  motor_get_speed                         
20200408  rx_size                                 
202003f8  speed_fl                                
202003fc  speed_fr                                
20200400  speed_rl                                
20200404  speed_rr                                
00001411  uart_isIDLE                             
00001cf5  uart_receive_start                      
20200350  uart_rx_buff                            
2020040d  uart_rx_dma_complete_flag               
2020040e  uart_rx_length                          
00001be1  uart_send                               
2020040f  uart_tx_complete_flag                   
20200410  uart_tx_dma_complete_flag               


GLOBAL SYMBOLS: SORTED BY Symbol Address 

address   name                                    
-------   ----                                    
00000000  __TI_ATRegion0_region_sz                
00000000  __TI_ATRegion0_src_addr                 
00000000  __TI_ATRegion0_trg_addr                 
00000000  __TI_ATRegion1_region_sz                
00000000  __TI_ATRegion1_src_addr                 
00000000  __TI_ATRegion1_trg_addr                 
00000000  __TI_ATRegion2_region_sz                
00000000  __TI_ATRegion2_src_addr                 
00000000  __TI_ATRegion2_trg_addr                 
00000000  __TI_static_base__                      
00000000  interruptVectors                        
000000c1  motor_get_speed                         
00000200  __STACK_SIZE                            
000002dd  DL_MCAN_msgRAMConfig                    
000004f1  SYSCFG_DL_GPIO_init                     
0000061d  DL_MCAN_readMsgRam                      
00000729  DL_Timer_initFourCCPWMMode              
0000082d  DL_MCAN_writeMsgRam                     
00000921  SYSCFG_DL_MCAN0_init                    
00000a0d  SYSCFG_DL_FRONT_OUT_init                
00000af5  SYSCFG_DL_SYSCTL_SYSPLL_init            
00000bdd  DL_MCAN_init                            
00000cb9  DL_SYSCTL_configSYSPLL                  
00000d95  DL_MCAN_setBitTime                      
00000e6d  __aeabi_fsub                            
00000e6d  __subsf3                                
00000e77  __addsf3                                
00000e77  __aeabi_fadd                            
00000f45  CAN_send_ext_frame                      
00001001  CAN_send_std_frame                      
000010bd  SYSCFG_DL_FFRONT_IN_init                
00001175  SYSCFG_DL_REAR_IN_init                  
0000122d  SYSCFG_DL_initPower                     
000012dd  SYSCFG_DL_RR_OUT_init                   
00001379  SYSCFG_DL_RL_OUT_init                   
00001411  uart_isIDLE                             
000014a5  __aeabi_fmul                            
000014a5  __mulsf3                                
000015b5  __aeabi_fdiv                            
000015b5  __divsf3                                
00001637  __aeabi_idiv0                           
00001639  SYSCFG_DL_SYSCTL_init                   
000016b5  UART0_IRQHandler                        
00001731  handleCanRxMessage                      
000017ad  __TI_decompress_lzss                    
00001829  SYSCFG_DL_UART_0_init                   
000018a1  SysTick_Handler                         
00001915  __gedf2                                 
00001915  __gtdf2                                 
00001989  __cmpdf2                                
00001989  __eqdf2                                 
00001989  __ledf2                                 
00001989  __ltdf2                                 
00001989  __nedf2                                 
000019f1  DL_SYSCTL_setHFCLKSourceHFXTParams      
00001a55  SYSCFG_DL_init                          
00001ab9  __aeabi_dcmpeq                          
00001acd  __aeabi_dcmplt                          
00001ae1  __aeabi_dcmple                          
00001af5  __aeabi_dcmpge                          
00001b09  __aeabi_dcmpgt                          
00001b1d  __aeabi_fcmpeq                          
00001b31  __aeabi_fcmplt                          
00001b45  __aeabi_fcmple                          
00001b59  __aeabi_fcmpge                          
00001b6d  __aeabi_fcmpgt                          
00001b81  DL_SYSCTL_setLFCLKSourceLFXT            
00001be1  uart_send                               
00001c41  CAN_Rx_FIFO0_New_Message_Callback       
00001ca1  UART_Rx_DMA_ToIdle_Callback             
00001cf5  uart_receive_start                      
00001d99  DL_DMA_initChannel                      
00001e31  DL_UART_init                            
00001e79  CANFD0_IRQHandler                       
00001ebd  DL_MCAN_getRevisionId                   
00001f01  DL_SYSCTL_switchMCLKfromSYSOSCtoHSCLK   
00001f45  main                                    
00001f89  DL_MCAN_writeRxFIFOAck                  
00001fc9  __aeabi_uidiv                           
00001fc9  __aeabi_uidivmod                        
00002045  __aeabi_i2f                             
00002045  __floatsisf                             
00002081  __gesf2                                 
00002081  __gtsf2                                 
000020bd  __TI_auto_init_nobinit_nopinit          
000020f9  __cmpsf2                                
000020f9  __eqsf2                                 
000020f9  __lesf2                                 
000020f9  __ltsf2                                 
000020f9  __nesf2                                 
00002135  __muldsi3                               
00002171  DL_MCAN_getRxFIFOStatus                 
000021a9  __aeabi_f2iz                            
000021a9  __fixsfsi                               
000021e1  DL_MCAN_TXBufAddReq                     
00002215  DL_MCAN_setExtIDAndMask                 
000022a9  SYSCFG_DL_DMA_CH0_init                  
000022d9  SYSCFG_DL_DMA_CH1_init                  
00002309  DL_MCAN_TXBufTransIntrEnable            
00002335  DL_MCAN_addExtMsgIDFilter               
00002361  DL_MCAN_addStdMsgIDFilter               
00002431  DL_Timer_setCaptureCompareCtl           
000024f9  __aeabi_ui2f                            
000024f9  __floatunsisf                           
00002521  _c_int00_noargs                         
000025b9  DL_MCAN_setClockConfig                  
00002601  __aeabi_ui2d                            
00002601  __floatunsidf                           
00002645  DL_MCAN_getTxFIFOQueStatus              
00002719  DL_MCAN_enableIntr                      
00002735  DL_MCAN_enableIntrLine                  
00002751  DL_MCAN_selectIntrLine                  
0000276d  DL_SYSCTL_configFCC                     
000027dd  DL_Timer_setCaptCompUpdateMethod        
000027f9  DL_Timer_setCaptureCompareInputFilter   
00002815  DL_Timer_setClockConfig                 
0000284d  DL_Timer_setCaptureCompareInput         
00002941  DL_MCAN_setOpMode                       
000029b9  DL_Timer_setCaptureCompareOutCtl        
00002a8f  __TI_zero_init_nomemset                 
00002ab9  DL_MCAN_clearIntrStatus                 
00002b09  DL_Timer_enableCaptureCompareInputFilter
00002b69  DL_UART_setClockConfig                  
00002b7b  TI_memcpy_small                         
00002b8d  __TI_decompress_none                    
00002ba1  DL_MCAN_getOpMode                       
00002bb1  DL_MCAN_isMemInitDone                   
00002bf1  DL_Timer_getCaptureCompareValue         
00002c11  DL_Timer_setCaptureCompareValue         
00002c21  SYSCFG_DL_SYSTICK_init                  
00002c31  DL_MCAN_getIntrStatus                   
00002c55  SYSCFG_DL_DMA_init                      
00002c61  DL_Common_delayCycles                   
00002c6d  __aeabi_memcpy                          
00002c6d  __aeabi_memcpy4                         
00002c6d  __aeabi_memcpy8                         
00002c75  abort                                   
00002c7b  ADC0_IRQHandler                         
00002c7b  ADC1_IRQHandler                         
00002c7b  AES_IRQHandler                          
00002c7b  DAC0_IRQHandler                         
00002c7b  DMA_IRQHandler                          
00002c7b  Default_Handler                         
00002c7b  GROUP0_IRQHandler                       
00002c7b  GROUP1_IRQHandler                       
00002c7b  HardFault_Handler                       
00002c7b  I2C0_IRQHandler                         
00002c7b  I2C1_IRQHandler                         
00002c7b  NMI_Handler                             
00002c7b  PendSV_Handler                          
00002c7b  RTC_IRQHandler                          
00002c7b  SPI0_IRQHandler                         
00002c7b  SPI1_IRQHandler                         
00002c7b  SVC_Handler                             
00002c7b  TIMA0_IRQHandler                        
00002c7b  TIMA1_IRQHandler                        
00002c7b  TIMG0_IRQHandler                        
00002c7b  TIMG12_IRQHandler                       
00002c7b  TIMG6_IRQHandler                        
00002c7b  TIMG7_IRQHandler                        
00002c7b  TIMG8_IRQHandler                        
00002c7b  UART1_IRQHandler                        
00002c7b  UART2_IRQHandler                        
00002c7b  UART3_IRQHandler                        
00002c7e  C$$EXIT                                 
00002c7f  HOSTexit                                
00002c83  Reset_Handler                           
00002c87  _system_pre_init                        
00002e6c  __TI_Handler_Table_Base                 
00002e78  __TI_Handler_Table_Limit                
00002e80  __TI_CINIT_Base                         
00002e90  __TI_CINIT_Limit                        
00002e90  __TI_CINIT_Warm                         
20200000  __start___llvm_prf_bits                 
20200000  __start___llvm_prf_cnts                 
20200000  __stop___llvm_prf_bits                  
20200000  __stop___llvm_prf_cnts                  
20200000  gFRONT_OUTBackup                        
202000bc  gRL_OUTBackup                           
20200178  gREAR_INBackup                          
20200218  gRR_OUTBackup                           
202002b8  gMCAN0Backup                            
20200350  uart_rx_buff                            
202003f4  g_tick                                  
202003f8  speed_fl                                
202003fc  speed_fr                                
20200400  speed_rl                                
20200404  speed_rr                                
20200408  rx_size                                 
2020040a  g_flag_100hz                            
2020040d  uart_rx_dma_complete_flag               
2020040e  uart_rx_length                          
2020040f  uart_tx_complete_flag                   
20200410  uart_tx_dma_complete_flag               
20207e00  __stack                                 
20208000  __STACK_END                             
ffffffff  __TI_pprof_out_hndl                     
ffffffff  __TI_prof_data_size                     
ffffffff  __TI_prof_data_start                    
ffffffff  __binit__                               
ffffffff  binit                                   
UNDEFED   __mpu_init                              
UNDEFED   _system_post_cinit                      

[203 symbols]
