<?xml version="1.0" encoding="ISO-8859-1" ?>
<link_info>
   <banner>TI ARM Clang Linker PC v4.0.4.LTS</banner>
   <copyright>Copyright (c) 1996-2018 Texas Instruments Incorporated</copyright>
   <command_line>E:\TI\CCS\ccs\tools\compiler\ti-cgt-armllvm_4.0.4.LTS\bin\tiarmlnk -IE:\TI\CCS\ccs\tools\compiler\ti-cgt-armllvm_4.0.4.LTS\lib -o test.out -mtest.map -iE:/TI/CCS/mspm0_sdk_2_10_00_04/source -iD:/rmLearning/TI/test/test -iD:/rmLearning/TI/test/test/Debug/syscfg -iE:/TI/CCS/ccs/tools/compiler/ti-cgt-armllvm_4.0.4.LTS/lib --diag_wrap=off --display_error_number --warn_sections --xml_link_info=test_linkInfo.xml --rom_model ./empty.o ./ti_msp_dl_config.o ./startup_mspm0g350x_ticlang.o ./User/bsp/Src/JY901.o ./User/bsp/Src/Task.o ./User/bsp/Src/ZDT_CAN.o ./User/bsp/Src/ZDT_Driver.o ./User/bsp/Src/bsp_CAN.o ./User/bsp/Src/bsp_PWM.o ./User/bsp/Src/bsp_UART.o ./User/bsp/Src/bsp_UART1.o ./User/bsp/Src/bsp_key.o ./User/bsp/Src/bsp_oled.o ./User/bsp/Src/chasis.o ./User/bsp/Src/gimbal.o ./User/bsp/Src/pid.o ./User/bsp/Src/task_scheduler.o ./User/bsp/Src/timer.o ./User/bsp/Src/ultrasonic.o ./User/bsp/Src/wit_c_sdk.o -l./device_linker.cmd -ldevice.cmd.genlibs -llibc.a --start-group -llibc++.a -llibc++abi.a -llibc.a -llibsys.a -llibsysbm.a -llibclang_rt.builtins.a -llibclang_rt.profile.a --end-group --cg_opt_level=0</command_line>
   <link_time>0x6a123e2f</link_time>
   <link_errors>0x0</link_errors>
   <output_file>D:\rmLearning\TI\test\test\Debug\test.out</output_file>
   <entry_point>
      <name>_c_int00_noargs</name>
      <address>0x6de9</address>
   </entry_point>
   <input_file_list>
      <input_file id="fl-1">
         <path>D:\rmLearning\TI\test\test\Debug\.\</path>
         <kind>object</kind>
         <file>empty.o</file>
         <name>empty.o</name>
      </input_file>
      <input_file id="fl-2">
         <path>D:\rmLearning\TI\test\test\Debug\.\</path>
         <kind>object</kind>
         <file>ti_msp_dl_config.o</file>
         <name>ti_msp_dl_config.o</name>
      </input_file>
      <input_file id="fl-3">
         <path>D:\rmLearning\TI\test\test\Debug\.\</path>
         <kind>object</kind>
         <file>startup_mspm0g350x_ticlang.o</file>
         <name>startup_mspm0g350x_ticlang.o</name>
      </input_file>
      <input_file id="fl-4">
         <path>D:\rmLearning\TI\test\test\Debug\.\User\bsp\Src\</path>
         <kind>object</kind>
         <file>JY901.o</file>
         <name>JY901.o</name>
      </input_file>
      <input_file id="fl-5">
         <path>D:\rmLearning\TI\test\test\Debug\.\User\bsp\Src\</path>
         <kind>object</kind>
         <file>Task.o</file>
         <name>Task.o</name>
      </input_file>
      <input_file id="fl-6">
         <path>D:\rmLearning\TI\test\test\Debug\.\User\bsp\Src\</path>
         <kind>object</kind>
         <file>ZDT_CAN.o</file>
         <name>ZDT_CAN.o</name>
      </input_file>
      <input_file id="fl-7">
         <path>D:\rmLearning\TI\test\test\Debug\.\User\bsp\Src\</path>
         <kind>object</kind>
         <file>ZDT_Driver.o</file>
         <name>ZDT_Driver.o</name>
      </input_file>
      <input_file id="fl-8">
         <path>D:\rmLearning\TI\test\test\Debug\.\User\bsp\Src\</path>
         <kind>object</kind>
         <file>bsp_CAN.o</file>
         <name>bsp_CAN.o</name>
      </input_file>
      <input_file id="fl-9">
         <path>D:\rmLearning\TI\test\test\Debug\.\User\bsp\Src\</path>
         <kind>object</kind>
         <file>bsp_PWM.o</file>
         <name>bsp_PWM.o</name>
      </input_file>
      <input_file id="fl-a">
         <path>D:\rmLearning\TI\test\test\Debug\.\User\bsp\Src\</path>
         <kind>object</kind>
         <file>bsp_UART.o</file>
         <name>bsp_UART.o</name>
      </input_file>
      <input_file id="fl-b">
         <path>D:\rmLearning\TI\test\test\Debug\.\User\bsp\Src\</path>
         <kind>object</kind>
         <file>bsp_UART1.o</file>
         <name>bsp_UART1.o</name>
      </input_file>
      <input_file id="fl-c">
         <path>D:\rmLearning\TI\test\test\Debug\.\User\bsp\Src\</path>
         <kind>object</kind>
         <file>bsp_key.o</file>
         <name>bsp_key.o</name>
      </input_file>
      <input_file id="fl-d">
         <path>D:\rmLearning\TI\test\test\Debug\.\User\bsp\Src\</path>
         <kind>object</kind>
         <file>bsp_oled.o</file>
         <name>bsp_oled.o</name>
      </input_file>
      <input_file id="fl-e">
         <path>D:\rmLearning\TI\test\test\Debug\.\User\bsp\Src\</path>
         <kind>object</kind>
         <file>chasis.o</file>
         <name>chasis.o</name>
      </input_file>
      <input_file id="fl-f">
         <path>D:\rmLearning\TI\test\test\Debug\.\User\bsp\Src\</path>
         <kind>object</kind>
         <file>gimbal.o</file>
         <name>gimbal.o</name>
      </input_file>
      <input_file id="fl-10">
         <path>D:\rmLearning\TI\test\test\Debug\.\User\bsp\Src\</path>
         <kind>object</kind>
         <file>pid.o</file>
         <name>pid.o</name>
      </input_file>
      <input_file id="fl-11">
         <path>D:\rmLearning\TI\test\test\Debug\.\User\bsp\Src\</path>
         <kind>object</kind>
         <file>task_scheduler.o</file>
         <name>task_scheduler.o</name>
      </input_file>
      <input_file id="fl-12">
         <path>D:\rmLearning\TI\test\test\Debug\.\User\bsp\Src\</path>
         <kind>object</kind>
         <file>timer.o</file>
         <name>timer.o</name>
      </input_file>
      <input_file id="fl-13">
         <path>D:\rmLearning\TI\test\test\Debug\.\User\bsp\Src\</path>
         <kind>object</kind>
         <file>ultrasonic.o</file>
         <name>ultrasonic.o</name>
      </input_file>
      <input_file id="fl-14">
         <path>D:\rmLearning\TI\test\test\Debug\.\User\bsp\Src\</path>
         <kind>object</kind>
         <file>wit_c_sdk.o</file>
         <name>wit_c_sdk.o</name>
      </input_file>
      <input_file id="fl-22">
         <path>D:\rmLearning\TI\test\test\Debug\</path>
         <kind>object</kind>
         <file>&lt;internal&gt;</file>
         <name>&lt;internal&gt;</name>
      </input_file>
      <input_file id="fl-23">
         <path>E:\TI\CCS\mspm0_sdk_2_10_00_04\source\ti\driverlib\lib\ticlang\m0p\mspm0g1x0x_g3x0x\</path>
         <kind>archive</kind>
         <file>driverlib.a</file>
         <name>dl_common.o</name>
      </input_file>
      <input_file id="fl-24">
         <path>E:\TI\CCS\mspm0_sdk_2_10_00_04\source\ti\driverlib\lib\ticlang\m0p\mspm0g1x0x_g3x0x\</path>
         <kind>archive</kind>
         <file>driverlib.a</file>
         <name>dl_dma.o</name>
      </input_file>
      <input_file id="fl-25">
         <path>E:\TI\CCS\mspm0_sdk_2_10_00_04\source\ti\driverlib\lib\ticlang\m0p\mspm0g1x0x_g3x0x\</path>
         <kind>archive</kind>
         <file>driverlib.a</file>
         <name>dl_i2c.o</name>
      </input_file>
      <input_file id="fl-26">
         <path>E:\TI\CCS\mspm0_sdk_2_10_00_04\source\ti\driverlib\lib\ticlang\m0p\mspm0g1x0x_g3x0x\</path>
         <kind>archive</kind>
         <file>driverlib.a</file>
         <name>dl_mcan.o</name>
      </input_file>
      <input_file id="fl-27">
         <path>E:\TI\CCS\mspm0_sdk_2_10_00_04\source\ti\driverlib\lib\ticlang\m0p\mspm0g1x0x_g3x0x\</path>
         <kind>archive</kind>
         <file>driverlib.a</file>
         <name>dl_timer.o</name>
      </input_file>
      <input_file id="fl-28">
         <path>E:\TI\CCS\mspm0_sdk_2_10_00_04\source\ti\driverlib\lib\ticlang\m0p\mspm0g1x0x_g3x0x\</path>
         <kind>archive</kind>
         <file>driverlib.a</file>
         <name>dl_uart.o</name>
      </input_file>
      <input_file id="fl-29">
         <path>E:\TI\CCS\mspm0_sdk_2_10_00_04\source\ti\driverlib\lib\ticlang\m0p\mspm0g1x0x_g3x0x\</path>
         <kind>archive</kind>
         <file>driverlib.a</file>
         <name>dl_sysctl_mspm0g1x0x_g3x0x.o</name>
      </input_file>
      <input_file id="fl-40">
         <path>E:\TI\CCS\ccs\tools\compiler\ti-cgt-armllvm_4.0.4.LTS\lib\armv6m-ti-none-eabi\c\</path>
         <kind>archive</kind>
         <file>libc.a</file>
         <name>boot_cortex_m.c.obj</name>
      </input_file>
      <input_file id="fl-41">
         <path>E:\TI\CCS\ccs\tools\compiler\ti-cgt-armllvm_4.0.4.LTS\lib\armv6m-ti-none-eabi\c\</path>
         <kind>archive</kind>
         <file>libc.a</file>
         <name>mathacl_init.c.obj</name>
      </input_file>
      <input_file id="fl-42">
         <path>E:\TI\CCS\ccs\tools\compiler\ti-cgt-armllvm_4.0.4.LTS\lib\armv6m-ti-none-eabi\c\</path>
         <kind>archive</kind>
         <file>libc.a</file>
         <name>autoinit.c.obj</name>
      </input_file>
      <input_file id="fl-43">
         <path>E:\TI\CCS\ccs\tools\compiler\ti-cgt-armllvm_4.0.4.LTS\lib\armv6m-ti-none-eabi\c\</path>
         <kind>archive</kind>
         <file>libc.a</file>
         <name>pre_init.c.obj</name>
      </input_file>
      <input_file id="fl-44">
         <path>E:\TI\CCS\ccs\tools\compiler\ti-cgt-armllvm_4.0.4.LTS\lib\armv6m-ti-none-eabi\c\</path>
         <kind>archive</kind>
         <file>libc.a</file>
         <name>cpy_tbl.c.obj</name>
      </input_file>
      <input_file id="fl-45">
         <path>E:\TI\CCS\ccs\tools\compiler\ti-cgt-armllvm_4.0.4.LTS\lib\armv6m-ti-none-eabi\c\</path>
         <kind>archive</kind>
         <file>libc.a</file>
         <name>copy_zero_init.c.obj</name>
      </input_file>
      <input_file id="fl-46">
         <path>E:\TI\CCS\ccs\tools\compiler\ti-cgt-armllvm_4.0.4.LTS\lib\armv6m-ti-none-eabi\c\</path>
         <kind>archive</kind>
         <file>libc.a</file>
         <name>copy_decompress_none.c.obj</name>
      </input_file>
      <input_file id="fl-47">
         <path>E:\TI\CCS\ccs\tools\compiler\ti-cgt-armllvm_4.0.4.LTS\lib\armv6m-ti-none-eabi\c\</path>
         <kind>archive</kind>
         <file>libc.a</file>
         <name>copy_decompress_lzss.c.obj</name>
      </input_file>
      <input_file id="fl-48">
         <path>E:\TI\CCS\ccs\tools\compiler\ti-cgt-armllvm_4.0.4.LTS\lib\armv6m-ti-none-eabi\c\</path>
         <kind>archive</kind>
         <file>libc.a</file>
         <name>exit.c.obj</name>
      </input_file>
      <input_file id="fl-49">
         <path>E:\TI\CCS\ccs\tools\compiler\ti-cgt-armllvm_4.0.4.LTS\lib\armv6m-ti-none-eabi\c\</path>
         <kind>archive</kind>
         <file>libc.a</file>
         <name>_lock.c.obj</name>
      </input_file>
      <input_file id="fl-4a">
         <path>E:\TI\CCS\ccs\tools\compiler\ti-cgt-armllvm_4.0.4.LTS\lib\armv6m-ti-none-eabi\c\</path>
         <kind>archive</kind>
         <file>libc.a</file>
         <name>args_main.c.obj</name>
      </input_file>
      <input_file id="fl-ea">
         <path>E:\TI\CCS\ccs\tools\compiler\ti-cgt-armllvm_4.0.4.LTS\lib\armv6m-ti-none-eabi\c\</path>
         <kind>archive</kind>
         <file>libsysbm.a</file>
         <name>hostexit.c.obj</name>
      </input_file>
      <input_file id="fl-eb">
         <path>E:\TI\CCS\ccs\tools\compiler\ti-cgt-armllvm_4.0.4.LTS\lib\armv6m-ti-none-eabi\</path>
         <kind>archive</kind>
         <file>libclang_rt.builtins.a</file>
         <name>addsf3.S.obj</name>
      </input_file>
      <input_file id="fl-ec">
         <path>E:\TI\CCS\ccs\tools\compiler\ti-cgt-armllvm_4.0.4.LTS\lib\armv6m-ti-none-eabi\</path>
         <kind>archive</kind>
         <file>libclang_rt.builtins.a</file>
         <name>mulsf3.S.obj</name>
      </input_file>
      <input_file id="fl-ed">
         <path>E:\TI\CCS\ccs\tools\compiler\ti-cgt-armllvm_4.0.4.LTS\lib\armv6m-ti-none-eabi\</path>
         <kind>archive</kind>
         <file>libclang_rt.builtins.a</file>
         <name>divsf3.S.obj</name>
      </input_file>
      <input_file id="fl-ee">
         <path>E:\TI\CCS\ccs\tools\compiler\ti-cgt-armllvm_4.0.4.LTS\lib\armv6m-ti-none-eabi\</path>
         <kind>archive</kind>
         <file>libclang_rt.builtins.a</file>
         <name>fixsfsi.S.obj</name>
      </input_file>
      <input_file id="fl-ef">
         <path>E:\TI\CCS\ccs\tools\compiler\ti-cgt-armllvm_4.0.4.LTS\lib\armv6m-ti-none-eabi\</path>
         <kind>archive</kind>
         <file>libclang_rt.builtins.a</file>
         <name>fixunssfsi.S.obj</name>
      </input_file>
      <input_file id="fl-f0">
         <path>E:\TI\CCS\ccs\tools\compiler\ti-cgt-armllvm_4.0.4.LTS\lib\armv6m-ti-none-eabi\</path>
         <kind>archive</kind>
         <file>libclang_rt.builtins.a</file>
         <name>floatsisf.S.obj</name>
      </input_file>
      <input_file id="fl-f1">
         <path>E:\TI\CCS\ccs\tools\compiler\ti-cgt-armllvm_4.0.4.LTS\lib\armv6m-ti-none-eabi\</path>
         <kind>archive</kind>
         <file>libclang_rt.builtins.a</file>
         <name>floatunsidf.S.obj</name>
      </input_file>
      <input_file id="fl-f2">
         <path>E:\TI\CCS\ccs\tools\compiler\ti-cgt-armllvm_4.0.4.LTS\lib\armv6m-ti-none-eabi\</path>
         <kind>archive</kind>
         <file>libclang_rt.builtins.a</file>
         <name>floatunsisf.S.obj</name>
      </input_file>
      <input_file id="fl-f3">
         <path>E:\TI\CCS\ccs\tools\compiler\ti-cgt-armllvm_4.0.4.LTS\lib\armv6m-ti-none-eabi\</path>
         <kind>archive</kind>
         <file>libclang_rt.builtins.a</file>
         <name>aeabi_dcmp.S.obj</name>
      </input_file>
      <input_file id="fl-f4">
         <path>E:\TI\CCS\ccs\tools\compiler\ti-cgt-armllvm_4.0.4.LTS\lib\armv6m-ti-none-eabi\</path>
         <kind>archive</kind>
         <file>libclang_rt.builtins.a</file>
         <name>aeabi_fcmp.S.obj</name>
      </input_file>
      <input_file id="fl-f5">
         <path>E:\TI\CCS\ccs\tools\compiler\ti-cgt-armllvm_4.0.4.LTS\lib\armv6m-ti-none-eabi\</path>
         <kind>archive</kind>
         <file>libclang_rt.builtins.a</file>
         <name>aeabi_memcpy.S.obj</name>
      </input_file>
      <input_file id="fl-f6">
         <path>E:\TI\CCS\ccs\tools\compiler\ti-cgt-armllvm_4.0.4.LTS\lib\armv6m-ti-none-eabi\</path>
         <kind>archive</kind>
         <file>libclang_rt.builtins.a</file>
         <name>aeabi_memset.S.obj</name>
      </input_file>
      <input_file id="fl-f7">
         <path>E:\TI\CCS\ccs\tools\compiler\ti-cgt-armllvm_4.0.4.LTS\lib\armv6m-ti-none-eabi\</path>
         <kind>archive</kind>
         <file>libclang_rt.builtins.a</file>
         <name>aeabi_uidivmod.S.obj</name>
      </input_file>
      <input_file id="fl-f8">
         <path>E:\TI\CCS\ccs\tools\compiler\ti-cgt-armllvm_4.0.4.LTS\lib\armv6m-ti-none-eabi\</path>
         <kind>archive</kind>
         <file>libclang_rt.builtins.a</file>
         <name>aeabi_uldivmod.S.obj</name>
      </input_file>
      <input_file id="fl-f9">
         <path>E:\TI\CCS\ccs\tools\compiler\ti-cgt-armllvm_4.0.4.LTS\lib\armv6m-ti-none-eabi\</path>
         <kind>archive</kind>
         <file>libclang_rt.builtins.a</file>
         <name>comparesf2.S.obj</name>
      </input_file>
      <input_file id="fl-fa">
         <path>E:\TI\CCS\ccs\tools\compiler\ti-cgt-armllvm_4.0.4.LTS\lib\armv6m-ti-none-eabi\</path>
         <kind>archive</kind>
         <file>libclang_rt.builtins.a</file>
         <name>udivmoddi4.S.obj</name>
      </input_file>
      <input_file id="fl-fb">
         <path>E:\TI\CCS\ccs\tools\compiler\ti-cgt-armllvm_4.0.4.LTS\lib\armv6m-ti-none-eabi\</path>
         <kind>archive</kind>
         <file>libclang_rt.builtins.a</file>
         <name>muldsi3.S.obj</name>
      </input_file>
      <input_file id="fl-fc">
         <path>E:\TI\CCS\ccs\tools\compiler\ti-cgt-armllvm_4.0.4.LTS\lib\armv6m-ti-none-eabi\</path>
         <kind>archive</kind>
         <file>libclang_rt.builtins.a</file>
         <name>ashldi3.S.obj</name>
      </input_file>
      <input_file id="fl-fd">
         <path>E:\TI\CCS\ccs\tools\compiler\ti-cgt-armllvm_4.0.4.LTS\lib\armv6m-ti-none-eabi\</path>
         <kind>archive</kind>
         <file>libclang_rt.builtins.a</file>
         <name>comparedf2.c.obj</name>
      </input_file>
      <input_file id="fl-fe">
         <path>E:\TI\CCS\ccs\tools\compiler\ti-cgt-armllvm_4.0.4.LTS\lib\armv6m-ti-none-eabi\</path>
         <kind>archive</kind>
         <file>libclang_rt.builtins.a</file>
         <name>aeabi_div0.c.obj</name>
      </input_file>
      <input_file id="fl-ff">
         <path>E:\TI\CCS\ccs\tools\compiler\ti-cgt-armllvm_4.0.4.LTS\lib\armv6m-ti-none-eabi\c\</path>
         <kind>archive</kind>
         <file>libc.a</file>
         <name>memcpy16.S.obj</name>
      </input_file>
      <input_file id="fl-100">
         <path>E:\TI\CCS\ccs\tools\compiler\ti-cgt-armllvm_4.0.4.LTS\lib\armv6m-ti-none-eabi\c\</path>
         <kind>archive</kind>
         <file>libc.a</file>
         <name>memset16.S.obj</name>
      </input_file>
   </input_file_list>
   <object_component_list>
      <object_component id="oc-18">
         <name>.intvecs</name>
         <load_address>0x0</load_address>
         <readonly>true</readonly>
         <run_address>0x0</run_address>
         <size>0xc0</size>
         <alignment>0x4</alignment>
         <input_file_ref idref="fl-3"/>
      </object_component>
      <object_component id="oc-129">
         <name>.text.while_task</name>
         <load_address>0xc0</load_address>
         <readonly>true</readonly>
         <executable>true</executable>
         <run_address>0xc0</run_address>
         <size>0x1684</size>
         <alignment>0x4</alignment>
         <input_file_ref idref="fl-5"/>
      </object_component>
      <object_component id="oc-1d2">
         <name>.text.chasis_cal</name>
         <load_address>0x1744</load_address>
         <readonly>true</readonly>
         <executable>true</executable>
         <run_address>0x1744</run_address>
         <size>0x3e0</size>
         <alignment>0x4</alignment>
         <input_file_ref idref="fl-e"/>
      </object_component>
      <object_component id="oc-2e7">
         <name>.text.mec_inverse</name>
         <load_address>0x1b24</load_address>
         <readonly>true</readonly>
         <executable>true</executable>
         <run_address>0x1b24</run_address>
         <size>0x298</size>
         <alignment>0x4</alignment>
         <input_file_ref idref="fl-e"/>
      </object_component>
      <object_component id="oc-101">
         <name>.text.chasis_trapezoid_move</name>
         <load_address>0x1dbc</load_address>
         <readonly>true</readonly>
         <executable>true</executable>
         <run_address>0x1dbc</run_address>
         <size>0x280</size>
         <alignment>0x4</alignment>
         <input_file_ref idref="fl-e"/>
      </object_component>
      <object_component id="oc-2b6">
         <name>.text.DL_MCAN_msgRAMConfig</name>
         <load_address>0x203c</load_address>
         <readonly>true</readonly>
         <executable>true</executable>
         <run_address>0x203c</run_address>
         <size>0x214</size>
         <alignment>0x4</alignment>
         <input_file_ref idref="fl-26"/>
      </object_component>
      <object_component id="oc-f2">
         <name>.text.WitSerialDataIn</name>
         <load_address>0x2250</load_address>
         <readonly>true</readonly>
         <executable>true</executable>
         <run_address>0x2250</run_address>
         <size>0x214</size>
         <alignment>0x4</alignment>
         <input_file_ref idref="fl-14"/>
      </object_component>
      <object_component id="oc-a4">
         <name>.text.UART_Rx_DMA_ToIdle_Callback</name>
         <load_address>0x2464</load_address>
         <readonly>true</readonly>
         <executable>true</executable>
         <run_address>0x2464</run_address>
         <size>0x204</size>
         <alignment>0x4</alignment>
         <input_file_ref idref="fl-5"/>
      </object_component>
      <object_component id="oc-84">
         <name>.text.Ultrasonic_GPIOB_ISR</name>
         <load_address>0x2668</load_address>
         <readonly>true</readonly>
         <executable>true</executable>
         <run_address>0x2668</run_address>
         <size>0x1fc</size>
         <alignment>0x4</alignment>
         <input_file_ref idref="fl-13"/>
      </object_component>
      <object_component id="oc-1f4">
         <name>.text.param_editor</name>
         <load_address>0x2864</load_address>
         <readonly>true</readonly>
         <executable>true</executable>
         <run_address>0x2864</run_address>
         <size>0x1ec</size>
         <alignment>0x4</alignment>
         <input_file_ref idref="fl-5"/>
      </object_component>
      <object_component id="oc-1a1">
         <name>.text.SYSCFG_DL_GPIO_init</name>
         <load_address>0x2a50</load_address>
         <readonly>true</readonly>
         <executable>true</executable>
         <run_address>0x2a50</run_address>
         <size>0x1e0</size>
         <alignment>0x4</alignment>
         <input_file_ref idref="fl-2"/>
      </object_component>
      <object_component id="oc-34b">
         <name>.text.motor_set</name>
         <load_address>0x2c30</load_address>
         <readonly>true</readonly>
         <executable>true</executable>
         <run_address>0x2c30</run_address>
         <size>0x1b8</size>
         <alignment>0x4</alignment>
         <input_file_ref idref="fl-9"/>
      </object_component>
      <object_component id="oc-2db">
         <name>.text.WitWriteReg</name>
         <load_address>0x2de8</load_address>
         <readonly>true</readonly>
         <executable>true</executable>
         <run_address>0x2de8</run_address>
         <size>0x17c</size>
         <alignment>0x4</alignment>
         <input_file_ref idref="fl-14"/>
      </object_component>
      <object_component id="oc-167">
         <name>.text.CopeWitData</name>
         <load_address>0x2f64</load_address>
         <readonly>true</readonly>
         <executable>true</executable>
         <run_address>0x2f64</run_address>
         <size>0x158</size>
         <alignment>0x4</alignment>
         <input_file_ref idref="fl-14"/>
      </object_component>
      <object_component id="oc-219">
         <name>.text.OLED_ShowChar</name>
         <load_address>0x30bc</load_address>
         <readonly>true</readonly>
         <executable>true</executable>
         <run_address>0x30bc</run_address>
         <size>0x118</size>
         <alignment>0x4</alignment>
         <input_file_ref idref="fl-d"/>
      </object_component>
      <object_component id="oc-11d">
         <name>.text.OLED_Init</name>
         <load_address>0x31d4</load_address>
         <readonly>true</readonly>
         <executable>true</executable>
         <run_address>0x31d4</run_address>
         <size>0x114</size>
         <alignment>0x4</alignment>
         <input_file_ref idref="fl-d"/>
      </object_component>
      <object_component id="oc-ef">
         <name>.text.DL_MCAN_readMsgRam</name>
         <load_address>0x32e8</load_address>
         <readonly>true</readonly>
         <executable>true</executable>
         <run_address>0x32e8</run_address>
         <size>0x10c</size>
         <alignment>0x4</alignment>
         <input_file_ref idref="fl-26"/>
      </object_component>
      <object_component id="oc-22e">
         <name>.text.can_SendCmd</name>
         <load_address>0x33f4</load_address>
         <readonly>true</readonly>
         <executable>true</executable>
         <run_address>0x33f4</run_address>
         <size>0x10a</size>
         <alignment>0x2</alignment>
         <input_file_ref idref="fl-6"/>
      </object_component>
      <object_component id="oc-145">
         <name>.text.Key_B21_Long</name>
         <load_address>0x34fe</load_address>
         <readonly>true</readonly>
         <executable>true</executable>
         <run_address>0x34fe</run_address>
         <size>0x2</size>
         <alignment>0x2</alignment>
         <input_file_ref idref="fl-5"/>
      </object_component>
      <object_component id="oc-128">
         <name>.text.one_hundured_ms_callback</name>
         <load_address>0x3500</load_address>
         <readonly>true</readonly>
         <executable>true</executable>
         <run_address>0x3500</run_address>
         <size>0x108</size>
         <alignment>0x4</alignment>
         <input_file_ref idref="fl-5"/>
      </object_component>
      <object_component id="oc-275">
         <name>.text.DL_Timer_initFourCCPWMMode</name>
         <load_address>0x3608</load_address>
         <readonly>true</readonly>
         <executable>true</executable>
         <run_address>0x3608</run_address>
         <size>0x104</size>
         <alignment>0x4</alignment>
         <input_file_ref idref="fl-27"/>
      </object_component>
      <object_component id="oc-1bd">
         <name>.text.DL_Timer_initTimerMode</name>
         <load_address>0x370c</load_address>
         <readonly>true</readonly>
         <executable>true</executable>
         <run_address>0x370c</run_address>
         <size>0xfc</size>
         <alignment>0x4</alignment>
         <input_file_ref idref="fl-27"/>
      </object_component>
      <object_component id="oc-14b">
         <name>.text.OLED_ShowNum</name>
         <load_address>0x3808</load_address>
         <readonly>true</readonly>
         <executable>true</executable>
         <run_address>0x3808</run_address>
         <size>0xf6</size>
         <alignment>0x2</alignment>
         <input_file_ref idref="fl-d"/>
      </object_component>
      <object_component id="oc-15e">
         <name>.text.__aeabi_idiv0</name>
         <load_address>0x38fe</load_address>
         <readonly>true</readonly>
         <executable>true</executable>
         <run_address>0x38fe</run_address>
         <size>0x2</size>
         <alignment>0x2</alignment>
         <input_file_ref idref="fl-fe"/>
      </object_component>
      <object_component id="oc-356">
         <name>.text.DL_MCAN_writeMsgRam</name>
         <load_address>0x3900</load_address>
         <readonly>true</readonly>
         <executable>true</executable>
         <run_address>0x3900</run_address>
         <size>0xf4</size>
         <alignment>0x4</alignment>
         <input_file_ref idref="fl-26"/>
      </object_component>
      <object_component id="oc-14e">
         <name>.text.Menu_Enter</name>
         <load_address>0x39f4</load_address>
         <readonly>true</readonly>
         <executable>true</executable>
         <run_address>0x39f4</run_address>
         <size>0xf0</size>
         <alignment>0x4</alignment>
         <input_file_ref idref="fl-11"/>
      </object_component>
      <object_component id="oc-d1">
         <name>.text.Menu_Run</name>
         <load_address>0x3ae4</load_address>
         <readonly>true</readonly>
         <executable>true</executable>
         <run_address>0x3ae4</run_address>
         <size>0xf0</size>
         <alignment>0x4</alignment>
         <input_file_ref idref="fl-11"/>
      </object_component>
      <object_component id="oc-1ac">
         <name>.text.SYSCFG_DL_MCAN0_init</name>
         <load_address>0x3bd4</load_address>
         <readonly>true</readonly>
         <executable>true</executable>
         <run_address>0x3bd4</run_address>
         <size>0xec</size>
         <alignment>0x4</alignment>
         <input_file_ref idref="fl-2"/>
      </object_component>
      <object_component id="oc-d0">
         <name>.text.KEY_Poll</name>
         <load_address>0x3cc0</load_address>
         <readonly>true</readonly>
         <executable>true</executable>
         <run_address>0x3cc0</run_address>
         <size>0xe8</size>
         <alignment>0x4</alignment>
         <input_file_ref idref="fl-c"/>
      </object_component>
      <object_component id="oc-1a3">
         <name>.text.SYSCFG_DL_FRONT_OUT_init</name>
         <load_address>0x3da8</load_address>
         <readonly>true</readonly>
         <executable>true</executable>
         <run_address>0x3da8</run_address>
         <size>0xe8</size>
         <alignment>0x4</alignment>
         <input_file_ref idref="fl-2"/>
      </object_component>
      <object_component id="oc-26c">
         <name>.text.SYSCFG_DL_SYSCTL_SYSPLL_init</name>
         <load_address>0x3e90</load_address>
         <readonly>true</readonly>
         <executable>true</executable>
         <run_address>0x3e90</run_address>
         <size>0xe8</size>
         <alignment>0x4</alignment>
         <input_file_ref idref="fl-2"/>
      </object_component>
      <object_component id="oc-2b4">
         <name>.text.DL_MCAN_init</name>
         <load_address>0x3f78</load_address>
         <readonly>true</readonly>
         <executable>true</executable>
         <run_address>0x3f78</run_address>
         <size>0xdc</size>
         <alignment>0x4</alignment>
         <input_file_ref idref="fl-26"/>
      </object_component>
      <object_component id="oc-26b">
         <name>.text.DL_SYSCTL_configSYSPLL</name>
         <load_address>0x4054</load_address>
         <readonly>true</readonly>
         <executable>true</executable>
         <run_address>0x4054</run_address>
         <size>0xdc</size>
         <alignment>0x4</alignment>
         <input_file_ref idref="fl-29"/>
      </object_component>
      <object_component id="oc-2b5">
         <name>.text.DL_MCAN_setBitTime</name>
         <load_address>0x4130</load_address>
         <readonly>true</readonly>
         <executable>true</executable>
         <run_address>0x4130</run_address>
         <size>0xd8</size>
         <alignment>0x4</alignment>
         <input_file_ref idref="fl-26"/>
      </object_component>
      <object_component id="oc-14f">
         <name>.text.Menu_Draw</name>
         <load_address>0x4208</load_address>
         <readonly>true</readonly>
         <executable>true</executable>
         <run_address>0x4208</run_address>
         <size>0xd8</size>
         <alignment>0x4</alignment>
         <input_file_ref idref="fl-11"/>
      </object_component>
      <object_component id="oc-1f6">
         <name>.text.filter_average</name>
         <load_address>0x42e0</load_address>
         <readonly>true</readonly>
         <executable>true</executable>
         <run_address>0x42e0</run_address>
         <size>0xd8</size>
         <alignment>0x2</alignment>
         <input_file_ref idref="fl-5"/>
      </object_component>
      <object_component id="oc-34a">
         <name>.text.motor_coast</name>
         <load_address>0x43b8</load_address>
         <readonly>true</readonly>
         <executable>true</executable>
         <run_address>0x43b8</run_address>
         <size>0xd8</size>
         <alignment>0x4</alignment>
         <input_file_ref idref="fl-9"/>
      </object_component>
      <object_component id="oc-17c">
         <name>.text</name>
         <load_address>0x4490</load_address>
         <readonly>true</readonly>
         <executable>true</executable>
         <run_address>0x4490</run_address>
         <size>0xd8</size>
         <alignment>0x4</alignment>
         <input_file_ref idref="fl-eb"/>
      </object_component>
      <object_component id="oc-191">
         <name>.text.motor_brake</name>
         <load_address>0x4568</load_address>
         <readonly>true</readonly>
         <executable>true</executable>
         <run_address>0x4568</run_address>
         <size>0xd4</size>
         <alignment>0x4</alignment>
         <input_file_ref idref="fl-9"/>
      </object_component>
      <object_component id="oc-2e8">
         <name>.text.motor_openloop_drive</name>
         <load_address>0x463c</load_address>
         <readonly>true</readonly>
         <executable>true</executable>
         <run_address>0x463c</run_address>
         <size>0xd0</size>
         <alignment>0x4</alignment>
         <input_file_ref idref="fl-e"/>
      </object_component>
      <object_component id="oc-1a0">
         <name>.text.SYSCFG_DL_initPower</name>
         <load_address>0x470c</load_address>
         <readonly>true</readonly>
         <executable>true</executable>
         <run_address>0x470c</run_address>
         <size>0xc4</size>
         <alignment>0x4</alignment>
         <input_file_ref idref="fl-2"/>
      </object_component>
      <object_component id="oc-1ce">
         <name>.text.Ultrasonic_Trigger</name>
         <load_address>0x47d0</load_address>
         <readonly>true</readonly>
         <executable>true</executable>
         <run_address>0x47d0</run_address>
         <size>0xc4</size>
         <alignment>0x4</alignment>
         <input_file_ref idref="fl-13"/>
      </object_component>
      <object_component id="oc-319">
         <name>.text.CAN_send_ext_frame</name>
         <load_address>0x4894</load_address>
         <readonly>true</readonly>
         <executable>true</executable>
         <run_address>0x4894</run_address>
         <size>0xbc</size>
         <alignment>0x4</alignment>
         <input_file_ref idref="fl-8"/>
      </object_component>
      <object_component id="oc-159">
         <name>.text</name>
         <load_address>0x4950</load_address>
         <readonly>true</readonly>
         <executable>true</executable>
         <run_address>0x4950</run_address>
         <size>0xa2</size>
         <alignment>0x4</alignment>
         <input_file_ref idref="fl-fa"/>
      </object_component>
      <object_component id="oc-223">
         <name>.text.__aeabi_ldiv0</name>
         <load_address>0x49f2</load_address>
         <readonly>true</readonly>
         <executable>true</executable>
         <run_address>0x49f2</run_address>
         <size>0x2</size>
         <alignment>0x2</alignment>
         <input_file_ref idref="fl-fe"/>
      </object_component>
      <object_component id="oc-1a5">
         <name>.text.SYSCFG_DL_RR_OUT_init</name>
         <load_address>0x49f4</load_address>
         <readonly>true</readonly>
         <executable>true</executable>
         <run_address>0x49f4</run_address>
         <size>0x9c</size>
         <alignment>0x4</alignment>
         <input_file_ref idref="fl-2"/>
      </object_component>
      <object_component id="oc-1b9">
         <name>.text.OLED_WR_Byte</name>
         <load_address>0x4a90</load_address>
         <readonly>true</readonly>
         <executable>true</executable>
         <run_address>0x4a90</run_address>
         <size>0x98</size>
         <alignment>0x4</alignment>
         <input_file_ref idref="fl-d"/>
      </object_component>
      <object_component id="oc-1a4">
         <name>.text.SYSCFG_DL_RL_OUT_init</name>
         <load_address>0x4b28</load_address>
         <readonly>true</readonly>
         <executable>true</executable>
         <run_address>0x4b28</run_address>
         <size>0x98</size>
         <alignment>0x4</alignment>
         <input_file_ref idref="fl-2"/>
      </object_component>
      <object_component id="oc-75">
         <name>.text.uart1_isIDLE</name>
         <load_address>0x4bc0</load_address>
         <readonly>true</readonly>
         <executable>true</executable>
         <run_address>0x4bc0</run_address>
         <size>0x98</size>
         <alignment>0x4</alignment>
         <input_file_ref idref="fl-b"/>
      </object_component>
      <object_component id="oc-74">
         <name>.text.uart_isIDLE</name>
         <load_address>0x4c58</load_address>
         <readonly>true</readonly>
         <executable>true</executable>
         <run_address>0x4c58</run_address>
         <size>0x90</size>
         <alignment>0x4</alignment>
         <input_file_ref idref="fl-a"/>
      </object_component>
      <object_component id="oc-178">
         <name>.text.__mulsf3</name>
         <load_address>0x4ce8</load_address>
         <readonly>true</readonly>
         <executable>true</executable>
         <run_address>0x4ce8</run_address>
         <size>0x8c</size>
         <alignment>0x4</alignment>
         <input_file_ref idref="fl-ec"/>
      </object_component>
      <object_component id="oc-77">
         <name>.text.ms_callback</name>
         <load_address>0x4d74</load_address>
         <readonly>true</readonly>
         <executable>true</executable>
         <run_address>0x4d74</run_address>
         <size>0x8c</size>
         <alignment>0x4</alignment>
         <input_file_ref idref="fl-5"/>
      </object_component>
      <object_component id="oc-34">
         <name>.text.SysTick_Handler</name>
         <load_address>0x4e00</load_address>
         <readonly>true</readonly>
         <executable>true</executable>
         <run_address>0x4e00</run_address>
         <size>0x88</size>
         <alignment>0x4</alignment>
         <input_file_ref idref="fl-1"/>
      </object_component>
      <object_component id="oc-14d">
         <name>.text.Menu_Next</name>
         <load_address>0x4e88</load_address>
         <readonly>true</readonly>
         <executable>true</executable>
         <run_address>0x4e88</run_address>
         <size>0x84</size>
         <alignment>0x4</alignment>
         <input_file_ref idref="fl-11"/>
      </object_component>
      <object_component id="oc-33c">
         <name>.text.__NVIC_SetPriority</name>
         <load_address>0x4f0c</load_address>
         <readonly>true</readonly>
         <executable>true</executable>
         <run_address>0x4f0c</run_address>
         <size>0x84</size>
         <alignment>0x4</alignment>
         <input_file_ref idref="fl-2"/>
      </object_component>
      <object_component id="oc-184">
         <name>.text.__divsf3</name>
         <load_address>0x4f90</load_address>
         <readonly>true</readonly>
         <executable>true</executable>
         <run_address>0x4f90</run_address>
         <size>0x82</size>
         <alignment>0x4</alignment>
         <input_file_ref idref="fl-ed"/>
      </object_component>
      <object_component id="oc-171">
         <name>.text.Emm_V5_Pos_Control</name>
         <load_address>0x5012</load_address>
         <readonly>true</readonly>
         <executable>true</executable>
         <run_address>0x5012</run_address>
         <size>0x80</size>
         <alignment>0x2</alignment>
         <input_file_ref idref="fl-7"/>
      </object_component>
      <object_component id="oc-48">
         <name>.text.UART0_IRQHandler</name>
         <load_address>0x5094</load_address>
         <readonly>true</readonly>
         <executable>true</executable>
         <run_address>0x5094</run_address>
         <size>0x80</size>
         <alignment>0x4</alignment>
         <input_file_ref idref="fl-a"/>
      </object_component>
      <object_component id="oc-43">
         <name>.text.UART1_IRQHandler</name>
         <load_address>0x5114</load_address>
         <readonly>true</readonly>
         <executable>true</executable>
         <run_address>0x5114</run_address>
         <size>0x80</size>
         <alignment>0x4</alignment>
         <input_file_ref idref="fl-b"/>
      </object_component>
      <object_component id="oc-f1">
         <name>.text.CAN_Rx_FIFO0_New_Message_Callback</name>
         <load_address>0x5194</load_address>
         <readonly>true</readonly>
         <executable>true</executable>
         <run_address>0x5194</run_address>
         <size>0x7c</size>
         <alignment>0x4</alignment>
         <input_file_ref idref="fl-5"/>
      </object_component>
      <object_component id="oc-1a2">
         <name>.text.SYSCFG_DL_SYSCTL_init</name>
         <load_address>0x5210</load_address>
         <readonly>true</readonly>
         <executable>true</executable>
         <run_address>0x5210</run_address>
         <size>0x7c</size>
         <alignment>0x4</alignment>
         <input_file_ref idref="fl-2"/>
      </object_component>
      <object_component id="oc-94">
         <name>.text.handleCanRxMessage</name>
         <load_address>0x528c</load_address>
         <readonly>true</readonly>
         <executable>true</executable>
         <run_address>0x528c</run_address>
         <size>0x7c</size>
         <alignment>0x4</alignment>
         <input_file_ref idref="fl-8"/>
      </object_component>
      <object_component id="oc-1c">
         <name>.text:decompress:lzss</name>
         <load_address>0x5308</load_address>
         <readonly>true</readonly>
         <executable>true</executable>
         <run_address>0x5308</run_address>
         <size>0x7c</size>
         <alignment>0x4</alignment>
         <input_file_ref idref="fl-47"/>
      </object_component>
      <object_component id="oc-1a8">
         <name>.text.SYSCFG_DL_UART_0_init</name>
         <load_address>0x5384</load_address>
         <readonly>true</readonly>
         <executable>true</executable>
         <run_address>0x5384</run_address>
         <size>0x78</size>
         <alignment>0x4</alignment>
         <input_file_ref idref="fl-2"/>
      </object_component>
      <object_component id="oc-1a9">
         <name>.text.SYSCFG_DL_UART_1_init</name>
         <load_address>0x53fc</load_address>
         <readonly>true</readonly>
         <executable>true</executable>
         <run_address>0x53fc</run_address>
         <size>0x78</size>
         <alignment>0x4</alignment>
         <input_file_ref idref="fl-2"/>
      </object_component>
      <object_component id="oc-361">
         <name>.text.__gedf2</name>
         <load_address>0x5474</load_address>
         <readonly>true</readonly>
         <executable>true</executable>
         <run_address>0x5474</run_address>
         <size>0x74</size>
         <alignment>0x4</alignment>
         <input_file_ref idref="fl-fd"/>
      </object_component>
      <object_component id="oc-1db">
         <name>.text.chasis_set_velocity</name>
         <load_address>0x54e8</load_address>
         <readonly>true</readonly>
         <executable>true</executable>
         <run_address>0x54e8</run_address>
         <size>0x74</size>
         <alignment>0x4</alignment>
         <input_file_ref idref="fl-e"/>
      </object_component>
      <object_component id="oc-14a">
         <name>.text.OLED_ShowString</name>
         <load_address>0x555c</load_address>
         <readonly>true</readonly>
         <executable>true</executable>
         <run_address>0x555c</run_address>
         <size>0x70</size>
         <alignment>0x2</alignment>
         <input_file_ref idref="fl-d"/>
      </object_component>
      <object_component id="oc-168">
         <name>.text.__CRC16</name>
         <load_address>0x55cc</load_address>
         <readonly>true</readonly>
         <executable>true</executable>
         <run_address>0x55cc</run_address>
         <size>0x70</size>
         <alignment>0x4</alignment>
         <input_file_ref idref="fl-14"/>
      </object_component>
      <object_component id="oc-bf">
         <name>.text.main</name>
         <load_address>0x563c</load_address>
         <readonly>true</readonly>
         <executable>true</executable>
         <run_address>0x563c</run_address>
         <size>0x70</size>
         <alignment>0x4</alignment>
         <input_file_ref idref="fl-1"/>
      </object_component>
      <object_component id="oc-1e5">
         <name>.text._show_signed</name>
         <load_address>0x56ac</load_address>
         <readonly>true</readonly>
         <executable>true</executable>
         <run_address>0x56ac</run_address>
         <size>0x6c</size>
         <alignment>0x4</alignment>
         <input_file_ref idref="fl-5"/>
      </object_component>
      <object_component id="oc-149">
         <name>.text.OLED_Clear</name>
         <load_address>0x5718</load_address>
         <readonly>true</readonly>
         <executable>true</executable>
         <run_address>0x5718</run_address>
         <size>0x6a</size>
         <alignment>0x2</alignment>
         <input_file_ref idref="fl-d"/>
      </object_component>
      <object_component id="oc-35b">
         <name>.text.__ledf2</name>
         <load_address>0x5784</load_address>
         <readonly>true</readonly>
         <executable>true</executable>
         <run_address>0x5784</run_address>
         <size>0x68</size>
         <alignment>0x4</alignment>
         <input_file_ref idref="fl-fd"/>
      </object_component>
      <object_component id="oc-265">
         <name>.text.DL_SYSCTL_setHFCLKSourceHFXTParams</name>
         <load_address>0x57ec</load_address>
         <readonly>true</readonly>
         <executable>true</executable>
         <run_address>0x57ec</run_address>
         <size>0x64</size>
         <alignment>0x4</alignment>
         <input_file_ref idref="fl-29"/>
      </object_component>
      <object_component id="oc-39">
         <name>.text.GROUP1_IRQHandler</name>
         <load_address>0x5850</load_address>
         <readonly>true</readonly>
         <executable>true</executable>
         <run_address>0x5850</run_address>
         <size>0x64</size>
         <alignment>0x4</alignment>
         <input_file_ref idref="fl-c"/>
      </object_component>
      <object_component id="oc-32a">
         <name>.text.__aeabi_dcmp</name>
         <load_address>0x58b4</load_address>
         <readonly>true</readonly>
         <executable>true</executable>
         <run_address>0x58b4</run_address>
         <size>0x62</size>
         <alignment>0x4</alignment>
         <input_file_ref idref="fl-f3"/>
      </object_component>
      <object_component id="oc-180">
         <name>.text.__aeabi_fcmp</name>
         <load_address>0x5918</load_address>
         <readonly>true</readonly>
         <executable>true</executable>
         <run_address>0x5918</run_address>
         <size>0x62</size>
         <alignment>0x4</alignment>
         <input_file_ref idref="fl-f4"/>
      </object_component>
      <object_component id="oc-270">
         <name>.text.DL_SYSCTL_setLFCLKSourceLFXT</name>
         <load_address>0x597c</load_address>
         <readonly>true</readonly>
         <executable>true</executable>
         <run_address>0x597c</run_address>
         <size>0x60</size>
         <alignment>0x4</alignment>
         <input_file_ref idref="fl-29"/>
      </object_component>
      <object_component id="oc-118">
         <name>.text.SYSCFG_DL_init</name>
         <load_address>0x59dc</load_address>
         <readonly>true</readonly>
         <executable>true</executable>
         <run_address>0x59dc</run_address>
         <size>0x60</size>
         <alignment>0x4</alignment>
         <input_file_ref idref="fl-2"/>
      </object_component>
      <object_component id="oc-1b4">
         <name>.text.oled_i2c_sda_unlock</name>
         <load_address>0x5a3c</load_address>
         <readonly>true</readonly>
         <executable>true</executable>
         <run_address>0x5a3c</run_address>
         <size>0x60</size>
         <alignment>0x4</alignment>
         <input_file_ref idref="fl-d"/>
      </object_component>
      <object_component id="oc-1e7">
         <name>.text.uart1_send</name>
         <load_address>0x5a9c</load_address>
         <readonly>true</readonly>
         <executable>true</executable>
         <run_address>0x5a9c</run_address>
         <size>0x60</size>
         <alignment>0x4</alignment>
         <input_file_ref idref="fl-b"/>
      </object_component>
      <object_component id="oc-1e6">
         <name>.text.uart_send</name>
         <load_address>0x5afc</load_address>
         <readonly>true</readonly>
         <executable>true</executable>
         <run_address>0x5afc</run_address>
         <size>0x60</size>
         <alignment>0x4</alignment>
         <input_file_ref idref="fl-a"/>
      </object_component>
      <object_component id="oc-2cf">
         <name>.text.DL_I2C_fillControllerTXFIFO</name>
         <load_address>0x5b5c</load_address>
         <readonly>true</readonly>
         <executable>true</executable>
         <run_address>0x5b5c</run_address>
         <size>0x5e</size>
         <alignment>0x2</alignment>
         <input_file_ref idref="fl-25"/>
      </object_component>
      <object_component id="oc-2ca">
         <name>.text.mspm0_i2c_enable</name>
         <load_address>0x5bbc</load_address>
         <readonly>true</readonly>
         <executable>true</executable>
         <run_address>0x5bbc</run_address>
         <size>0x5c</size>
         <alignment>0x4</alignment>
         <input_file_ref idref="fl-d"/>
      </object_component>
      <object_component id="oc-1a7">
         <name>.text.SYSCFG_DL_I2C_OLED_init</name>
         <load_address>0x5c18</load_address>
         <readonly>true</readonly>
         <executable>true</executable>
         <run_address>0x5c18</run_address>
         <size>0x58</size>
         <alignment>0x4</alignment>
         <input_file_ref idref="fl-2"/>
      </object_component>
      <object_component id="oc-124">
         <name>.text.Ultrasonic_Init</name>
         <load_address>0x5c70</load_address>
         <readonly>true</readonly>
         <executable>true</executable>
         <run_address>0x5c70</run_address>
         <size>0x58</size>
         <alignment>0x4</alignment>
         <input_file_ref idref="fl-13"/>
      </object_component>
      <object_component id="oc-123">
         <name>.text.Timestamp_Init</name>
         <load_address>0x5cc8</load_address>
         <readonly>true</readonly>
         <executable>true</executable>
         <run_address>0x5cc8</run_address>
         <size>0x54</size>
         <alignment>0x4</alignment>
         <input_file_ref idref="fl-12"/>
      </object_component>
      <object_component id="oc-fc">
         <name>.text.gimbal_update</name>
         <load_address>0x5d1c</load_address>
         <readonly>true</readonly>
         <executable>true</executable>
         <run_address>0x5d1c</run_address>
         <size>0x54</size>
         <alignment>0x2</alignment>
         <input_file_ref idref="fl-f"/>
      </object_component>
      <object_component id="oc-9a">
         <name>.text.uart1_receive_start</name>
         <load_address>0x5d70</load_address>
         <readonly>true</readonly>
         <executable>true</executable>
         <run_address>0x5d70</run_address>
         <size>0x54</size>
         <alignment>0x4</alignment>
         <input_file_ref idref="fl-b"/>
      </object_component>
      <object_component id="oc-a5">
         <name>.text.uart_receive_start</name>
         <load_address>0x5dc4</load_address>
         <readonly>true</readonly>
         <executable>true</executable>
         <run_address>0x5dc4</run_address>
         <size>0x54</size>
         <alignment>0x4</alignment>
         <input_file_ref idref="fl-a"/>
      </object_component>
      <object_component id="oc-341">
         <name>.text.DL_GPIO_initPeripheralInputFunctionFeatures</name>
         <load_address>0x5e18</load_address>
         <readonly>true</readonly>
         <executable>true</executable>
         <run_address>0x5e18</run_address>
         <size>0x50</size>
         <alignment>0x4</alignment>
         <input_file_ref idref="fl-d"/>
      </object_component>
      <object_component id="oc-255">
         <name>.text.DL_GPIO_initPeripheralInputFunctionFeatures</name>
         <load_address>0x5e68</load_address>
         <readonly>true</readonly>
         <executable>true</executable>
         <run_address>0x5e68</run_address>
         <size>0x50</size>
         <alignment>0x4</alignment>
         <input_file_ref idref="fl-2"/>
      </object_component>
      <object_component id="oc-2d2">
         <name>.text.DL_I2C_startControllerTransfer</name>
         <load_address>0x5eb8</load_address>
         <readonly>true</readonly>
         <executable>true</executable>
         <run_address>0x5eb8</run_address>
         <size>0x50</size>
         <alignment>0x4</alignment>
         <input_file_ref idref="fl-d"/>
      </object_component>
      <object_component id="oc-2ad">
         <name>.text.SysTick_Config</name>
         <load_address>0x5f08</load_address>
         <readonly>true</readonly>
         <executable>true</executable>
         <run_address>0x5f08</run_address>
         <size>0x50</size>
         <alignment>0x4</alignment>
         <input_file_ref idref="fl-2"/>
      </object_component>
      <object_component id="oc-334">
         <name>.text.DL_DMA_initChannel</name>
         <load_address>0x5f58</load_address>
         <readonly>true</readonly>
         <executable>true</executable>
         <run_address>0x5f58</run_address>
         <size>0x4c</size>
         <alignment>0x4</alignment>
         <input_file_ref idref="fl-24"/>
      </object_component>
      <object_component id="oc-33f">
         <name>.text.DL_GPIO_initDigitalInputFeatures</name>
         <load_address>0x5fa4</load_address>
         <readonly>true</readonly>
         <executable>true</executable>
         <run_address>0x5fa4</run_address>
         <size>0x4c</size>
         <alignment>0x4</alignment>
         <input_file_ref idref="fl-d"/>
      </object_component>
      <object_component id="oc-259">
         <name>.text.DL_GPIO_initDigitalInputFeatures</name>
         <load_address>0x5ff0</load_address>
         <readonly>true</readonly>
         <executable>true</executable>
         <run_address>0x5ff0</run_address>
         <size>0x4c</size>
         <alignment>0x4</alignment>
         <input_file_ref idref="fl-2"/>
      </object_component>
      <object_component id="oc-29c">
         <name>.text.DL_UART_setBaudRateDivisor</name>
         <load_address>0x603c</load_address>
         <readonly>true</readonly>
         <executable>true</executable>
         <run_address>0x603c</run_address>
         <size>0x4c</size>
         <alignment>0x4</alignment>
         <input_file_ref idref="fl-2"/>
      </object_component>
      <object_component id="oc-106">
         <name>.text.chasis_brake</name>
         <load_address>0x6088</load_address>
         <readonly>true</readonly>
         <executable>true</executable>
         <run_address>0x6088</run_address>
         <size>0x4c</size>
         <alignment>0x4</alignment>
         <input_file_ref idref="fl-e"/>
      </object_component>
      <object_component id="oc-1cd">
         <name>.text.Emm_V5_En_Control</name>
         <load_address>0x60d4</load_address>
         <readonly>true</readonly>
         <executable>true</executable>
         <run_address>0x60d4</run_address>
         <size>0x4a</size>
         <alignment>0x2</alignment>
         <input_file_ref idref="fl-7"/>
      </object_component>
      <object_component id="oc-29a">
         <name>.text.DL_UART_init</name>
         <load_address>0x6120</load_address>
         <readonly>true</readonly>
         <executable>true</executable>
         <run_address>0x6120</run_address>
         <size>0x48</size>
         <alignment>0x4</alignment>
         <input_file_ref idref="fl-28"/>
      </object_component>
      <object_component id="oc-198">
         <name>.text.Task_Cleanup</name>
         <load_address>0x6168</load_address>
         <readonly>true</readonly>
         <executable>true</executable>
         <run_address>0x6168</run_address>
         <size>0x48</size>
         <alignment>0x4</alignment>
         <input_file_ref idref="fl-5"/>
      </object_component>
      <object_component id="oc-3e">
         <name>.text.CANFD0_IRQHandler</name>
         <load_address>0x61b0</load_address>
         <readonly>true</readonly>
         <executable>true</executable>
         <run_address>0x61b0</run_address>
         <size>0x44</size>
         <alignment>0x4</alignment>
         <input_file_ref idref="fl-8"/>
      </object_component>
      <object_component id="oc-2b0">
         <name>.text.DL_MCAN_getRevisionId</name>
         <load_address>0x61f4</load_address>
         <readonly>true</readonly>
         <executable>true</executable>
         <run_address>0x61f4</run_address>
         <size>0x44</size>
         <alignment>0x2</alignment>
         <input_file_ref idref="fl-26"/>
      </object_component>
      <object_component id="oc-271">
         <name>.text.DL_SYSCTL_switchMCLKfromSYSOSCtoHSCLK</name>
         <load_address>0x6238</load_address>
         <readonly>true</readonly>
         <executable>true</executable>
         <run_address>0x6238</run_address>
         <size>0x44</size>
         <alignment>0x4</alignment>
         <input_file_ref idref="fl-29"/>
      </object_component>
      <object_component id="oc-1d0">
         <name>.text.Ultrasonic_GetDistance_mm</name>
         <load_address>0x627c</load_address>
         <readonly>true</readonly>
         <executable>true</executable>
         <run_address>0x627c</run_address>
         <size>0x44</size>
         <alignment>0x4</alignment>
         <input_file_ref idref="fl-13"/>
      </object_component>
      <object_component id="oc-2c5">
         <name>.text.mspm0_i2c_disable</name>
         <load_address>0x62c0</load_address>
         <readonly>true</readonly>
         <executable>true</executable>
         <run_address>0x62c0</run_address>
         <size>0x44</size>
         <alignment>0x4</alignment>
         <input_file_ref idref="fl-d"/>
      </object_component>
      <object_component id="oc-f0">
         <name>.text.DL_MCAN_writeRxFIFOAck</name>
         <load_address>0x6304</load_address>
         <readonly>true</readonly>
         <executable>true</executable>
         <run_address>0x6304</run_address>
         <size>0x40</size>
         <alignment>0x4</alignment>
         <input_file_ref idref="fl-26"/>
      </object_component>
      <object_component id="oc-2fd">
         <name>.text.Emm_V5_Origin_Set_O</name>
         <load_address>0x6344</load_address>
         <readonly>true</readonly>
         <executable>true</executable>
         <run_address>0x6344</run_address>
         <size>0x40</size>
         <alignment>0x2</alignment>
         <input_file_ref idref="fl-7"/>
      </object_component>
      <object_component id="oc-99">
         <name>.text.UART1_Rx_DMA_ToIdle_Callback</name>
         <load_address>0x6384</load_address>
         <readonly>true</readonly>
         <executable>true</executable>
         <run_address>0x6384</run_address>
         <size>0x40</size>
         <alignment>0x4</alignment>
         <input_file_ref idref="fl-5"/>
      </object_component>
      <object_component id="oc-1cf">
         <name>.text.Ultrasonic_IsDataReady</name>
         <load_address>0x63c4</load_address>
         <readonly>true</readonly>
         <executable>true</executable>
         <run_address>0x63c4</run_address>
         <size>0x40</size>
         <alignment>0x4</alignment>
         <input_file_ref idref="fl-13"/>
      </object_component>
      <object_component id="oc-2d7">
         <name>.text.WitInit</name>
         <load_address>0x6404</load_address>
         <readonly>true</readonly>
         <executable>true</executable>
         <run_address>0x6404</run_address>
         <size>0x40</size>
         <alignment>0x4</alignment>
         <input_file_ref idref="fl-14"/>
      </object_component>
      <object_component id="oc-e0">
         <name>.text.__aeabi_uidivmod</name>
         <load_address>0x6444</load_address>
         <readonly>true</readonly>
         <executable>true</executable>
         <run_address>0x6444</run_address>
         <size>0x40</size>
         <alignment>0x4</alignment>
         <input_file_ref idref="fl-f7"/>
      </object_component>
      <object_component id="oc-2fe">
         <name>.text.Emm_V5_Origin_Trigger_Return</name>
         <load_address>0x6484</load_address>
         <readonly>true</readonly>
         <executable>true</executable>
         <run_address>0x6484</run_address>
         <size>0x3e</size>
         <alignment>0x2</alignment>
         <input_file_ref idref="fl-7"/>
      </object_component>
      <object_component id="oc-276">
         <name>.text.DL_Timer_setCounterControl</name>
         <load_address>0x64c4</load_address>
         <readonly>true</readonly>
         <executable>true</executable>
         <run_address>0x64c4</run_address>
         <size>0x3c</size>
         <alignment>0x4</alignment>
         <input_file_ref idref="fl-2"/>
      </object_component>
      <object_component id="oc-1c8">
         <name>.text.JY901_Init</name>
         <load_address>0x6500</load_address>
         <readonly>true</readonly>
         <executable>true</executable>
         <run_address>0x6500</run_address>
         <size>0x3c</size>
         <alignment>0x4</alignment>
         <input_file_ref idref="fl-4"/>
      </object_component>
      <object_component id="oc-14c">
         <name>.text.Menu_Init</name>
         <load_address>0x653c</load_address>
         <readonly>true</readonly>
         <executable>true</executable>
         <run_address>0x653c</run_address>
         <size>0x3c</size>
         <alignment>0x4</alignment>
         <input_file_ref idref="fl-11"/>
      </object_component>
      <object_component id="oc-313">
         <name>.text.OLED_Set_Pos</name>
         <load_address>0x6578</load_address>
         <readonly>true</readonly>
         <executable>true</executable>
         <run_address>0x6578</run_address>
         <size>0x3c</size>
         <alignment>0x2</alignment>
         <input_file_ref idref="fl-d"/>
      </object_component>
      <object_component id="oc-da">
         <name>.text.Timestamp_GetTicks</name>
         <load_address>0x65b4</load_address>
         <readonly>true</readonly>
         <executable>true</executable>
         <run_address>0x65b4</run_address>
         <size>0x3c</size>
         <alignment>0x4</alignment>
         <input_file_ref idref="fl-12"/>
      </object_component>
      <object_component id="oc-2f9">
         <name>.text.__floatsisf</name>
         <load_address>0x65f0</load_address>
         <readonly>true</readonly>
         <executable>true</executable>
         <run_address>0x65f0</run_address>
         <size>0x3c</size>
         <alignment>0x4</alignment>
         <input_file_ref idref="fl-f0"/>
      </object_component>
      <object_component id="oc-23f">
         <name>.text.__gtsf2</name>
         <load_address>0x662c</load_address>
         <readonly>true</readonly>
         <executable>true</executable>
         <run_address>0x662c</run_address>
         <size>0x3c</size>
         <alignment>0x4</alignment>
         <input_file_ref idref="fl-f9"/>
      </object_component>
      <object_component id="oc-131">
         <name>.text:__TI_auto_init_nobinit_nopinit</name>
         <load_address>0x6668</load_address>
         <readonly>true</readonly>
         <executable>true</executable>
         <run_address>0x6668</run_address>
         <size>0x3c</size>
         <alignment>0x4</alignment>
         <input_file_ref idref="fl-42"/>
      </object_component>
      <object_component id="oc-166">
         <name>.text.__CaliSum</name>
         <load_address>0x66a4</load_address>
         <readonly>true</readonly>
         <executable>true</executable>
         <run_address>0x66a4</run_address>
         <size>0x3a</size>
         <alignment>0x2</alignment>
         <input_file_ref idref="fl-14"/>
      </object_component>
      <object_component id="oc-23a">
         <name>.text.__eqsf2</name>
         <load_address>0x66e0</load_address>
         <readonly>true</readonly>
         <executable>true</executable>
         <run_address>0x66e0</run_address>
         <size>0x3a</size>
         <alignment>0x4</alignment>
         <input_file_ref idref="fl-f9"/>
      </object_component>
      <object_component id="oc-234">
         <name>.text.__muldsi3</name>
         <load_address>0x671c</load_address>
         <readonly>true</readonly>
         <executable>true</executable>
         <run_address>0x671c</run_address>
         <size>0x3a</size>
         <alignment>0x4</alignment>
         <input_file_ref idref="fl-fb"/>
      </object_component>
      <object_component id="oc-ee">
         <name>.text.DL_MCAN_getRxFIFOStatus</name>
         <load_address>0x6758</load_address>
         <readonly>true</readonly>
         <executable>true</executable>
         <run_address>0x6758</run_address>
         <size>0x38</size>
         <alignment>0x4</alignment>
         <input_file_ref idref="fl-26"/>
      </object_component>
      <object_component id="oc-1e1">
         <name>.text.__fixsfsi</name>
         <load_address>0x6790</load_address>
         <readonly>true</readonly>
         <executable>true</executable>
         <run_address>0x6790</run_address>
         <size>0x38</size>
         <alignment>0x4</alignment>
         <input_file_ref idref="fl-ee"/>
      </object_component>
      <object_component id="oc-359">
         <name>.text.DL_MCAN_TXBufAddReq</name>
         <load_address>0x67c8</load_address>
         <readonly>true</readonly>
         <executable>true</executable>
         <run_address>0x67c8</run_address>
         <size>0x34</size>
         <alignment>0x4</alignment>
         <input_file_ref idref="fl-26"/>
      </object_component>
      <object_component id="oc-2b9">
         <name>.text.DL_MCAN_setExtIDAndMask</name>
         <load_address>0x67fc</load_address>
         <readonly>true</readonly>
         <executable>true</executable>
         <run_address>0x67fc</run_address>
         <size>0x34</size>
         <alignment>0x4</alignment>
         <input_file_ref idref="fl-26"/>
      </object_component>
      <object_component id="oc-1a6">
         <name>.text.SYSCFG_DL_US_TIMER_init</name>
         <load_address>0x6830</load_address>
         <readonly>true</readonly>
         <executable>true</executable>
         <run_address>0x6830</run_address>
         <size>0x34</size>
         <alignment>0x4</alignment>
         <input_file_ref idref="fl-2"/>
      </object_component>
      <object_component id="oc-1d1">
         <name>.text.Ultrasonic_GetPulseWidth_us</name>
         <load_address>0x6864</load_address>
         <readonly>true</readonly>
         <executable>true</executable>
         <run_address>0x6864</run_address>
         <size>0x34</size>
         <alignment>0x4</alignment>
         <input_file_ref idref="fl-13"/>
      </object_component>
      <object_component id="oc-188">
         <name>.text.__fixunssfsi</name>
         <load_address>0x6898</load_address>
         <readonly>true</readonly>
         <executable>true</executable>
         <run_address>0x6898</run_address>
         <size>0x32</size>
         <alignment>0x4</alignment>
         <input_file_ref idref="fl-ef"/>
      </object_component>
      <object_component id="oc-10c">
         <name>.text.DL_DMA_setTransferSize</name>
         <load_address>0x68cc</load_address>
         <readonly>true</readonly>
         <executable>true</executable>
         <run_address>0x68cc</run_address>
         <size>0x30</size>
         <alignment>0x4</alignment>
         <input_file_ref idref="fl-a"/>
      </object_component>
      <object_component id="oc-fa">
         <name>.text.DL_DMA_setTransferSize</name>
         <load_address>0x68fc</load_address>
         <readonly>true</readonly>
         <executable>true</executable>
         <run_address>0x68fc</run_address>
         <size>0x30</size>
         <alignment>0x4</alignment>
         <input_file_ref idref="fl-b"/>
      </object_component>
      <object_component id="oc-258">
         <name>.text.DL_GPIO_initDigitalOutputFeatures</name>
         <load_address>0x692c</load_address>
         <readonly>true</readonly>
         <executable>true</executable>
         <run_address>0x692c</run_address>
         <size>0x30</size>
         <alignment>0x4</alignment>
         <input_file_ref idref="fl-2"/>
      </object_component>
      <object_component id="oc-2a9">
         <name>.text.SYSCFG_DL_DMA_CH0_init</name>
         <load_address>0x695c</load_address>
         <readonly>true</readonly>
         <executable>true</executable>
         <run_address>0x695c</run_address>
         <size>0x30</size>
         <alignment>0x4</alignment>
         <input_file_ref idref="fl-2"/>
      </object_component>
      <object_component id="oc-2aa">
         <name>.text.SYSCFG_DL_DMA_CH1_init</name>
         <load_address>0x698c</load_address>
         <readonly>true</readonly>
         <executable>true</executable>
         <run_address>0x698c</run_address>
         <size>0x30</size>
         <alignment>0x4</alignment>
         <input_file_ref idref="fl-2"/>
      </object_component>
      <object_component id="oc-2ab">
         <name>.text.SYSCFG_DL_DMA_CH2_init</name>
         <load_address>0x69bc</load_address>
         <readonly>true</readonly>
         <executable>true</executable>
         <run_address>0x69bc</run_address>
         <size>0x30</size>
         <alignment>0x4</alignment>
         <input_file_ref idref="fl-2"/>
      </object_component>
      <object_component id="oc-2ac">
         <name>.text.SYSCFG_DL_DMA_CH3_init</name>
         <load_address>0x69ec</load_address>
         <readonly>true</readonly>
         <executable>true</executable>
         <run_address>0x69ec</run_address>
         <size>0x30</size>
         <alignment>0x4</alignment>
         <input_file_ref idref="fl-2"/>
      </object_component>
      <object_component id="oc-21a">
         <name>.text.oled_pow</name>
         <load_address>0x6a1c</load_address>
         <readonly>true</readonly>
         <executable>true</executable>
         <run_address>0x6a1c</run_address>
         <size>0x30</size>
         <alignment>0x2</alignment>
         <input_file_ref idref="fl-d"/>
      </object_component>
      <object_component id="oc-358">
         <name>.text.DL_MCAN_TXBufTransIntrEnable</name>
         <load_address>0x6a4c</load_address>
         <readonly>true</readonly>
         <executable>true</executable>
         <run_address>0x6a4c</run_address>
         <size>0x2c</size>
         <alignment>0x4</alignment>
         <input_file_ref idref="fl-26"/>
      </object_component>
      <object_component id="oc-2b8">
         <name>.text.DL_MCAN_addExtMsgIDFilter</name>
         <load_address>0x6a78</load_address>
         <readonly>true</readonly>
         <executable>true</executable>
         <run_address>0x6a78</run_address>
         <size>0x2c</size>
         <alignment>0x4</alignment>
         <input_file_ref idref="fl-26"/>
      </object_component>
      <object_component id="oc-2b7">
         <name>.text.DL_MCAN_addStdMsgIDFilter</name>
         <load_address>0x6aa4</load_address>
         <readonly>true</readonly>
         <executable>true</executable>
         <run_address>0x6aa4</run_address>
         <size>0x2c</size>
         <alignment>0x4</alignment>
         <input_file_ref idref="fl-26"/>
      </object_component>
      <object_component id="oc-4d">
         <name>.text.TIMG12_IRQHandler</name>
         <load_address>0x6ad0</load_address>
         <readonly>true</readonly>
         <executable>true</executable>
         <run_address>0x6ad0</run_address>
         <size>0x2c</size>
         <alignment>0x4</alignment>
         <input_file_ref idref="fl-12"/>
      </object_component>
      <object_component id="oc-2d9">
         <name>.text.WitDelayMsRegister</name>
         <load_address>0x6afc</load_address>
         <readonly>true</readonly>
         <executable>true</executable>
         <run_address>0x6afc</run_address>
         <size>0x2c</size>
         <alignment>0x4</alignment>
         <input_file_ref idref="fl-14"/>
      </object_component>
      <object_component id="oc-2da">
         <name>.text.WitRegisterCallBack</name>
         <load_address>0x6b28</load_address>
         <readonly>true</readonly>
         <executable>true</executable>
         <run_address>0x6b28</run_address>
         <size>0x2c</size>
         <alignment>0x4</alignment>
         <input_file_ref idref="fl-14"/>
      </object_component>
      <object_component id="oc-2d8">
         <name>.text.WitSerialWriteRegister</name>
         <load_address>0x6b54</load_address>
         <readonly>true</readonly>
         <executable>true</executable>
         <run_address>0x6b54</run_address>
         <size>0x2c</size>
         <alignment>0x4</alignment>
         <input_file_ref idref="fl-14"/>
      </object_component>
      <object_component id="oc-2d6">
         <name>.text.__NVIC_EnableIRQ</name>
         <load_address>0x6b80</load_address>
         <readonly>true</readonly>
         <executable>true</executable>
         <run_address>0x6b80</run_address>
         <size>0x2c</size>
         <alignment>0x4</alignment>
         <input_file_ref idref="fl-c"/>
      </object_component>
      <object_component id="oc-122">
         <name>.text.__NVIC_EnableIRQ</name>
         <load_address>0x6bac</load_address>
         <readonly>true</readonly>
         <executable>true</executable>
         <run_address>0x6bac</run_address>
         <size>0x2c</size>
         <alignment>0x4</alignment>
         <input_file_ref idref="fl-1"/>
      </object_component>
      <object_component id="oc-1c5">
         <name>.text.__NVIC_EnableIRQ</name>
         <load_address>0x6bd8</load_address>
         <readonly>true</readonly>
         <executable>true</executable>
         <run_address>0x6bd8</run_address>
         <size>0x2c</size>
         <alignment>0x4</alignment>
         <input_file_ref idref="fl-12"/>
      </object_component>
      <object_component id="oc-2ce">
         <name>.text.mspm0_get_clock_ms</name>
         <load_address>0x6c04</load_address>
         <readonly>true</readonly>
         <executable>true</executable>
         <run_address>0x6c04</run_address>
         <size>0x2c</size>
         <alignment>0x4</alignment>
         <input_file_ref idref="fl-1"/>
      </object_component>
      <object_component id="oc-344">
         <name>.text.DL_Common_updateReg</name>
         <load_address>0x6c30</load_address>
         <readonly>true</readonly>
         <executable>true</executable>
         <run_address>0x6c30</run_address>
         <size>0x28</size>
         <alignment>0x2</alignment>
         <input_file_ref idref="fl-d"/>
      </object_component>
      <object_component id="oc-31e">
         <name>.text.DL_Common_updateReg</name>
         <load_address>0x6c58</load_address>
         <readonly>true</readonly>
         <executable>true</executable>
         <run_address>0x6c58</run_address>
         <size>0x28</size>
         <alignment>0x2</alignment>
         <input_file_ref idref="fl-2"/>
      </object_component>
      <object_component id="oc-10b">
         <name>.text.DL_DMA_setDestAddr</name>
         <load_address>0x6c80</load_address>
         <readonly>true</readonly>
         <executable>true</executable>
         <run_address>0x6c80</run_address>
         <size>0x28</size>
         <alignment>0x4</alignment>
         <input_file_ref idref="fl-a"/>
      </object_component>
      <object_component id="oc-f9">
         <name>.text.DL_DMA_setDestAddr</name>
         <load_address>0x6ca8</load_address>
         <readonly>true</readonly>
         <executable>true</executable>
         <run_address>0x6ca8</run_address>
         <size>0x28</size>
         <alignment>0x4</alignment>
         <input_file_ref idref="fl-b"/>
      </object_component>
      <object_component id="oc-10a">
         <name>.text.DL_DMA_setSrcAddr</name>
         <load_address>0x6cd0</load_address>
         <readonly>true</readonly>
         <executable>true</executable>
         <run_address>0x6cd0</run_address>
         <size>0x28</size>
         <alignment>0x4</alignment>
         <input_file_ref idref="fl-a"/>
      </object_component>
      <object_component id="oc-f8">
         <name>.text.DL_DMA_setSrcAddr</name>
         <load_address>0x6cf8</load_address>
         <readonly>true</readonly>
         <executable>true</executable>
         <run_address>0x6cf8</run_address>
         <size>0x28</size>
         <alignment>0x4</alignment>
         <input_file_ref idref="fl-b"/>
      </object_component>
      <object_component id="oc-290">
         <name>.text.DL_I2C_setControllerRXFIFOThreshold</name>
         <load_address>0x6d20</load_address>
         <readonly>true</readonly>
         <executable>true</executable>
         <run_address>0x6d20</run_address>
         <size>0x28</size>
         <alignment>0x4</alignment>
         <input_file_ref idref="fl-2"/>
      </object_component>
      <object_component id="oc-28f">
         <name>.text.DL_I2C_setControllerTXFIFOThreshold</name>
         <load_address>0x6d48</load_address>
         <readonly>true</readonly>
         <executable>true</executable>
         <run_address>0x6d48</run_address>
         <size>0x28</size>
         <alignment>0x4</alignment>
         <input_file_ref idref="fl-2"/>
      </object_component>
      <object_component id="oc-2a1">
         <name>.text.DL_UART_setRXFIFOThreshold</name>
         <load_address>0x6d70</load_address>
         <readonly>true</readonly>
         <executable>true</executable>
         <run_address>0x6d70</run_address>
         <size>0x28</size>
         <alignment>0x4</alignment>
         <input_file_ref idref="fl-2"/>
      </object_component>
      <object_component id="oc-2a2">
         <name>.text.DL_UART_setTXFIFOThreshold</name>
         <load_address>0x6d98</load_address>
         <readonly>true</readonly>
         <executable>true</executable>
         <run_address>0x6d98</run_address>
         <size>0x28</size>
         <alignment>0x4</alignment>
         <input_file_ref idref="fl-2"/>
      </object_component>
      <object_component id="oc-2e9">
         <name>.text.__floatunsisf</name>
         <load_address>0x6dc0</load_address>
         <readonly>true</readonly>
         <executable>true</executable>
         <run_address>0x6dc0</run_address>
         <size>0x28</size>
         <alignment>0x4</alignment>
         <input_file_ref idref="fl-f2"/>
      </object_component>
      <object_component id="oc-6d">
         <name>.text:_c_int00_noargs</name>
         <load_address>0x6de8</load_address>
         <readonly>true</readonly>
         <executable>true</executable>
         <run_address>0x6de8</run_address>
         <size>0x28</size>
         <alignment>0x4</alignment>
         <input_file_ref idref="fl-40"/>
      </object_component>
      <object_component id="oc-ca">
         <name>.text.DL_DMA_disableChannel</name>
         <load_address>0x6e10</load_address>
         <readonly>true</readonly>
         <executable>true</executable>
         <run_address>0x6e10</run_address>
         <size>0x26</size>
         <alignment>0x2</alignment>
         <input_file_ref idref="fl-a"/>
      </object_component>
      <object_component id="oc-cd">
         <name>.text.DL_DMA_disableChannel</name>
         <load_address>0x6e36</load_address>
         <readonly>true</readonly>
         <executable>true</executable>
         <run_address>0x6e36</run_address>
         <size>0x26</size>
         <alignment>0x2</alignment>
         <input_file_ref idref="fl-b"/>
      </object_component>
      <object_component id="oc-10d">
         <name>.text.DL_DMA_enableChannel</name>
         <load_address>0x6e5c</load_address>
         <readonly>true</readonly>
         <executable>true</executable>
         <run_address>0x6e5c</run_address>
         <size>0x26</size>
         <alignment>0x2</alignment>
         <input_file_ref idref="fl-a"/>
      </object_component>
      <object_component id="oc-fb">
         <name>.text.DL_DMA_enableChannel</name>
         <load_address>0x6e82</load_address>
         <readonly>true</readonly>
         <executable>true</executable>
         <run_address>0x6e82</run_address>
         <size>0x26</size>
         <alignment>0x2</alignment>
         <input_file_ref idref="fl-b"/>
      </object_component>
      <object_component id="oc-28b">
         <name>.text.DL_I2C_setAnalogGlitchFilterPulseWidth</name>
         <load_address>0x6ea8</load_address>
         <readonly>true</readonly>
         <executable>true</executable>
         <run_address>0x6ea8</run_address>
         <size>0x26</size>
         <alignment>0x2</alignment>
         <input_file_ref idref="fl-2"/>
      </object_component>
      <object_component id="oc-285">
         <name>.text.DL_I2C_setClockConfig</name>
         <load_address>0x6ece</load_address>
         <readonly>true</readonly>
         <executable>true</executable>
         <run_address>0x6ece</run_address>
         <size>0x26</size>
[...]
         <name>WitSerialWriteRegister</name>
         <value>0x6b55</value>
         <object_component_ref idref="oc-2d8"/>
      </symbol>
      <symbol id="sm-573">
         <name>WitSerialDataIn</name>
         <value>0x2251</value>
         <object_component_ref idref="oc-f2"/>
      </symbol>
      <symbol id="sm-574">
         <name>sReg</name>
         <value>0x20200000</value>
      </symbol>
      <symbol id="sm-575">
         <name>WitRegisterCallBack</name>
         <value>0x6b29</value>
         <object_component_ref idref="oc-2da"/>
      </symbol>
      <symbol id="sm-576">
         <name>WitWriteReg</name>
         <value>0x2de9</value>
         <object_component_ref idref="oc-2db"/>
      </symbol>
      <symbol id="sm-577">
         <name>WitInit</name>
         <value>0x6405</value>
         <object_component_ref idref="oc-2d7"/>
      </symbol>
      <symbol id="sm-578">
         <name>WitDelayMsRegister</name>
         <value>0x6afd</value>
         <object_component_ref idref="oc-2d9"/>
      </symbol>
      <symbol id="sm-579">
         <name>__TI_ATRegion0_src_addr</name>
         <value>0x0</value>
      </symbol>
      <symbol id="sm-57a">
         <name>__TI_ATRegion0_trg_addr</name>
         <value>0x0</value>
      </symbol>
      <symbol id="sm-57b">
         <name>__TI_ATRegion0_region_sz</name>
         <value>0x0</value>
      </symbol>
      <symbol id="sm-57c">
         <name>__TI_ATRegion1_src_addr</name>
         <value>0x0</value>
      </symbol>
      <symbol id="sm-57d">
         <name>__TI_ATRegion1_trg_addr</name>
         <value>0x0</value>
      </symbol>
      <symbol id="sm-57e">
         <name>__TI_ATRegion1_region_sz</name>
         <value>0x0</value>
      </symbol>
      <symbol id="sm-57f">
         <name>__TI_ATRegion2_src_addr</name>
         <value>0x0</value>
      </symbol>
      <symbol id="sm-580">
         <name>__TI_ATRegion2_trg_addr</name>
         <value>0x0</value>
      </symbol>
      <symbol id="sm-581">
         <name>__TI_ATRegion2_region_sz</name>
         <value>0x0</value>
      </symbol>
      <symbol id="sm-58a">
         <name>DL_Common_delayCycles</name>
         <value>0x7ae5</value>
         <object_component_ref idref="oc-1b5"/>
      </symbol>
      <symbol id="sm-594">
         <name>DL_DMA_initChannel</name>
         <value>0x5f59</value>
         <object_component_ref idref="oc-334"/>
      </symbol>
      <symbol id="sm-5a0">
         <name>DL_I2C_setClockConfig</name>
         <value>0x6ecf</value>
         <object_component_ref idref="oc-285"/>
      </symbol>
      <symbol id="sm-5a1">
         <name>DL_I2C_fillControllerTXFIFO</name>
         <value>0x5b5d</value>
         <object_component_ref idref="oc-2cf"/>
      </symbol>
      <symbol id="sm-5ef">
         <name>DL_MCAN_setClockConfig</name>
         <value>0x6f3d</value>
         <object_component_ref idref="oc-2af"/>
      </symbol>
      <symbol id="sm-5f0">
         <name>DL_MCAN_isMemInitDone</name>
         <value>0x79f1</value>
         <object_component_ref idref="oc-2b1"/>
      </symbol>
      <symbol id="sm-5f1">
         <name>DL_MCAN_setOpMode</name>
         <value>0x7669</value>
         <object_component_ref idref="oc-2b2"/>
      </symbol>
      <symbol id="sm-5f2">
         <name>DL_MCAN_getOpMode</name>
         <value>0x79e1</value>
         <object_component_ref idref="oc-2b3"/>
      </symbol>
      <symbol id="sm-5f3">
         <name>DL_MCAN_init</name>
         <value>0x3f79</value>
         <object_component_ref idref="oc-2b4"/>
      </symbol>
      <symbol id="sm-5f4">
         <name>DL_MCAN_setBitTime</name>
         <value>0x4131</value>
         <object_component_ref idref="oc-2b5"/>
      </symbol>
      <symbol id="sm-5f5">
         <name>DL_MCAN_msgRAMConfig</name>
         <value>0x203d</value>
         <object_component_ref idref="oc-2b6"/>
      </symbol>
      <symbol id="sm-5f6">
         <name>DL_MCAN_setExtIDAndMask</name>
         <value>0x67fd</value>
         <object_component_ref idref="oc-2b9"/>
      </symbol>
      <symbol id="sm-5f7">
         <name>DL_MCAN_writeMsgRam</name>
         <value>0x3901</value>
         <object_component_ref idref="oc-356"/>
      </symbol>
      <symbol id="sm-5f8">
         <name>DL_MCAN_TXBufAddReq</name>
         <value>0x67c9</value>
         <object_component_ref idref="oc-359"/>
      </symbol>
      <symbol id="sm-5f9">
         <name>DL_MCAN_readMsgRam</name>
         <value>0x32e9</value>
         <object_component_ref idref="oc-ef"/>
      </symbol>
      <symbol id="sm-5fa">
         <name>DL_MCAN_addStdMsgIDFilter</name>
         <value>0x6aa5</value>
         <object_component_ref idref="oc-2b7"/>
      </symbol>
      <symbol id="sm-5fb">
         <name>DL_MCAN_addExtMsgIDFilter</name>
         <value>0x6a79</value>
         <object_component_ref idref="oc-2b8"/>
      </symbol>
      <symbol id="sm-5fc">
         <name>DL_MCAN_enableIntr</name>
         <value>0x7271</value>
         <object_component_ref idref="oc-2ba"/>
      </symbol>
      <symbol id="sm-5fd">
         <name>DL_MCAN_selectIntrLine</name>
         <value>0x72a9</value>
         <object_component_ref idref="oc-2bb"/>
      </symbol>
      <symbol id="sm-5fe">
         <name>DL_MCAN_enableIntrLine</name>
         <value>0x728d</value>
         <object_component_ref idref="oc-2bc"/>
      </symbol>
      <symbol id="sm-5ff">
         <name>DL_MCAN_getIntrStatus</name>
         <value>0x7a9d</value>
         <object_component_ref idref="oc-8d"/>
      </symbol>
      <symbol id="sm-600">
         <name>DL_MCAN_clearIntrStatus</name>
         <value>0x7889</value>
         <object_component_ref idref="oc-93"/>
      </symbol>
      <symbol id="sm-601">
         <name>DL_MCAN_getRxFIFOStatus</name>
         <value>0x6759</value>
         <object_component_ref idref="oc-ee"/>
      </symbol>
      <symbol id="sm-602">
         <name>DL_MCAN_writeRxFIFOAck</name>
         <value>0x6305</value>
         <object_component_ref idref="oc-f0"/>
      </symbol>
      <symbol id="sm-603">
         <name>DL_MCAN_getTxFIFOQueStatus</name>
         <value>0x6fed</value>
         <object_component_ref idref="oc-357"/>
      </symbol>
      <symbol id="sm-604">
         <name>DL_MCAN_TXBufTransIntrEnable</name>
         <value>0x6a4d</value>
         <object_component_ref idref="oc-358"/>
      </symbol>
      <symbol id="sm-605">
         <name>DL_MCAN_getRevisionId</name>
         <value>0x61f5</value>
         <object_component_ref idref="oc-2b0"/>
      </symbol>
      <symbol id="sm-621">
         <name>DL_Timer_setClockConfig</name>
         <value>0x7389</value>
         <object_component_ref idref="oc-274"/>
      </symbol>
      <symbol id="sm-622">
         <name>DL_Timer_initTimerMode</name>
         <value>0x370d</value>
         <object_component_ref idref="oc-1bd"/>
      </symbol>
      <symbol id="sm-623">
         <name>DL_Timer_setCaptureCompareValue</name>
         <value>0x7a41</value>
         <object_component_ref idref="oc-243"/>
      </symbol>
      <symbol id="sm-624">
         <name>DL_Timer_setCaptCompUpdateMethod</name>
         <value>0x736d</value>
         <object_component_ref idref="oc-278"/>
      </symbol>
      <symbol id="sm-625">
         <name>DL_Timer_setCaptureCompareOutCtl</name>
         <value>0x76f9</value>
         <object_component_ref idref="oc-277"/>
      </symbol>
      <symbol id="sm-626">
         <name>DL_Timer_initFourCCPWMMode</name>
         <value>0x3609</value>
         <object_component_ref idref="oc-275"/>
      </symbol>
      <symbol id="sm-633">
         <name>DL_UART_init</name>
         <value>0x6121</value>
         <object_component_ref idref="oc-29a"/>
      </symbol>
      <symbol id="sm-634">
         <name>DL_UART_setClockConfig</name>
         <value>0x79ab</value>
         <object_component_ref idref="oc-294"/>
      </symbol>
      <symbol id="sm-64b">
         <name>DL_SYSCTL_configSYSPLL</name>
         <value>0x4055</value>
         <object_component_ref idref="oc-26b"/>
      </symbol>
      <symbol id="sm-64c">
         <name>DL_SYSCTL_setLFCLKSourceLFXT</name>
         <value>0x597d</value>
         <object_component_ref idref="oc-270"/>
      </symbol>
      <symbol id="sm-64d">
         <name>DL_SYSCTL_switchMCLKfromSYSOSCtoHSCLK</name>
         <value>0x6239</value>
         <object_component_ref idref="oc-271"/>
      </symbol>
      <symbol id="sm-64e">
         <name>DL_SYSCTL_setHFCLKSourceHFXTParams</name>
         <value>0x57ed</value>
         <object_component_ref idref="oc-265"/>
      </symbol>
      <symbol id="sm-64f">
         <name>DL_SYSCTL_configFCC</name>
         <value>0x72c5</value>
         <object_component_ref idref="oc-322"/>
      </symbol>
      <symbol id="sm-65a">
         <name>_c_int00_noargs</name>
         <value>0x6de9</value>
         <object_component_ref idref="oc-6d"/>
      </symbol>
      <symbol id="sm-65b">
         <name>__stack</name>
         <value>0x20207e00</value>
         <object_component_ref idref="oc-1a"/>
      </symbol>
      <symbol id="sm-66a">
         <name>__TI_auto_init_nobinit_nopinit</name>
         <value>0x6669</value>
         <object_component_ref idref="oc-131"/>
      </symbol>
      <symbol id="sm-672">
         <name>_system_pre_init</name>
         <value>0x7b31</value>
         <object_component_ref idref="oc-bb"/>
      </symbol>
      <symbol id="sm-67d">
         <name>__TI_zero_init</name>
         <value>0x7a71</value>
         <object_component_ref idref="oc-6a"/>
      </symbol>
      <symbol id="sm-686">
         <name>__TI_decompress_none</name>
         <value>0x79cf</value>
         <object_component_ref idref="oc-20"/>
      </symbol>
      <symbol id="sm-691">
         <name>__TI_decompress_lzss</name>
         <value>0x5309</value>
         <object_component_ref idref="oc-1c"/>
      </symbol>
      <symbol id="sm-69b">
         <name>abort</name>
         <value>0x7b0d</value>
         <object_component_ref idref="oc-12a"/>
      </symbol>
      <symbol id="sm-6a5">
         <name>HOSTexit</name>
         <value>0x7b17</value>
         <object_component_ref idref="oc-209"/>
      </symbol>
      <symbol id="sm-6a6">
         <name>C$$EXIT</name>
         <value>0x7b16</value>
         <object_component_ref idref="oc-209"/>
      </symbol>
      <symbol id="sm-6ac">
         <name>__aeabi_fadd</name>
         <value>0x449b</value>
         <object_component_ref idref="oc-17c"/>
      </symbol>
      <symbol id="sm-6ad">
         <name>__addsf3</name>
         <value>0x449b</value>
         <object_component_ref idref="oc-17c"/>
      </symbol>
      <symbol id="sm-6ae">
         <name>__aeabi_fsub</name>
         <value>0x4491</value>
         <object_component_ref idref="oc-17c"/>
      </symbol>
      <symbol id="sm-6af">
         <name>__subsf3</name>
         <value>0x4491</value>
         <object_component_ref idref="oc-17c"/>
      </symbol>
      <symbol id="sm-6b5">
         <name>__aeabi_fmul</name>
         <value>0x4ce9</value>
         <object_component_ref idref="oc-178"/>
      </symbol>
      <symbol id="sm-6b6">
         <name>__mulsf3</name>
         <value>0x4ce9</value>
         <object_component_ref idref="oc-178"/>
      </symbol>
      <symbol id="sm-6bc">
         <name>__aeabi_fdiv</name>
         <value>0x4f91</value>
         <object_component_ref idref="oc-184"/>
      </symbol>
      <symbol id="sm-6bd">
         <name>__divsf3</name>
         <value>0x4f91</value>
         <object_component_ref idref="oc-184"/>
      </symbol>
      <symbol id="sm-6c3">
         <name>__aeabi_f2iz</name>
         <value>0x6791</value>
         <object_component_ref idref="oc-1e1"/>
      </symbol>
      <symbol id="sm-6c4">
         <name>__fixsfsi</name>
         <value>0x6791</value>
         <object_component_ref idref="oc-1e1"/>
      </symbol>
      <symbol id="sm-6ca">
         <name>__aeabi_f2uiz</name>
         <value>0x6899</value>
         <object_component_ref idref="oc-188"/>
      </symbol>
      <symbol id="sm-6cb">
         <name>__fixunssfsi</name>
         <value>0x6899</value>
         <object_component_ref idref="oc-188"/>
      </symbol>
      <symbol id="sm-6d1">
         <name>__aeabi_i2f</name>
         <value>0x65f1</value>
         <object_component_ref idref="oc-2f9"/>
      </symbol>
      <symbol id="sm-6d2">
         <name>__floatsisf</name>
         <value>0x65f1</value>
         <object_component_ref idref="oc-2f9"/>
      </symbol>
      <symbol id="sm-6d8">
         <name>__aeabi_ui2d</name>
         <value>0x6fa9</value>
         <object_component_ref idref="oc-326"/>
      </symbol>
      <symbol id="sm-6d9">
         <name>__floatunsidf</name>
         <value>0x6fa9</value>
         <object_component_ref idref="oc-326"/>
      </symbol>
      <symbol id="sm-6df">
         <name>__aeabi_ui2f</name>
         <value>0x6dc1</value>
         <object_component_ref idref="oc-2e9"/>
      </symbol>
      <symbol id="sm-6e0">
         <name>__floatunsisf</name>
         <value>0x6dc1</value>
         <object_component_ref idref="oc-2e9"/>
      </symbol>
      <symbol id="sm-6e6">
         <name>__aeabi_dcmpeq</name>
         <value>0x58b5</value>
         <object_component_ref idref="oc-32a"/>
      </symbol>
      <symbol id="sm-6e7">
         <name>__aeabi_dcmplt</name>
         <value>0x58c9</value>
         <object_component_ref idref="oc-32a"/>
      </symbol>
      <symbol id="sm-6e8">
         <name>__aeabi_dcmple</name>
         <value>0x58dd</value>
         <object_component_ref idref="oc-32a"/>
      </symbol>
      <symbol id="sm-6e9">
         <name>__aeabi_dcmpge</name>
         <value>0x58f1</value>
         <object_component_ref idref="oc-32a"/>
      </symbol>
      <symbol id="sm-6ea">
         <name>__aeabi_dcmpgt</name>
         <value>0x5905</value>
         <object_component_ref idref="oc-32a"/>
      </symbol>
      <symbol id="sm-6f0">
         <name>__aeabi_fcmpeq</name>
         <value>0x5919</value>
         <object_component_ref idref="oc-180"/>
      </symbol>
      <symbol id="sm-6f1">
         <name>__aeabi_fcmplt</name>
         <value>0x592d</value>
         <object_component_ref idref="oc-180"/>
      </symbol>
      <symbol id="sm-6f2">
         <name>__aeabi_fcmple</name>
         <value>0x5941</value>
         <object_component_ref idref="oc-180"/>
      </symbol>
      <symbol id="sm-6f3">
         <name>__aeabi_fcmpge</name>
         <value>0x5955</value>
         <object_component_ref idref="oc-180"/>
      </symbol>
      <symbol id="sm-6f4">
         <name>__aeabi_fcmpgt</name>
         <value>0x5969</value>
         <object_component_ref idref="oc-180"/>
      </symbol>
      <symbol id="sm-6fa">
         <name>__aeabi_memcpy</name>
         <value>0x7b05</value>
         <object_component_ref idref="oc-5d"/>
      </symbol>
      <symbol id="sm-6fb">
         <name>__aeabi_memcpy4</name>
         <value>0x7b05</value>
         <object_component_ref idref="oc-5d"/>
      </symbol>
      <symbol id="sm-6fc">
         <name>__aeabi_memcpy8</name>
         <value>0x7b05</value>
         <object_component_ref idref="oc-5d"/>
      </symbol>
      <symbol id="sm-703">
         <name>__aeabi_memclr</name>
         <value>0x7ad9</value>
         <object_component_ref idref="oc-b6"/>
      </symbol>
      <symbol id="sm-704">
         <name>__aeabi_memclr4</name>
         <value>0x7ad9</value>
         <object_component_ref idref="oc-b6"/>
      </symbol>
      <symbol id="sm-705">
         <name>__aeabi_memclr8</name>
         <value>0x7ad9</value>
         <object_component_ref idref="oc-b6"/>
      </symbol>
      <symbol id="sm-70b">
         <name>__aeabi_uidiv</name>
         <value>0x6445</value>
         <object_component_ref idref="oc-e0"/>
      </symbol>
      <symbol id="sm-70c">
         <name>__aeabi_uidivmod</name>
         <value>0x6445</value>
         <object_component_ref idref="oc-e0"/>
      </symbol>
      <symbol id="sm-712">
         <name>__aeabi_uldivmod</name>
         <value>0x793d</value>
         <object_component_ref idref="oc-dc"/>
      </symbol>
      <symbol id="sm-71b">
         <name>__eqsf2</name>
         <value>0x66e1</value>
         <object_component_ref idref="oc-23a"/>
      </symbol>
      <symbol id="sm-71c">
         <name>__lesf2</name>
         <value>0x66e1</value>
         <object_component_ref idref="oc-23a"/>
      </symbol>
      <symbol id="sm-71d">
         <name>__ltsf2</name>
         <value>0x66e1</value>
         <object_component_ref idref="oc-23a"/>
      </symbol>
      <symbol id="sm-71e">
         <name>__nesf2</name>
         <value>0x66e1</value>
         <object_component_ref idref="oc-23a"/>
      </symbol>
      <symbol id="sm-71f">
         <name>__cmpsf2</name>
         <value>0x66e1</value>
         <object_component_ref idref="oc-23a"/>
      </symbol>
      <symbol id="sm-720">
         <name>__gtsf2</name>
         <value>0x662d</value>
         <object_component_ref idref="oc-23f"/>
      </symbol>
      <symbol id="sm-721">
         <name>__gesf2</name>
         <value>0x662d</value>
         <object_component_ref idref="oc-23f"/>
      </symbol>
      <symbol id="sm-727">
         <name>__udivmoddi4</name>
         <value>0x4951</value>
         <object_component_ref idref="oc-159"/>
      </symbol>
      <symbol id="sm-72d">
         <name>__muldsi3</name>
         <value>0x671d</value>
         <object_component_ref idref="oc-234"/>
      </symbol>
      <symbol id="sm-733">
         <name>__aeabi_llsl</name>
         <value>0x708d</value>
         <object_component_ref idref="oc-225"/>
      </symbol>
      <symbol id="sm-734">
         <name>__ashldi3</name>
         <value>0x708d</value>
         <object_component_ref idref="oc-225"/>
      </symbol>
      <symbol id="sm-742">
         <name>__ledf2</name>
         <value>0x5785</value>
         <object_component_ref idref="oc-35b"/>
      </symbol>
      <symbol id="sm-743">
         <name>__gedf2</name>
         <value>0x5475</value>
         <object_component_ref idref="oc-361"/>
      </symbol>
      <symbol id="sm-744">
         <name>__cmpdf2</name>
         <value>0x5785</value>
         <object_component_ref idref="oc-35b"/>
      </symbol>
      <symbol id="sm-745">
         <name>__eqdf2</name>
         <value>0x5785</value>
         <object_component_ref idref="oc-35b"/>
      </symbol>
      <symbol id="sm-746">
         <name>__ltdf2</name>
         <value>0x5785</value>
         <object_component_ref idref="oc-35b"/>
      </symbol>
      <symbol id="sm-747">
         <name>__nedf2</name>
         <value>0x5785</value>
         <object_component_ref idref="oc-35b"/>
      </symbol>
      <symbol id="sm-748">
         <name>__gtdf2</name>
         <value>0x5475</value>
         <object_component_ref idref="oc-361"/>
      </symbol>
      <symbol id="sm-754">
         <name>__aeabi_idiv0</name>
         <value>0x38ff</value>
         <object_component_ref idref="oc-15e"/>
      </symbol>
      <symbol id="sm-755">
         <name>__aeabi_ldiv0</name>
         <value>0x49f3</value>
         <object_component_ref idref="oc-223"/>
      </symbol>
      <symbol id="sm-75e">
         <name>TI_memcpy_small</name>
         <value>0x79bd</value>
         <object_component_ref idref="oc-10e"/>
      </symbol>
      <symbol id="sm-767">
         <name>TI_memset_small</name>
         <value>0x7a8f</value>
         <object_component_ref idref="oc-19a"/>
      </symbol>
      <symbol id="sm-768">
         <name>__TI_static_base__</name>
         <value>0x0</value>
      </symbol>
      <symbol id="sm-76c">
         <name>__mpu_init</name>
         <value>0x0</value>
      </symbol>
      <symbol id="sm-76d">
         <name>_system_post_cinit</name>
         <value>0x0</value>
      </symbol>
   </symbol_table>
   <title>Link successful</title>
</link_info>
