******************************************************************************
            TI ARM Clang Linker PC v4.0.4                      
******************************************************************************
>> Linked Sun May 24 07:54:23 2026

OUTPUT FILE NAME:   <test.out>
ENTRY POINT SYMBOL: "_c_int00_noargs"  address: 00006de9


MEMORY CONFIGURATION

         name            origin    length      used     unused   attr    fill
----------------------  --------  ---------  --------  --------  ----  --------
  FLASH                 00000000   00020000  00008a78  00017588  R  X
  SRAM                  20200000   00008000  00000d71  0000728f  RW X
  BCR_CONFIG            41c00000   000000ff  00000000  000000ff  R   
  BSL_CONFIG            41c00100   00000080  00000000  00000080  R   


SEGMENT ALLOCATION MAP

run origin  load origin   length   init length attrs members
----------  ----------- ---------- ----------- ----- -------
00000000    00000000    00008a78   00008a78    r-x
  00000000    00000000    000000c0   000000c0    r-- .intvecs
  000000c0    000000c0    00007a78   00007a78    r-x .text
  00007b38    00007b38    00000dd0   00000dd0    r-- .rodata
  00008908    00008908    00000170   00000170    r-- .cinit
20200000    20200000    00000b71   00000000    rw-
  20200000    20200000    000006cc   00000000    rw- .bss
  202006cc    202006cc    000004a5   00000000    rw- .data
20207e00    20207e00    00000200   00000000    rw-
  20207e00    20207e00    00000200   00000000    rw- .stack


SECTION ALLOCATION MAP

 output                                  attributes/
section   page    origin      length       input sections
--------  ----  ----------  ----------   ----------------
.intvecs   0    00000000    000000c0     
                  00000000    000000c0     startup_mspm0g350x_ticlang.o (.intvecs)

.text      0    000000c0    00007a78     
                  000000c0    00001684     Task.o (.text.while_task)
                  00001744    000003e0     chasis.o (.text.chasis_cal)
                  00001b24    00000298     chasis.o (.text.mec_inverse)
                  00001dbc    00000280     chasis.o (.text.chasis_trapezoid_move)
                  0000203c    00000214     driverlib.a : dl_mcan.o (.text.DL_MCAN_msgRAMConfig)
                  00002250    00000214     wit_c_sdk.o (.text.WitSerialDataIn)
                  00002464    00000204     Task.o (.text.UART_Rx_DMA_ToIdle_Callback)
                  00002668    000001fc     ultrasonic.o (.text.Ultrasonic_GPIOB_ISR)
                  00002864    000001ec     Task.o (.text.param_editor)
                  00002a50    000001e0     ti_msp_dl_config.o (.text.SYSCFG_DL_GPIO_init)
                  00002c30    000001b8     bsp_PWM.o (.text.motor_set)
                  00002de8    0000017c     wit_c_sdk.o (.text.WitWriteReg)
                  00002f64    00000158     wit_c_sdk.o (.text.CopeWitData)
                  000030bc    00000118     bsp_oled.o (.text.OLED_ShowChar)
                  000031d4    00000114     bsp_oled.o (.text.OLED_Init)
                  000032e8    0000010c     driverlib.a : dl_mcan.o (.text.DL_MCAN_readMsgRam)
                  000033f4    0000010a     ZDT_CAN.o (.text.can_SendCmd)
                  000034fe    00000002     Task.o (.text.Key_B21_Long)
                  00003500    00000108     Task.o (.text.one_hundured_ms_callback)
                  00003608    00000104     driverlib.a : dl_timer.o (.text.DL_Timer_initFourCCPWMMode)
                  0000370c    000000fc                 : dl_timer.o (.text.DL_Timer_initTimerMode)
                  00003808    000000f6     bsp_oled.o (.text.OLED_ShowNum)
                  000038fe    00000002     libclang_rt.builtins.a : aeabi_div0.c.obj (.text.__aeabi_idiv0)
                  00003900    000000f4     driverlib.a : dl_mcan.o (.text.DL_MCAN_writeMsgRam)
                  000039f4    000000f0     task_scheduler.o (.text.Menu_Enter)
                  00003ae4    000000f0     task_scheduler.o (.text.Menu_Run)
                  00003bd4    000000ec     ti_msp_dl_config.o (.text.SYSCFG_DL_MCAN0_init)
                  00003cc0    000000e8     bsp_key.o (.text.KEY_Poll)
                  00003da8    000000e8     ti_msp_dl_config.o (.text.SYSCFG_DL_FRONT_OUT_init)
                  00003e90    000000e8     ti_msp_dl_config.o (.text.SYSCFG_DL_SYSCTL_SYSPLL_init)
                  00003f78    000000dc     driverlib.a : dl_mcan.o (.text.DL_MCAN_init)
                  00004054    000000dc                 : dl_sysctl_mspm0g1x0x_g3x0x.o (.text.DL_SYSCTL_configSYSPLL)
                  00004130    000000d8                 : dl_mcan.o (.text.DL_MCAN_setBitTime)
                  00004208    000000d8     task_scheduler.o (.text.Menu_Draw)
                  000042e0    000000d8     Task.o (.text.filter_average)
                  000043b8    000000d8     bsp_PWM.o (.text.motor_coast)
                  00004490    000000d8     libclang_rt.builtins.a : addsf3.S.obj (.text)
                  00004568    000000d4     bsp_PWM.o (.text.motor_brake)
                  0000463c    000000d0     chasis.o (.text.motor_openloop_drive)
                  0000470c    000000c4     ti_msp_dl_config.o (.text.SYSCFG_DL_initPower)
                  000047d0    000000c4     ultrasonic.o (.text.Ultrasonic_Trigger)
                  00004894    000000bc     bsp_CAN.o (.text.CAN_send_ext_frame)
                  00004950    000000a2     libclang_rt.builtins.a : udivmoddi4.S.obj (.text)
                  000049f2    00000002                            : aeabi_div0.c.obj (.text.__aeabi_ldiv0)
                  000049f4    0000009c     ti_msp_dl_config.o (.text.SYSCFG_DL_RR_OUT_init)
                  00004a90    00000098     bsp_oled.o (.text.OLED_WR_Byte)
                  00004b28    00000098     ti_msp_dl_config.o (.text.SYSCFG_DL_RL_OUT_init)
                  00004bc0    00000098     bsp_UART1.o (.text.uart1_isIDLE)
                  00004c58    00000090     bsp_UART.o (.text.uart_isIDLE)
                  00004ce8    0000008c     libclang_rt.builtins.a : mulsf3.S.obj (.text.__mulsf3)
                  00004d74    0000008c     Task.o (.text.ms_callback)
                  00004e00    00000088     empty.o (.text.SysTick_Handler)
                  00004e88    00000084     task_scheduler.o (.text.Menu_Next)
                  00004f0c    00000084     ti_msp_dl_config.o (.text.__NVIC_SetPriority)
                  00004f90    00000082     libclang_rt.builtins.a : divsf3.S.obj (.text.__divsf3)
                  00005012    00000080     ZDT_Driver.o (.text.Emm_V5_Pos_Control)
                  00005092    00000002     --HOLE-- [fill = 0]
                  00005094    00000080     bsp_UART.o (.text.UART0_IRQHandler)
                  00005114    00000080     bsp_UART1.o (.text.UART1_IRQHandler)
                  00005194    0000007c     Task.o (.text.CAN_Rx_FIFO0_New_Message_Callback)
                  00005210    0000007c     ti_msp_dl_config.o (.text.SYSCFG_DL_SYSCTL_init)
                  0000528c    0000007c     bsp_CAN.o (.text.handleCanRxMessage)
                  00005308    0000007c     libc.a : copy_decompress_lzss.c.obj (.text:decompress:lzss)
                  00005384    00000078     ti_msp_dl_config.o (.text.SYSCFG_DL_UART_0_init)
                  000053fc    00000078     ti_msp_dl_config.o (.text.SYSCFG_DL_UART_1_init)
                  00005474    00000074     libclang_rt.builtins.a : comparedf2.c.obj (.text.__gedf2)
                  000054e8    00000074     chasis.o (.text.chasis_set_velocity)
                  0000555c    00000070     bsp_oled.o (.text.OLED_ShowString)
                  000055cc    00000070     wit_c_sdk.o (.text.__CRC16)
                  0000563c    00000070     empty.o (.text.main)
                  000056ac    0000006c     Task.o (.text._show_signed)
                  00005718    0000006a     bsp_oled.o (.text.OLED_Clear)
                  00005782    00000002     --HOLE-- [fill = 0]
                  00005784    00000068     libclang_rt.builtins.a : comparedf2.c.obj (.text.__ledf2)
                  000057ec    00000064     driverlib.a : dl_sysctl_mspm0g1x0x_g3x0x.o (.text.DL_SYSCTL_setHFCLKSourceHFXTParams)
                  00005850    00000064     bsp_key.o (.text.GROUP1_IRQHandler)
                  000058b4    00000062     libclang_rt.builtins.a : aeabi_dcmp.S.obj (.text.__aeabi_dcmp)
                  00005916    00000002     --HOLE-- [fill = 0]
                  00005918    00000062                            : aeabi_fcmp.S.obj (.text.__aeabi_fcmp)
                  0000597a    00000002     --HOLE-- [fill = 0]
                  0000597c    00000060     driverlib.a : dl_sysctl_mspm0g1x0x_g3x0x.o (.text.DL_SYSCTL_setLFCLKSourceLFXT)
                  000059dc    00000060     ti_msp_dl_config.o (.text.SYSCFG_DL_init)
                  00005a3c    00000060     bsp_oled.o (.text.oled_i2c_sda_unlock)
                  00005a9c    00000060     bsp_UART1.o (.text.uart1_send)
                  00005afc    00000060     bsp_UART.o (.text.uart_send)
                  00005b5c    0000005e     driverlib.a : dl_i2c.o (.text.DL_I2C_fillControllerTXFIFO)
                  00005bba    00000002     --HOLE-- [fill = 0]
                  00005bbc    0000005c     bsp_oled.o (.text.mspm0_i2c_enable)
                  00005c18    00000058     ti_msp_dl_config.o (.text.SYSCFG_DL_I2C_OLED_init)
                  00005c70    00000058     ultrasonic.o (.text.Ultrasonic_Init)
                  00005cc8    00000054     timer.o (.text.Timestamp_Init)
                  00005d1c    00000054     gimbal.o (.text.gimbal_update)
                  00005d70    00000054     bsp_UART1.o (.text.uart1_receive_start)
                  00005dc4    00000054     bsp_UART.o (.text.uart_receive_start)
                  00005e18    00000050     bsp_oled.o (.text.DL_GPIO_initPeripheralInputFunctionFeatures)
                  00005e68    00000050     ti_msp_dl_config.o (.text.DL_GPIO_initPeripheralInputFunctionFeatures)
                  00005eb8    00000050     bsp_oled.o (.text.DL_I2C_startControllerTransfer)
                  00005f08    00000050     ti_msp_dl_config.o (.text.SysTick_Config)
                  00005f58    0000004c     driverlib.a : dl_dma.o (.text.DL_DMA_initChannel)
                  00005fa4    0000004c     bsp_oled.o (.text.DL_GPIO_initDigitalInputFeatures)
                  00005ff0    0000004c     ti_msp_dl_config.o (.text.DL_GPIO_initDigitalInputFeatures)
                  0000603c    0000004c     ti_msp_dl_config.o (.text.DL_UART_setBaudRateDivisor)
                  00006088    0000004c     chasis.o (.text.chasis_brake)
                  000060d4    0000004a     ZDT_Driver.o (.text.Emm_V5_En_Control)
                  0000611e    00000002     --HOLE-- [fill = 0]
                  00006120    00000048     driverlib.a : dl_uart.o (.text.DL_UART_init)
                  00006168    00000048     Task.o (.text.Task_Cleanup)
                  000061b0    00000044     bsp_CAN.o (.text.CANFD0_IRQHandler)
                  000061f4    00000044     driverlib.a : dl_mcan.o (.text.DL_MCAN_getRevisionId)
                  00006238    00000044                 : dl_sysctl_mspm0g1x0x_g3x0x.o (.text.DL_SYSCTL_switchMCLKfromSYSOSCtoHSCLK)
                  0000627c    00000044     ultrasonic.o (.text.Ultrasonic_GetDistance_mm)
                  000062c0    00000044     bsp_oled.o (.text.mspm0_i2c_disable)
                  00006304    00000040     driverlib.a : dl_mcan.o (.text.DL_MCAN_writeRxFIFOAck)
                  00006344    00000040     ZDT_Driver.o (.text.Emm_V5_Origin_Set_O)
                  00006384    00000040     Task.o (.text.UART1_Rx_DMA_ToIdle_Callback)
                  000063c4    00000040     ultrasonic.o (.text.Ultrasonic_IsDataReady)
                  00006404    00000040     wit_c_sdk.o (.text.WitInit)
                  00006444    00000040     libclang_rt.builtins.a : aeabi_uidivmod.S.obj (.text.__aeabi_uidivmod)
                  00006484    0000003e     ZDT_Driver.o (.text.Emm_V5_Origin_Trigger_Return)
                  000064c2    00000002     --HOLE-- [fill = 0]
                  000064c4    0000003c     ti_msp_dl_config.o (.text.DL_Timer_setCounterControl)
                  00006500    0000003c     JY901.o (.text.JY901_Init)
                  0000653c    0000003c     task_scheduler.o (.text.Menu_Init)
                  00006578    0000003c     bsp_oled.o (.text.OLED_Set_Pos)
                  000065b4    0000003c     timer.o (.text.Timestamp_GetTicks)
                  000065f0    0000003c     libclang_rt.builtins.a : floatsisf.S.obj (.text.__floatsisf)
                  0000662c    0000003c                            : comparesf2.S.obj (.text.__gtsf2)
                  00006668    0000003c     libc.a : autoinit.c.obj (.text:__TI_auto_init_nobinit_nopinit)
                  000066a4    0000003a     wit_c_sdk.o (.text.__CaliSum)
                  000066de    00000002     --HOLE-- [fill = 0]
                  000066e0    0000003a     libclang_rt.builtins.a : comparesf2.S.obj (.text.__eqsf2)
                  0000671a    00000002     --HOLE-- [fill = 0]
                  0000671c    0000003a                            : muldsi3.S.obj (.text.__muldsi3)
                  00006756    00000002     --HOLE-- [fill = 0]
                  00006758    00000038     driverlib.a : dl_mcan.o (.text.DL_MCAN_getRxFIFOStatus)
                  00006790    00000038     libclang_rt.builtins.a : fixsfsi.S.obj (.text.__fixsfsi)
                  000067c8    00000034     driverlib.a : dl_mcan.o (.text.DL_MCAN_TXBufAddReq)
                  000067fc    00000034                 : dl_mcan.o (.text.DL_MCAN_setExtIDAndMask)
                  00006830    00000034     ti_msp_dl_config.o (.text.SYSCFG_DL_US_TIMER_init)
                  00006864    00000034     ultrasonic.o (.text.Ultrasonic_GetPulseWidth_us)
                  00006898    00000032     libclang_rt.builtins.a : fixunssfsi.S.obj (.text.__fixunssfsi)
                  000068ca    00000002     --HOLE-- [fill = 0]
                  000068cc    00000030     bsp_UART.o (.text.DL_DMA_setTransferSize)
                  000068fc    00000030     bsp_UART1.o (.text.DL_DMA_setTransferSize)
                  0000692c    00000030     ti_msp_dl_config.o (.text.DL_GPIO_initDigitalOutputFeatures)
                  0000695c    00000030     ti_msp_dl_config.o (.text.SYSCFG_DL_DMA_CH0_init)
                  0000698c    00000030     ti_msp_dl_config.o (.text.SYSCFG_DL_DMA_CH1_init)
                  000069bc    00000030     ti_msp_dl_config.o (.text.SYSCFG_DL_DMA_CH2_init)
                  000069ec    00000030     ti_msp_dl_config.o (.text.SYSCFG_DL_DMA_CH3_init)
                  00006a1c    00000030     bsp_oled.o (.text.oled_pow)
                  00006a4c    0000002c     driverlib.a : dl_mcan.o (.text.DL_MCAN_TXBufTransIntrEnable)
                  00006a78    0000002c                 : dl_mcan.o (.text.DL_MCAN_addExtMsgIDFilter)
                  00006aa4    0000002c                 : dl_mcan.o (.text.DL_MCAN_addStdMsgIDFilter)
                  00006ad0    0000002c     timer.o (.text.TIMG12_IRQHandler)
                  00006afc    0000002c     wit_c_sdk.o (.text.WitDelayMsRegister)
                  00006b28    0000002c     wit_c_sdk.o (.text.WitRegisterCallBack)
                  00006b54    0000002c     wit_c_sdk.o (.text.WitSerialWriteRegister)
                  00006b80    0000002c     bsp_key.o (.text.__NVIC_EnableIRQ)
                  00006bac    0000002c     empty.o (.text.__NVIC_EnableIRQ)
                  00006bd8    0000002c     timer.o (.text.__NVIC_EnableIRQ)
                  00006c04    0000002c     empty.o (.text.mspm0_get_clock_ms)
                  00006c30    00000028     bsp_oled.o (.text.DL_Common_updateReg)
                  00006c58    00000028     ti_msp_dl_config.o (.text.DL_Common_updateReg)
                  00006c80    00000028     bsp_UART.o (.text.DL_DMA_setDestAddr)
                  00006ca8    00000028     bsp_UART1.o (.text.DL_DMA_setDestAddr)
                  00006cd0    00000028     bsp_UART.o (.text.DL_DMA_setSrcAddr)
                  00006cf8    00000028     bsp_UART1.o (.text.DL_DMA_setSrcAddr)
                  00006d20    00000028     ti_msp_dl_config.o (.text.DL_I2C_setControllerRXFIFOThreshold)
                  00006d48    00000028     ti_msp_dl_config.o (.text.DL_I2C_setControllerTXFIFOThreshold)
                  00006d70    00000028     ti_msp_dl_config.o (.text.DL_UART_setRXFIFOThreshold)
                  00006d98    00000028     ti_msp_dl_config.o (.text.DL_UART_setTXFIFOThreshold)
                  00006dc0    00000028     libclang_rt.builtins.a : floatunsisf.S.obj (.text.__floatunsisf)
                  00006de8    00000028     libc.a : boot_cortex_m.c.obj (.text:_c_int00_noargs)
                  00006e10    00000026     bsp_UART.o (.text.DL_DMA_disableChannel)
                  00006e36    00000026     bsp_UART1.o (.text.DL_DMA_disableChannel)
                  00006e5c    00000026     bsp_UART.o (.text.DL_DMA_enableChannel)
                  00006e82    00000026     bsp_UART1.o (.text.DL_DMA_enableChannel)
                  00006ea8    00000026     ti_msp_dl_config.o (.text.DL_I2C_setAnalogGlitchFilterPulseWidth)
                  00006ece    00000026     driverlib.a : dl_i2c.o (.text.DL_I2C_setClockConfig)
                  00006ef4    00000024     bsp_UART.o (.text.DL_DMA_getTransferSize)
                  00006f18    00000024     bsp_UART1.o (.text.DL_DMA_getTransferSize)
                  00006f3c    00000024     driverlib.a : dl_mcan.o (.text.DL_MCAN_setClockConfig)
                  00006f60    00000024     ti_msp_dl_config.o (.text.DL_UART_setRXInterruptTimeout)
                  00006f84    00000024     JY901.o (.text.JY901_Update)
                  00006fa8    00000024     libclang_rt.builtins.a : floatunsidf.S.obj (.text.__floatunsidf)
                  00006fcc    00000020     ti_msp_dl_config.o (.text.DL_GPIO_initPeripheralInputFunction)
                  00006fec    00000020     driverlib.a : dl_mcan.o (.text.DL_MCAN_getTxFIFOQueStatus)
                  0000700c    00000020     ti_msp_dl_config.o (.text.DL_SYSCTL_setFlashWaitState)
                  0000702c    00000020     task_scheduler.o (.text.Task_Jump)
                  0000704c    00000020     gimbal.o (.text.gimbal_enable)
                  0000706c    0000001e     ti_msp_dl_config.o (.text.DL_UART_setOversampling)
                  0000708a    00000002     --HOLE-- [fill = 0]
                  0000708c    0000001e     libclang_rt.builtins.a : ashldi3.S.obj (.text.__ashldi3)
                  000070aa    0000001e     gimbal.o (.text.gimbal_disable)
                  000070c8    0000001e     gimbal.o (.text.gimbal_return_zero)
                  000070e6    00000002     --HOLE-- [fill = 0]
                  000070e8    0000001c     ti_msp_dl_config.o (.text.DL_DMA_enableInterrupt)
                  00007104    0000001c     bsp_key.o (.text.DL_GPIO_clearInterruptStatus)
                  00007120    0000001c     ti_msp_dl_config.o (.text.DL_GPIO_clearInterruptStatus)
                  0000713c    0000001c     ultrasonic.o (.text.DL_GPIO_clearInterruptStatus)
                  00007158    0000001c     ultrasonic.o (.text.DL_GPIO_disableInterrupt)
                  00007174    0000001c     bsp_oled.o (.text.DL_GPIO_enableHiZ)
                  00007190    0000001c     ti_msp_dl_config.o (.text.DL_GPIO_enableHiZ)
                  000071ac    0000001c     ti_msp_dl_config.o (.text.DL_GPIO_enableInterrupt)
                  000071c8    0000001c     ultrasonic.o (.text.DL_GPIO_enableInterrupt)
                  000071e4    0000001c     ti_msp_dl_config.o (.text.DL_GPIO_initPeripheralOutputFunction)
                  00007200    0000001c     ti_msp_dl_config.o (.text.DL_GPIO_setLowerPinsPolarity)
                  0000721c    0000001c     bsp_oled.o (.text.DL_I2C_getSDAStatus)
                  00007238    0000001c     bsp_key.o (.text.DL_Interrupt_getPendingGroup)
                  00007254    0000001c     ti_msp_dl_config.o (.text.DL_MCAN_enableInterrupt)
                  00007270    0000001c     driverlib.a : dl_mcan.o (.text.DL_MCAN_enableIntr)
                  0000728c    0000001c                 : dl_mcan.o (.text.DL_MCAN_enableIntrLine)
                  000072a8    0000001c                 : dl_mcan.o (.text.DL_MCAN_selectIntrLine)
                  000072c4    0000001c                 : dl_sysctl_mspm0g1x0x_g3x0x.o (.text.DL_SYSCTL_configFCC)
                  000072e0    0000001c     ti_msp_dl_config.o (.text.DL_SYSCTL_setFCCPeriods)
                  000072fc    0000001c     ti_msp_dl_config.o (.text.DL_SYSCTL_setSYSOSCFreq)
                  00007318    0000001c     ti_msp_dl_config.o (.text.DL_SYSCTL_setULPCLKDivider)
                  00007334    0000001c     ti_msp_dl_config.o (.text.DL_Timer_enableInterrupt)
                  00007350    0000001c     timer.o (.text.DL_Timer_enableInterrupt)
                  0000736c    0000001c     driverlib.a : dl_timer.o (.text.DL_Timer_setCaptCompUpdateMethod)
                  00007388    0000001c                 : dl_timer.o (.text.DL_Timer_setClockConfig)
                  000073a4    0000001c     ti_msp_dl_config.o (.text.DL_UART_enableInterrupt)
                  000073c0    0000001c     empty.o (.text.mspm0_delay_ms)
                  000073dc    0000001a     gimbal.o (.text.gimbal_set_zero)
                  000073f6    00000002     --HOLE-- [fill = 0]
                  000073f8    00000018     ti_msp_dl_config.o (.text.DL_DMA_clearInterruptStatus)
                  00007410    00000018     bsp_oled.o (.text.DL_GPIO_enableOutput)
                  00007428    00000018     ti_msp_dl_config.o (.text.DL_GPIO_enableOutput)
                  00007440    00000018     ti_msp_dl_config.o (.text.DL_GPIO_enablePower)
                  00007458    00000018     bsp_oled.o (.text.DL_GPIO_initDigitalOutput)
                  00007470    00000018     ti_msp_dl_config.o (.text.DL_GPIO_initDigitalOutput)
                  00007488    00000018     ti_msp_dl_config.o (.text.DL_GPIO_initPeripheralAnalogFunction)
                  000074a0    00000018     ti_msp_dl_config.o (.text.DL_GPIO_reset)
                  000074b8    00000018     bsp_oled.o (.text.DL_GPIO_setPins)
                  000074d0    00000018     empty.o (.text.DL_GPIO_setPins)
                  000074e8    00000018     ultrasonic.o (.text.DL_GPIO_setPins)
                  00007500    00000018     ti_msp_dl_config.o (.text.DL_GPIO_setUpperPinsPolarity)
                  00007518    00000018     empty.o (.text.DL_GPIO_togglePins)
                  00007530    00000018     bsp_oled.o (.text.DL_I2C_clearInterruptStatus)
                  00007548    00000018     ti_msp_dl_config.o (.text.DL_I2C_enableAnalogGlitchFilter)
                  00007560    00000018     ti_msp_dl_config.o (.text.DL_I2C_enableController)
                  00007578    00000018     ti_msp_dl_config.o (.text.DL_I2C_enableControllerClockStretching)
                  00007590    00000018     bsp_oled.o (.text.DL_I2C_enablePower)
                  000075a8    00000018     ti_msp_dl_config.o (.text.DL_I2C_enablePower)
                  000075c0    00000018     bsp_oled.o (.text.DL_I2C_getRawInterruptStatus)
                  000075d8    00000018     bsp_oled.o (.text.DL_I2C_reset)
                  000075f0    00000018     ti_msp_dl_config.o (.text.DL_I2C_reset)
                  00007608    00000018     ti_msp_dl_config.o (.text.DL_I2C_setTimerPeriod)
                  00007620    00000018     ti_msp_dl_config.o (.text.DL_MCAN_clearInterruptStatus)
                  00007638    00000018     ti_msp_dl_config.o (.text.DL_MCAN_enablePower)
                  00007650    00000018     ti_msp_dl_config.o (.text.DL_MCAN_reset)
                  00007668    00000018     driverlib.a : dl_mcan.o (.text.DL_MCAN_setOpMode)
                  00007680    00000018     ti_msp_dl_config.o (.text.DL_SYSCTL_setBORThreshold)
                  00007698    00000018     timer.o (.text.DL_Timer_clearInterruptStatus)
                  000076b0    00000018     ti_msp_dl_config.o (.text.DL_Timer_enablePower)
                  000076c8    00000018     ti_msp_dl_config.o (.text.DL_Timer_enableShadowFeatures)
                  000076e0    00000018     ti_msp_dl_config.o (.text.DL_Timer_reset)
                  000076f8    00000018     driverlib.a : dl_timer.o (.text.DL_Timer_setCaptureCompareOutCtl)
                  00007710    00000018     ti_msp_dl_config.o (.text.DL_UART_enableDMAReceiveEvent)
                  00007728    00000018     ti_msp_dl_config.o (.text.DL_UART_enableDMATransmitEvent)
                  00007740    00000018     ti_msp_dl_config.o (.text.DL_UART_enableFIFOs)
                  00007758    00000018     ti_msp_dl_config.o (.text.DL_UART_enablePower)
                  00007770    00000018     ti_msp_dl_config.o (.text.DL_UART_reset)
                  00007788    00000018     task_scheduler.o (.text.Task_Done)
                  000077a0    00000016     bsp_key.o (.text.DL_GPIO_readPins)
                  000077b6    00000016     bsp_oled.o (.text.DL_GPIO_readPins)
                  000077cc    00000016     ultrasonic.o (.text.DL_GPIO_readPins)
                  000077e2    00000016     ti_msp_dl_config.o (.text.DL_UART_enable)
                  000077f8    00000016     bsp_key.o (.text.KEY_Init)
                  0000780e    00000016     JY901.o (.text._jy_write)
                  00007824    00000014     bsp_oled.o (.text.DL_GPIO_clearPins)
                  00007838    00000014     ti_msp_dl_config.o (.text.DL_GPIO_clearPins)
                  0000784c    00000014     ultrasonic.o (.text.DL_GPIO_clearPins)
                  00007860    00000014     bsp_oled.o (.text.DL_I2C_getControllerStatus)
                  00007874    00000014     ti_msp_dl_config.o (.text.DL_I2C_resetControllerTransfer)
                  00007888    00000014     driverlib.a : dl_mcan.o (.text.DL_MCAN_clearIntrStatus)
                  0000789c    00000014     bsp_CAN.o (.text.DL_MCAN_getPendingInterrupt)
                  000078b0    00000014     ti_msp_dl_config.o (.text.DL_SYSCTL_disableSYSPLL)
                  000078c4    00000014     ti_msp_dl_config.o (.text.DL_SYSCTL_enableSYSPLL)
                  000078d8    00000014     timer.o (.text.DL_Timer_disableClock)
                  000078ec    00000014     ti_msp_dl_config.o (.text.DL_Timer_enableClock)
                  00007900    00000014     timer.o (.text.DL_Timer_enableClock)
                  00007914    00000014     ti_msp_dl_config.o (.text.DL_Timer_setCCPDirection)
                  00007928    00000014     ti_msp_dl_config.o (.text.SYSCFG_DL_DMA_init)
                  0000793c    00000014     libclang_rt.builtins.a : aeabi_uldivmod.S.obj (.text.__aeabi_uldivmod)
                  00007950    00000012     bsp_key.o (.text.DL_GPIO_getPendingInterrupt)
                  00007962    00000012     ti_msp_dl_config.o (.text.DL_MCAN_enableModuleClock)
                  00007974    00000012     timer.o (.text.DL_Timer_getPendingInterrupt)
                  00007986    00000012     bsp_UART.o (.text.DL_UART_getPendingInterrupt)
                  00007998    00000012     bsp_UART1.o (.text.DL_UART_getPendingInterrupt)
                  000079aa    00000012     driverlib.a : dl_uart.o (.text.DL_UART_setClockConfig)
                  000079bc    00000012     libc.a : memcpy16.S.obj (.text:TI_memcpy_small)
                  000079ce    00000012            : copy_decompress_none.c.obj (.text:decompress:none)
                  000079e0    00000010     driverlib.a : dl_mcan.o (.text.DL_MCAN_getOpMode)
                  000079f0    00000010                 : dl_mcan.o (.text.DL_MCAN_isMemInitDone)
                  00007a00    00000010     ti_msp_dl_config.o (.text.DL_SYSCTL_disableHFXT)
                  00007a10    00000010     ti_msp_dl_config.o (.text.DL_SYSCTL_isFCCDone)
                  00007a20    00000010     ti_msp_dl_config.o (.text.DL_SYSCTL_startFCC)
                  00007a30    00000010     timer.o (.text.DL_Timer_getTimerCount)
                  00007a40    00000010     driverlib.a : dl_timer.o (.text.DL_Timer_setCaptureCompareValue)
                  00007a50    00000010     ti_msp_dl_config.o (.text.SYSCFG_DL_SYSTICK_init)
                  00007a60    00000010     Task.o (.text.User_Init)
                  00007a70    00000010     libc.a : copy_zero_init.c.obj (.text:decompress:ZI)
                  00007a80    0000000e     chasis.o (.text.chasis_stop)
                  00007a8e    0000000e     libc.a : memset16.S.obj (.text:TI_memset_small)
                  00007a9c    0000000c     driverlib.a : dl_mcan.o (.text.DL_MCAN_getIntrStatus)
                  00007aa8    0000000c     ti_msp_dl_config.o (.text.DL_SYSCTL_getClockStatus)
                  00007ab4    0000000c     ti_msp_dl_config.o (.text.DL_SYSCTL_readFCC)
                  00007ac0    0000000c     Task.o (.text.Key_A18_Pressed)
                  00007acc    0000000c     Task.o (.text.Key_B21_Pressed)
                  00007ad8    0000000c     libclang_rt.builtins.a : aeabi_memset.S.obj (.text.__aeabi_memclr)
                  00007ae4    0000000a     driverlib.a : dl_common.o (.text.DL_Common_delayCycles)
                  00007aee    0000000a     JY901.o (.text._jy_delay)
                  00007af8    0000000a     JY901.o (.text._jy_reg_cb)
                  00007b02    00000002     --HOLE-- [fill = 0]
                  00007b04    00000008     libclang_rt.builtins.a : aeabi_memcpy.S.obj (.text.__aeabi_memcpy)
                  00007b0c    00000006     libc.a : exit.c.obj (.text:abort)
                  00007b12    00000004     startup_mspm0g350x_ticlang.o (.text.Default_Handler)
                  00007b16    00000004     libsysbm.a : hostexit.c.obj (.text.HOSTexit)
                  00007b1a    00000004     startup_mspm0g350x_ticlang.o (.text.Reset_Handler)
                  00007b1e    00000002     --HOLE-- [fill = 0]
                  00007b20    00000010     libc.a : boot_cortex_m.c.obj (.tramp._c_int00_noargs.1)
                  00007b30    00000004            : pre_init.c.obj (.text._system_pre_init)
                  00007b34    00000004     --HOLE-- [fill = 0]

.cinit     0    00008908    00000170     
                  00008908    00000145     (.cinit..data.load) [load image, compression = lzss]
                  00008a4d    00000003     --HOLE-- [fill = 0]
                  00008a50    0000000c     (__TI_handler_table)
                  00008a5c    00000008     (.cinit..bss.load) [load image, compression = zero_init]
                  00008a64    00000010     (__TI_cinit_table)
                  00008a74    00000004     --HOLE-- [fill = 0]

.rodata    0    00007b38    00000dd0     
                  00007b38    000005f0     bsp_oled.o (.rodata.asc2_1608)
                  00008128    00000228     bsp_oled.o (.rodata.asc2_0806)
                  00008350    00000100     wit_c_sdk.o (.rodata.__auchCRCHi)
                  00008450    00000100     wit_c_sdk.o (.rodata.__auchCRCLo)
                  00008550    00000060     ti_msp_dl_config.o (.rodata.gMCAN0MsgRAMConfigParams)
                  000085b0    00000040     driverlib.a : dl_mcan.o (.rodata..L__const.DL_MCAN_getDataSize.dataSize)
                  000085f0    00000034     ti_msp_dl_config.o (.rodata.gMCAN0InitParams)
                  00008624    00000028     ti_msp_dl_config.o (.rodata.gSYSPLLConfig)
                  0000864c    00000020     driverlib.a : dl_mcan.o (.rodata.cst32)
                  0000866c    00000020     ti_msp_dl_config.o (.rodata.gMCAN0BitTimes)
                  0000868c    00000018     ti_msp_dl_config.o (.rodata.gDMA_CH0Config)
                  000086a4    00000018     ti_msp_dl_config.o (.rodata.gDMA_CH1Config)
                  000086bc    00000018     ti_msp_dl_config.o (.rodata.gDMA_CH2Config)
                  000086d4    00000018     ti_msp_dl_config.o (.rodata.gDMA_CH3Config)
                  000086ec    00000014     timer.o (.rodata..L__const.Timestamp_Init.tmrCfg)
                  00008700    00000014     ti_msp_dl_config.o (.rodata.gUS_TIMERTimerConfig)
                  00008714    00000010     ti_msp_dl_config.o (.rodata.gMCAN0ExtFiltelem)
                  00008724    00000010     ti_msp_dl_config.o (.rodata.gMCAN0StdFiltelem)
                  00008734    00000010     chasis.o (.rodata.openloop_ratio)
                  00008744    0000000f     task_scheduler.o (.rodata.str1.12698780283469048528.1)
                  00008753    0000000e     task_scheduler.o (.rodata.str1.2657894803344293859.1)
                  00008761    0000000d     Task.o (.rodata.str1.4421610984764061377.1)
                  0000876e    0000000c     task_scheduler.o (.rodata.str1.14606958373863359431.1)
                  0000877a    0000000c     Task.o (.rodata.str1.7848802165208324070.1)
                  00008786    0000000b     task_scheduler.o (.rodata.str1.13768897686556393344.1)
                  00008791    0000000b     Task.o (.rodata.str1.18040217389239092422.1)
                  0000879c    0000000b     task_scheduler.o (.rodata.str1.9247241511803337348.1)
                  000087a7    0000000b     task_scheduler.o (.rodata.str1.9855678927950593766.1)
                  000087b2    0000000b     Task.o (.rodata.str1.9940982917155666079.1)
                  000087bd    00000001     task_scheduler.o (.rodata.str1.9784223496667871455.1)
                  000087be    0000000a     ti_msp_dl_config.o (.rodata.gUART_0Config)
                  000087c8    0000000a     ti_msp_dl_config.o (.rodata.gUART_1Config)
                  000087d2    0000000a     task_scheduler.o (.rodata.str1.15638319084808577004.1)
                  000087dc    0000000a     task_scheduler.o (.rodata.str1.7939893941929394660.1)
                  000087e6    00000009     task_scheduler.o (.rodata.str1.14699949538115772633.1)
                  000087ef    00000009     task_scheduler.o (.rodata.str1.15138029808797558358.1)
                  000087f8    00000009     task_scheduler.o (.rodata.str1.16400217066248172146.1)
                  00008801    00000009     task_scheduler.o (.rodata.str1.17557591748756409378.1)
                  0000880a    00000009     task_scheduler.o (.rodata.str1.17984259232970945524.1)
                  00008813    00000009     task_scheduler.o (.rodata.str1.2035165105665184857.1)
                  0000881c    00000009     task_scheduler.o (.rodata.str1.2160916131609573578.1)
                  00008825    00000003     ti_msp_dl_config.o (.rodata.gFRONT_OUTClockConfig)
                  00008828    00000008     ultrasonic.o (.rodata._echo_iidx)
                  00008830    00000008     ultrasonic.o (.rodata._echo_pin)
                  00008838    00000008     ultrasonic.o (.rodata._trig_pin)
                  00008840    00000008     ti_msp_dl_config.o (.rodata.gFRONT_OUTConfig)
                  00008848    00000008     ti_msp_dl_config.o (.rodata.gRL_OUTConfig)
                  00008850    00000008     ti_msp_dl_config.o (.rodata.gRR_OUTConfig)
                  00008858    00000008     Task.o (.rodata.str1.3814462214086099351.1)
                  00008860    00000008     Task.o (.rodata.str1.6095027432129614026.1)
                  00008868    00000007     Task.o (.rodata.str1.14140538058437403931.1)
                  0000886f    00000007     task_scheduler.o (.rodata.str1.14552388435526194663.1)
                  00008876    00000007     Task.o (.rodata.str1.17695192644575412184.1)
                  0000887d    00000007     task_scheduler.o (.rodata.str1.18069038080357984115.1)
                  00008884    00000007     task_scheduler.o (.rodata.str1.4916143694647286702.1)
                  0000888b    00000007     Task.o (.rodata.str1.5354678376744284297.1)
                  00008892    00000006     Task.o (.rodata.str1.10398233836178496103.1)
                  00008898    00000006     task_scheduler.o (.rodata.str1.14100310158706606776.1)
                  0000889e    00000006     task_scheduler.o (.rodata.str1.14190357177579510289.1)
                  000088a4    00000006     task_scheduler.o (.rodata.str1.3123915140485391185.1)
                  000088aa    00000006     task_scheduler.o (.rodata.str1.4577691884733283733.1)
                  000088b0    00000005     task_scheduler.o (.rodata.str1.10506625049490768188.1)
                  000088b5    00000005     Task.o (.rodata.str1.13875185509114325111.1)
                  000088ba    00000005     Task.o (.rodata.str1.444840832391758400.1)
                  000088bf    00000005     Task.o (.rodata.str1.5450046856251476239.1)
                  000088c4    00000004     ti_msp_dl_config.o (.rodata.gMCAN0ClockConf)
                  000088c8    00000004     Task.o (.rodata.str1.16258957891566433532.1)
                  000088cc    00000004     Task.o (.rodata.str1.1792698621017128999.1)
                  000088d0    00000004     Task.o (.rodata.str1.4718047238605356768.1)
                  000088d4    00000004     Task.o (.rodata.str1.99587616205557558.1)
                  000088d8    00000003     ti_msp_dl_config.o (.rodata.gLFCLKConfig)
                  000088db    00000003     ti_msp_dl_config.o (.rodata.gRL_OUTClockConfig)
                  000088de    00000003     ti_msp_dl_config.o (.rodata.gRR_OUTClockConfig)
                  000088e1    00000003     ti_msp_dl_config.o (.rodata.gUS_TIMERClockConfig)
                  000088e4    00000003     task_scheduler.o (.rodata.str1.10531343933328738940.1)
                  000088e7    00000003     Task.o (.rodata.str1.11758502042625606706.1)
                  000088ea    00000003     task_scheduler.o (.rodata.str1.16646981383022644586.1)
                  000088ed    00000003     task_scheduler.o (.rodata.str1.18076406348189272724.1)
                  000088f0    00000003     task_scheduler.o (.rodata.str1.18217560696470349137.1)
                  000088f3    00000003     Task.o (.rodata.str1.18250950699638100492.1)
                  000088f6    00000003     task_scheduler.o (.rodata.str1.408152790401024242.1)
                  000088f9    00000002     ti_msp_dl_config.o (.rodata.gI2C_OLEDClockConfig)
                  000088fb    00000002     ti_msp_dl_config.o (.rodata.gUART_0ClockConfig)
                  000088fd    00000002     ti_msp_dl_config.o (.rodata.gUART_1ClockConfig)
                  000088ff    00000002     task_scheduler.o (.rodata.str1.14662535846695041591.1)
                  00008901    00000002     Task.o (.rodata.str1.2519603985286566818.1)
                  00008903    00000002     Task.o (.rodata.str1.9426489877831215769.1)
                  00008905    00000003     --HOLE-- [fill = 0]

.init_array 
*          0    00000000    00000000     UNINITIALIZED

.binit     0    00000000    00000000     

.bss       0    20200000    000006cc     UNINITIALIZED
                  20200000    00000120     (.common:sReg)
                  20200120    00000100     wit_c_sdk.o (.bss.s_ucWitDataBuff)
                  20200220    000000bc     (.common:gFRONT_OUTBackup)
                  202002dc    000000bc     (.common:gRL_OUTBackup)
                  20200398    000000a0     (.common:gRR_OUTBackup)
                  20200438    00000098     (.common:gMCAN0Backup)
                  202004d0    00000064     (.common:uart1_rx_buff)
                  20200534    00000064     (.common:uart_rx_buff)
                  20200598    00000050     ultrasonic.o (.bss.g_us)
                  202005e8    00000050     Task.o (.bss.once_flag)
                  20200638    00000034     chasis.o (.bss.trap)
                  2020066c    00000018     task_scheduler.o (.bss.menu_stack)
                  20200684    00000014     Task.o (.bss.while_task.samples0)
                  20200698    00000014     Task.o (.bss.while_task.samples1)
                  202006ac    00000004     chasis.o (.bss.brake_linear_dvx)
                  202006b0    00000004     chasis.o (.bss.brake_linear_dvy)
                  202006b4    00000004     chasis.o (.bss.brake_linear_dwz)
                  202006b8    00000004     chasis.o (.bss.brake_linear_elapsed)
                  202006bc    00000004     chasis.o (.bss.brake_linear_time_ms)
                  202006c0    00000004     (.common:jy901_yaw)
                  202006c4    00000004     (.common:x_origin)
                  202006c8    00000004     (.common:y_origin)

.data      0    202006cc    000004a5     UNINITIALIZED
                  202006cc    00000118     chasis.o (.data.user_chasis)
                  202007e4    00000070     task_scheduler.o (.data.menu_gimbal_items)
                  20200854    00000060     task_scheduler.o (.data.menu_debug_items)
                  202008b4    00000040     task_scheduler.o (.data.menu_chasis_items)
                  202008f4    00000040     task_scheduler.o (.data.menu_q1_items)
                  20200934    00000030     task_scheduler.o (.data.menu_question_items)
                  20200964    00000030     task_scheduler.o (.data.menu_t1_items)
                  20200994    00000030     task_scheduler.o (.data.menu_t2_items)
                  202009c4    00000030     task_scheduler.o (.data.menu_t3_items)
                  202009f4    00000020     task_scheduler.o (.data.menu_gyro_items)
                  20200a14    00000020     task_scheduler.o (.data.menu_q2_items)
                  20200a34    00000020     task_scheduler.o (.data.menu_root_items)
                  20200a54    00000014     Task.o (.data.SET_param_names)
                  20200a68    00000014     Task.o (.data.g_q1_t1)
                  20200a7c    00000014     Task.o (.data.g_q1_t2)
                  20200a90    00000014     Task.o (.data.g_q1_t3)
                  20200aa4    00000010     bsp_PWM.o (.data.g_motor)
                  20200ab4    00000010     task_scheduler.o (.data.menu_root)
                  20200ac4    00000010     chasis.o (.data.motor_test_target_rpm)
                  20200ad4    00000008     bsp_key.o (.data.key_tick)
                  20200adc    00000004     task_scheduler.o (.data.countdown_start)
                  20200ae0    00000004     task_scheduler.o (.data.cur_menu)
                  20200ae4    00000004     ultrasonic.o (.data.g_dbg_isr_cnt)
                  20200ae8    00000004     ultrasonic.o (.data.g_dbg_last_iidx)
                  20200aec    00000004     ultrasonic.o (.data.g_dbg_trig_cnt)
                  20200af0    00000004     empty.o (.data.g_tick)
                  20200af4    00000004     timer.o (.data.g_timer_overflow)
                  20200af8    00000004     Task.o (.data.g_us_dist0)
                  20200afc    00000004     Task.o (.data.g_us_dist1)
                  20200b00    00000004     Task.o (.data.g_us_pulse0)
                  20200b04    00000004     Task.o (.data.g_us_pulse1)
                  20200b08    00000004     chasis.o (.data.motor_invert)
                  20200b0c    00000004     chasis.o (.data.move_timer_ms)
                  20200b10    00000004     wit_c_sdk.o (.data.p_WitCanWriteFunc)
                  20200b14    00000004     wit_c_sdk.o (.data.p_WitDelaymsFunc)
                  20200b18    00000004     wit_c_sdk.o (.data.p_WitI2cWriteFunc)
                  20200b1c    00000004     wit_c_sdk.o (.data.p_WitRegUpdateCbFunc)
                  20200b20    00000004     wit_c_sdk.o (.data.p_WitSerialWriteFunc)
                  20200b24    00000004     task_scheduler.o (.data.pending_task)
                  20200b28    00000004     wit_c_sdk.o (.data.s_uiProtoclo)
                  20200b2c    00000004     wit_c_sdk.o (.data.s_uiReadRegIndex)
                  20200b30    00000004     wit_c_sdk.o (.data.s_uiWitDataCnt)
                  20200b34    00000004     Task.o (.data.system_mode)
                  20200b38    00000004     Task.o (.data.while_task.last_d0)
                  20200b3c    00000004     Task.o (.data.while_task.last_d1)
                  20200b40    00000002     ultrasonic.o (.data.g_dbg_state)
                  20200b42    00000002     bsp_UART.o (.data.rx_size)
                  20200b44    00000002     bsp_UART1.o (.data.uart1_rx_size)
                  20200b46    00000001     bsp_key.o (.data.KEY_Poll.b21_long_fired)
                  20200b47    00000001     chasis.o (.data.brake_hold)
                  20200b48    00000001     chasis.o (.data.brake_linear_active)
                  20200b49    00000001     chasis.o (.data.chasis_braked)
                  20200b4a    00000001     chasis.o (.data.chasis_trapezoid_done)
                  20200b4b    00000001     task_scheduler.o (.data.cursor)
                  20200b4c    00000001     task_scheduler.o (.data.flag_enter)
                  20200b4d    00000001     bsp_key.o (.data.flag_long_b21)
                  20200b4e    00000001     task_scheduler.o (.data.flag_next)
                  20200b4f    00000001     empty.o (.data.g_flag_100hz)
                  20200b50    00000001     empty.o (.data.init_ok)
                  20200b51    00000001     task_scheduler.o (.data.menu_sp)
                  20200b52    00000001     chasis.o (.data.motor_test_mode)
                  20200b53    00000001     chasis.o (.data.move_state)
                  20200b54    00000001     task_scheduler.o (.data.need_draw)
                  20200b55    00000001     Task.o (.data.one_hundured_ms_callback.us_cnt)
                  20200b56    00000001     Task.o (.data.param_editor.cur_digit)
                  20200b57    00000001     Task.o (.data.param_editor.cur_param)
                  20200b58    00000001     Task.o (.data.param_editor.finished)
                  20200b59    00000001     Task.o (.data.param_editor.need_redraw)
                  20200b5a    00000001     wit_c_sdk.o (.data.s_ucAddr)
                  20200b5b    00000001     task_scheduler.o (.data.scroll)
                  20200b5c    00000001     bsp_UART1.o (.data.uart1_isIDLE.rx_last_size)
                  20200b5d    00000001     bsp_UART1.o (.data.uart1_isIDLE.stable_count)
                  20200b5e    00000001     bsp_UART1.o (.data.uart1_rx_dma_complete_flag)
                  20200b5f    00000001     bsp_UART1.o (.data.uart1_rx_length)
                  20200b60    00000001     bsp_UART1.o (.data.uart1_tx_complete_flag)
                  20200b61    00000001     bsp_UART1.o (.data.uart1_tx_dma_complete_flag)
                  20200b62    00000001     bsp_UART.o (.data.uart_isIDLE.rx_last_size)
                  20200b63    00000001     bsp_UART.o (.data.uart_isIDLE.stable_count)
                  20200b64    00000001     bsp_UART.o (.data.uart_rx_dma_complete_flag)
                  20200b65    00000001     bsp_UART.o (.data.uart_rx_length)
                  20200b66    00000001     bsp_UART.o (.data.uart_tx_complete_flag)
                  20200b67    00000001     bsp_UART.o (.data.uart_tx_dma_complete_flag)
                  20200b68    00000001     Task.o (.data.while_task.done)
                  20200b69    00000001     Task.o (.data.while_task.last_idx)
                  20200b6a    00000001     Task.o (.data.while_task.sample_idx)
                  20200b6b    00000001     Task.o (.data.while_task.step.10)
                  20200b6c    00000001     Task.o (.data.while_task.step.1)
                  20200b6d    00000001     Task.o (.data.while_task.step.2)
                  20200b6e    00000001     Task.o (.data.while_task.step.8)
                  20200b6f    00000001     Task.o (.data.while_task.step.9)
                  20200b70    00000001     Task.o (.data.while_task.step)

.stack     0    20207e00    00000200     UNINITIALIZED
                  20207e00    00000004     libc.a : boot_cortex_m.c.obj (.stack)
                  20207e04    000001fc     --HOLE--

__llvm_prf_cnts 
*          0    20200000    00000000     UNINITIALIZED

__llvm_prf_bits 
*          0    20200000    00000000     UNINITIALIZED

MODULE SUMMARY

       Module                         code    ro data   rw data
       ------                         ----    -------   -------
    .\
       ti_msp_dl_config.o             4600    437       688    
       empty.o                        412     0         6      
       startup_mspm0g350x_ticlang.o   8       192       0      
    +--+------------------------------+-------+---------+---------+
       Total:                         5020    629       694    
                                                               
    .\User\bsp\Src\
       Task.o                         7802    131       250    
       bsp_oled.o                     2098    2072      0      
       chasis.o                       2710    16        382    
       wit_c_sdk.o                    1622    512       577    
       task_scheduler.o               944     225       682    
       ultrasonic.o                   1126    24        94     
       bsp_PWM.o                      868     0         16     
       bsp_UART1.o                    718     0         108    
       bsp_UART.o                     710     0         108    
       bsp_key.o                      494     0         10     
       bsp_CAN.o                      400     0         0      
       timer.o                        358     20        4      
       ZDT_Driver.o                   328     0         0      
       ZDT_CAN.o                      266     0         0      
       gimbal.o                       202     0         0      
       JY901.o                        138     0         4      
    +--+------------------------------+-------+---------+---------+
       Total:                         20784   3000      2235   
                                                               
    E:/TI/CCS/mspm0_sdk_2_10_00_04/source/ti/driverlib/lib/ticlang/m0p/mspm0g1x0x_g3x0x/driverlib.a
       dl_mcan.o                      2144    96        0      
       dl_timer.o                     608     0         0      
       dl_sysctl_mspm0g1x0x_g3x0x.o   512     0         0      
       dl_i2c.o                       132     0         0      
       dl_uart.o                      90      0         0      
       dl_dma.o                       76      0         0      
       dl_common.o                    10      0         0      
    +--+------------------------------+-------+---------+---------+
       Total:                         3572    96        0      
                                                               
    E:\TI\CCS\ccs\tools\compiler\ti-cgt-armllvm_4.0.4.LTS\lib\armv6m-ti-none-eabi/c/libc.a
       copy_decompress_lzss.c.obj     124     0         0      
       autoinit.c.obj                 60      0         0      
       boot_cortex_m.c.obj            56      0         0      
       copy_decompress_none.c.obj     18      0         0      
       memcpy16.S.obj                 18      0         0      
       copy_zero_init.c.obj           16      0         0      
       memset16.S.obj                 14      0         0      
       exit.c.obj                     6       0         0      
       pre_init.c.obj                 4       0         0      
    +--+------------------------------+-------+---------+---------+
       Total:                         316     0         0      
                                                               
    E:\TI\CCS\ccs\tools\compiler\ti-cgt-armllvm_4.0.4.LTS\lib\armv6m-ti-none-eabi/c/libsysbm.a
       hostexit.c.obj                 4       0         0      
    +--+------------------------------+-------+---------+---------+
       Total:                         4       0         0      
                                                               
    E:\TI\CCS\ccs\tools\compiler\ti-cgt-armllvm_4.0.4.LTS\lib\armv6m-ti-none-eabi/libclang_rt.builtins.a
       comparedf2.c.obj               220     0         0      
       addsf3.S.obj                   216     0         0      
       udivmoddi4.S.obj               162     0         0      
       mulsf3.S.obj                   140     0         0      
       divsf3.S.obj                   130     0         0      
       comparesf2.S.obj               118     0         0      
       aeabi_dcmp.S.obj               98      0         0      
       aeabi_fcmp.S.obj               98      0         0      
       aeabi_uidivmod.S.obj           64      0         0      
       floatsisf.S.obj                60      0         0      
       muldsi3.S.obj                  58      0         0      
       fixsfsi.S.obj                  56      0         0      
       fixunssfsi.S.obj               50      0         0      
       floatunsisf.S.obj              40      0         0      
       floatunsidf.S.obj              36      0         0      
       ashldi3.S.obj                  30      0         0      
       aeabi_uldivmod.S.obj           20      0         0      
       aeabi_memset.S.obj             12      0         0      
       aeabi_memcpy.S.obj             8       0         0      
       aeabi_div0.c.obj               4       0         0      
    +--+------------------------------+-------+---------+---------+
       Total:                         1620    0         0      
                                                               
       Stack:                         0       0         512    
       Linker Generated:              0       361       0      
    +--+------------------------------+-------+---------+---------+
       Grand Total:                   31316   4086      3441   


LINKER GENERATED COPY TABLES

__TI_cinit_table @ 00008a64 records: 2, size/record: 8, table size: 16
	.data: load addr=00008908, load size=00000145 bytes, run addr=202006cc, run size=000004a5 bytes, compression=lzss
	.bss: load addr=00008a5c, load size=00000008 bytes, run addr=20200000, run size=000006cc bytes, compression=zero_init


LINKER GENERATED HANDLER TABLE

__TI_handler_table @ 00008a50 records: 3, size/record: 4, table size: 12
	index: 0, handler: __TI_decompress_lzss
	index: 1, handler: __TI_decompress_none
	index: 2, handler: __TI_zero_init


FAR CALL TRAMPOLINES

callee name               trampoline name
   callee addr  tramp addr   call addr  call info
--------------  -----------  ---------  ----------------
_c_int00_noargs           $Tramp$TT$L$PI$$_c_int00_noargs
   00006de9     00007b20     00007b1a   startup_mspm0g350x_ticlang.o (.text.Reset_Handler)

[1 trampolines]
[1 trampoline calls]


GLOBAL SYMBOLS: SORTED ALPHABETICALLY BY Name 

address   name                                 
-------   ----                                 
00007b13  ADC0_IRQHandler                      
00007b13  ADC1_IRQHandler                      
00007b13  AES_IRQHandler                       
00007b16  C$$EXIT                              
000061b1  CANFD0_IRQHandler                    
00005195  CAN_Rx_FIFO0_New_Message_Callback    
00004895  CAN_send_ext_frame                   
00007b13  DAC0_IRQHandler                      
00007ae5  DL_Common_delayCycles                
00005f59  DL_DMA_initChannel                   
00005b5d  DL_I2C_fillControllerTXFIFO          
00006ecf  DL_I2C_setClockConfig                
000067c9  DL_MCAN_TXBufAddReq                  
00006a4d  DL_MCAN_TXBufTransIntrEnable         
00006a79  DL_MCAN_addExtMsgIDFilter            
00006aa5  DL_MCAN_addStdMsgIDFilter            
00007889  DL_MCAN_clearIntrStatus              
00007271  DL_MCAN_enableIntr                   
0000728d  DL_MCAN_enableIntrLine               
00007a9d  DL_MCAN_getIntrStatus                
000079e1  DL_MCAN_getOpMode                    
000061f5  DL_MCAN_getRevisionId                
00006759  DL_MCAN_getRxFIFOStatus              
00006fed  DL_MCAN_getTxFIFOQueStatus           
00003f79  DL_MCAN_init                         
000079f1  DL_MCAN_isMemInitDone                
0000203d  DL_MCAN_msgRAMConfig                 
000032e9  DL_MCAN_readMsgRam                   
000072a9  DL_MCAN_selectIntrLine               
00004131  DL_MCAN_setBitTime                   
00006f3d  DL_MCAN_setClockConfig               
000067fd  DL_MCAN_setExtIDAndMask              
00007669  DL_MCAN_setOpMode                    
00003901  DL_MCAN_writeMsgRam                  
00006305  DL_MCAN_writeRxFIFOAck               
000072c5  DL_SYSCTL_configFCC                  
00004055  DL_SYSCTL_configSYSPLL               
000057ed  DL_SYSCTL_setHFCLKSourceHFXTParams   
0000597d  DL_SYSCTL_setLFCLKSourceLFXT         
00006239  DL_SYSCTL_switchMCLKfromSYSOSCtoHSCLK
00003609  DL_Timer_initFourCCPWMMode           
0000370d  DL_Timer_initTimerMode               
0000736d  DL_Timer_setCaptCompUpdateMethod     
000076f9  DL_Timer_setCaptureCompareOutCtl     
00007a41  DL_Timer_setCaptureCompareValue      
00007389  DL_Timer_setClockConfig              
00006121  DL_UART_init                         
000079ab  DL_UART_setClockConfig               
00007b13  DMA_IRQHandler                       
00007b13  Default_Handler                      
000060d5  Emm_V5_En_Control                    
00006345  Emm_V5_Origin_Set_O                  
00006485  Emm_V5_Origin_Trigger_Return         
00005013  Emm_V5_Pos_Control                   
00007b13  GROUP0_IRQHandler                    
00005851  GROUP1_IRQHandler                    
00007b17  HOSTexit                             
00007b13  HardFault_Handler                    
00007b13  I2C0_IRQHandler                      
00007b13  I2C1_IRQHandler                      
00006501  JY901_Init                           
00006f85  JY901_Update                         
000077f9  KEY_Init                             
00003cc1  KEY_Poll                             
00007ac1  Key_A18_Pressed                      
000034ff  Key_B21_Long                         
00007acd  Key_B21_Pressed                      
0000653d  Menu_Init                            
00003ae5  Menu_Run                             
00007b13  NMI_Handler                          
00005719  OLED_Clear                           
000031d5  OLED_Init                            
00006579  OLED_Set_Pos                         
000030bd  OLED_ShowChar                        
00003809  OLED_ShowNum                         
0000555d  OLED_ShowString                      
00004a91  OLED_WR_Byte                         
00007b13  PendSV_Handler                       
00007b13  RTC_IRQHandler                       
00007b1b  Reset_Handler                        
00007b13  SPI0_IRQHandler                      
00007b13  SPI1_IRQHandler                      
00007b13  SVC_Handler                          
0000695d  SYSCFG_DL_DMA_CH0_init               
0000698d  SYSCFG_DL_DMA_CH1_init               
000069bd  SYSCFG_DL_DMA_CH2_init               
000069ed  SYSCFG_DL_DMA_CH3_init               
00007929  SYSCFG_DL_DMA_init                   
00003da9  SYSCFG_DL_FRONT_OUT_init             
00002a51  SYSCFG_DL_GPIO_init                  
00005c19  SYSCFG_DL_I2C_OLED_init              
00003bd5  SYSCFG_DL_MCAN0_init                 
00004b29  SYSCFG_DL_RL_OUT_init                
000049f5  SYSCFG_DL_RR_OUT_init                
00003e91  SYSCFG_DL_SYSCTL_SYSPLL_init         
00005211  SYSCFG_DL_SYSCTL_init                
00007a51  SYSCFG_DL_SYSTICK_init               
00005385  SYSCFG_DL_UART_0_init                
000053fd  SYSCFG_DL_UART_1_init                
00006831  SYSCFG_DL_US_TIMER_init              
000059dd  SYSCFG_DL_init                       
0000470d  SYSCFG_DL_initPower                  
00004e01  SysTick_Handler                      
00007b13  TIMA0_IRQHandler                     
00007b13  TIMA1_IRQHandler                     
00007b13  TIMG0_IRQHandler                     
00006ad1  TIMG12_IRQHandler                    
00007b13  TIMG6_IRQHandler                     
00007b13  TIMG7_IRQHandler                     
00007b13  TIMG8_IRQHandler                     
000079bd  TI_memcpy_small                      
00007a8f  TI_memset_small                      
00006169  Task_Cleanup                         
00007789  Task_Done                            
0000702d  Task_Jump                            
000065b5  Timestamp_GetTicks                   
00005cc9  Timestamp_Init                       
00005095  UART0_IRQHandler                     
00005115  UART1_IRQHandler                     
00006385  UART1_Rx_DMA_ToIdle_Callback         
00007b13  UART2_IRQHandler                     
00007b13  UART3_IRQHandler                     
00002465  UART_Rx_DMA_ToIdle_Callback          
00002669  Ultrasonic_GPIOB_ISR                 
0000627d  Ultrasonic_GetDistance_mm            
00006865  Ultrasonic_GetPulseWidth_us          
00005c71  Ultrasonic_Init                      
000063c5  Ultrasonic_IsDataReady               
000047d1  Ultrasonic_Trigger                   
00007a61  User_Init                            
00006afd  WitDelayMsRegister                   
00006405  WitInit                              
00006b29  WitRegisterCallBack                  
00002251  WitSerialDataIn                      
00006b55  WitSerialWriteRegister               
00002de9  WitWriteReg                          
20208000  __STACK_END                          
00000200  __STACK_SIZE                         
00000000  __TI_ATRegion0_region_sz             
00000000  __TI_ATRegion0_src_addr              
00000000  __TI_ATRegion0_trg_addr              
00000000  __TI_ATRegion1_region_sz             
00000000  __TI_ATRegion1_src_addr              
00000000  __TI_ATRegion1_trg_addr              
00000000  __TI_ATRegion2_region_sz             
00000000  __TI_ATRegion2_src_addr              
00000000  __TI_ATRegion2_trg_addr              
00008a64  __TI_CINIT_Base                      
00008a74  __TI_CINIT_Limit                     
00008a74  __TI_CINIT_Warm                      
00008a50  __TI_Handler_Table_Base              
00008a5c  __TI_Handler_Table_Limit             
00006669  __TI_auto_init_nobinit_nopinit       
00005309  __TI_decompress_lzss                 
000079cf  __TI_decompress_none                 
ffffffff  __TI_pprof_out_hndl                  
ffffffff  __TI_prof_data_size                  
ffffffff  __TI_prof_data_start                 
00000000  __TI_static_base__                   
00007a71  __TI_zero_init                       
0000449b  __addsf3                             
000058b5  __aeabi_dcmpeq                       
000058f1  __aeabi_dcmpge                       
00005905  __aeabi_dcmpgt                       
000058dd  __aeabi_dcmple                       
000058c9  __aeabi_dcmplt                       
00006791  __aeabi_f2iz                         
00006899  __aeabi_f2uiz                        
0000449b  __aeabi_fadd                         
00005919  __aeabi_fcmpeq                       
00005955  __aeabi_fcmpge                       
00005969  __aeabi_fcmpgt                       
00005941  __aeabi_fcmple                       
0000592d  __aeabi_fcmplt                       
00004f91  __aeabi_fdiv                         
00004ce9  __aeabi_fmul                         
00004491  __aeabi_fsub                         
000065f1  __aeabi_i2f                          
000038ff  __aeabi_idiv0                        
000049f3  __aeabi_ldiv0                        
0000708d  __aeabi_llsl                         
00007ad9  __aeabi_memclr                       
00007ad9  __aeabi_memclr4                      
00007ad9  __aeabi_memclr8                      
00007b05  __aeabi_memcpy                       
00007b05  __aeabi_memcpy4                      
00007b05  __aeabi_memcpy8                      
00006fa9  __aeabi_ui2d                         
00006dc1  __aeabi_ui2f                         
00006445  __aeabi_uidiv                        
00006445  __aeabi_uidivmod                     
0000793d  __aeabi_uldivmod                     
0000708d  __ashldi3                            
ffffffff  __binit__                            
00005785  __cmpdf2                             
000066e1  __cmpsf2                             
00004f91  __divsf3                             
00005785  __eqdf2                              
000066e1  __eqsf2                              
00006791  __fixsfsi                            
00006899  __fixunssfsi                         
000065f1  __floatsisf                          
00006fa9  __floatunsidf                        
00006dc1  __floatunsisf                        
00005475  __gedf2                              
0000662d  __gesf2                              
00005475  __gtdf2                              
0000662d  __gtsf2                              
00005785  __ledf2                              
000066e1  __lesf2                              
00005785  __ltdf2                              
000066e1  __ltsf2                              
UNDEFED   __mpu_init                           
0000671d  __muldsi3                            
00004ce9  __mulsf3                             
00005785  __nedf2                              
000066e1  __nesf2                              
20207e00  __stack                              
20200000  __start___llvm_prf_bits              
20200000  __start___llvm_prf_cnts              
20200000  __stop___llvm_prf_bits               
20200000  __stop___llvm_prf_cnts               
00004491  __subsf3                             
00004951  __udivmoddi4                         
00006de9  _c_int00_noargs                      
UNDEFED   _system_post_cinit                   
00007b31  _system_pre_init                     
00007b0d  abort                                
00008128  asc2_0806                            
00007b38  asc2_1608                            
ffffffff  binit                                
000033f5  can_SendCmd                          
00006089  chasis_brake                         
20200b49  chasis_braked                        
00001745  chasis_cal                           
000054e9  chasis_set_velocity                  
00007a81  chasis_stop                          
20200b4a  chasis_trapezoid_done                
00001dbd  chasis_trapezoid_move                
20200b4c  flag_enter                           
20200b4d  flag_long_b21                        
20200b4e  flag_next                            
20200220  gFRONT_OUTBackup                     
20200438  gMCAN0Backup                         
202002dc  gRL_OUTBackup                        
20200398  gRR_OUTBackup                        
20200ae4  g_dbg_isr_cnt                        
20200ae8  g_dbg_last_iidx                      
20200b40  g_dbg_state                          
20200aec  g_dbg_trig_cnt                       
20200b4f  g_flag_100hz                         
20200a68  g_q1_t1                              
20200a7c  g_q1_t2                              
20200a90  g_q1_t3                              
20200af0  g_tick                               
20200af8  g_us_dist0                           
20200afc  g_us_dist1                           
20200b00  g_us_pulse0                          
20200b04  g_us_pulse1                          
000070ab  gimbal_disable                       
0000704d  gimbal_enable                        
000070c9  gimbal_return_zero                   
000073dd  gimbal_set_zero                      
00005d1d  gimbal_update                        
0000528d  handleCanRxMessage                   
20200b50  init_ok                              
00000000  interruptVectors                     
202006c0  jy901_yaw                            
0000563d  main                                 
00004569  motor_brake                          
000043b9  motor_coast                          
0000463d  motor_openloop_drive                 
00002c31  motor_set                            
00004d75  ms_callback                          
000073c1  mspm0_delay_ms                       
00006c05  mspm0_get_clock_ms                   
00005a3d  oled_i2c_sda_unlock                  
00006a1d  oled_pow                             
00003501  one_hundured_ms_callback             
20200b42  rx_size                              
20200000  sReg                                 
20200b34  system_mode                          
00004bc1  uart1_isIDLE                         
00005d71  uart1_receive_start                  
202004d0  uart1_rx_buff                        
20200b5e  uart1_rx_dma_complete_flag           
20200b5f  uart1_rx_length                      
20200b44  uart1_rx_size                        
00005a9d  uart1_send                           
20200b60  uart1_tx_complete_flag               
20200b61  uart1_tx_dma_complete_flag           
00004c59  uart_isIDLE                          
00005dc5  uart_receive_start                   
20200534  uart_rx_buff                         
20200b64  uart_rx_dma_complete_flag            
20200b65  uart_rx_length                       
00005afd  uart_send                            
20200b66  uart_tx_complete_flag                
20200b67  uart_tx_dma_complete_flag            
202006cc  user_chasis                          
000000c1  while_task                           
202006c4  x_origin                             
202006c8  y_origin                             


GLOBAL SYMBOLS: SORTED BY Symbol Address 

address   name                                 
-------   ----                                 
00000000  __TI_ATRegion0_region_sz             
00000000  __TI_ATRegion0_src_addr              
00000000  __TI_ATRegion0_trg_addr              
00000000  __TI_ATRegion1_region_sz             
00000000  __TI_ATRegion1_src_addr              
00000000  __TI_ATRegion1_trg_addr              
00000000  __TI_ATRegion2_region_sz             
00000000  __TI_ATRegion2_src_addr              
00000000  __TI_ATRegion2_trg_addr              
00000000  __TI_static_base__                   
00000000  interruptVectors                     
000000c1  while_task                           
00000200  __STACK_SIZE                         
00001745  chasis_cal                           
00001dbd  chasis_trapezoid_move                
0000203d  DL_MCAN_msgRAMConfig                 
00002251  WitSerialDataIn                      
00002465  UART_Rx_DMA_ToIdle_Callback          
00002669  Ultrasonic_GPIOB_ISR                 
00002a51  SYSCFG_DL_GPIO_init                  
00002c31  motor_set                            
00002de9  WitWriteReg                          
000030bd  OLED_ShowChar                        
000031d5  OLED_Init                            
000032e9  DL_MCAN_readMsgRam                   
000033f5  can_SendCmd                          
000034ff  Key_B21_Long                         
00003501  one_hundured_ms_callback             
00003609  DL_Timer_initFourCCPWMMode           
0000370d  DL_Timer_initTimerMode               
00003809  OLED_ShowNum                         
000038ff  __aeabi_idiv0                        
00003901  DL_MCAN_writeMsgRam                  
00003ae5  Menu_Run                             
00003bd5  SYSCFG_DL_MCAN0_init                 
00003cc1  KEY_Poll                             
00003da9  SYSCFG_DL_FRONT_OUT_init             
00003e91  SYSCFG_DL_SYSCTL_SYSPLL_init         
00003f79  DL_MCAN_init                         
00004055  DL_SYSCTL_configSYSPLL               
00004131  DL_MCAN_setBitTime                   
000043b9  motor_coast                          
00004491  __aeabi_fsub                         
00004491  __subsf3                             
0000449b  __addsf3                             
0000449b  __aeabi_fadd                         
00004569  motor_brake                          
0000463d  motor_openloop_drive                 
0000470d  SYSCFG_DL_initPower                  
000047d1  Ultrasonic_Trigger                   
00004895  CAN_send_ext_frame                   
00004951  __udivmoddi4                         
000049f3  __aeabi_ldiv0                        
000049f5  SYSCFG_DL_RR_OUT_init                
00004a91  OLED_WR_Byte                         
00004b29  SYSCFG_DL_RL_OUT_init                
00004bc1  uart1_isIDLE                         
00004c59  uart_isIDLE                          
00004ce9  __aeabi_fmul                         
00004ce9  __mulsf3                             
00004d75  ms_callback                          
00004e01  SysTick_Handler                      
00004f91  __aeabi_fdiv                         
00004f91  __divsf3                             
00005013  Emm_V5_Pos_Control                   
00005095  UART0_IRQHandler                     
00005115  UART1_IRQHandler                     
00005195  CAN_Rx_FIFO0_New_Message_Callback    
00005211  SYSCFG_DL_SYSCTL_init                
0000528d  handleCanRxMessage                   
00005309  __TI_decompress_lzss                 
00005385  SYSCFG_DL_UART_0_init                
000053fd  SYSCFG_DL_UART_1_init                
00005475  __gedf2                              
00005475  __gtdf2                              
000054e9  chasis_set_velocity                  
0000555d  OLED_ShowString                      
0000563d  main                                 
00005719  OLED_Clear                           
00005785  __cmpdf2                             
00005785  __eqdf2                              
00005785  __ledf2                              
00005785  __ltdf2                              
00005785  __nedf2                              
000057ed  DL_SYSCTL_setHFCLKSourceHFXTParams   
00005851  GROUP1_IRQHandler                    
000058b5  __aeabi_dcmpeq                       
000058c9  __aeabi_dcmplt                       
000058dd  __aeabi_dcmple                       
000058f1  __aeabi_dcmpge                       
00005905  __aeabi_dcmpgt                       
00005919  __aeabi_fcmpeq                       
0000592d  __aeabi_fcmplt                       
00005941  __aeabi_fcmple                       
00005955  __aeabi_fcmpge                       
00005969  __aeabi_fcmpgt                       
0000597d  DL_SYSCTL_setLFCLKSourceLFXT         
000059dd  SYSCFG_DL_init                       
00005a3d  oled_i2c_sda_unlock                  
00005a9d  uart1_send                           
00005afd  uart_send                            
00005b5d  DL_I2C_fillControllerTXFIFO          
00005c19  SYSCFG_DL_I2C_OLED_init              
00005c71  Ultrasonic_Init                      
00005cc9  Timestamp_Init                       
00005d1d  gimbal_update                        
00005d71  uart1_receive_start                  
00005dc5  uart_receive_start                   
00005f59  DL_DMA_initChannel                   
00006089  chasis_brake                         
000060d5  Emm_V5_En_Control                    
00006121  DL_UART_init                         
00006169  Task_Cleanup                         
000061b1  CANFD0_IRQHandler                    
000061f5  DL_MCAN_getRevisionId                
00006239  DL_SYSCTL_switchMCLKfromSYSOSCtoHSCLK
0000627d  Ultrasonic_GetDistance_mm            
00006305  DL_MCAN_writeRxFIFOAck               
00006345  Emm_V5_Origin_Set_O                  
00006385  UART1_Rx_DMA_ToIdle_Callback         
000063c5  Ultrasonic_IsDataReady               
00006405  WitInit                              
00006445  __aeabi_uidiv                        
00006445  __aeabi_uidivmod                     
00006485  Emm_V5_Origin_Trigger_Return         
00006501  JY901_Init                           
0000653d  Menu_Init                            
00006579  OLED_Set_Pos                         
000065b5  Timestamp_GetTicks                   
000065f1  __aeabi_i2f                          
000065f1  __floatsisf                          
0000662d  __gesf2                              
0000662d  __gtsf2                              
00006669  __TI_auto_init_nobinit_nopinit       
000066e1  __cmpsf2                             
000066e1  __eqsf2                              
000066e1  __lesf2                              
000066e1  __ltsf2                              
000066e1  __nesf2                              
0000671d  __muldsi3                            
00006759  DL_MCAN_getRxFIFOStatus              
00006791  __aeabi_f2iz                         
00006791  __fixsfsi                            
000067c9  DL_MCAN_TXBufAddReq                  
000067fd  DL_MCAN_setExtIDAndMask              
00006831  SYSCFG_DL_US_TIMER_init              
00006865  Ultrasonic_GetPulseWidth_us          
00006899  __aeabi_f2uiz                        
00006899  __fixunssfsi                         
0000695d  SYSCFG_DL_DMA_CH0_init               
0000698d  SYSCFG_DL_DMA_CH1_init               
000069bd  SYSCFG_DL_DMA_CH2_init               
000069ed  SYSCFG_DL_DMA_CH3_init               
00006a1d  oled_pow                             
00006a4d  DL_MCAN_TXBufTransIntrEnable         
00006a79  DL_MCAN_addExtMsgIDFilter            
00006aa5  DL_MCAN_addStdMsgIDFilter            
00006ad1  TIMG12_IRQHandler                    
00006afd  WitDelayMsRegister                   
00006b29  WitRegisterCallBack                  
00006b55  WitSerialWriteRegister               
00006c05  mspm0_get_clock_ms                   
00006dc1  __aeabi_ui2f                         
00006dc1  __floatunsisf                        
00006de9  _c_int00_noargs                      
00006ecf  DL_I2C_setClockConfig                
00006f3d  DL_MCAN_setClockConfig               
00006f85  JY901_Update                         
00006fa9  __aeabi_ui2d                         
00006fa9  __floatunsidf                        
00006fed  DL_MCAN_getTxFIFOQueStatus           
0000702d  Task_Jump                            
0000704d  gimbal_enable                        
0000708d  __aeabi_llsl                         
0000708d  __ashldi3                            
000070ab  gimbal_disable                       
000070c9  gimbal_return_zero                   
00007271  DL_MCAN_enableIntr                   
0000728d  DL_MCAN_enableIntrLine               
000072a9  DL_MCAN_selectIntrLine               
000072c5  DL_SYSCTL_configFCC                  
0000736d  DL_Timer_setCaptCompUpdateMethod     
00007389  DL_Timer_setClockConfig              
000073c1  mspm0_delay_ms                       
000073dd  gimbal_set_zero                      
00007669  DL_MCAN_setOpMode                    
000076f9  DL_Timer_setCaptureCompareOutCtl     
00007789  Task_Done                            
000077f9  KEY_Init                             
00007889  DL_MCAN_clearIntrStatus              
00007929  SYSCFG_DL_DMA_init                   
0000793d  __aeabi_uldivmod                     
000079ab  DL_UART_setClockConfig               
000079bd  TI_memcpy_small                      
000079cf  __TI_decompress_none                 
000079e1  DL_MCAN_getOpMode                    
000079f1  DL_MCAN_isMemInitDone                
00007a41  DL_Timer_setCaptureCompareValue      
00007a51  SYSCFG_DL_SYSTICK_init               
00007a61  User_Init                            
00007a71  __TI_zero_init                       
00007a81  chasis_stop                          
00007a8f  TI_memset_small                      
00007a9d  DL_MCAN_getIntrStatus                
00007ac1  Key_A18_Pressed                      
00007acd  Key_B21_Pressed                      
00007ad9  __aeabi_memclr                       
00007ad9  __aeabi_memclr4                      
00007ad9  __aeabi_memclr8                      
00007ae5  DL_Common_delayCycles                
00007b05  __aeabi_memcpy                       
00007b05  __aeabi_memcpy4                      
00007b05  __aeabi_memcpy8                      
00007b0d  abort                                
00007b13  ADC0_IRQHandler                      
00007b13  ADC1_IRQHandler                      
00007b13  AES_IRQHandler                       
00007b13  DAC0_IRQHandler                      
00007b13  DMA_IRQHandler                       
00007b13  Default_Handler                      
00007b13  GROUP0_IRQHandler                    
00007b13  HardFault_Handler                    
00007b13  I2C0_IRQHandler                      
00007b13  I2C1_IRQHandler                      
00007b13  NMI_Handler                          
00007b13  PendSV_Handler                       
00007b13  RTC_IRQHandler                       
00007b13  SPI0_IRQHandler                      
00007b13  SPI1_IRQHandler                      
00007b13  SVC_Handler                          
00007b13  TIMA0_IRQHandler                     
00007b13  TIMA1_IRQHandler                     
00007b13  TIMG0_IRQHandler                     
00007b13  TIMG6_IRQHandler                     
00007b13  TIMG7_IRQHandler                     
00007b13  TIMG8_IRQHandler                     
00007b13  UART2_IRQHandler                     
00007b13  UART3_IRQHandler                     
00007b16  C$$EXIT                              
00007b17  HOSTexit                             
00007b1b  Reset_Handler                        
00007b31  _system_pre_init                     
00007b38  asc2_1608                            
00008128  asc2_0806                            
00008a50  __TI_Handler_Table_Base              
00008a5c  __TI_Handler_Table_Limit             
00008a64  __TI_CINIT_Base                      
00008a74  __TI_CINIT_Limit                     
00008a74  __TI_CINIT_Warm                      
20200000  __start___llvm_prf_bits              
20200000  __start___llvm_prf_cnts              
20200000  __stop___llvm_prf_bits               
20200000  __stop___llvm_prf_cnts               
20200000  sReg                                 
20200220  gFRONT_OUTBackup                     
202002dc  gRL_OUTBackup                        
20200398  gRR_OUTBackup                        
20200438  gMCAN0Backup                         
202004d0  uart1_rx_buff                        
20200534  uart_rx_buff                         
202006c0  jy901_yaw                            
202006c4  x_origin                             
202006c8  y_origin                             
202006cc  user_chasis                          
20200a68  g_q1_t1                              
20200a7c  g_q1_t2                              
20200a90  g_q1_t3                              
20200ae4  g_dbg_isr_cnt                        
20200ae8  g_dbg_last_iidx                      
20200aec  g_dbg_trig_cnt                       
20200af0  g_tick                               
20200af8  g_us_dist0                           
20200afc  g_us_dist1                           
20200b00  g_us_pulse0                          
20200b04  g_us_pulse1                          
20200b34  system_mode                          
20200b40  g_dbg_state                          
20200b42  rx_size                              
20200b44  uart1_rx_size                        
20200b49  chasis_braked                        
20200b4a  chasis_trapezoid_done                
20200b4c  flag_enter                           
20200b4d  flag_long_b21                        
20200b4e  flag_next                            
20200b4f  g_flag_100hz                         
20200b50  init_ok                              
20200b5e  uart1_rx_dma_complete_flag           
20200b5f  uart1_rx_length                      
20200b60  uart1_tx_complete_flag               
20200b61  uart1_tx_dma_complete_flag           
20200b64  uart_rx_dma_complete_flag            
20200b65  uart_rx_length                       
20200b66  uart_tx_complete_flag                
20200b67  uart_tx_dma_complete_flag            
20207e00  __stack                              
20208000  __STACK_END                          
ffffffff  __TI_pprof_out_hndl                  
ffffffff  __TI_prof_data_size                  
ffffffff  __TI_prof_data_start                 
ffffffff  __binit__                            
ffffffff  binit                                
UNDEFED   __mpu_init                           
UNDEFED   _system_post_cinit                   

[303 symbols]
