******************************************************************************
            TI ARM Clang Linker PC v4.0.4                      
******************************************************************************
>> Linked Sun May 24 05:48:23 2026

OUTPUT FILE NAME:   <test.out>
ENTRY POINT SYMBOL: "_c_int00_noargs"  address: 00006b15


MEMORY CONFIGURATION

         name            origin    length      used     unused   attr    fill
----------------------  --------  ---------  --------  --------  ----  --------
  FLASH                 00000000   00020000  00008708  000178f8  R  X
  SRAM                  20200000   00008000  00000c8b  00007375  RW X
  BCR_CONFIG            41c00000   000000ff  00000000  000000ff  R   
  BSL_CONFIG            41c00100   00000080  00000000  00000080  R   


SEGMENT ALLOCATION MAP

run origin  load origin   length   init length attrs members
----------  ----------- ---------- ----------- ----- -------
00000000    00000000    00008708   00008708    r-x
  00000000    00000000    000000c0   000000c0    r-- .intvecs
  000000c0    000000c0    000077a0   000077a0    r-x .text
  00007860    00007860    00000d98   00000d98    r-- .rodata
  000085f8    000085f8    00000110   00000110    r-- .cinit
20200000    20200000    00000a8b   00000000    rw-
  20200000    20200000    000006cc   00000000    rw- .bss
  202006cc    202006cc    000003bf   00000000    rw- .data
20207e00    20207e00    00000200   00000000    rw-
  20207e00    20207e00    00000200   00000000    rw- .stack


SECTION ALLOCATION MAP

 output                                  attributes/
section   page    origin      length       input sections
--------  ----  ----------  ----------   ----------------
.intvecs   0    00000000    000000c0     
                  00000000    000000c0     startup_mspm0g350x_ticlang.o (.intvecs)

.text      0    000000c0    000077a0     
                  000000c0    00001600     Task.o (.text.while_task)
                  000016c0    000003e0     chasis.o (.text.chasis_cal)
                  00001aa0    00000298     chasis.o (.text.mec_inverse)
                  00001d38    00000280     chasis.o (.text.chasis_trapezoid_move)
                  00001fb8    00000214     driverlib.a : dl_mcan.o (.text.DL_MCAN_msgRAMConfig)
                  000021cc    00000214     wit_c_sdk.o (.text.WitSerialDataIn)
                  000023e0    00000204     Task.o (.text.UART_Rx_DMA_ToIdle_Callback)
                  000025e4    000001fc     ultrasonic.o (.text.Ultrasonic_GPIOB_ISR)
                  000027e0    000001e0     ti_msp_dl_config.o (.text.SYSCFG_DL_GPIO_init)
                  000029c0    000001b8     bsp_PWM.o (.text.motor_set)
                  00002b78    0000017c     wit_c_sdk.o (.text.WitWriteReg)
                  00002cf4    00000158     wit_c_sdk.o (.text.CopeWitData)
                  00002e4c    00000118     bsp_oled.o (.text.OLED_ShowChar)
                  00002f64    00000114     bsp_oled.o (.text.OLED_Init)
                  00003078    0000010c     driverlib.a : dl_mcan.o (.text.DL_MCAN_readMsgRam)
                  00003184    0000010a     ZDT_CAN.o (.text.can_SendCmd)
                  0000328e    00000002     libclang_rt.builtins.a : aeabi_div0.c.obj (.text.__aeabi_idiv0)
                  00003290    00000108     Task.o (.text.one_hundured_ms_callback)
                  00003398    00000104     driverlib.a : dl_timer.o (.text.DL_Timer_initFourCCPWMMode)
                  0000349c    000000fc                 : dl_timer.o (.text.DL_Timer_initTimerMode)
                  00003598    000000f6     bsp_oled.o (.text.OLED_ShowNum)
                  0000368e    00000002     libclang_rt.builtins.a : aeabi_div0.c.obj (.text.__aeabi_ldiv0)
                  00003690    000000f4     driverlib.a : dl_mcan.o (.text.DL_MCAN_writeMsgRam)
                  00003784    000000f0     task_scheduler.o (.text.Menu_Enter)
                  00003874    000000f0     task_scheduler.o (.text.Menu_Run)
                  00003964    000000ec     ti_msp_dl_config.o (.text.SYSCFG_DL_MCAN0_init)
                  00003a50    000000e8     ti_msp_dl_config.o (.text.SYSCFG_DL_FRONT_OUT_init)
                  00003b38    000000e8     ti_msp_dl_config.o (.text.SYSCFG_DL_SYSCTL_SYSPLL_init)
                  00003c20    000000dc     driverlib.a : dl_mcan.o (.text.DL_MCAN_init)
                  00003cfc    000000dc                 : dl_sysctl_mspm0g1x0x_g3x0x.o (.text.DL_SYSCTL_configSYSPLL)
                  00003dd8    000000d8                 : dl_mcan.o (.text.DL_MCAN_setBitTime)
                  00003eb0    000000d8     task_scheduler.o (.text.Menu_Draw)
                  00003f88    000000d8     Task.o (.text.filter_average)
                  00004060    000000d8     bsp_PWM.o (.text.motor_coast)
                  00004138    000000d8     libclang_rt.builtins.a : addsf3.S.obj (.text)
                  00004210    000000d4     bsp_PWM.o (.text.motor_brake)
                  000042e4    000000d0     chasis.o (.text.motor_openloop_drive)
                  000043b4    000000c4     ti_msp_dl_config.o (.text.SYSCFG_DL_initPower)
                  00004478    000000c4     ultrasonic.o (.text.Ultrasonic_Trigger)
                  0000453c    000000bc     bsp_CAN.o (.text.CAN_send_ext_frame)
                  000045f8    000000a2     libclang_rt.builtins.a : udivmoddi4.S.obj (.text)
                  0000469a    00000002     --HOLE-- [fill = 0]
                  0000469c    0000009c     ti_msp_dl_config.o (.text.SYSCFG_DL_RR_OUT_init)
                  00004738    00000098     bsp_oled.o (.text.OLED_WR_Byte)
                  000047d0    00000098     ti_msp_dl_config.o (.text.SYSCFG_DL_RL_OUT_init)
                  00004868    00000098     bsp_UART1.o (.text.uart1_isIDLE)
                  00004900    00000090     bsp_UART.o (.text.uart_isIDLE)
                  00004990    0000008c     libclang_rt.builtins.a : mulsf3.S.obj (.text.__mulsf3)
                  00004a1c    0000008c     Task.o (.text.ms_callback)
                  00004aa8    00000088     empty.o (.text.SysTick_Handler)
                  00004b30    00000084     bsp_key.o (.text.KEY_Poll)
                  00004bb4    00000084     task_scheduler.o (.text.Menu_Next)
                  00004c38    00000084     ti_msp_dl_config.o (.text.__NVIC_SetPriority)
                  00004cbc    00000082     libclang_rt.builtins.a : divsf3.S.obj (.text.__divsf3)
                  00004d3e    00000080     ZDT_Driver.o (.text.Emm_V5_Pos_Control)
                  00004dbe    00000002     --HOLE-- [fill = 0]
                  00004dc0    00000080     bsp_UART.o (.text.UART0_IRQHandler)
                  00004e40    00000080     bsp_UART1.o (.text.UART1_IRQHandler)
                  00004ec0    0000007c     Task.o (.text.CAN_Rx_FIFO0_New_Message_Callback)
                  00004f3c    0000007c     ti_msp_dl_config.o (.text.SYSCFG_DL_SYSCTL_init)
                  00004fb8    0000007c     bsp_CAN.o (.text.handleCanRxMessage)
                  00005034    0000007c     libc.a : copy_decompress_lzss.c.obj (.text:decompress:lzss)
                  000050b0    00000078     ti_msp_dl_config.o (.text.SYSCFG_DL_UART_0_init)
                  00005128    00000078     ti_msp_dl_config.o (.text.SYSCFG_DL_UART_1_init)
                  000051a0    00000074     libclang_rt.builtins.a : comparedf2.c.obj (.text.__gedf2)
                  00005214    00000074     chasis.o (.text.chasis_set_velocity)
                  00005288    00000070     bsp_oled.o (.text.OLED_ShowString)
                  000052f8    00000070     wit_c_sdk.o (.text.__CRC16)
                  00005368    00000070     empty.o (.text.main)
                  000053d8    0000006c     Task.o (.text._show_signed)
                  00005444    0000006a     bsp_oled.o (.text.OLED_Clear)
                  000054ae    00000002     --HOLE-- [fill = 0]
                  000054b0    00000068     libclang_rt.builtins.a : comparedf2.c.obj (.text.__ledf2)
                  00005518    00000064     driverlib.a : dl_sysctl_mspm0g1x0x_g3x0x.o (.text.DL_SYSCTL_setHFCLKSourceHFXTParams)
                  0000557c    00000064     bsp_key.o (.text.GROUP1_IRQHandler)
                  000055e0    00000062     libclang_rt.builtins.a : aeabi_dcmp.S.obj (.text.__aeabi_dcmp)
                  00005642    00000002     --HOLE-- [fill = 0]
                  00005644    00000062                            : aeabi_fcmp.S.obj (.text.__aeabi_fcmp)
                  000056a6    00000002     --HOLE-- [fill = 0]
                  000056a8    00000060     driverlib.a : dl_sysctl_mspm0g1x0x_g3x0x.o (.text.DL_SYSCTL_setLFCLKSourceLFXT)
                  00005708    00000060     ti_msp_dl_config.o (.text.SYSCFG_DL_init)
                  00005768    00000060     bsp_oled.o (.text.oled_i2c_sda_unlock)
                  000057c8    00000060     bsp_UART1.o (.text.uart1_send)
                  00005828    00000060     bsp_UART.o (.text.uart_send)
                  00005888    0000005e     driverlib.a : dl_i2c.o (.text.DL_I2C_fillControllerTXFIFO)
                  000058e6    00000002     --HOLE-- [fill = 0]
                  000058e8    0000005c     bsp_oled.o (.text.mspm0_i2c_enable)
                  00005944    00000058     ti_msp_dl_config.o (.text.SYSCFG_DL_I2C_OLED_init)
                  0000599c    00000058     ultrasonic.o (.text.Ultrasonic_Init)
                  000059f4    00000054     timer.o (.text.Timestamp_Init)
                  00005a48    00000054     gimbal.o (.text.gimbal_update)
                  00005a9c    00000054     bsp_UART1.o (.text.uart1_receive_start)
                  00005af0    00000054     bsp_UART.o (.text.uart_receive_start)
                  00005b44    00000050     bsp_oled.o (.text.DL_GPIO_initPeripheralInputFunctionFeatures)
                  00005b94    00000050     ti_msp_dl_config.o (.text.DL_GPIO_initPeripheralInputFunctionFeatures)
                  00005be4    00000050     bsp_oled.o (.text.DL_I2C_startControllerTransfer)
                  00005c34    00000050     ti_msp_dl_config.o (.text.SysTick_Config)
                  00005c84    0000004c     driverlib.a : dl_dma.o (.text.DL_DMA_initChannel)
                  00005cd0    0000004c     bsp_oled.o (.text.DL_GPIO_initDigitalInputFeatures)
                  00005d1c    0000004c     ti_msp_dl_config.o (.text.DL_GPIO_initDigitalInputFeatures)
                  00005d68    0000004c     ti_msp_dl_config.o (.text.DL_UART_setBaudRateDivisor)
                  00005db4    0000004c     chasis.o (.text.chasis_brake)
                  00005e00    0000004a     ZDT_Driver.o (.text.Emm_V5_En_Control)
                  00005e4a    00000002     --HOLE-- [fill = 0]
                  00005e4c    00000048     driverlib.a : dl_uart.o (.text.DL_UART_init)
                  00005e94    00000048     Task.o (.text.Task_Cleanup)
                  00005edc    00000044     bsp_CAN.o (.text.CANFD0_IRQHandler)
                  00005f20    00000044     driverlib.a : dl_mcan.o (.text.DL_MCAN_getRevisionId)
                  00005f64    00000044                 : dl_sysctl_mspm0g1x0x_g3x0x.o (.text.DL_SYSCTL_switchMCLKfromSYSOSCtoHSCLK)
                  00005fa8    00000044     ultrasonic.o (.text.Ultrasonic_GetDistance_mm)
                  00005fec    00000044     bsp_oled.o (.text.mspm0_i2c_disable)
                  00006030    00000040     driverlib.a : dl_mcan.o (.text.DL_MCAN_writeRxFIFOAck)
                  00006070    00000040     ZDT_Driver.o (.text.Emm_V5_Origin_Set_O)
                  000060b0    00000040     Task.o (.text.UART1_Rx_DMA_ToIdle_Callback)
                  000060f0    00000040     ultrasonic.o (.text.Ultrasonic_IsDataReady)
                  00006130    00000040     wit_c_sdk.o (.text.WitInit)
                  00006170    00000040     libclang_rt.builtins.a : aeabi_uidivmod.S.obj (.text.__aeabi_uidivmod)
                  000061b0    0000003e     ZDT_Driver.o (.text.Emm_V5_Origin_Trigger_Return)
                  000061ee    00000002     --HOLE-- [fill = 0]
                  000061f0    0000003c     ti_msp_dl_config.o (.text.DL_Timer_setCounterControl)
                  0000622c    0000003c     JY901.o (.text.JY901_Init)
                  00006268    0000003c     task_scheduler.o (.text.Menu_Init)
                  000062a4    0000003c     bsp_oled.o (.text.OLED_Set_Pos)
                  000062e0    0000003c     timer.o (.text.Timestamp_GetTicks)
                  0000631c    0000003c     libclang_rt.builtins.a : floatsisf.S.obj (.text.__floatsisf)
                  00006358    0000003c                            : comparesf2.S.obj (.text.__gtsf2)
                  00006394    0000003c     libc.a : autoinit.c.obj (.text:__TI_auto_init_nobinit_nopinit)
                  000063d0    0000003a     wit_c_sdk.o (.text.__CaliSum)
                  0000640a    00000002     --HOLE-- [fill = 0]
                  0000640c    0000003a     libclang_rt.builtins.a : comparesf2.S.obj (.text.__eqsf2)
                  00006446    00000002     --HOLE-- [fill = 0]
                  00006448    0000003a                            : muldsi3.S.obj (.text.__muldsi3)
                  00006482    00000002     --HOLE-- [fill = 0]
                  00006484    00000038     driverlib.a : dl_mcan.o (.text.DL_MCAN_getRxFIFOStatus)
                  000064bc    00000038     libclang_rt.builtins.a : fixsfsi.S.obj (.text.__fixsfsi)
                  000064f4    00000034     driverlib.a : dl_mcan.o (.text.DL_MCAN_TXBufAddReq)
                  00006528    00000034                 : dl_mcan.o (.text.DL_MCAN_setExtIDAndMask)
                  0000655c    00000034     ti_msp_dl_config.o (.text.SYSCFG_DL_US_TIMER_init)
                  00006590    00000034     ultrasonic.o (.text.Ultrasonic_GetPulseWidth_us)
                  000065c4    00000032     libclang_rt.builtins.a : fixunssfsi.S.obj (.text.__fixunssfsi)
                  000065f6    00000002     --HOLE-- [fill = 0]
                  000065f8    00000030     bsp_UART.o (.text.DL_DMA_setTransferSize)
                  00006628    00000030     bsp_UART1.o (.text.DL_DMA_setTransferSize)
                  00006658    00000030     ti_msp_dl_config.o (.text.DL_GPIO_initDigitalOutputFeatures)
                  00006688    00000030     ti_msp_dl_config.o (.text.SYSCFG_DL_DMA_CH0_init)
                  000066b8    00000030     ti_msp_dl_config.o (.text.SYSCFG_DL_DMA_CH1_init)
                  000066e8    00000030     ti_msp_dl_config.o (.text.SYSCFG_DL_DMA_CH2_init)
                  00006718    00000030     ti_msp_dl_config.o (.text.SYSCFG_DL_DMA_CH3_init)
                  00006748    00000030     bsp_oled.o (.text.oled_pow)
                  00006778    0000002c     driverlib.a : dl_mcan.o (.text.DL_MCAN_TXBufTransIntrEnable)
                  000067a4    0000002c                 : dl_mcan.o (.text.DL_MCAN_addExtMsgIDFilter)
                  000067d0    0000002c                 : dl_mcan.o (.text.DL_MCAN_addStdMsgIDFilter)
                  000067fc    0000002c     timer.o (.text.TIMG12_IRQHandler)
                  00006828    0000002c     wit_c_sdk.o (.text.WitDelayMsRegister)
                  00006854    0000002c     wit_c_sdk.o (.text.WitRegisterCallBack)
                  00006880    0000002c     wit_c_sdk.o (.text.WitSerialWriteRegister)
                  000068ac    0000002c     bsp_key.o (.text.__NVIC_EnableIRQ)
                  000068d8    0000002c     empty.o (.text.__NVIC_EnableIRQ)
                  00006904    0000002c     timer.o (.text.__NVIC_EnableIRQ)
                  00006930    0000002c     empty.o (.text.mspm0_get_clock_ms)
                  0000695c    00000028     bsp_oled.o (.text.DL_Common_updateReg)
                  00006984    00000028     ti_msp_dl_config.o (.text.DL_Common_updateReg)
                  000069ac    00000028     bsp_UART.o (.text.DL_DMA_setDestAddr)
                  000069d4    00000028     bsp_UART1.o (.text.DL_DMA_setDestAddr)
                  000069fc    00000028     bsp_UART.o (.text.DL_DMA_setSrcAddr)
                  00006a24    00000028     bsp_UART1.o (.text.DL_DMA_setSrcAddr)
                  00006a4c    00000028     ti_msp_dl_config.o (.text.DL_I2C_setControllerRXFIFOThreshold)
                  00006a74    00000028     ti_msp_dl_config.o (.text.DL_I2C_setControllerTXFIFOThreshold)
                  00006a9c    00000028     ti_msp_dl_config.o (.text.DL_UART_setRXFIFOThreshold)
                  00006ac4    00000028     ti_msp_dl_config.o (.text.DL_UART_setTXFIFOThreshold)
                  00006aec    00000028     libclang_rt.builtins.a : floatunsisf.S.obj (.text.__floatunsisf)
                  00006b14    00000028     libc.a : boot_cortex_m.c.obj (.text:_c_int00_noargs)
                  00006b3c    00000026     bsp_UART.o (.text.DL_DMA_disableChannel)
                  00006b62    00000026     bsp_UART1.o (.text.DL_DMA_disableChannel)
                  00006b88    00000026     bsp_UART.o (.text.DL_DMA_enableChannel)
                  00006bae    00000026     bsp_UART1.o (.text.DL_DMA_enableChannel)
                  00006bd4    00000026     ti_msp_dl_config.o (.text.DL_I2C_setAnalogGlitchFilterPulseWidth)
                  00006bfa    00000026     driverlib.a : dl_i2c.o (.text.DL_I2C_setClockConfig)
                  00006c20    00000024     bsp_UART.o (.text.DL_DMA_getTransferSize)
                  00006c44    00000024     bsp_UART1.o (.text.DL_DMA_getTransferSize)
                  00006c68    00000024     driverlib.a : dl_mcan.o (.text.DL_MCAN_setClockConfig)
                  00006c8c    00000024     ti_msp_dl_config.o (.text.DL_UART_setRXInterruptTimeout)
                  00006cb0    00000024     JY901.o (.text.JY901_Update)
                  00006cd4    00000024     libclang_rt.builtins.a : floatunsidf.S.obj (.text.__floatunsidf)
                  00006cf8    00000020     ti_msp_dl_config.o (.text.DL_GPIO_initPeripheralInputFunction)
                  00006d18    00000020     driverlib.a : dl_mcan.o (.text.DL_MCAN_getTxFIFOQueStatus)
                  00006d38    00000020     ti_msp_dl_config.o (.text.DL_SYSCTL_setFlashWaitState)
                  00006d58    00000020     task_scheduler.o (.text.Task_Jump)
                  00006d78    00000020     gimbal.o (.text.gimbal_enable)
                  00006d98    0000001e     ti_msp_dl_config.o (.text.DL_UART_setOversampling)
                  00006db6    00000002     --HOLE-- [fill = 0]
                  00006db8    0000001e     libclang_rt.builtins.a : ashldi3.S.obj (.text.__ashldi3)
                  00006dd6    0000001e     gimbal.o (.text.gimbal_disable)
                  00006df4    0000001e     gimbal.o (.text.gimbal_return_zero)
                  00006e12    00000002     --HOLE-- [fill = 0]
                  00006e14    0000001c     ti_msp_dl_config.o (.text.DL_DMA_enableInterrupt)
                  00006e30    0000001c     bsp_key.o (.text.DL_GPIO_clearInterruptStatus)
                  00006e4c    0000001c     ti_msp_dl_config.o (.text.DL_GPIO_clearInterruptStatus)
                  00006e68    0000001c     ultrasonic.o (.text.DL_GPIO_clearInterruptStatus)
                  00006e84    0000001c     ultrasonic.o (.text.DL_GPIO_disableInterrupt)
                  00006ea0    0000001c     bsp_oled.o (.text.DL_GPIO_enableHiZ)
                  00006ebc    0000001c     ti_msp_dl_config.o (.text.DL_GPIO_enableHiZ)
                  00006ed8    0000001c     ti_msp_dl_config.o (.text.DL_GPIO_enableInterrupt)
                  00006ef4    0000001c     ultrasonic.o (.text.DL_GPIO_enableInterrupt)
                  00006f10    0000001c     ti_msp_dl_config.o (.text.DL_GPIO_initPeripheralOutputFunction)
                  00006f2c    0000001c     ti_msp_dl_config.o (.text.DL_GPIO_setLowerPinsPolarity)
                  00006f48    0000001c     bsp_oled.o (.text.DL_I2C_getSDAStatus)
                  00006f64    0000001c     bsp_key.o (.text.DL_Interrupt_getPendingGroup)
                  00006f80    0000001c     ti_msp_dl_config.o (.text.DL_MCAN_enableInterrupt)
                  00006f9c    0000001c     driverlib.a : dl_mcan.o (.text.DL_MCAN_enableIntr)
                  00006fb8    0000001c                 : dl_mcan.o (.text.DL_MCAN_enableIntrLine)
                  00006fd4    0000001c                 : dl_mcan.o (.text.DL_MCAN_selectIntrLine)
                  00006ff0    0000001c                 : dl_sysctl_mspm0g1x0x_g3x0x.o (.text.DL_SYSCTL_configFCC)
                  0000700c    0000001c     ti_msp_dl_config.o (.text.DL_SYSCTL_setFCCPeriods)
                  00007028    0000001c     ti_msp_dl_config.o (.text.DL_SYSCTL_setSYSOSCFreq)
                  00007044    0000001c     ti_msp_dl_config.o (.text.DL_SYSCTL_setULPCLKDivider)
                  00007060    0000001c     ti_msp_dl_config.o (.text.DL_Timer_enableInterrupt)
                  0000707c    0000001c     timer.o (.text.DL_Timer_enableInterrupt)
                  00007098    0000001c     driverlib.a : dl_timer.o (.text.DL_Timer_setCaptCompUpdateMethod)
                  000070b4    0000001c                 : dl_timer.o (.text.DL_Timer_setClockConfig)
                  000070d0    0000001c     ti_msp_dl_config.o (.text.DL_UART_enableInterrupt)
                  000070ec    0000001c     empty.o (.text.mspm0_delay_ms)
                  00007108    0000001a     gimbal.o (.text.gimbal_set_zero)
                  00007122    00000002     --HOLE-- [fill = 0]
                  00007124    00000018     ti_msp_dl_config.o (.text.DL_DMA_clearInterruptStatus)
                  0000713c    00000018     bsp_oled.o (.text.DL_GPIO_enableOutput)
                  00007154    00000018     ti_msp_dl_config.o (.text.DL_GPIO_enableOutput)
                  0000716c    00000018     ti_msp_dl_config.o (.text.DL_GPIO_enablePower)
                  00007184    00000018     bsp_oled.o (.text.DL_GPIO_initDigitalOutput)
                  0000719c    00000018     ti_msp_dl_config.o (.text.DL_GPIO_initDigitalOutput)
                  000071b4    00000018     ti_msp_dl_config.o (.text.DL_GPIO_initPeripheralAnalogFunction)
                  000071cc    00000018     ti_msp_dl_config.o (.text.DL_GPIO_reset)
                  000071e4    00000018     bsp_oled.o (.text.DL_GPIO_setPins)
                  000071fc    00000018     empty.o (.text.DL_GPIO_setPins)
                  00007214    00000018     ultrasonic.o (.text.DL_GPIO_setPins)
                  0000722c    00000018     ti_msp_dl_config.o (.text.DL_GPIO_setUpperPinsPolarity)
                  00007244    00000018     empty.o (.text.DL_GPIO_togglePins)
                  0000725c    00000018     bsp_oled.o (.text.DL_I2C_clearInterruptStatus)
                  00007274    00000018     ti_msp_dl_config.o (.text.DL_I2C_enableAnalogGlitchFilter)
                  0000728c    00000018     ti_msp_dl_config.o (.text.DL_I2C_enableController)
                  000072a4    00000018     ti_msp_dl_config.o (.text.DL_I2C_enableControllerClockStretching)
                  000072bc    00000018     bsp_oled.o (.text.DL_I2C_enablePower)
                  000072d4    00000018     ti_msp_dl_config.o (.text.DL_I2C_enablePower)
                  000072ec    00000018     bsp_oled.o (.text.DL_I2C_getRawInterruptStatus)
                  00007304    00000018     bsp_oled.o (.text.DL_I2C_reset)
                  0000731c    00000018     ti_msp_dl_config.o (.text.DL_I2C_reset)
                  00007334    00000018     ti_msp_dl_config.o (.text.DL_I2C_setTimerPeriod)
                  0000734c    00000018     ti_msp_dl_config.o (.text.DL_MCAN_clearInterruptStatus)
                  00007364    00000018     ti_msp_dl_config.o (.text.DL_MCAN_enablePower)
                  0000737c    00000018     ti_msp_dl_config.o (.text.DL_MCAN_reset)
                  00007394    00000018     driverlib.a : dl_mcan.o (.text.DL_MCAN_setOpMode)
                  000073ac    00000018     ti_msp_dl_config.o (.text.DL_SYSCTL_setBORThreshold)
                  000073c4    00000018     timer.o (.text.DL_Timer_clearInterruptStatus)
                  000073dc    00000018     ti_msp_dl_config.o (.text.DL_Timer_enablePower)
                  000073f4    00000018     ti_msp_dl_config.o (.text.DL_Timer_enableShadowFeatures)
                  0000740c    00000018     ti_msp_dl_config.o (.text.DL_Timer_reset)
                  00007424    00000018     driverlib.a : dl_timer.o (.text.DL_Timer_setCaptureCompareOutCtl)
                  0000743c    00000018     ti_msp_dl_config.o (.text.DL_UART_enableDMAReceiveEvent)
                  00007454    00000018     ti_msp_dl_config.o (.text.DL_UART_enableDMATransmitEvent)
                  0000746c    00000018     ti_msp_dl_config.o (.text.DL_UART_enableFIFOs)
                  00007484    00000018     ti_msp_dl_config.o (.text.DL_UART_enablePower)
                  0000749c    00000018     ti_msp_dl_config.o (.text.DL_UART_reset)
                  000074b4    00000018     task_scheduler.o (.text.Task_Done)
                  000074cc    00000016     bsp_key.o (.text.DL_GPIO_readPins)
                  000074e2    00000016     bsp_oled.o (.text.DL_GPIO_readPins)
                  000074f8    00000016     ultrasonic.o (.text.DL_GPIO_readPins)
                  0000750e    00000016     ti_msp_dl_config.o (.text.DL_UART_enable)
                  00007524    00000016     bsp_key.o (.text.KEY_Init)
                  0000753a    00000016     JY901.o (.text._jy_write)
                  00007550    00000014     bsp_oled.o (.text.DL_GPIO_clearPins)
                  00007564    00000014     ti_msp_dl_config.o (.text.DL_GPIO_clearPins)
                  00007578    00000014     ultrasonic.o (.text.DL_GPIO_clearPins)
                  0000758c    00000014     bsp_oled.o (.text.DL_I2C_getControllerStatus)
                  000075a0    00000014     ti_msp_dl_config.o (.text.DL_I2C_resetControllerTransfer)
                  000075b4    00000014     driverlib.a : dl_mcan.o (.text.DL_MCAN_clearIntrStatus)
                  000075c8    00000014     bsp_CAN.o (.text.DL_MCAN_getPendingInterrupt)
                  000075dc    00000014     ti_msp_dl_config.o (.text.DL_SYSCTL_disableSYSPLL)
                  000075f0    00000014     ti_msp_dl_config.o (.text.DL_SYSCTL_enableSYSPLL)
                  00007604    00000014     timer.o (.text.DL_Timer_disableClock)
                  00007618    00000014     ti_msp_dl_config.o (.text.DL_Timer_enableClock)
                  0000762c    00000014     timer.o (.text.DL_Timer_enableClock)
                  00007640    00000014     ti_msp_dl_config.o (.text.DL_Timer_setCCPDirection)
                  00007654    00000014     ti_msp_dl_config.o (.text.SYSCFG_DL_DMA_init)
                  00007668    00000014     libclang_rt.builtins.a : aeabi_uldivmod.S.obj (.text.__aeabi_uldivmod)
                  0000767c    00000012     bsp_key.o (.text.DL_GPIO_getPendingInterrupt)
                  0000768e    00000012     ti_msp_dl_config.o (.text.DL_MCAN_enableModuleClock)
                  000076a0    00000012     timer.o (.text.DL_Timer_getPendingInterrupt)
                  000076b2    00000012     bsp_UART.o (.text.DL_UART_getPendingInterrupt)
                  000076c4    00000012     bsp_UART1.o (.text.DL_UART_getPendingInterrupt)
                  000076d6    00000012     driverlib.a : dl_uart.o (.text.DL_UART_setClockConfig)
                  000076e8    00000012     libc.a : memcpy16.S.obj (.text:TI_memcpy_small)
                  000076fa    00000012            : copy_decompress_none.c.obj (.text:decompress:none)
                  0000770c    00000010     driverlib.a : dl_mcan.o (.text.DL_MCAN_getOpMode)
                  0000771c    00000010                 : dl_mcan.o (.text.DL_MCAN_isMemInitDone)
                  0000772c    00000010     ti_msp_dl_config.o (.text.DL_SYSCTL_disableHFXT)
                  0000773c    00000010     ti_msp_dl_config.o (.text.DL_SYSCTL_isFCCDone)
                  0000774c    00000010     ti_msp_dl_config.o (.text.DL_SYSCTL_startFCC)
                  0000775c    00000010     timer.o (.text.DL_Timer_getTimerCount)
                  0000776c    00000010     driverlib.a : dl_timer.o (.text.DL_Timer_setCaptureCompareValue)
                  0000777c    00000010     ti_msp_dl_config.o (.text.SYSCFG_DL_SYSTICK_init)
                  0000778c    00000010     Task.o (.text.User_Init)
                  0000779c    00000010     libc.a : copy_zero_init.c.obj (.text:decompress:ZI)
                  000077ac    0000000e     chasis.o (.text.chasis_stop)
                  000077ba    0000000e     libc.a : memset16.S.obj (.text:TI_memset_small)
                  000077c8    0000000c     driverlib.a : dl_mcan.o (.text.DL_MCAN_getIntrStatus)
                  000077d4    0000000c     ti_msp_dl_config.o (.text.DL_SYSCTL_getClockStatus)
                  000077e0    0000000c     ti_msp_dl_config.o (.text.DL_SYSCTL_readFCC)
                  000077ec    0000000c     Task.o (.text.Key_A18_Pressed)
                  000077f8    0000000c     Task.o (.text.Key_B21_Pressed)
                  00007804    0000000c     libclang_rt.builtins.a : aeabi_memset.S.obj (.text.__aeabi_memclr)
                  00007810    0000000a     driverlib.a : dl_common.o (.text.DL_Common_delayCycles)
                  0000781a    0000000a     JY901.o (.text._jy_delay)
                  00007824    0000000a     JY901.o (.text._jy_reg_cb)
                  0000782e    00000002     --HOLE-- [fill = 0]
                  00007830    00000008     libclang_rt.builtins.a : aeabi_memcpy.S.obj (.text.__aeabi_memcpy)
                  00007838    00000006     libc.a : exit.c.obj (.text:abort)
                  0000783e    00000004     startup_mspm0g350x_ticlang.o (.text.Default_Handler)
                  00007842    00000004     libsysbm.a : hostexit.c.obj (.text.HOSTexit)
                  00007846    00000004     startup_mspm0g350x_ticlang.o (.text.Reset_Handler)
                  0000784a    00000002     --HOLE-- [fill = 0]
                  0000784c    00000010     libc.a : boot_cortex_m.c.obj (.tramp._c_int00_noargs.1)
                  0000785c    00000004            : pre_init.c.obj (.text._system_pre_init)

.cinit     0    000085f8    00000110     
                  000085f8    000000e7     (.cinit..data.load) [load image, compression = lzss]
                  000086df    00000001     --HOLE-- [fill = 0]
                  000086e0    0000000c     (__TI_handler_table)
                  000086ec    00000008     (.cinit..bss.load) [load image, compression = zero_init]
                  000086f4    00000010     (__TI_cinit_table)
                  00008704    00000004     --HOLE-- [fill = 0]

.rodata    0    00007860    00000d98     
                  00007860    000005f0     bsp_oled.o (.rodata.asc2_1608)
                  00007e50    00000228     bsp_oled.o (.rodata.asc2_0806)
                  00008078    00000100     wit_c_sdk.o (.rodata.__auchCRCHi)
                  00008178    00000100     wit_c_sdk.o (.rodata.__auchCRCLo)
                  00008278    00000060     ti_msp_dl_config.o (.rodata.gMCAN0MsgRAMConfigParams)
                  000082d8    00000040     driverlib.a : dl_mcan.o (.rodata..L__const.DL_MCAN_getDataSize.dataSize)
                  00008318    00000034     ti_msp_dl_config.o (.rodata.gMCAN0InitParams)
                  0000834c    00000028     ti_msp_dl_config.o (.rodata.gSYSPLLConfig)
                  00008374    00000020     driverlib.a : dl_mcan.o (.rodata.cst32)
                  00008394    00000020     ti_msp_dl_config.o (.rodata.gMCAN0BitTimes)
                  000083b4    00000018     ti_msp_dl_config.o (.rodata.gDMA_CH0Config)
                  000083cc    00000018     ti_msp_dl_config.o (.rodata.gDMA_CH1Config)
                  000083e4    00000018     ti_msp_dl_config.o (.rodata.gDMA_CH2Config)
                  000083fc    00000018     ti_msp_dl_config.o (.rodata.gDMA_CH3Config)
                  00008414    00000014     timer.o (.rodata..L__const.Timestamp_Init.tmrCfg)
                  00008428    00000014     ti_msp_dl_config.o (.rodata.gUS_TIMERTimerConfig)
                  0000843c    00000010     ti_msp_dl_config.o (.rodata.gMCAN0ExtFiltelem)
                  0000844c    00000010     ti_msp_dl_config.o (.rodata.gMCAN0StdFiltelem)
                  0000845c    00000010     chasis.o (.rodata.openloop_ratio)
                  0000846c    0000000f     task_scheduler.o (.rodata.str1.12698780283469048528.1)
                  0000847b    0000000e     task_scheduler.o (.rodata.str1.2657894803344293859.1)
                  00008489    0000000c     task_scheduler.o (.rodata.str1.14606958373863359431.1)
                  00008495    0000000c     Task.o (.rodata.str1.7848802165208324070.1)
                  000084a1    0000000b     task_scheduler.o (.rodata.str1.13768897686556393344.1)
                  000084ac    0000000b     Task.o (.rodata.str1.14140538058437403931.1)
                  000084b7    0000000b     Task.o (.rodata.str1.17695192644575412184.1)
                  000084c2    0000000b     task_scheduler.o (.rodata.str1.9247241511803337348.1)
                  000084cd    0000000b     task_scheduler.o (.rodata.str1.9855678927950593766.1)
                  000084d8    0000000a     ti_msp_dl_config.o (.rodata.gUART_0Config)
                  000084e2    0000000a     ti_msp_dl_config.o (.rodata.gUART_1Config)
                  000084ec    0000000a     task_scheduler.o (.rodata.str1.15638319084808577004.1)
                  000084f6    0000000a     task_scheduler.o (.rodata.str1.7939893941929394660.1)
                  00008500    00000009     task_scheduler.o (.rodata.str1.14100310158706606776.1)
                  00008509    00000009     task_scheduler.o (.rodata.str1.14699949538115772633.1)
                  00008512    00000009     task_scheduler.o (.rodata.str1.15138029808797558358.1)
                  0000851b    00000009     task_scheduler.o (.rodata.str1.16400217066248172146.1)
                  00008524    00000009     task_scheduler.o (.rodata.str1.17557591748756409378.1)
                  0000852d    00000009     task_scheduler.o (.rodata.str1.17984259232970945524.1)
                  00008536    00000009     task_scheduler.o (.rodata.str1.2160916131609573578.1)
                  0000853f    00000001     task_scheduler.o (.rodata.str1.9784223496667871455.1)
                  00008540    00000008     ultrasonic.o (.rodata._echo_iidx)
                  00008548    00000008     ultrasonic.o (.rodata._echo_pin)
                  00008550    00000008     ultrasonic.o (.rodata._trig_pin)
                  00008558    00000008     ti_msp_dl_config.o (.rodata.gFRONT_OUTConfig)
                  00008560    00000008     ti_msp_dl_config.o (.rodata.gRL_OUTConfig)
                  00008568    00000008     ti_msp_dl_config.o (.rodata.gRR_OUTConfig)
                  00008570    00000008     Task.o (.rodata.str1.5354678376744284297.1)
                  00008578    00000008     Task.o (.rodata.str1.6095027432129614026.1)
                  00008580    00000007     task_scheduler.o (.rodata.str1.14552388435526194663.1)
                  00008587    00000007     task_scheduler.o (.rodata.str1.18069038080357984115.1)
                  0000858e    00000007     task_scheduler.o (.rodata.str1.4916143694647286702.1)
                  00008595    00000006     task_scheduler.o (.rodata.str1.14190357177579510289.1)
                  0000859b    00000006     task_scheduler.o (.rodata.str1.4577691884733283733.1)
                  000085a1    00000006     Task.o (.rodata.str1.9940982917155666079.1)
                  000085a7    00000005     task_scheduler.o (.rodata.str1.10506625049490768188.1)
                  000085ac    00000005     Task.o (.rodata.str1.13875185509114325111.1)
                  000085b1    00000005     Task.o (.rodata.str1.444840832391758400.1)
                  000085b6    00000005     Task.o (.rodata.str1.5450046856251476239.1)
                  000085bb    00000001     --HOLE-- [fill = 0]
                  000085bc    00000004     ti_msp_dl_config.o (.rodata.gMCAN0ClockConf)
                  000085c0    00000004     Task.o (.rodata.str1.99587616205557558.1)
                  000085c4    00000003     ti_msp_dl_config.o (.rodata.gFRONT_OUTClockConfig)
                  000085c7    00000003     ti_msp_dl_config.o (.rodata.gLFCLKConfig)
                  000085ca    00000003     ti_msp_dl_config.o (.rodata.gRL_OUTClockConfig)
                  000085cd    00000003     ti_msp_dl_config.o (.rodata.gRR_OUTClockConfig)
                  000085d0    00000003     ti_msp_dl_config.o (.rodata.gUS_TIMERClockConfig)
                  000085d3    00000003     task_scheduler.o (.rodata.str1.10531343933328738940.1)
                  000085d6    00000003     task_scheduler.o (.rodata.str1.16646981383022644586.1)
                  000085d9    00000003     Task.o (.rodata.str1.18040217389239092422.1)
                  000085dc    00000003     task_scheduler.o (.rodata.str1.18076406348189272724.1)
                  000085df    00000003     task_scheduler.o (.rodata.str1.18217560696470349137.1)
                  000085e2    00000003     Task.o (.rodata.str1.3814462214086099351.1)
                  000085e5    00000003     task_scheduler.o (.rodata.str1.408152790401024242.1)
                  000085e8    00000002     ti_msp_dl_config.o (.rodata.gI2C_OLEDClockConfig)
                  000085ea    00000002     ti_msp_dl_config.o (.rodata.gUART_0ClockConfig)
                  000085ec    00000002     ti_msp_dl_config.o (.rodata.gUART_1ClockConfig)
                  000085ee    00000002     Task.o (.rodata.str1.18250950699638100492.1)
                  000085f0    00000002     task_scheduler.o (.rodata.str1.3123915140485391185.1)
                  000085f2    00000006     --HOLE-- [fill = 0]

.init_array 
*          0    00000000    00000000     UNINITIALIZED

.binit     0    00000000    00000000     

.bss       0    20200000    000006cc     UNINITIALIZED
                  20200000    00000120     (.common:sReg)
                  20200120    00000100     wit_c_sdk.o (.bss.s_ucWitDataBuff)
                  20200220    000000bc     (.common:gFRONT_OUTBackup)
                  202002dc    000000bc     (.common:gRL_OUTBackup)
                  20200398    000000a0     (.common:gRR_OUTBackup)
                  20200438    00000098     (.common:gMCAN0Backup)
                  202004d0    00000064     (.common:uart1_rx_buff)
                  20200534    00000064     (.common:uart_rx_buff)
                  20200598    00000050     ultrasonic.o (.bss.g_us)
                  202005e8    00000050     Task.o (.bss.once_flag)
                  20200638    00000034     chasis.o (.bss.trap)
                  2020066c    00000018     task_scheduler.o (.bss.menu_stack)
                  20200684    00000014     Task.o (.bss.while_task.samples0)
                  20200698    00000014     Task.o (.bss.while_task.samples1)
                  202006ac    00000004     chasis.o (.bss.brake_linear_dvx)
                  202006b0    00000004     chasis.o (.bss.brake_linear_dvy)
                  202006b4    00000004     chasis.o (.bss.brake_linear_dwz)
                  202006b8    00000004     chasis.o (.bss.brake_linear_elapsed)
                  202006bc    00000004     chasis.o (.bss.brake_linear_time_ms)
                  202006c0    00000004     (.common:jy901_yaw)
                  202006c4    00000004     (.common:x_origin)
                  202006c8    00000004     (.common:y_origin)

.data      0    202006cc    000003bf     UNINITIALIZED
                  202006cc    00000118     chasis.o (.data.user_chasis)
                  202007e4    00000070     task_scheduler.o (.data.menu_gimbal_items)
                  20200854    00000060     task_scheduler.o (.data.menu_debug_items)
                  202008b4    00000040     task_scheduler.o (.data.menu_chasis_items)
                  202008f4    00000040     task_scheduler.o (.data.menu_q1_items)
                  20200934    00000030     task_scheduler.o (.data.menu_question_items)
                  20200964    00000020     task_scheduler.o (.data.menu_gyro_items)
                  20200984    00000020     task_scheduler.o (.data.menu_q2_items)
                  202009a4    00000020     task_scheduler.o (.data.menu_root_items)
                  202009c4    00000010     bsp_PWM.o (.data.g_motor)
                  202009d4    00000010     task_scheduler.o (.data.menu_root)
                  202009e4    00000010     chasis.o (.data.motor_test_target_rpm)
                  202009f4    00000008     bsp_key.o (.data.key_tick)
                  202009fc    00000004     task_scheduler.o (.data.countdown_start)
                  20200a00    00000004     task_scheduler.o (.data.cur_menu)
                  20200a04    00000004     ultrasonic.o (.data.g_dbg_isr_cnt)
                  20200a08    00000004     ultrasonic.o (.data.g_dbg_last_iidx)
                  20200a0c    00000004     ultrasonic.o (.data.g_dbg_trig_cnt)
                  20200a10    00000004     empty.o (.data.g_tick)
                  20200a14    00000004     timer.o (.data.g_timer_overflow)
                  20200a18    00000004     Task.o (.data.g_us_dist0)
                  20200a1c    00000004     Task.o (.data.g_us_dist1)
                  20200a20    00000004     Task.o (.data.g_us_pulse0)
                  20200a24    00000004     Task.o (.data.g_us_pulse1)
                  20200a28    00000004     chasis.o (.data.motor_invert)
                  20200a2c    00000004     chasis.o (.data.move_timer_ms)
                  20200a30    00000004     wit_c_sdk.o (.data.p_WitCanWriteFunc)
                  20200a34    00000004     wit_c_sdk.o (.data.p_WitDelaymsFunc)
                  20200a38    00000004     wit_c_sdk.o (.data.p_WitI2cWriteFunc)
                  20200a3c    00000004     wit_c_sdk.o (.data.p_WitRegUpdateCbFunc)
                  20200a40    00000004     wit_c_sdk.o (.data.p_WitSerialWriteFunc)
                  20200a44    00000004     task_scheduler.o (.data.pending_task)
                  20200a48    00000004     wit_c_sdk.o (.data.s_uiProtoclo)
                  20200a4c    00000004     wit_c_sdk.o (.data.s_uiReadRegIndex)
                  20200a50    00000004     wit_c_sdk.o (.data.s_uiWitDataCnt)
                  20200a54    00000004     Task.o (.data.system_mode)
                  20200a58    00000004     Task.o (.data.while_task.last_d0)
                  20200a5c    00000004     Task.o (.data.while_task.last_d1)
                  20200a60    00000002     ultrasonic.o (.data.g_dbg_state)
                  20200a62    00000002     bsp_UART.o (.data.rx_size)
                  20200a64    00000002     bsp_UART1.o (.data.uart1_rx_size)
                  20200a66    00000001     chasis.o (.data.brake_hold)
                  20200a67    00000001     chasis.o (.data.brake_linear_active)
                  20200a68    00000001     chasis.o (.data.chasis_braked)
                  20200a69    00000001     chasis.o (.data.chasis_trapezoid_done)
                  20200a6a    00000001     task_scheduler.o (.data.cursor)
                  20200a6b    00000001     task_scheduler.o (.data.flag_enter)
                  20200a6c    00000001     task_scheduler.o (.data.flag_next)
                  20200a6d    00000001     empty.o (.data.g_flag_100hz)
                  20200a6e    00000001     empty.o (.data.init_ok)
                  20200a6f    00000001     task_scheduler.o (.data.menu_sp)
                  20200a70    00000001     chasis.o (.data.motor_test_mode)
                  20200a71    00000001     chasis.o (.data.move_state)
                  20200a72    00000001     task_scheduler.o (.data.need_draw)
                  20200a73    00000001     Task.o (.data.one_hundured_ms_callback.us_cnt)
                  20200a74    00000001     wit_c_sdk.o (.data.s_ucAddr)
                  20200a75    00000001     task_scheduler.o (.data.scroll)
                  20200a76    00000001     bsp_UART1.o (.data.uart1_isIDLE.rx_last_size)
                  20200a77    00000001     bsp_UART1.o (.data.uart1_isIDLE.stable_count)
                  20200a78    00000001     bsp_UART1.o (.data.uart1_rx_dma_complete_flag)
                  20200a79    00000001     bsp_UART1.o (.data.uart1_rx_length)
                  20200a7a    00000001     bsp_UART1.o (.data.uart1_tx_complete_flag)
                  20200a7b    00000001     bsp_UART1.o (.data.uart1_tx_dma_complete_flag)
                  20200a7c    00000001     bsp_UART.o (.data.uart_isIDLE.rx_last_size)
                  20200a7d    00000001     bsp_UART.o (.data.uart_isIDLE.stable_count)
                  20200a7e    00000001     bsp_UART.o (.data.uart_rx_dma_complete_flag)
                  20200a7f    00000001     bsp_UART.o (.data.uart_rx_length)
                  20200a80    00000001     bsp_UART.o (.data.uart_tx_complete_flag)
                  20200a81    00000001     bsp_UART.o (.data.uart_tx_dma_complete_flag)
                  20200a82    00000001     Task.o (.data.while_task.done)
                  20200a83    00000001     Task.o (.data.while_task.last_idx)
                  20200a84    00000001     Task.o (.data.while_task.sample_idx)
                  20200a85    00000001     Task.o (.data.while_task.step.10)
                  20200a86    00000001     Task.o (.data.while_task.step.1)
                  20200a87    00000001     Task.o (.data.while_task.step.2)
                  20200a88    00000001     Task.o (.data.while_task.step.8)
                  20200a89    00000001     Task.o (.data.while_task.step.9)
                  20200a8a    00000001     Task.o (.data.while_task.step)

.stack     0    20207e00    00000200     UNINITIALIZED
                  20207e00    00000004     libc.a : boot_cortex_m.c.obj (.stack)
                  20207e04    000001fc     --HOLE--

__llvm_prf_cnts 
*          0    20200000    00000000     UNINITIALIZED

__llvm_prf_bits 
*          0    20200000    00000000     UNINITIALIZED

MODULE SUMMARY

       Module                         code    ro data   rw data
       ------                         ----    -------   -------
    .\
       ti_msp_dl_config.o             4600    437       688    
       empty.o                        412     0         6      
       startup_mspm0g350x_ticlang.o   8       192       0      
    +--+------------------------------+-------+---------+---------+
       Total:                         5020    629       694    
                                                               
    .\User\bsp\Src\
       Task.o                         7176    83        166    
       bsp_oled.o                     2098    2072      0      
       chasis.o                       2710    16        382    
       wit_c_sdk.o                    1622    512       577    
       task_scheduler.o               944     213       538    
       ultrasonic.o                   1126    24        94     
       bsp_PWM.o                      868     0         16     
       bsp_UART1.o                    718     0         108    
       bsp_UART.o                     710     0         108    
       bsp_key.o                      394     0         8      
       bsp_CAN.o                      400     0         0      
       timer.o                        358     20        4      
       ZDT_Driver.o                   328     0         0      
       ZDT_CAN.o                      266     0         0      
       gimbal.o                       202     0         0      
       JY901.o                        138     0         4      
    +--+------------------------------+-------+---------+---------+
       Total:                         20058   2940      2005   
                                                               
    E:/TI/CCS/mspm0_sdk_2_10_00_04/source/ti/driverlib/lib/ticlang/m0p/mspm0g1x0x_g3x0x/driverlib.a
       dl_mcan.o                      2144    96        0      
       dl_timer.o                     608     0         0      
       dl_sysctl_mspm0g1x0x_g3x0x.o   512     0         0      
       dl_i2c.o                       132     0         0      
       dl_uart.o                      90      0         0      
       dl_dma.o                       76      0         0      
       dl_common.o                    10      0         0      
    +--+------------------------------+-------+---------+---------+
       Total:                         3572    96        0      
                                                               
    E:\TI\CCS\ccs\tools\compiler\ti-cgt-armllvm_4.0.4.LTS\lib\armv6m-ti-none-eabi/c/libc.a
       copy_decompress_lzss.c.obj     124     0         0      
       autoinit.c.obj                 60      0         0      
       boot_cortex_m.c.obj            56      0         0      
       copy_decompress_none.c.obj     18      0         0      
       memcpy16.S.obj                 18      0         0      
       copy_zero_init.c.obj           16      0         0      
       memset16.S.obj                 14      0         0      
       exit.c.obj                     6       0         0      
       pre_init.c.obj                 4       0         0      
    +--+------------------------------+-------+---------+---------+
       Total:                         316     0         0      
                                                               
    E:\TI\CCS\ccs\tools\compiler\ti-cgt-armllvm_4.0.4.LTS\lib\armv6m-ti-none-eabi/c/libsysbm.a
       hostexit.c.obj                 4       0         0      
    +--+------------------------------+-------+---------+---------+
       Total:                         4       0         0      
                                                               
    E:\TI\CCS\ccs\tools\compiler\ti-cgt-armllvm_4.0.4.LTS\lib\armv6m-ti-none-eabi/libclang_rt.builtins.a
       comparedf2.c.obj               220     0         0      
       addsf3.S.obj                   216     0         0      
       udivmoddi4.S.obj               162     0         0      
       mulsf3.S.obj                   140     0         0      
       divsf3.S.obj                   130     0         0      
       comparesf2.S.obj               118     0         0      
       aeabi_dcmp.S.obj               98      0         0      
       aeabi_fcmp.S.obj               98      0         0      
       aeabi_uidivmod.S.obj           64      0         0      
       floatsisf.S.obj                60      0         0      
       muldsi3.S.obj                  58      0         0      
       fixsfsi.S.obj                  56      0         0      
       fixunssfsi.S.obj               50      0         0      
       floatunsisf.S.obj              40      0         0      
       floatunsidf.S.obj              36      0         0      
       ashldi3.S.obj                  30      0         0      
       aeabi_uldivmod.S.obj           20      0         0      
       aeabi_memset.S.obj             12      0         0      
       aeabi_memcpy.S.obj             8       0         0      
       aeabi_div0.c.obj               4       0         0      
    +--+------------------------------+-------+---------+---------+
       Total:                         1620    0         0      
                                                               
       Stack:                         0       0         512    
       Linker Generated:              0       267       0      
    +--+------------------------------+-------+---------+---------+
       Grand Total:                   30590   3932      3211   


LINKER GENERATED COPY TABLES

__TI_cinit_table @ 000086f4 records: 2, size/record: 8, table size: 16
	.data: load addr=000085f8, load size=000000e7 bytes, run addr=202006cc, run size=000003bf bytes, compression=lzss
	.bss: load addr=000086ec, load size=00000008 bytes, run addr=20200000, run size=000006cc bytes, compression=zero_init


LINKER GENERATED HANDLER TABLE

__TI_handler_table @ 000086e0 records: 3, size/record: 4, table size: 12
	index: 0, handler: __TI_decompress_lzss
	index: 1, handler: __TI_decompress_none
	index: 2, handler: __TI_zero_init


FAR CALL TRAMPOLINES

callee name               trampoline name
   callee addr  tramp addr   call addr  call info
--------------  -----------  ---------  ----------------
_c_int00_noargs           $Tramp$TT$L$PI$$_c_int00_noargs
   00006b15     0000784c     00007846   startup_mspm0g350x_ticlang.o (.text.Reset_Handler)

[1 trampolines]
[1 trampoline calls]


GLOBAL SYMBOLS: SORTED ALPHABETICALLY BY Name 

address   name                                 
-------   ----                                 
0000783f  ADC0_IRQHandler                      
0000783f  ADC1_IRQHandler                      
0000783f  AES_IRQHandler                       
00007842  C$$EXIT                              
00005edd  CANFD0_IRQHandler                    
00004ec1  CAN_Rx_FIFO0_New_Message_Callback    
0000453d  CAN_send_ext_frame                   
0000783f  DAC0_IRQHandler                      
00007811  DL_Common_delayCycles                
00005c85  DL_DMA_initChannel                   
00005889  DL_I2C_fillControllerTXFIFO          
00006bfb  DL_I2C_setClockConfig                
000064f5  DL_MCAN_TXBufAddReq                  
00006779  DL_MCAN_TXBufTransIntrEnable         
000067a5  DL_MCAN_addExtMsgIDFilter            
000067d1  DL_MCAN_addStdMsgIDFilter            
000075b5  DL_MCAN_clearIntrStatus              
00006f9d  DL_MCAN_enableIntr                   
00006fb9  DL_MCAN_enableIntrLine               
000077c9  DL_MCAN_getIntrStatus                
0000770d  DL_MCAN_getOpMode                    
00005f21  DL_MCAN_getRevisionId                
00006485  DL_MCAN_getRxFIFOStatus              
00006d19  DL_MCAN_getTxFIFOQueStatus           
00003c21  DL_MCAN_init                         
0000771d  DL_MCAN_isMemInitDone                
00001fb9  DL_MCAN_msgRAMConfig                 
00003079  DL_MCAN_readMsgRam                   
00006fd5  DL_MCAN_selectIntrLine               
00003dd9  DL_MCAN_setBitTime                   
00006c69  DL_MCAN_setClockConfig               
00006529  DL_MCAN_setExtIDAndMask              
00007395  DL_MCAN_setOpMode                    
00003691  DL_MCAN_writeMsgRam                  
00006031  DL_MCAN_writeRxFIFOAck               
00006ff1  DL_SYSCTL_configFCC                  
00003cfd  DL_SYSCTL_configSYSPLL               
00005519  DL_SYSCTL_setHFCLKSourceHFXTParams   
000056a9  DL_SYSCTL_setLFCLKSourceLFXT         
00005f65  DL_SYSCTL_switchMCLKfromSYSOSCtoHSCLK
00003399  DL_Timer_initFourCCPWMMode           
0000349d  DL_Timer_initTimerMode               
00007099  DL_Timer_setCaptCompUpdateMethod     
00007425  DL_Timer_setCaptureCompareOutCtl     
0000776d  DL_Timer_setCaptureCompareValue      
000070b5  DL_Timer_setClockConfig              
00005e4d  DL_UART_init                         
000076d7  DL_UART_setClockConfig               
0000783f  DMA_IRQHandler                       
0000783f  Default_Handler                      
00005e01  Emm_V5_En_Control                    
00006071  Emm_V5_Origin_Set_O                  
000061b1  Emm_V5_Origin_Trigger_Return         
00004d3f  Emm_V5_Pos_Control                   
0000783f  GROUP0_IRQHandler                    
0000557d  GROUP1_IRQHandler                    
00007843  HOSTexit                             
0000783f  HardFault_Handler                    
0000783f  I2C0_IRQHandler                      
0000783f  I2C1_IRQHandler                      
0000622d  JY901_Init                           
00006cb1  JY901_Update                         
00007525  KEY_Init                             
00004b31  KEY_Poll                             
000077ed  Key_A18_Pressed                      
000077f9  Key_B21_Pressed                      
00006269  Menu_Init                            
00003875  Menu_Run                             
0000783f  NMI_Handler                          
00005445  OLED_Clear                           
00002f65  OLED_Init                            
000062a5  OLED_Set_Pos                         
00002e4d  OLED_ShowChar                        
00003599  OLED_ShowNum                         
00005289  OLED_ShowString                      
00004739  OLED_WR_Byte                         
0000783f  PendSV_Handler                       
0000783f  RTC_IRQHandler                       
00007847  Reset_Handler                        
0000783f  SPI0_IRQHandler                      
0000783f  SPI1_IRQHandler                      
0000783f  SVC_Handler                          
00006689  SYSCFG_DL_DMA_CH0_init               
000066b9  SYSCFG_DL_DMA_CH1_init               
000066e9  SYSCFG_DL_DMA_CH2_init               
00006719  SYSCFG_DL_DMA_CH3_init               
00007655  SYSCFG_DL_DMA_init                   
00003a51  SYSCFG_DL_FRONT_OUT_init             
000027e1  SYSCFG_DL_GPIO_init                  
00005945  SYSCFG_DL_I2C_OLED_init              
00003965  SYSCFG_DL_MCAN0_init                 
000047d1  SYSCFG_DL_RL_OUT_init                
0000469d  SYSCFG_DL_RR_OUT_init                
00003b39  SYSCFG_DL_SYSCTL_SYSPLL_init         
00004f3d  SYSCFG_DL_SYSCTL_init                
0000777d  SYSCFG_DL_SYSTICK_init               
000050b1  SYSCFG_DL_UART_0_init                
00005129  SYSCFG_DL_UART_1_init                
0000655d  SYSCFG_DL_US_TIMER_init              
00005709  SYSCFG_DL_init                       
000043b5  SYSCFG_DL_initPower                  
00004aa9  SysTick_Handler                      
0000783f  TIMA0_IRQHandler                     
0000783f  TIMA1_IRQHandler                     
0000783f  TIMG0_IRQHandler                     
000067fd  TIMG12_IRQHandler                    
0000783f  TIMG6_IRQHandler                     
0000783f  TIMG7_IRQHandler                     
0000783f  TIMG8_IRQHandler                     
000076e9  TI_memcpy_small                      
000077bb  TI_memset_small                      
00005e95  Task_Cleanup                         
000074b5  Task_Done                            
00006d59  Task_Jump                            
000062e1  Timestamp_GetTicks                   
000059f5  Timestamp_Init                       
00004dc1  UART0_IRQHandler                     
00004e41  UART1_IRQHandler                     
000060b1  UART1_Rx_DMA_ToIdle_Callback         
0000783f  UART2_IRQHandler                     
0000783f  UART3_IRQHandler                     
000023e1  UART_Rx_DMA_ToIdle_Callback          
000025e5  Ultrasonic_GPIOB_ISR                 
00005fa9  Ultrasonic_GetDistance_mm            
00006591  Ultrasonic_GetPulseWidth_us          
0000599d  Ultrasonic_Init                      
000060f1  Ultrasonic_IsDataReady               
00004479  Ultrasonic_Trigger                   
0000778d  User_Init                            
00006829  WitDelayMsRegister                   
00006131  WitInit                              
00006855  WitRegisterCallBack                  
000021cd  WitSerialDataIn                      
00006881  WitSerialWriteRegister               
00002b79  WitWriteReg                          
20208000  __STACK_END                          
00000200  __STACK_SIZE                         
00000000  __TI_ATRegion0_region_sz             
00000000  __TI_ATRegion0_src_addr              
00000000  __TI_ATRegion0_trg_addr              
00000000  __TI_ATRegion1_region_sz             
00000000  __TI_ATRegion1_src_addr              
00000000  __TI_ATRegion1_trg_addr              
00000000  __TI_ATRegion2_region_sz             
00000000  __TI_ATRegion2_src_addr              
00000000  __TI_ATRegion2_trg_addr              
000086f4  __TI_CINIT_Base                      
00008704  __TI_CINIT_Limit                     
00008704  __TI_CINIT_Warm                      
000086e0  __TI_Handler_Table_Base              
000086ec  __TI_Handler_Table_Limit             
00006395  __TI_auto_init_nobinit_nopinit       
00005035  __TI_decompress_lzss                 
000076fb  __TI_decompress_none                 
ffffffff  __TI_pprof_out_hndl                  
ffffffff  __TI_prof_data_size                  
ffffffff  __TI_prof_data_start                 
00000000  __TI_static_base__                   
0000779d  __TI_zero_init                       
00004143  __addsf3                             
000055e1  __aeabi_dcmpeq                       
0000561d  __aeabi_dcmpge                       
00005631  __aeabi_dcmpgt                       
00005609  __aeabi_dcmple                       
000055f5  __aeabi_dcmplt                       
000064bd  __aeabi_f2iz                         
000065c5  __aeabi_f2uiz                        
00004143  __aeabi_fadd                         
00005645  __aeabi_fcmpeq                       
00005681  __aeabi_fcmpge                       
00005695  __aeabi_fcmpgt                       
0000566d  __aeabi_fcmple                       
00005659  __aeabi_fcmplt                       
00004cbd  __aeabi_fdiv                         
00004991  __aeabi_fmul                         
00004139  __aeabi_fsub                         
0000631d  __aeabi_i2f                          
0000328f  __aeabi_idiv0                        
0000368f  __aeabi_ldiv0                        
00006db9  __aeabi_llsl                         
00007805  __aeabi_memclr                       
00007805  __aeabi_memclr4                      
00007805  __aeabi_memclr8                      
00007831  __aeabi_memcpy                       
00007831  __aeabi_memcpy4                      
00007831  __aeabi_memcpy8                      
00006cd5  __aeabi_ui2d                         
00006aed  __aeabi_ui2f                         
00006171  __aeabi_uidiv                        
00006171  __aeabi_uidivmod                     
00007669  __aeabi_uldivmod                     
00006db9  __ashldi3                            
ffffffff  __binit__                            
000054b1  __cmpdf2                             
0000640d  __cmpsf2                             
00004cbd  __divsf3                             
000054b1  __eqdf2                              
0000640d  __eqsf2                              
000064bd  __fixsfsi                            
000065c5  __fixunssfsi                         
0000631d  __floatsisf                          
00006cd5  __floatunsidf                        
00006aed  __floatunsisf                        
000051a1  __gedf2                              
00006359  __gesf2                              
000051a1  __gtdf2                              
00006359  __gtsf2                              
000054b1  __ledf2                              
0000640d  __lesf2                              
000054b1  __ltdf2                              
0000640d  __ltsf2                              
UNDEFED   __mpu_init                           
00006449  __muldsi3                            
00004991  __mulsf3                             
000054b1  __nedf2                              
0000640d  __nesf2                              
20207e00  __stack                              
20200000  __start___llvm_prf_bits              
20200000  __start___llvm_prf_cnts              
20200000  __stop___llvm_prf_bits               
20200000  __stop___llvm_prf_cnts               
00004139  __subsf3                             
000045f9  __udivmoddi4                         
00006b15  _c_int00_noargs                      
UNDEFED   _system_post_cinit                   
0000785d  _system_pre_init                     
00007839  abort                                
00007e50  asc2_0806                            
00007860  asc2_1608                            
ffffffff  binit                                
00003185  can_SendCmd                          
00005db5  chasis_brake                         
20200a68  chasis_braked                        
000016c1  chasis_cal                           
00005215  chasis_set_velocity                  
000077ad  chasis_stop                          
20200a69  chasis_trapezoid_done                
00001d39  chasis_trapezoid_move                
20200a6b  flag_enter                           
20200a6c  flag_next                            
20200220  gFRONT_OUTBackup                     
20200438  gMCAN0Backup                         
202002dc  gRL_OUTBackup                        
20200398  gRR_OUTBackup                        
20200a04  g_dbg_isr_cnt                        
20200a08  g_dbg_last_iidx                      
20200a60  g_dbg_state                          
20200a0c  g_dbg_trig_cnt                       
20200a6d  g_flag_100hz                         
20200a10  g_tick                               
20200a18  g_us_dist0                           
20200a1c  g_us_dist1                           
20200a20  g_us_pulse0                          
20200a24  g_us_pulse1                          
00006dd7  gimbal_disable                       
00006d79  gimbal_enable                        
00006df5  gimbal_return_zero                   
00007109  gimbal_set_zero                      
00005a49  gimbal_update                        
00004fb9  handleCanRxMessage                   
20200a6e  init_ok                              
00000000  interruptVectors                     
202006c0  jy901_yaw                            
00005369  main                                 
00004211  motor_brake                          
00004061  motor_coast                          
000042e5  motor_openloop_drive                 
000029c1  motor_set                            
00004a1d  ms_callback                          
000070ed  mspm0_delay_ms                       
00006931  mspm0_get_clock_ms                   
00005769  oled_i2c_sda_unlock                  
00006749  oled_pow                             
00003291  one_hundured_ms_callback             
20200a62  rx_size                              
20200000  sReg                                 
20200a54  system_mode                          
00004869  uart1_isIDLE                         
00005a9d  uart1_receive_start                  
202004d0  uart1_rx_buff                        
20200a78  uart1_rx_dma_complete_flag           
20200a79  uart1_rx_length                      
20200a64  uart1_rx_size                        
000057c9  uart1_send                           
20200a7a  uart1_tx_complete_flag               
20200a7b  uart1_tx_dma_complete_flag           
00004901  uart_isIDLE                          
00005af1  uart_receive_start                   
20200534  uart_rx_buff                         
20200a7e  uart_rx_dma_complete_flag            
20200a7f  uart_rx_length                       
00005829  uart_send                            
20200a80  uart_tx_complete_flag                
20200a81  uart_tx_dma_complete_flag            
202006cc  user_chasis                          
000000c1  while_task                           
202006c4  x_origin                             
202006c8  y_origin                             


GLOBAL SYMBOLS: SORTED BY Symbol Address 

address   name                                 
-------   ----                                 
00000000  __TI_ATRegion0_region_sz             
00000000  __TI_ATRegion0_src_addr              
00000000  __TI_ATRegion0_trg_addr              
00000000  __TI_ATRegion1_region_sz             
00000000  __TI_ATRegion1_src_addr              
00000000  __TI_ATRegion1_trg_addr              
00000000  __TI_ATRegion2_region_sz             
00000000  __TI_ATRegion2_src_addr              
00000000  __TI_ATRegion2_trg_addr              
00000000  __TI_static_base__                   
00000000  interruptVectors                     
000000c1  while_task                           
00000200  __STACK_SIZE                         
000016c1  chasis_cal                           
00001d39  chasis_trapezoid_move                
00001fb9  DL_MCAN_msgRAMConfig                 
000021cd  WitSerialDataIn                      
000023e1  UART_Rx_DMA_ToIdle_Callback          
000025e5  Ultrasonic_GPIOB_ISR                 
000027e1  SYSCFG_DL_GPIO_init                  
000029c1  motor_set                            
00002b79  WitWriteReg                          
00002e4d  OLED_ShowChar                        
00002f65  OLED_Init                            
00003079  DL_MCAN_readMsgRam                   
00003185  can_SendCmd                          
0000328f  __aeabi_idiv0                        
00003291  one_hundured_ms_callback             
00003399  DL_Timer_initFourCCPWMMode           
0000349d  DL_Timer_initTimerMode               
00003599  OLED_ShowNum                         
0000368f  __aeabi_ldiv0                        
00003691  DL_MCAN_writeMsgRam                  
00003875  Menu_Run                             
00003965  SYSCFG_DL_MCAN0_init                 
00003a51  SYSCFG_DL_FRONT_OUT_init             
00003b39  SYSCFG_DL_SYSCTL_SYSPLL_init         
00003c21  DL_MCAN_init                         
00003cfd  DL_SYSCTL_configSYSPLL               
00003dd9  DL_MCAN_setBitTime                   
00004061  motor_coast                          
00004139  __aeabi_fsub                         
00004139  __subsf3                             
00004143  __addsf3                             
00004143  __aeabi_fadd                         
00004211  motor_brake                          
000042e5  motor_openloop_drive                 
000043b5  SYSCFG_DL_initPower                  
00004479  Ultrasonic_Trigger                   
0000453d  CAN_send_ext_frame                   
000045f9  __udivmoddi4                         
0000469d  SYSCFG_DL_RR_OUT_init                
00004739  OLED_WR_Byte                         
000047d1  SYSCFG_DL_RL_OUT_init                
00004869  uart1_isIDLE                         
00004901  uart_isIDLE                          
00004991  __aeabi_fmul                         
00004991  __mulsf3                             
00004a1d  ms_callback                          
00004aa9  SysTick_Handler                      
00004b31  KEY_Poll                             
00004cbd  __aeabi_fdiv                         
00004cbd  __divsf3                             
00004d3f  Emm_V5_Pos_Control                   
00004dc1  UART0_IRQHandler                     
00004e41  UART1_IRQHandler                     
00004ec1  CAN_Rx_FIFO0_New_Message_Callback    
00004f3d  SYSCFG_DL_SYSCTL_init                
00004fb9  handleCanRxMessage                   
00005035  __TI_decompress_lzss                 
000050b1  SYSCFG_DL_UART_0_init                
00005129  SYSCFG_DL_UART_1_init                
000051a1  __gedf2                              
000051a1  __gtdf2                              
00005215  chasis_set_velocity                  
00005289  OLED_ShowString                      
00005369  main                                 
00005445  OLED_Clear                           
000054b1  __cmpdf2                             
000054b1  __eqdf2                              
000054b1  __ledf2                              
000054b1  __ltdf2                              
000054b1  __nedf2                              
00005519  DL_SYSCTL_setHFCLKSourceHFXTParams   
0000557d  GROUP1_IRQHandler                    
000055e1  __aeabi_dcmpeq                       
000055f5  __aeabi_dcmplt                       
00005609  __aeabi_dcmple                       
0000561d  __aeabi_dcmpge                       
00005631  __aeabi_dcmpgt                       
00005645  __aeabi_fcmpeq                       
00005659  __aeabi_fcmplt                       
0000566d  __aeabi_fcmple                       
00005681  __aeabi_fcmpge                       
00005695  __aeabi_fcmpgt                       
000056a9  DL_SYSCTL_setLFCLKSourceLFXT         
00005709  SYSCFG_DL_init                       
00005769  oled_i2c_sda_unlock                  
000057c9  uart1_send                           
00005829  uart_send                            
00005889  DL_I2C_fillControllerTXFIFO          
00005945  SYSCFG_DL_I2C_OLED_init              
0000599d  Ultrasonic_Init                      
000059f5  Timestamp_Init                       
00005a49  gimbal_update                        
00005a9d  uart1_receive_start                  
00005af1  uart_receive_start                   
00005c85  DL_DMA_initChannel                   
00005db5  chasis_brake                         
00005e01  Emm_V5_En_Control                    
00005e4d  DL_UART_init                         
00005e95  Task_Cleanup                         
00005edd  CANFD0_IRQHandler                    
00005f21  DL_MCAN_getRevisionId                
00005f65  DL_SYSCTL_switchMCLKfromSYSOSCtoHSCLK
00005fa9  Ultrasonic_GetDistance_mm            
00006031  DL_MCAN_writeRxFIFOAck               
00006071  Emm_V5_Origin_Set_O                  
000060b1  UART1_Rx_DMA_ToIdle_Callback         
000060f1  Ultrasonic_IsDataReady               
00006131  WitInit                              
00006171  __aeabi_uidiv                        
00006171  __aeabi_uidivmod                     
000061b1  Emm_V5_Origin_Trigger_Return         
0000622d  JY901_Init                           
00006269  Menu_Init                            
000062a5  OLED_Set_Pos                         
000062e1  Timestamp_GetTicks                   
0000631d  __aeabi_i2f                          
0000631d  __floatsisf                          
00006359  __gesf2                              
00006359  __gtsf2                              
00006395  __TI_auto_init_nobinit_nopinit       
0000640d  __cmpsf2                             
0000640d  __eqsf2                              
0000640d  __lesf2                              
0000640d  __ltsf2                              
0000640d  __nesf2                              
00006449  __muldsi3                            
00006485  DL_MCAN_getRxFIFOStatus              
000064bd  __aeabi_f2iz                         
000064bd  __fixsfsi                            
000064f5  DL_MCAN_TXBufAddReq                  
00006529  DL_MCAN_setExtIDAndMask              
0000655d  SYSCFG_DL_US_TIMER_init              
00006591  Ultrasonic_GetPulseWidth_us          
000065c5  __aeabi_f2uiz                        
000065c5  __fixunssfsi                         
00006689  SYSCFG_DL_DMA_CH0_init               
000066b9  SYSCFG_DL_DMA_CH1_init               
000066e9  SYSCFG_DL_DMA_CH2_init               
00006719  SYSCFG_DL_DMA_CH3_init               
00006749  oled_pow                             
00006779  DL_MCAN_TXBufTransIntrEnable         
000067a5  DL_MCAN_addExtMsgIDFilter            
000067d1  DL_MCAN_addStdMsgIDFilter            
000067fd  TIMG12_IRQHandler                    
00006829  WitDelayMsRegister                   
00006855  WitRegisterCallBack                  
00006881  WitSerialWriteRegister               
00006931  mspm0_get_clock_ms                   
00006aed  __aeabi_ui2f                         
00006aed  __floatunsisf                        
00006b15  _c_int00_noargs                      
00006bfb  DL_I2C_setClockConfig                
00006c69  DL_MCAN_setClockConfig               
00006cb1  JY901_Update                         
00006cd5  __aeabi_ui2d                         
00006cd5  __floatunsidf                        
00006d19  DL_MCAN_getTxFIFOQueStatus           
00006d59  Task_Jump                            
00006d79  gimbal_enable                        
00006db9  __aeabi_llsl                         
00006db9  __ashldi3                            
00006dd7  gimbal_disable                       
00006df5  gimbal_return_zero                   
00006f9d  DL_MCAN_enableIntr                   
00006fb9  DL_MCAN_enableIntrLine               
00006fd5  DL_MCAN_selectIntrLine               
00006ff1  DL_SYSCTL_configFCC                  
00007099  DL_Timer_setCaptCompUpdateMethod     
000070b5  DL_Timer_setClockConfig              
000070ed  mspm0_delay_ms                       
00007109  gimbal_set_zero                      
00007395  DL_MCAN_setOpMode                    
00007425  DL_Timer_setCaptureCompareOutCtl     
000074b5  Task_Done                            
00007525  KEY_Init                             
000075b5  DL_MCAN_clearIntrStatus              
00007655  SYSCFG_DL_DMA_init                   
00007669  __aeabi_uldivmod                     
000076d7  DL_UART_setClockConfig               
000076e9  TI_memcpy_small                      
000076fb  __TI_decompress_none                 
0000770d  DL_MCAN_getOpMode                    
0000771d  DL_MCAN_isMemInitDone                
0000776d  DL_Timer_setCaptureCompareValue      
0000777d  SYSCFG_DL_SYSTICK_init               
0000778d  User_Init                            
0000779d  __TI_zero_init                       
000077ad  chasis_stop                          
000077bb  TI_memset_small                      
000077c9  DL_MCAN_getIntrStatus                
000077ed  Key_A18_Pressed                      
000077f9  Key_B21_Pressed                      
00007805  __aeabi_memclr                       
00007805  __aeabi_memclr4                      
00007805  __aeabi_memclr8                      
00007811  DL_Common_delayCycles                
00007831  __aeabi_memcpy                       
00007831  __aeabi_memcpy4                      
00007831  __aeabi_memcpy8                      
00007839  abort                                
0000783f  ADC0_IRQHandler                      
0000783f  ADC1_IRQHandler                      
0000783f  AES_IRQHandler                       
0000783f  DAC0_IRQHandler                      
0000783f  DMA_IRQHandler                       
0000783f  Default_Handler                      
0000783f  GROUP0_IRQHandler                    
0000783f  HardFault_Handler                    
0000783f  I2C0_IRQHandler                      
0000783f  I2C1_IRQHandler                      
0000783f  NMI_Handler                          
0000783f  PendSV_Handler                       
0000783f  RTC_IRQHandler                       
0000783f  SPI0_IRQHandler                      
0000783f  SPI1_IRQHandler                      
0000783f  SVC_Handler                          
0000783f  TIMA0_IRQHandler                     
0000783f  TIMA1_IRQHandler                     
0000783f  TIMG0_IRQHandler                     
0000783f  TIMG6_IRQHandler                     
0000783f  TIMG7_IRQHandler                     
0000783f  TIMG8_IRQHandler                     
0000783f  UART2_IRQHandler                     
0000783f  UART3_IRQHandler                     
00007842  C$$EXIT                              
00007843  HOSTexit                             
00007847  Reset_Handler                        
0000785d  _system_pre_init                     
00007860  asc2_1608                            
00007e50  asc2_0806                            
000086e0  __TI_Handler_Table_Base              
000086ec  __TI_Handler_Table_Limit             
000086f4  __TI_CINIT_Base                      
00008704  __TI_CINIT_Limit                     
00008704  __TI_CINIT_Warm                      
20200000  __start___llvm_prf_bits              
20200000  __start___llvm_prf_cnts              
20200000  __stop___llvm_prf_bits               
20200000  __stop___llvm_prf_cnts               
20200000  sReg                                 
20200220  gFRONT_OUTBackup                     
202002dc  gRL_OUTBackup                        
20200398  gRR_OUTBackup                        
20200438  gMCAN0Backup                         
202004d0  uart1_rx_buff                        
20200534  uart_rx_buff                         
202006c0  jy901_yaw                            
202006c4  x_origin                             
202006c8  y_origin                             
202006cc  user_chasis                          
20200a04  g_dbg_isr_cnt                        
20200a08  g_dbg_last_iidx                      
20200a0c  g_dbg_trig_cnt                       
20200a10  g_tick                               
20200a18  g_us_dist0                           
20200a1c  g_us_dist1                           
20200a20  g_us_pulse0                          
20200a24  g_us_pulse1                          
20200a54  system_mode                          
20200a60  g_dbg_state                          
20200a62  rx_size                              
20200a64  uart1_rx_size                        
20200a68  chasis_braked                        
20200a69  chasis_trapezoid_done                
20200a6b  flag_enter                           
20200a6c  flag_next                            
20200a6d  g_flag_100hz                         
20200a6e  init_ok                              
20200a78  uart1_rx_dma_complete_flag           
20200a79  uart1_rx_length                      
20200a7a  uart1_tx_complete_flag               
20200a7b  uart1_tx_dma_complete_flag           
20200a7e  uart_rx_dma_complete_flag            
20200a7f  uart_rx_length                       
20200a80  uart_tx_complete_flag                
20200a81  uart_tx_dma_complete_flag            
20207e00  __stack                              
20208000  __STACK_END                          
ffffffff  __TI_pprof_out_hndl                  
ffffffff  __TI_prof_data_size                  
ffffffff  __TI_prof_data_start                 
ffffffff  __binit__                            
ffffffff  binit                                
UNDEFED   __mpu_init                           
UNDEFED   _system_post_cinit                   

[298 symbols]
