******************************************************************************
            TI ARM Clang Linker PC v4.0.4                      
******************************************************************************
>> Linked Thu May 21 21:41:47 2026

OUTPUT FILE NAME:   <test.out>
ENTRY POINT SYMBOL: "_c_int00_noargs"  address: 00004485


MEMORY CONFIGURATION

         name            origin    length      used     unused   attr    fill
----------------------  --------  ---------  --------  --------  ----  --------
  FLASH                 00000000   00020000  00005178  0001ae88  R  X
  SRAM                  20200000   00008000  0000075c  000078a4  RW X
  BCR_CONFIG            41c00000   000000ff  00000000  000000ff  R   
  BSL_CONFIG            41c00100   00000080  00000000  00000080  R   


SEGMENT ALLOCATION MAP

run origin  load origin   length   init length attrs members
----------  ----------- ---------- ----------- ----- -------
00000000    00000000    00005178   00005178    r-x
  00000000    00000000    000000c0   000000c0    r-- .intvecs
  000000c0    000000c0    00004d60   00004d60    r-x .text
  00004e20    00004e20    00000320   00000320    r-- .rodata
  00005140    00005140    00000038   00000038    r-- .cinit
20200000    20200000    0000055c   00000000    rw-
  20200000    20200000    000003c4   00000000    rw- .bss
  202003c4    202003c4    00000198   00000000    rw- .data
20207e00    20207e00    00000200   00000000    rw-
  20207e00    20207e00    00000200   00000000    rw- .stack


SECTION ALLOCATION MAP

 output                                  attributes/
section   page    origin      length       input sections
--------  ----  ----------  ----------   ----------------
.intvecs   0    00000000    000000c0     
                  00000000    000000c0     startup_mspm0g350x_ticlang.o (.intvecs)

.text      0    000000c0    00004d60     
                  000000c0    00000644     libc.a : k_rem_pio2.c.obj (.text.__kernel_rem_pio2)
                  00000704    0000021c     bsp_PWM.o (.text.motor_get_speed)
                  00000920    00000214     driverlib.a : dl_mcan.o (.text.DL_MCAN_msgRAMConfig)
                  00000b34    000001f8     chasis.o (.text.mec_forward_and_odom)
                  00000d2c    000001d4     libc.a : s_cosf.c.obj (.text.cosf)
                  00000f00    000001c8            : s_sinf.c.obj (.text.sinf)
                  000010c8    000001b8     bsp_PWM.o (.text.motor_set)
                  00001280    0000019c     chasis.o (.text.chasis_cal)
                  0000141c    00000192     libclang_rt.builtins.a : adddf3.S.obj (.text.adddf3_subdf3)
                  000015ae    00000002                            : aeabi_div0.c.obj (.text.__aeabi_idiv0)
                  000015b0    00000164     ti_msp_dl_config.o (.text.SYSCFG_DL_GPIO_init)
                  00001714    0000015c     chasis.o (.text.mec_inverse)
                  00001870    00000154     pid.o (.text.pid_speed_drive)
                  000019c4    00000144     libc.a : s_floor.c.obj (.text.floor)
                  00001b08    00000138     pid.o (.text.pid_compute)
                  00001c40    0000010c     driverlib.a : dl_mcan.o (.text.DL_MCAN_readMsgRam)
                  00001d4c    00000104                 : dl_timer.o (.text.DL_Timer_initFourCCPWMMode)
                  00001e50    000000ec     ti_msp_dl_config.o (.text.SYSCFG_DL_MCAN0_init)
                  00001f3c    000000e8     ti_msp_dl_config.o (.text.SYSCFG_DL_FRONT_OUT_init)
                  00002024    000000e8     ti_msp_dl_config.o (.text.SYSCFG_DL_SYSCTL_SYSPLL_init)
                  0000210c    000000e4     libclang_rt.builtins.a : muldf3.S.obj (.text.__muldf3)
                  000021f0    000000dc     driverlib.a : dl_mcan.o (.text.DL_MCAN_init)
                  000022cc    000000dc                 : dl_sysctl_mspm0g1x0x_g3x0x.o (.text.DL_SYSCTL_configSYSPLL)
                  000023a8    000000d8                 : dl_mcan.o (.text.DL_MCAN_setBitTime)
                  00002480    000000d8     bsp_PWM.o (.text.motor_coast)
                  00002558    000000d8     chasis.o (.text.motor_test_tick)
                  00002630    000000d8     libc.a : s_scalbn.c.obj (.text.scalbn)
                  00002708    000000d8     libclang_rt.builtins.a : addsf3.S.obj (.text)
                  000027e0    000000d4     bsp_PWM.o (.text.motor_brake)
                  000028b4    000000c4     ti_msp_dl_config.o (.text.SYSCFG_DL_initPower)
                  00002978    000000bc     Task.o (.text.User_Init)
                  00002a34    000000b8     ti_msp_dl_config.o (.text.SYSCFG_DL_FFRONT_IN_init)
                  00002aec    000000b8     ti_msp_dl_config.o (.text.SYSCFG_DL_REAR_IN_init)
                  00002ba4    000000ac     libc.a : s_cosf.c.obj (.text.__kernel_sindf)
                  00002c50    000000ac            : s_sinf.c.obj (.text.__kernel_sindf)
                  00002cfc    0000009c     ti_msp_dl_config.o (.text.SYSCFG_DL_RR_OUT_init)
                  00002d98    0000009c     libc.a : s_cosf.c.obj (.text.__kernel_cosdf)
                  00002e34    0000009c            : s_sinf.c.obj (.text.__kernel_cosdf)
                  00002ed0    00000098     ti_msp_dl_config.o (.text.SYSCFG_DL_RL_OUT_init)
                  00002f68    00000094     bsp_UART.o (.text.uart_isIDLE)
                  00002ffc    0000008c     libclang_rt.builtins.a : mulsf3.S.obj (.text.__mulsf3)
                  00003088    0000008c     chasis.o (.text.motor_drive_brake)
                  00003114    00000084     ti_msp_dl_config.o (.text.__NVIC_SetPriority)
                  00003198    00000082     libclang_rt.builtins.a : divsf3.S.obj (.text.__divsf3)
                  0000321a    00000002     Task.o (.text.chasis_move_done_callback)
                  0000321c    0000007c     ti_msp_dl_config.o (.text.SYSCFG_DL_SYSCTL_init)
                  00003298    0000007c     bsp_UART.o (.text.UART0_IRQHandler)
                  00003314    0000007c     chasis.o (.text.chasis_update)
                  00003390    0000007c     bsp_CAN.o (.text.handleCanRxMessage)
                  0000340c    0000007c     libc.a : copy_decompress_lzss.c.obj (.text:decompress:lzss)
                  00003488    00000078     ti_msp_dl_config.o (.text.SYSCFG_DL_UART_0_init)
                  00003500    00000074     libclang_rt.builtins.a : comparedf2.c.obj (.text.__gedf2)
                  00003574    0000000c     driverlib.a : dl_mcan.o (.text.DL_MCAN_getIntrStatus)
                  00003580    00000074     libclang_rt.builtins.a : truncdfsf2.S.obj (.text.__truncdfsf2)
                  000035f4    00000068     ti_msp_dl_config.o (.text.SYSCFG_DL_init)
                  0000365c    00000068     libclang_rt.builtins.a : comparedf2.c.obj (.text.__ledf2)
                  000036c4    00000064     driverlib.a : dl_sysctl_mspm0g1x0x_g3x0x.o (.text.DL_SYSCTL_setHFCLKSourceHFXTParams)
                  00003728    00000062     libclang_rt.builtins.a : aeabi_dcmp.S.obj (.text.__aeabi_dcmp)
                  0000378a    00000002     --HOLE-- [fill = 0]
                  0000378c    00000062                            : aeabi_fcmp.S.obj (.text.__aeabi_fcmp)
                  000037ee    00000062     pid.o (.text.pid_init)
                  00003850    00000060     driverlib.a : dl_sysctl_mspm0g1x0x_g3x0x.o (.text.DL_SYSCTL_setLFCLKSourceLFXT)
                  000038b0    00000060     bsp_UART.o (.text.uart_send)
                  00003910    0000005c     empty.o (.text.SysTick_Handler)
                  0000396c    00000058     ti_msp_dl_config.o (.text.SYSCFG_DL_I2C_OLED_init)
                  000039c4    00000056     libclang_rt.builtins.a : aeabi_idivmod.S.obj (.text.__aeabi_idivmod)
                  00003a1a    00000002     --HOLE-- [fill = 0]
                  00003a1c    00000054     bsp_UART.o (.text.UART_Rx_DMA_ToIdle_Callback)
                  00003a70    00000054     bsp_UART.o (.text.uart_receive_start)
                  00003ac4    00000050     ti_msp_dl_config.o (.text.DL_GPIO_initPeripheralInputFunctionFeatures)
                  00003b14    00000050     ti_msp_dl_config.o (.text.SysTick_Config)
                  00003b64    00000050     empty.o (.text.main)
                  00003bb4    0000004c     driverlib.a : dl_dma.o (.text.DL_DMA_initChannel)
                  00003c00    0000004c     ti_msp_dl_config.o (.text.DL_UART_setBaudRateDivisor)
                  00003c4c    0000004a     libclang_rt.builtins.a : fixdfsi.S.obj (.text.__fixdfsi)
                  00003c96    00000002     --HOLE-- [fill = 0]
                  00003c98    00000048     driverlib.a : dl_uart.o (.text.DL_UART_init)
                  00003ce0    00000044     bsp_CAN.o (.text.CANFD0_IRQHandler)
                  00003d24    00000044     driverlib.a : dl_mcan.o (.text.DL_MCAN_getRevisionId)
                  00003d68    00000044                 : dl_sysctl_mspm0g1x0x_g3x0x.o (.text.DL_SYSCTL_switchMCLKfromSYSOSCtoHSCLK)
                  00003dac    00000044     chasis.o (.text.motor_test_direction_stop)
                  00003df0    00000040     driverlib.a : dl_mcan.o (.text.DL_MCAN_writeRxFIFOAck)
                  00003e30    00000040     libclang_rt.builtins.a : aeabi_uidivmod.S.obj (.text.__aeabi_uidivmod)
                  00003e70    00000040                            : extendsfdf2.S.obj (.text.__extendsfdf2)
                  00003eb0    0000003c     ti_msp_dl_config.o (.text.DL_Timer_setCounterControl)
                  00003eec    0000003c     libclang_rt.builtins.a : floatsisf.S.obj (.text.__floatsisf)
                  00003f28    0000003c                            : comparesf2.S.obj (.text.__gtsf2)
                  00003f64    0000003c     libc.a : autoinit.c.obj (.text:__TI_auto_init_nobinit_nopinit)
                  00003fa0    0000003a     libclang_rt.builtins.a : comparesf2.S.obj (.text.__eqsf2)
                  00003fda    00000002     --HOLE-- [fill = 0]
                  00003fdc    0000003a                            : muldsi3.S.obj (.text.__muldsi3)
                  00004016    00000002     --HOLE-- [fill = 0]
                  00004018    00000038     driverlib.a : dl_mcan.o (.text.DL_MCAN_getRxFIFOStatus)
                  00004050    00000038     libclang_rt.builtins.a : fixsfsi.S.obj (.text.__fixsfsi)
                  00004088    00000038     chasis.o (.text.motor_test_direction_start)
                  000040c0    00000034     driverlib.a : dl_mcan.o (.text.DL_MCAN_setExtIDAndMask)
                  000040f4    00000034     chasis.o (.text.chasis_set_velocity)
                  00004128    00000032     libclang_rt.builtins.a : fixunssfsi.S.obj (.text.__fixunssfsi)
                  0000415a    00000002     --HOLE-- [fill = 0]
                  0000415c    00000030     bsp_UART.o (.text.DL_DMA_setTransferSize)
                  0000418c    00000030     ti_msp_dl_config.o (.text.DL_GPIO_initDigitalOutputFeatures)
                  000041bc    00000030     ti_msp_dl_config.o (.text.SYSCFG_DL_DMA_CH0_init)
                  000041ec    00000030     ti_msp_dl_config.o (.text.SYSCFG_DL_DMA_CH1_init)
                  0000421c    0000002c     driverlib.a : dl_mcan.o (.text.DL_MCAN_addExtMsgIDFilter)
                  00004248    0000002c                 : dl_mcan.o (.text.DL_MCAN_addStdMsgIDFilter)
                  00004274    0000002c     empty.o (.text.__NVIC_EnableIRQ)
                  000042a0    0000002c     libclang_rt.builtins.a : floatsidf.S.obj (.text.__floatsidf)
                  000042cc    00000028     ti_msp_dl_config.o (.text.DL_Common_updateReg)
                  000042f4    00000028     bsp_UART.o (.text.DL_DMA_setDestAddr)
                  0000431c    00000028     bsp_UART.o (.text.DL_DMA_setSrcAddr)
                  00004344    00000028     ti_msp_dl_config.o (.text.DL_I2C_setControllerRXFIFOThreshold)
                  0000436c    00000028     ti_msp_dl_config.o (.text.DL_I2C_setControllerTXFIFOThreshold)
                  00004394    00000028     driverlib.a : dl_timer.o (.text.DL_Timer_setCaptureCompareCtl)
                  000043bc    00000028     ti_msp_dl_config.o (.text.DL_Timer_setCounterMode)
                  000043e4    00000028     ti_msp_dl_config.o (.text.DL_Timer_setCounterRepeatMode)
                  0000440c    00000028     ti_msp_dl_config.o (.text.DL_UART_setRXFIFOThreshold)
                  00004434    00000028     ti_msp_dl_config.o (.text.DL_UART_setTXFIFOThreshold)
                  0000445c    00000028     libclang_rt.builtins.a : floatunsisf.S.obj (.text.__floatunsisf)
                  00004484    00000028     libc.a : boot_cortex_m.c.obj (.text:_c_int00_noargs)
                  000044ac    00000026     bsp_UART.o (.text.DL_DMA_disableChannel)
                  000044d2    00000026     bsp_UART.o (.text.DL_DMA_enableChannel)
                  000044f8    00000026     ti_msp_dl_config.o (.text.DL_I2C_setAnalogGlitchFilterPulseWidth)
                  0000451e    00000026     driverlib.a : dl_i2c.o (.text.DL_I2C_setClockConfig)
                  00004544    00000026     pid.o (.text.pid_reset)
                  0000456a    00000002     --HOLE-- [fill = 0]
                  0000456c    00000024     bsp_UART.o (.text.DL_DMA_getTransferSize)
                  00004590    00000024     driverlib.a : dl_mcan.o (.text.DL_MCAN_setClockConfig)
                  000045b4    00000024     ti_msp_dl_config.o (.text.DL_UART_setRXInterruptTimeout)
                  000045d8    00000024     libclang_rt.builtins.a : floatunsidf.S.obj (.text.__floatunsidf)
                  000045fc    00000020     ti_msp_dl_config.o (.text.DL_GPIO_initPeripheralInputFunction)
                  0000461c    00000020     ti_msp_dl_config.o (.text.DL_SYSCTL_setFlashWaitState)
                  0000463c    00000020     ti_msp_dl_config.o (.text.DL_Timer_setCounterValueAfterEnable)
                  0000465c    00000020     Task.o (.text.one_hundured_ms_callback)
                  0000467c    0000001e     ti_msp_dl_config.o (.text.DL_UART_setOversampling)
                  0000469a    00000002     --HOLE-- [fill = 0]
                  0000469c    0000001c     ti_msp_dl_config.o (.text.DL_DMA_enableInterrupt)
                  000046b8    0000001c     ti_msp_dl_config.o (.text.DL_GPIO_enableHiZ)
                  000046d4    0000001c     ti_msp_dl_config.o (.text.DL_GPIO_initPeripheralOutputFunction)
                  000046f0    0000001c     ti_msp_dl_config.o (.text.DL_MCAN_enableInterrupt)
                  0000470c    0000001c     driverlib.a : dl_mcan.o (.text.DL_MCAN_enableIntr)
                  00004728    0000001c                 : dl_mcan.o (.text.DL_MCAN_enableIntrLine)
                  00004744    0000001c                 : dl_mcan.o (.text.DL_MCAN_selectIntrLine)
                  00004760    0000001c                 : dl_sysctl_mspm0g1x0x_g3x0x.o (.text.DL_SYSCTL_configFCC)
                  0000477c    0000001c     ti_msp_dl_config.o (.text.DL_SYSCTL_setFCCPeriods)
                  00004798    0000001c     ti_msp_dl_config.o (.text.DL_SYSCTL_setSYSOSCFreq)
                  000047b4    0000001c     ti_msp_dl_config.o (.text.DL_SYSCTL_setULPCLKDivider)
                  000047d0    0000001c     driverlib.a : dl_timer.o (.text.DL_Timer_setCaptCompUpdateMethod)
                  000047ec    0000001c                 : dl_timer.o (.text.DL_Timer_setCaptureCompareInputFilter)
                  00004808    0000001c                 : dl_timer.o (.text.DL_Timer_setClockConfig)
                  00004824    0000001c     ti_msp_dl_config.o (.text.DL_UART_enableInterrupt)
                  00004840    0000001c     Task.o (.text.ms_callback)
                  0000485c    0000001a     driverlib.a : dl_timer.o (.text.DL_Timer_setCaptureCompareInput)
                  00004876    00000002     --HOLE-- [fill = 0]
                  00004878    00000018     ti_msp_dl_config.o (.text.DL_DMA_clearInterruptStatus)
                  00004890    00000018     ti_msp_dl_config.o (.text.DL_GPIO_enableOutput)
                  000048a8    00000018     ti_msp_dl_config.o (.text.DL_GPIO_enablePower)
                  000048c0    00000018     ti_msp_dl_config.o (.text.DL_GPIO_initPeripheralAnalogFunction)
                  000048d8    00000018     ti_msp_dl_config.o (.text.DL_GPIO_reset)
                  000048f0    00000018     empty.o (.text.DL_GPIO_setPins)
                  00004908    00000018     ti_msp_dl_config.o (.text.DL_I2C_enableAnalogGlitchFilter)
                  00004920    00000018     ti_msp_dl_config.o (.text.DL_I2C_enableController)
                  00004938    00000018     ti_msp_dl_config.o (.text.DL_I2C_enableControllerClockStretching)
                  00004950    00000018     ti_msp_dl_config.o (.text.DL_I2C_enablePower)
                  00004968    00000018     ti_msp_dl_config.o (.text.DL_I2C_reset)
                  00004980    00000018     ti_msp_dl_config.o (.text.DL_I2C_setTimerPeriod)
                  00004998    00000018     ti_msp_dl_config.o (.text.DL_MCAN_clearInterruptStatus)
                  000049b0    00000018     ti_msp_dl_config.o (.text.DL_MCAN_enablePower)
                  000049c8    00000018     ti_msp_dl_config.o (.text.DL_MCAN_reset)
                  000049e0    00000018     driverlib.a : dl_mcan.o (.text.DL_MCAN_setOpMode)
                  000049f8    00000018     ti_msp_dl_config.o (.text.DL_SYSCTL_setBORThreshold)
                  00004a10    00000018     ti_msp_dl_config.o (.text.DL_Timer_enablePower)
                  00004a28    00000018     ti_msp_dl_config.o (.text.DL_Timer_enableShadowFeatures)
                  00004a40    00000018     ti_msp_dl_config.o (.text.DL_Timer_reset)
                  00004a58    00000018     driverlib.a : dl_timer.o (.text.DL_Timer_setCaptureCompareOutCtl)
                  00004a70    00000018     ti_msp_dl_config.o (.text.DL_Timer_setLoadValue)
                  00004a88    00000018     ti_msp_dl_config.o (.text.DL_Timer_startCounter)
                  00004aa0    00000018     ti_msp_dl_config.o (.text.DL_UART_enableDMAReceiveEvent)
                  00004ab8    00000018     ti_msp_dl_config.o (.text.DL_UART_enableDMATransmitEvent)
                  00004ad0    00000018     ti_msp_dl_config.o (.text.DL_UART_enableFIFOs)
                  00004ae8    00000018     ti_msp_dl_config.o (.text.DL_UART_enablePower)
                  00004b00    00000018     ti_msp_dl_config.o (.text.DL_UART_reset)
                  00004b18    00000016     Task.o (.text.CAN_Rx_FIFO0_New_Message_Callback)
                  00004b2e    00000016     ti_msp_dl_config.o (.text.DL_UART_enable)
                  00004b44    00000016     libc.a : k_rem_pio2.c.obj (.text.OUTLINED_FUNCTION_0)
                  00004b5a    00000002     --HOLE-- [fill = 0]
                  00004b5c    00000010     libclang_rt.builtins.a : adddf3.S.obj (.tramp.__aeabi_dadd.1)
                  00004b6c    00000016     libc.a : copy_zero_init.c.obj (.text:decompress:ZI:__TI_zero_init_nomemset)
                  00004b82    00000014     ti_msp_dl_config.o (.text.DL_GPIO_clearPins)
                  00004b96    00000002     --HOLE-- [fill = 0]
                  00004b98    00000014     ti_msp_dl_config.o (.text.DL_I2C_resetControllerTransfer)
                  00004bac    00000014     driverlib.a : dl_mcan.o (.text.DL_MCAN_clearIntrStatus)
                  00004bc0    00000014     bsp_CAN.o (.text.DL_MCAN_getPendingInterrupt)
                  00004bd4    00000014     ti_msp_dl_config.o (.text.DL_SYSCTL_disableSYSPLL)
                  00004be8    00000014     ti_msp_dl_config.o (.text.DL_SYSCTL_enableSYSPLL)
                  00004bfc    00000014     driverlib.a : dl_timer.o (.text.DL_Timer_enableCaptureCompareInputFilter)
                  00004c10    00000014     ti_msp_dl_config.o (.text.DL_Timer_enableClock)
                  00004c24    00000014     ti_msp_dl_config.o (.text.DL_Timer_setCCPDirection)
                  00004c38    00000012     ti_msp_dl_config.o (.text.DL_MCAN_enableModuleClock)
                  00004c4a    00000012     bsp_UART.o (.text.DL_UART_getPendingInterrupt)
                  00004c5c    00000012     driverlib.a : dl_uart.o (.text.DL_UART_setClockConfig)
                  00004c6e    00000012     libc.a : memcpy16.S.obj (.text:TI_memcpy_small)
                  00004c80    00000012            : copy_decompress_none.c.obj (.text:decompress:none)
                  00004c92    00000002     --HOLE-- [fill = 0]
                  00004c94    00000010     driverlib.a : dl_mcan.o (.text.DL_MCAN_getOpMode)
                  00004ca4    00000010                 : dl_mcan.o (.text.DL_MCAN_isMemInitDone)
                  00004cb4    00000010     ti_msp_dl_config.o (.text.DL_SYSCTL_disableHFXT)
                  00004cc4    00000010     ti_msp_dl_config.o (.text.DL_SYSCTL_isFCCDone)
                  00004cd4    00000010     ti_msp_dl_config.o (.text.DL_SYSCTL_startFCC)
                  00004ce4    00000010     driverlib.a : dl_timer.o (.text.DL_Timer_getCaptureCompareValue)
                  00004cf4    00000010     bsp_PWM.o (.text.DL_Timer_getTimerCount)
                  00004d04    00000010     driverlib.a : dl_timer.o (.text.DL_Timer_setCaptureCompareValue)
                  00004d14    00000010     libc.a : k_rem_pio2.c.obj (.text.OUTLINED_FUNCTION_2)
                  00004d24    00000010     ti_msp_dl_config.o (.text.SYSCFG_DL_SYSTICK_init)
                  00004d34    00000010     chasis.o (.text.chasis_move_is_done)
                  00004d44    0000000e     chasis.o (.text.chasis_stop)
                  00004d52    00000002     --HOLE-- [fill = 0]
                  00004d54    0000000c     ti_msp_dl_config.o (.text.DL_SYSCTL_getClockStatus)
                  00004d60    0000000c     ti_msp_dl_config.o (.text.DL_SYSCTL_readFCC)
                  00004d6c    0000000c     ti_msp_dl_config.o (.text.SYSCFG_DL_DMA_init)
                  00004d78    0000000a     driverlib.a : dl_common.o (.text.DL_Common_delayCycles)
                  00004d82    0000000a     libc.a : k_rem_pio2.c.obj (.text.OUTLINED_FUNCTION_1)
                  00004d8c    0000000a            : s_cosf.c.obj (.text.OUTLINED_FUNCTION_3)
                  00004d96    0000000a            : s_sinf.c.obj (.text.OUTLINED_FUNCTION_3)
                  00004da0    00000008            : aeabi_portable.c.obj (.text.__aeabi_errno_addr)
                  00004da8    00000008     libclang_rt.builtins.a : aeabi_memcpy.S.obj (.text.__aeabi_memcpy)
                  00004db0    00000006     libc.a : s_cosf.c.obj (.text.OUTLINED_FUNCTION_0)
                  00004db6    00000002     --HOLE-- [fill = 0]
                  00004db8    00000010     libclang_rt.builtins.a : muldf3.S.obj (.tramp.__aeabi_dmul.1)
                  00004dc8    00000006     libc.a : s_sinf.c.obj (.text.OUTLINED_FUNCTION_0)
                  00004dce    00000006            : s_cosf.c.obj (.text.OUTLINED_FUNCTION_1)
                  00004dd4    00000006            : s_sinf.c.obj (.text.OUTLINED_FUNCTION_1)
                  00004dda    00000006            : exit.c.obj (.text:abort)
                  00004de0    00000004     startup_mspm0g350x_ticlang.o (.text.Default_Handler)
                  00004de4    00000004     libsysbm.a : hostexit.c.obj (.text.HOSTexit)
                  00004de8    00000004     libc.a : s_cosf.c.obj (.text.OUTLINED_FUNCTION_2)
                  00004dec    00000010     libclang_rt.builtins.a : extendsfdf2.S.obj (.tramp.__aeabi_f2d.1)
                  00004dfc    00000004     libc.a : s_sinf.c.obj (.text.OUTLINED_FUNCTION_2)
                  00004e00    00000004     startup_mspm0g350x_ticlang.o (.text.Reset_Handler)
                  00004e04    00000010     libc.a : boot_cortex_m.c.obj (.tramp._c_int00_noargs.1)
                  00004e14    00000004            : pre_init.c.obj (.text._system_pre_init)
                  00004e18    00000008     --HOLE-- [fill = 0]

.cinit     0    00005140    00000038     
                  00005140    00000011     (.cinit..data.load) [load image, compression = lzss]
                  00005151    00000003     --HOLE-- [fill = 0]
                  00005154    0000000c     (__TI_handler_table)
                  00005160    00000008     (.cinit..bss.load) [load image, compression = zero_init]
                  00005168    00000010     (__TI_cinit_table)

.rodata    0    00004e20    00000320     
                  00004e20    00000108     libc.a : k_rem_pio2.c.obj (.rodata.ipio2)
                  00004f28    00000060     ti_msp_dl_config.o (.rodata.gMCAN0MsgRAMConfigParams)
                  00004f88    00000040     driverlib.a : dl_mcan.o (.rodata..L__const.DL_MCAN_getDataSize.dataSize)
                  00004fc8    00000040     libc.a : k_rem_pio2.c.obj (.rodata.PIo2)
                  00005008    00000034     ti_msp_dl_config.o (.rodata.gMCAN0InitParams)
                  0000503c    00000028     ti_msp_dl_config.o (.rodata.gSYSPLLConfig)
                  00005064    00000020     driverlib.a : dl_mcan.o (.rodata.cst32)
                  00005084    00000020     ti_msp_dl_config.o (.rodata.gMCAN0BitTimes)
                  000050a4    00000018     ti_msp_dl_config.o (.rodata.gDMA_CH0Config)
                  000050bc    00000018     ti_msp_dl_config.o (.rodata.gDMA_CH1Config)
                  000050d4    00000010     libc.a : k_rem_pio2.c.obj (.rodata.cst16)
                  000050e4    00000010     ti_msp_dl_config.o (.rodata.gMCAN0ExtFiltelem)
                  000050f4    00000010     ti_msp_dl_config.o (.rodata.gMCAN0StdFiltelem)
                  00005104    0000000a     ti_msp_dl_config.o (.rodata.gUART_0Config)
                  0000510e    00000002     ti_msp_dl_config.o (.rodata.gI2C_OLEDClockConfig)
                  00005110    00000008     ti_msp_dl_config.o (.rodata.gFRONT_OUTConfig)
                  00005118    00000008     ti_msp_dl_config.o (.rodata.gRL_OUTConfig)
                  00005120    00000008     ti_msp_dl_config.o (.rodata.gRR_OUTConfig)
                  00005128    00000004     ti_msp_dl_config.o (.rodata.gMCAN0ClockConf)
                  0000512c    00000003     ti_msp_dl_config.o (.rodata.gFFRONT_INClockConfig)
                  0000512f    00000003     ti_msp_dl_config.o (.rodata.gFRONT_OUTClockConfig)
                  00005132    00000003     ti_msp_dl_config.o (.rodata.gLFCLKConfig)
                  00005135    00000003     ti_msp_dl_config.o (.rodata.gREAR_INClockConfig)
                  00005138    00000003     ti_msp_dl_config.o (.rodata.gRL_OUTClockConfig)
                  0000513b    00000003     ti_msp_dl_config.o (.rodata.gRR_OUTClockConfig)
                  0000513e    00000002     ti_msp_dl_config.o (.rodata.gUART_0ClockConfig)

.init_array 
*          0    00000000    00000000     UNINITIALIZED

.binit     0    00000000    00000000     

.bss       0    20200000    000003c4     UNINITIALIZED
                  20200000    000000bc     (.common:gFRONT_OUTBackup)
                  202000bc    000000bc     (.common:gRL_OUTBackup)
                  20200178    000000a0     (.common:gREAR_INBackup)
                  20200218    000000a0     (.common:gRR_OUTBackup)
                  202002b8    00000098     (.common:gMCAN0Backup)
                  20200350    00000064     (.common:uart_rx_buff)
                  202003b4    00000004     (.common:test_FL)
                  202003b8    00000004     (.common:test_FR)
                  202003bc    00000004     (.common:test_RL)
                  202003c0    00000004     (.common:test_RR)

.data      0    202003c4    00000198     UNINITIALIZED
                  202003c4    00000118     chasis.o (.data.user_chasis)
                  202004dc    00000010     bsp_PWM.o (.data.g_motor)
                  202004ec    00000010     bsp_PWM.o (.data.motor_get_speed.last_count)
                  202004fc    00000010     bsp_PWM.o (.data.motor_get_speed.last_period)
                  2020050c    00000010     bsp_PWM.o (.data.motor_get_speed.last_rpm)
                  2020051c    00000010     chasis.o (.data.motor_test_target_rpm)
                  2020052c    00000004     libc.a : aeabi_portable.c.obj (.data.__aeabi_errno)
                  20200530    00000004     empty.o (.data.g_tick)
                  20200534    00000004     chasis.o (.data.mec_odom_theta)
                  20200538    00000004     chasis.o (.data.mec_odom_x)
                  2020053c    00000004     chasis.o (.data.mec_odom_y)
                  20200540    00000004     chasis.o (.data.motor_invert)
                  20200544    00000004     chasis.o (.data.motor_test_step)
                  20200548    00000004     chasis.o (.data.motor_test_timer)
                  2020054c    00000004     chasis.o (.data.move_timer_ms)
                  20200550    00000002     bsp_UART.o (.data.rx_size)
                  20200552    00000001     empty.o (.data.g_flag_100hz)
                  20200553    00000001     empty.o (.data.init_ok)
                  20200554    00000001     chasis.o (.data.motor_test_mode)
                  20200555    00000001     chasis.o (.data.move_state)
                  20200556    00000001     bsp_UART.o (.data.uart_isIDLE.rx_last_size)
                  20200557    00000001     bsp_UART.o (.data.uart_isIDLE.stable_count)
                  20200558    00000001     bsp_UART.o (.data.uart_rx_dma_complete_flag)
                  20200559    00000001     bsp_UART.o (.data.uart_rx_length)
                  2020055a    00000001     bsp_UART.o (.data.uart_tx_complete_flag)
                  2020055b    00000001     bsp_UART.o (.data.uart_tx_dma_complete_flag)

.stack     0    20207e00    00000200     UNINITIALIZED
                  20207e00    00000004     libc.a : boot_cortex_m.c.obj (.stack)
                  20207e04    000001fc     --HOLE--

__llvm_prf_cnts 
*          0    20200000    00000000     UNINITIALIZED

__llvm_prf_bits 
*          0    20200000    00000000     UNINITIALIZED

MODULE SUMMARY

       Module                         code    ro data   rw data
       ------                         ----    -------   -------
    .\
       ti_msp_dl_config.o             4500    360       848    
       empty.o                        240     0         6      
       startup_mspm0g350x_ticlang.o   8       192       0      
    +--+------------------------------+-------+---------+---------+
       Total:                         4748    552       854    
                                                               
    .\User\bsp\Src\
       chasis.o                       1950    0         342    
       bsp_PWM.o                      1424    0         64     
       bsp_UART.o                     794     0         108    
       pid.o                          788     0         0      
       Task.o                         272     0         0      
       bsp_CAN.o                      212     0         0      
    +--+------------------------------+-------+---------+---------+
       Total:                         5440    0         514    
                                                               
    E:/TI/CCS/mspm0_sdk_2_10_00_04/source/ti/driverlib/lib/ticlang/m0p/mspm0g1x0x_g3x0x/driverlib.a
       dl_mcan.o                      1772    96        0      
       dl_sysctl_mspm0g1x0x_g3x0x.o   512     0         0      
       dl_timer.o                     486     0         0      
       dl_uart.o                      90      0         0      
       dl_dma.o                       76      0         0      
       dl_i2c.o                       38      0         0      
       dl_common.o                    10      0         0      
    +--+------------------------------+-------+---------+---------+
       Total:                         2984    96        0      
                                                               
    E:\TI\CCS\ccs\tools\compiler\ti-cgt-armllvm_4.0.4.LTS\lib\armv6m-ti-none-eabi/c/libc.a
       k_rem_pio2.c.obj               1652    344       0      
       s_cosf.c.obj                   822     0         0      
       s_sinf.c.obj                   810     0         0      
       s_floor.c.obj                  324     0         0      
       s_scalbn.c.obj                 216     0         0      
       copy_decompress_lzss.c.obj     124     0         0      
       autoinit.c.obj                 60      0         0      
       boot_cortex_m.c.obj            56      0         0      
       copy_zero_init.c.obj           22      0         0      
       copy_decompress_none.c.obj     18      0         0      
       memcpy16.S.obj                 18      0         0      
       aeabi_portable.c.obj           8       0         4      
       exit.c.obj                     6       0         0      
       pre_init.c.obj                 4       0         0      
    +--+------------------------------+-------+---------+---------+
       Total:                         4140    344       4      
                                                               
    E:\TI\CCS\ccs\tools\compiler\ti-cgt-armllvm_4.0.4.LTS\lib\armv6m-ti-none-eabi/c/libsysbm.a
       hostexit.c.obj                 4       0         0      
    +--+------------------------------+-------+---------+---------+
       Total:                         4       0         0      
                                                               
    E:\TI\CCS\ccs\tools\compiler\ti-cgt-armllvm_4.0.4.LTS\lib\armv6m-ti-none-eabi/libclang_rt.builtins.a
       adddf3.S.obj                   418     0         0      
       muldf3.S.obj                   244     0         0      
       comparedf2.c.obj               220     0         0      
       addsf3.S.obj                   216     0         0      
       mulsf3.S.obj                   140     0         0      
       divsf3.S.obj                   130     0         0      
       comparesf2.S.obj               118     0         0      
       truncdfsf2.S.obj               116     0         0      
       aeabi_dcmp.S.obj               98      0         0      
       aeabi_fcmp.S.obj               98      0         0      
       aeabi_idivmod.S.obj            86      0         0      
       extendsfdf2.S.obj              80      0         0      
       fixdfsi.S.obj                  74      0         0      
       aeabi_uidivmod.S.obj           64      0         0      
       floatsisf.S.obj                60      0         0      
       muldsi3.S.obj                  58      0         0      
       fixsfsi.S.obj                  56      0         0      
       fixunssfsi.S.obj               50      0         0      
       floatsidf.S.obj                44      0         0      
       floatunsisf.S.obj              40      0         0      
       floatunsidf.S.obj              36      0         0      
       aeabi_memcpy.S.obj             8       0         0      
       aeabi_div0.c.obj               2       0         0      
    +--+------------------------------+-------+---------+---------+
       Total:                         2456    0         0      
                                                               
       Stack:                         0       0         512    
       Linker Generated:              0       53        0      
    +--+------------------------------+-------+---------+---------+
       Grand Total:                   19772   1045      1884   


LINKER GENERATED COPY TABLES

__TI_cinit_table @ 00005168 records: 2, size/record: 8, table size: 16
	.data: load addr=00005140, load size=00000011 bytes, run addr=202003c4, run size=00000198 bytes, compression=lzss
	.bss: load addr=00005160, load size=00000008 bytes, run addr=20200000, run size=000003c4 bytes, compression=zero_init


LINKER GENERATED HANDLER TABLE

__TI_handler_table @ 00005154 records: 3, size/record: 4, table size: 12
	index: 0, handler: __TI_decompress_lzss
	index: 1, handler: __TI_decompress_none
	index: 2, handler: __TI_zero_init


FAR CALL TRAMPOLINES

callee name               trampoline name
   callee addr  tramp addr   call addr  call info
--------------  -----------  ---------  ----------------
__aeabi_dadd              $Tramp$TT$L$PI$$__aeabi_dadd
   00001427     00004b5c     00004b58   libc.a : k_rem_pio2.c.obj (.text.OUTLINED_FUNCTION_0)
                             00004d8a          : k_rem_pio2.c.obj (.text.OUTLINED_FUNCTION_1)
                             00004d94          : s_cosf.c.obj (.text.OUTLINED_FUNCTION_3)
                             00004d9e          : s_sinf.c.obj (.text.OUTLINED_FUNCTION_3)
__aeabi_dmul              $Tramp$TT$L$PI$$__aeabi_dmul
   0000210d     00004db8     00004db4   libc.a : s_cosf.c.obj (.text.OUTLINED_FUNCTION_0)
                             00004dcc          : s_sinf.c.obj (.text.OUTLINED_FUNCTION_0)
                             00004dd2          : s_cosf.c.obj (.text.OUTLINED_FUNCTION_1)
                             00004dd8          : s_sinf.c.obj (.text.OUTLINED_FUNCTION_1)
__aeabi_f2d               $Tramp$TT$L$PI$$__aeabi_f2d
   00003e71     00004dec     00004dea   libc.a : s_cosf.c.obj (.text.OUTLINED_FUNCTION_2)
                             00004dfe          : s_sinf.c.obj (.text.OUTLINED_FUNCTION_2)
_c_int00_noargs           $Tramp$TT$L$PI$$_c_int00_noargs
   00004485     00004e04     00004e00   startup_mspm0g350x_ticlang.o (.text.Reset_Handler)

[4 trampolines]
[11 trampoline calls]


GLOBAL SYMBOLS: SORTED ALPHABETICALLY BY Name 

address   name                                    
-------   ----                                    
00004de1  ADC0_IRQHandler                         
00004de1  ADC1_IRQHandler                         
00004de1  AES_IRQHandler                          
00004de4  C$$EXIT                                 
00003ce1  CANFD0_IRQHandler                       
00004b19  CAN_Rx_FIFO0_New_Message_Callback       
00004de1  DAC0_IRQHandler                         
00004d79  DL_Common_delayCycles                   
00003bb5  DL_DMA_initChannel                      
0000451f  DL_I2C_setClockConfig                   
0000421d  DL_MCAN_addExtMsgIDFilter               
00004249  DL_MCAN_addStdMsgIDFilter               
00004bad  DL_MCAN_clearIntrStatus                 
0000470d  DL_MCAN_enableIntr                      
00004729  DL_MCAN_enableIntrLine                  
00003575  DL_MCAN_getIntrStatus                   
00004c95  DL_MCAN_getOpMode                       
00003d25  DL_MCAN_getRevisionId                   
00004019  DL_MCAN_getRxFIFOStatus                 
000021f1  DL_MCAN_init                            
00004ca5  DL_MCAN_isMemInitDone                   
00000921  DL_MCAN_msgRAMConfig                    
00001c41  DL_MCAN_readMsgRam                      
00004745  DL_MCAN_selectIntrLine                  
000023a9  DL_MCAN_setBitTime                      
00004591  DL_MCAN_setClockConfig                  
000040c1  DL_MCAN_setExtIDAndMask                 
000049e1  DL_MCAN_setOpMode                       
00003df1  DL_MCAN_writeRxFIFOAck                  
00004761  DL_SYSCTL_configFCC                     
000022cd  DL_SYSCTL_configSYSPLL                  
000036c5  DL_SYSCTL_setHFCLKSourceHFXTParams      
00003851  DL_SYSCTL_setLFCLKSourceLFXT            
00003d69  DL_SYSCTL_switchMCLKfromSYSOSCtoHSCLK   
00004bfd  DL_Timer_enableCaptureCompareInputFilter
00004ce5  DL_Timer_getCaptureCompareValue         
00001d4d  DL_Timer_initFourCCPWMMode              
000047d1  DL_Timer_setCaptCompUpdateMethod        
00004395  DL_Timer_setCaptureCompareCtl           
0000485d  DL_Timer_setCaptureCompareInput         
000047ed  DL_Timer_setCaptureCompareInputFilter   
00004a59  DL_Timer_setCaptureCompareOutCtl        
00004d05  DL_Timer_setCaptureCompareValue         
00004809  DL_Timer_setClockConfig                 
00003c99  DL_UART_init                            
00004c5d  DL_UART_setClockConfig                  
00004de1  DMA_IRQHandler                          
00004de1  Default_Handler                         
00004de1  GROUP0_IRQHandler                       
00004de1  GROUP1_IRQHandler                       
00004de5  HOSTexit                                
00004de1  HardFault_Handler                       
00004de1  I2C0_IRQHandler                         
00004de1  I2C1_IRQHandler                         
00004de1  NMI_Handler                             
00004de1  PendSV_Handler                          
00004de1  RTC_IRQHandler                          
00004e01  Reset_Handler                           
00004de1  SPI0_IRQHandler                         
00004de1  SPI1_IRQHandler                         
00004de1  SVC_Handler                             
000041bd  SYSCFG_DL_DMA_CH0_init                  
000041ed  SYSCFG_DL_DMA_CH1_init                  
00004d6d  SYSCFG_DL_DMA_init                      
00002a35  SYSCFG_DL_FFRONT_IN_init                
00001f3d  SYSCFG_DL_FRONT_OUT_init                
000015b1  SYSCFG_DL_GPIO_init                     
0000396d  SYSCFG_DL_I2C_OLED_init                 
00001e51  SYSCFG_DL_MCAN0_init                    
00002aed  SYSCFG_DL_REAR_IN_init                  
00002ed1  SYSCFG_DL_RL_OUT_init                   
00002cfd  SYSCFG_DL_RR_OUT_init                   
00002025  SYSCFG_DL_SYSCTL_SYSPLL_init            
0000321d  SYSCFG_DL_SYSCTL_init                   
00004d25  SYSCFG_DL_SYSTICK_init                  
00003489  SYSCFG_DL_UART_0_init                   
000035f5  SYSCFG_DL_init                          
000028b5  SYSCFG_DL_initPower                     
00003911  SysTick_Handler                         
00004de1  TIMA0_IRQHandler                        
00004de1  TIMA1_IRQHandler                        
00004de1  TIMG0_IRQHandler                        
00004de1  TIMG12_IRQHandler                       
00004de1  TIMG6_IRQHandler                        
00004de1  TIMG7_IRQHandler                        
00004de1  TIMG8_IRQHandler                        
00004c6f  TI_memcpy_small                         
00003299  UART0_IRQHandler                        
00004de1  UART1_IRQHandler                        
00004de1  UART2_IRQHandler                        
00004de1  UART3_IRQHandler                        
00003a1d  UART_Rx_DMA_ToIdle_Callback             
00002979  User_Init                               
20208000  __STACK_END                             
00000200  __STACK_SIZE                            
00000000  __TI_ATRegion0_region_sz                
00000000  __TI_ATRegion0_src_addr                 
00000000  __TI_ATRegion0_trg_addr                 
00000000  __TI_ATRegion1_region_sz                
00000000  __TI_ATRegion1_src_addr                 
00000000  __TI_ATRegion1_trg_addr                 
00000000  __TI_ATRegion2_region_sz                
00000000  __TI_ATRegion2_src_addr                 
00000000  __TI_ATRegion2_trg_addr                 
00005168  __TI_CINIT_Base                         
00005178  __TI_CINIT_Limit                        
00005178  __TI_CINIT_Warm                         
00005154  __TI_Handler_Table_Base                 
00005160  __TI_Handler_Table_Limit                
00003f65  __TI_auto_init_nobinit_nopinit          
0000340d  __TI_decompress_lzss                    
00004c81  __TI_decompress_none                    
ffffffff  __TI_pprof_out_hndl                     
ffffffff  __TI_prof_data_size                     
ffffffff  __TI_prof_data_start                    
00000000  __TI_static_base__                      
00004b6d  __TI_zero_init_nomemset                 
00001427  __adddf3                                
00002713  __addsf3                                
00003581  __aeabi_d2f                             
00003c4d  __aeabi_d2iz                            
00001427  __aeabi_dadd                            
00003729  __aeabi_dcmpeq                          
00003765  __aeabi_dcmpge                          
00003779  __aeabi_dcmpgt                          
00003751  __aeabi_dcmple                          
0000373d  __aeabi_dcmplt                          
0000210d  __aeabi_dmul                            
0000141d  __aeabi_dsub                            
2020052c  __aeabi_errno                           
00004da1  __aeabi_errno_addr                      
00003e71  __aeabi_f2d                             
00004051  __aeabi_f2iz                            
00004129  __aeabi_f2uiz                           
00002713  __aeabi_fadd                            
0000378d  __aeabi_fcmpeq                          
000037c9  __aeabi_fcmpge                          
000037dd  __aeabi_fcmpgt                          
000037b5  __aeabi_fcmple                          
000037a1  __aeabi_fcmplt                          
00003199  __aeabi_fdiv                            
00002ffd  __aeabi_fmul                            
00002709  __aeabi_fsub                            
000042a1  __aeabi_i2d                             
00003eed  __aeabi_i2f                             
000039c5  __aeabi_idiv                            
000015af  __aeabi_idiv0                           
000039c5  __aeabi_idivmod                         
00004da9  __aeabi_memcpy                          
00004da9  __aeabi_memcpy4                         
00004da9  __aeabi_memcpy8                         
000045d9  __aeabi_ui2d                            
0000445d  __aeabi_ui2f                            
00003e31  __aeabi_uidiv                           
00003e31  __aeabi_uidivmod                        
ffffffff  __binit__                               
0000365d  __cmpdf2                                
00003fa1  __cmpsf2                                
00003199  __divsf3                                
0000365d  __eqdf2                                 
00003fa1  __eqsf2                                 
00003e71  __extendsfdf2                           
00003c4d  __fixdfsi                               
00004051  __fixsfsi                               
00004129  __fixunssfsi                            
000042a1  __floatsidf                             
00003eed  __floatsisf                             
000045d9  __floatunsidf                           
0000445d  __floatunsisf                           
00003501  __gedf2                                 
00003f29  __gesf2                                 
00003501  __gtdf2                                 
00003f29  __gtsf2                                 
000000c1  __kernel_rem_pio2                       
0000365d  __ledf2                                 
00003fa1  __lesf2                                 
0000365d  __ltdf2                                 
00003fa1  __ltsf2                                 
UNDEFED   __mpu_init                              
0000210d  __muldf3                                
00003fdd  __muldsi3                               
00002ffd  __mulsf3                                
0000365d  __nedf2                                 
00003fa1  __nesf2                                 
20207e00  __stack                                 
20200000  __start___llvm_prf_bits                 
20200000  __start___llvm_prf_cnts                 
20200000  __stop___llvm_prf_bits                  
20200000  __stop___llvm_prf_cnts                  
0000141d  __subdf3                                
00002709  __subsf3                                
00003581  __truncdfsf2                            
00004485  _c_int00_noargs                         
UNDEFED   _system_post_cinit                      
00004e15  _system_pre_init                        
00004ddb  abort                                   
ffffffff  binit                                   
00001281  chasis_cal                              
0000321b  chasis_move_done_callback               
00004d35  chasis_move_is_done                     
000040f5  chasis_set_velocity                     
00004d45  chasis_stop                             
00003315  chasis_update                           
00000d2d  cosf                                    
000019c5  floor                                   
000019c5  floorl                                  
20200000  gFRONT_OUTBackup                        
202002b8  gMCAN0Backup                            
20200178  gREAR_INBackup                          
202000bc  gRL_OUTBackup                           
20200218  gRR_OUTBackup                           
20200552  g_flag_100hz                            
20200530  g_tick                                  
00003391  handleCanRxMessage                      
20200553  init_ok                                 
00000000  interruptVectors                        
00002631  ldexp                                   
00002631  ldexpl                                  
00003b65  main                                    
000027e1  motor_brake                             
00002481  motor_coast                             
00000705  motor_get_speed                         
000010c9  motor_set                               
00004089  motor_test_direction_start              
00003dad  motor_test_direction_stop               
00002559  motor_test_tick                         
00004841  ms_callback                             
0000465d  one_hundured_ms_callback                
00001b09  pid_compute                             
000037ef  pid_init                                
00004545  pid_reset                               
00001871  pid_speed_drive                         
20200550  rx_size                                 
00002631  scalbn                                  
00002631  scalbnl                                 
00000f01  sinf                                    
202003b4  test_FL                                 
202003b8  test_FR                                 
202003bc  test_RL                                 
202003c0  test_RR                                 
00002f69  uart_isIDLE                             
00003a71  uart_receive_start                      
20200350  uart_rx_buff                            
20200558  uart_rx_dma_complete_flag               
20200559  uart_rx_length                          
000038b1  uart_send                               
2020055a  uart_tx_complete_flag                   
2020055b  uart_tx_dma_complete_flag               
202003c4  user_chasis                             


GLOBAL SYMBOLS: SORTED BY Symbol Address 

address   name                                    
-------   ----                                    
00000000  __TI_ATRegion0_region_sz                
00000000  __TI_ATRegion0_src_addr                 
00000000  __TI_ATRegion0_trg_addr                 
00000000  __TI_ATRegion1_region_sz                
00000000  __TI_ATRegion1_src_addr                 
00000000  __TI_ATRegion1_trg_addr                 
00000000  __TI_ATRegion2_region_sz                
00000000  __TI_ATRegion2_src_addr                 
00000000  __TI_ATRegion2_trg_addr                 
00000000  __TI_static_base__                      
00000000  interruptVectors                        
000000c1  __kernel_rem_pio2                       
00000200  __STACK_SIZE                            
00000705  motor_get_speed                         
00000921  DL_MCAN_msgRAMConfig                    
00000d2d  cosf                                    
00000f01  sinf                                    
000010c9  motor_set                               
00001281  chasis_cal                              
0000141d  __aeabi_dsub                            
0000141d  __subdf3                                
00001427  __adddf3                                
00001427  __aeabi_dadd                            
000015af  __aeabi_idiv0                           
000015b1  SYSCFG_DL_GPIO_init                     
00001871  pid_speed_drive                         
000019c5  floor                                   
000019c5  floorl                                  
00001b09  pid_compute                             
00001c41  DL_MCAN_readMsgRam                      
00001d4d  DL_Timer_initFourCCPWMMode              
00001e51  SYSCFG_DL_MCAN0_init                    
00001f3d  SYSCFG_DL_FRONT_OUT_init                
00002025  SYSCFG_DL_SYSCTL_SYSPLL_init            
0000210d  __aeabi_dmul                            
0000210d  __muldf3                                
000021f1  DL_MCAN_init                            
000022cd  DL_SYSCTL_configSYSPLL                  
000023a9  DL_MCAN_setBitTime                      
00002481  motor_coast                             
00002559  motor_test_tick                         
00002631  ldexp                                   
00002631  ldexpl                                  
00002631  scalbn                                  
00002631  scalbnl                                 
00002709  __aeabi_fsub                            
00002709  __subsf3                                
00002713  __addsf3                                
00002713  __aeabi_fadd                            
000027e1  motor_brake                             
000028b5  SYSCFG_DL_initPower                     
00002979  User_Init                               
00002a35  SYSCFG_DL_FFRONT_IN_init                
00002aed  SYSCFG_DL_REAR_IN_init                  
00002cfd  SYSCFG_DL_RR_OUT_init                   
00002ed1  SYSCFG_DL_RL_OUT_init                   
00002f69  uart_isIDLE                             
00002ffd  __aeabi_fmul                            
00002ffd  __mulsf3                                
00003199  __aeabi_fdiv                            
00003199  __divsf3                                
0000321b  chasis_move_done_callback               
0000321d  SYSCFG_DL_SYSCTL_init                   
00003299  UART0_IRQHandler                        
00003315  chasis_update                           
00003391  handleCanRxMessage                      
0000340d  __TI_decompress_lzss                    
00003489  SYSCFG_DL_UART_0_init                   
00003501  __gedf2                                 
00003501  __gtdf2                                 
00003575  DL_MCAN_getIntrStatus                   
00003581  __aeabi_d2f                             
00003581  __truncdfsf2                            
000035f5  SYSCFG_DL_init                          
0000365d  __cmpdf2                                
0000365d  __eqdf2                                 
0000365d  __ledf2                                 
0000365d  __ltdf2                                 
0000365d  __nedf2                                 
000036c5  DL_SYSCTL_setHFCLKSourceHFXTParams      
00003729  __aeabi_dcmpeq                          
0000373d  __aeabi_dcmplt                          
00003751  __aeabi_dcmple                          
00003765  __aeabi_dcmpge                          
00003779  __aeabi_dcmpgt                          
0000378d  __aeabi_fcmpeq                          
000037a1  __aeabi_fcmplt                          
000037b5  __aeabi_fcmple                          
000037c9  __aeabi_fcmpge                          
000037dd  __aeabi_fcmpgt                          
000037ef  pid_init                                
00003851  DL_SYSCTL_setLFCLKSourceLFXT            
000038b1  uart_send                               
00003911  SysTick_Handler                         
0000396d  SYSCFG_DL_I2C_OLED_init                 
000039c5  __aeabi_idiv                            
000039c5  __aeabi_idivmod                         
00003a1d  UART_Rx_DMA_ToIdle_Callback             
00003a71  uart_receive_start                      
00003b65  main                                    
00003bb5  DL_DMA_initChannel                      
00003c4d  __aeabi_d2iz                            
00003c4d  __fixdfsi                               
00003c99  DL_UART_init                            
00003ce1  CANFD0_IRQHandler                       
00003d25  DL_MCAN_getRevisionId                   
00003d69  DL_SYSCTL_switchMCLKfromSYSOSCtoHSCLK   
00003dad  motor_test_direction_stop               
00003df1  DL_MCAN_writeRxFIFOAck                  
00003e31  __aeabi_uidiv                           
00003e31  __aeabi_uidivmod                        
00003e71  __aeabi_f2d                             
00003e71  __extendsfdf2                           
00003eed  __aeabi_i2f                             
00003eed  __floatsisf                             
00003f29  __gesf2                                 
00003f29  __gtsf2                                 
00003f65  __TI_auto_init_nobinit_nopinit          
00003fa1  __cmpsf2                                
00003fa1  __eqsf2                                 
00003fa1  __lesf2                                 
00003fa1  __ltsf2                                 
00003fa1  __nesf2                                 
00003fdd  __muldsi3                               
00004019  DL_MCAN_getRxFIFOStatus                 
00004051  __aeabi_f2iz                            
00004051  __fixsfsi                               
00004089  motor_test_direction_start              
000040c1  DL_MCAN_setExtIDAndMask                 
000040f5  chasis_set_velocity                     
00004129  __aeabi_f2uiz                           
00004129  __fixunssfsi                            
000041bd  SYSCFG_DL_DMA_CH0_init                  
000041ed  SYSCFG_DL_DMA_CH1_init                  
0000421d  DL_MCAN_addExtMsgIDFilter               
00004249  DL_MCAN_addStdMsgIDFilter               
000042a1  __aeabi_i2d                             
000042a1  __floatsidf                             
00004395  DL_Timer_setCaptureCompareCtl           
0000445d  __aeabi_ui2f                            
0000445d  __floatunsisf                           
00004485  _c_int00_noargs                         
0000451f  DL_I2C_setClockConfig                   
00004545  pid_reset                               
00004591  DL_MCAN_setClockConfig                  
000045d9  __aeabi_ui2d                            
000045d9  __floatunsidf                           
0000465d  one_hundured_ms_callback                
0000470d  DL_MCAN_enableIntr                      
00004729  DL_MCAN_enableIntrLine                  
00004745  DL_MCAN_selectIntrLine                  
00004761  DL_SYSCTL_configFCC                     
000047d1  DL_Timer_setCaptCompUpdateMethod        
000047ed  DL_Timer_setCaptureCompareInputFilter   
00004809  DL_Timer_setClockConfig                 
00004841  ms_callback                             
0000485d  DL_Timer_setCaptureCompareInput         
000049e1  DL_MCAN_setOpMode                       
00004a59  DL_Timer_setCaptureCompareOutCtl        
00004b19  CAN_Rx_FIFO0_New_Message_Callback       
00004b6d  __TI_zero_init_nomemset                 
00004bad  DL_MCAN_clearIntrStatus                 
00004bfd  DL_Timer_enableCaptureCompareInputFilter
00004c5d  DL_UART_setClockConfig                  
00004c6f  TI_memcpy_small                         
00004c81  __TI_decompress_none                    
00004c95  DL_MCAN_getOpMode                       
00004ca5  DL_MCAN_isMemInitDone                   
00004ce5  DL_Timer_getCaptureCompareValue         
00004d05  DL_Timer_setCaptureCompareValue         
00004d25  SYSCFG_DL_SYSTICK_init                  
00004d35  chasis_move_is_done                     
00004d45  chasis_stop                             
00004d6d  SYSCFG_DL_DMA_init                      
00004d79  DL_Common_delayCycles                   
00004da1  __aeabi_errno_addr                      
00004da9  __aeabi_memcpy                          
00004da9  __aeabi_memcpy4                         
00004da9  __aeabi_memcpy8                         
00004ddb  abort                                   
00004de1  ADC0_IRQHandler                         
00004de1  ADC1_IRQHandler                         
00004de1  AES_IRQHandler                          
00004de1  DAC0_IRQHandler                         
00004de1  DMA_IRQHandler                          
00004de1  Default_Handler                         
00004de1  GROUP0_IRQHandler                       
00004de1  GROUP1_IRQHandler                       
00004de1  HardFault_Handler                       
00004de1  I2C0_IRQHandler                         
00004de1  I2C1_IRQHandler                         
00004de1  NMI_Handler                             
00004de1  PendSV_Handler                          
00004de1  RTC_IRQHandler                          
00004de1  SPI0_IRQHandler                         
00004de1  SPI1_IRQHandler                         
00004de1  SVC_Handler                             
00004de1  TIMA0_IRQHandler                        
00004de1  TIMA1_IRQHandler                        
00004de1  TIMG0_IRQHandler                        
00004de1  TIMG12_IRQHandler                       
00004de1  TIMG6_IRQHandler                        
00004de1  TIMG7_IRQHandler                        
00004de1  TIMG8_IRQHandler                        
00004de1  UART1_IRQHandler                        
00004de1  UART2_IRQHandler                        
00004de1  UART3_IRQHandler                        
00004de4  C$$EXIT                                 
00004de5  HOSTexit                                
00004e01  Reset_Handler                           
00004e15  _system_pre_init                        
00005154  __TI_Handler_Table_Base                 
00005160  __TI_Handler_Table_Limit                
00005168  __TI_CINIT_Base                         
00005178  __TI_CINIT_Limit                        
00005178  __TI_CINIT_Warm                         
20200000  __start___llvm_prf_bits                 
20200000  __start___llvm_prf_cnts                 
20200000  __stop___llvm_prf_bits                  
20200000  __stop___llvm_prf_cnts                  
20200000  gFRONT_OUTBackup                        
202000bc  gRL_OUTBackup                           
20200178  gREAR_INBackup                          
20200218  gRR_OUTBackup                           
202002b8  gMCAN0Backup                            
20200350  uart_rx_buff                            
202003b4  test_FL                                 
202003b8  test_FR                                 
202003bc  test_RL                                 
202003c0  test_RR                                 
202003c4  user_chasis                             
2020052c  __aeabi_errno                           
20200530  g_tick                                  
20200550  rx_size                                 
20200552  g_flag_100hz                            
20200553  init_ok                                 
20200558  uart_rx_dma_complete_flag               
20200559  uart_rx_length                          
2020055a  uart_tx_complete_flag                   
2020055b  uart_tx_dma_complete_flag               
20207e00  __stack                                 
20208000  __STACK_END                             
ffffffff  __TI_pprof_out_hndl                     
ffffffff  __TI_prof_data_size                     
ffffffff  __TI_prof_data_start                    
ffffffff  __binit__                               
ffffffff  binit                                   
UNDEFED   __mpu_init                              
UNDEFED   _system_post_cinit                      

[249 symbols]
