******************************************************************************
            TI ARM Clang Linker PC v4.0.4                      
******************************************************************************
>> Linked Tue May 19 18:25:05 2026

OUTPUT FILE NAME:   <test.out>
ENTRY POINT SYMBOL: "_c_int00_noargs"  address: 000022b5


MEMORY CONFIGURATION

         name            origin    length      used     unused   attr    fill
----------------------  --------  ---------  --------  --------  ----  --------
  FLASH                 00000000   00020000  00002c40  0001d3c0  R  X
  SRAM                  20200000   00008000  00000606  000079fa  RW X
  BCR_CONFIG            41c00000   000000ff  00000000  000000ff  R   
  BSL_CONFIG            41c00100   00000080  00000000  00000080  R   


SEGMENT ALLOCATION MAP

run origin  load origin   length   init length attrs members
----------  ----------- ---------- ----------- ----- -------
00000000    00000000    00002c40   00002c40    r-x
  00000000    00000000    000000c0   000000c0    r-- .intvecs
  000000c0    000000c0    00002980   00002980    r-x .text
  00002a40    00002a40    000001c8   000001c8    r-- .rodata
  00002c08    00002c08    00000038   00000038    r-- .cinit
20200000    20200000    00000406   00000000    rw-
  20200000    20200000    000003b4   00000000    rw- .bss
  202003b4    202003b4    00000052   00000000    rw- .data
20207e00    20207e00    00000200   00000000    rw-
  20207e00    20207e00    00000200   00000000    rw- .stack


SECTION ALLOCATION MAP

 output                                  attributes/
section   page    origin      length       input sections
--------  ----  ----------  ----------   ----------------
.intvecs   0    00000000    000000c0     
                  00000000    000000c0     startup_mspm0g350x_ticlang.o (.intvecs)

.text      0    000000c0    00002980     
                  000000c0    00000214     driverlib.a : dl_mcan.o (.text.DL_MCAN_msgRAMConfig)
                  000002d4    00000168     bsp_PWM.o (.text.motor_get_speed)
                  0000043c    0000012c     ti_msp_dl_config.o (.text.SYSCFG_DL_GPIO_init)
                  00000568    0000010c     driverlib.a : dl_mcan.o (.text.DL_MCAN_readMsgRam)
                  00000674    00000104                 : dl_timer.o (.text.DL_Timer_initFourCCPWMMode)
                  00000778    000000f4                 : dl_mcan.o (.text.DL_MCAN_writeMsgRam)
                  0000086c    000000ec     ti_msp_dl_config.o (.text.SYSCFG_DL_MCAN0_init)
                  00000958    000000e8     ti_msp_dl_config.o (.text.SYSCFG_DL_FRONT_OUT_init)
                  00000a40    000000e8     ti_msp_dl_config.o (.text.SYSCFG_DL_SYSCTL_SYSPLL_init)
                  00000b28    000000dc     driverlib.a : dl_mcan.o (.text.DL_MCAN_init)
                  00000c04    000000dc                 : dl_sysctl_mspm0g1x0x_g3x0x.o (.text.DL_SYSCTL_configSYSPLL)
                  00000ce0    000000d8                 : dl_mcan.o (.text.DL_MCAN_setBitTime)
                  00000db8    000000bc     bsp_CAN.o (.text.CAN_send_ext_frame)
                  00000e74    000000bc     bsp_CAN.o (.text.CAN_send_std_frame)
                  00000f30    000000bc     ti_msp_dl_config.o (.text.SYSCFG_DL_FFRONT_IN_init)
                  00000fec    000000bc     ti_msp_dl_config.o (.text.SYSCFG_DL_REAR_IN_init)
                  000010a8    000000b0     ti_msp_dl_config.o (.text.SYSCFG_DL_initPower)
                  00001158    0000009c     ti_msp_dl_config.o (.text.SYSCFG_DL_RR_OUT_init)
                  000011f4    00000098     ti_msp_dl_config.o (.text.SYSCFG_DL_RL_OUT_init)
                  0000128c    00000094     bsp_UART.o (.text.uart_isIDLE)
                  00001320    0000008c     libclang_rt.builtins.a : mulsf3.S.obj (.text.__mulsf3)
                  000013ac    00000084     ti_msp_dl_config.o (.text.__NVIC_SetPriority)
                  00001430    00000082     libclang_rt.builtins.a : divsf3.S.obj (.text.__divsf3)
                  000014b2    00000002                            : aeabi_div0.c.obj (.text.__aeabi_idiv0)
                  000014b4    0000007c     ti_msp_dl_config.o (.text.SYSCFG_DL_SYSCTL_init)
                  00001530    0000007c     bsp_UART.o (.text.UART0_IRQHandler)
                  000015ac    0000007c     bsp_CAN.o (.text.handleCanRxMessage)
                  00001628    0000007c     libc.a : copy_decompress_lzss.c.obj (.text:decompress:lzss)
                  000016a4    00000078     ti_msp_dl_config.o (.text.SYSCFG_DL_UART_0_init)
                  0000171c    00000074     libclang_rt.builtins.a : comparedf2.c.obj (.text.__gedf2)
                  00001790    00000068                            : comparedf2.c.obj (.text.__ledf2)
                  000017f8    00000064     driverlib.a : dl_sysctl_mspm0g1x0x_g3x0x.o (.text.DL_SYSCTL_setHFCLKSourceHFXTParams)
                  0000185c    00000064     ti_msp_dl_config.o (.text.SYSCFG_DL_init)
                  000018c0    00000062     libclang_rt.builtins.a : aeabi_dcmp.S.obj (.text.__aeabi_dcmp)
                  00001922    00000002     --HOLE-- [fill = 0]
                  00001924    00000060     driverlib.a : dl_sysctl_mspm0g1x0x_g3x0x.o (.text.DL_SYSCTL_setLFCLKSourceLFXT)
                  00001984    00000060     bsp_UART.o (.text.uart_send)
                  000019e4    0000005e     bsp_CAN.o (.text.CAN_Rx_FIFO0_New_Message_Callback)
                  00001a42    00000002     --HOLE-- [fill = 0]
                  00001a44    00000054     bsp_UART.o (.text.UART_Rx_DMA_ToIdle_Callback)
                  00001a98    00000054     bsp_UART.o (.text.uart_receive_start)
                  00001aec    00000050     ti_msp_dl_config.o (.text.SysTick_Config)
                  00001b3c    0000004c     driverlib.a : dl_dma.o (.text.DL_DMA_initChannel)
                  00001b88    0000004c     ti_msp_dl_config.o (.text.DL_UART_setBaudRateDivisor)
                  00001bd4    00000048     driverlib.a : dl_uart.o (.text.DL_UART_init)
                  00001c1c    00000048     empty.o (.text.SysTick_Handler)
                  00001c64    00000044     bsp_CAN.o (.text.CANFD0_IRQHandler)
                  00001ca8    00000044     driverlib.a : dl_mcan.o (.text.DL_MCAN_getRevisionId)
                  00001cec    00000044                 : dl_sysctl_mspm0g1x0x_g3x0x.o (.text.DL_SYSCTL_switchMCLKfromSYSOSCtoHSCLK)
                  00001d30    00000044     empty.o (.text.main)
                  00001d74    00000040     driverlib.a : dl_mcan.o (.text.DL_MCAN_writeRxFIFOAck)
                  00001db4    00000040     libclang_rt.builtins.a : aeabi_uidivmod.S.obj (.text.__aeabi_uidivmod)
                  00001df4    0000003c     ti_msp_dl_config.o (.text.DL_Timer_setCounterControl)
                  00001e30    0000003c     libc.a : autoinit.c.obj (.text:__TI_auto_init_nobinit_nopinit)
                  00001e6c    0000003a     libclang_rt.builtins.a : muldsi3.S.obj (.text.__muldsi3)
                  00001ea6    00000002     --HOLE-- [fill = 0]
                  00001ea8    00000038     driverlib.a : dl_mcan.o (.text.DL_MCAN_getRxFIFOStatus)
                  00001ee0    00000034                 : dl_mcan.o (.text.DL_MCAN_TXBufAddReq)
                  00001f14    00000034                 : dl_mcan.o (.text.DL_MCAN_setExtIDAndMask)
                  00001f48    00000034     bsp_PWM.o (.text.TIMG0_IRQHandler)
                  00001f7c    00000034     bsp_PWM.o (.text.TIMG7_IRQHandler)
                  00001fb0    00000030     bsp_UART.o (.text.DL_DMA_setTransferSize)
                  00001fe0    00000030     ti_msp_dl_config.o (.text.DL_GPIO_initDigitalOutputFeatures)
                  00002010    00000030     ti_msp_dl_config.o (.text.SYSCFG_DL_DMA_CH0_init)
                  00002040    00000030     ti_msp_dl_config.o (.text.SYSCFG_DL_DMA_CH1_init)
                  00002070    0000002c     driverlib.a : dl_mcan.o (.text.DL_MCAN_TXBufTransIntrEnable)
                  0000209c    0000002c                 : dl_mcan.o (.text.DL_MCAN_addExtMsgIDFilter)
                  000020c8    0000002c                 : dl_mcan.o (.text.DL_MCAN_addStdMsgIDFilter)
                  000020f4    0000002c     bsp_PWM.o (.text.__NVIC_EnableIRQ)
                  00002120    0000002c     empty.o (.text.__NVIC_EnableIRQ)
                  0000214c    00000028     ti_msp_dl_config.o (.text.DL_Common_updateReg)
                  00002174    00000028     bsp_UART.o (.text.DL_DMA_setDestAddr)
                  0000219c    00000028     bsp_UART.o (.text.DL_DMA_setSrcAddr)
                  000021c4    00000028     driverlib.a : dl_timer.o (.text.DL_Timer_setCaptureCompareCtl)
                  000021ec    00000028     ti_msp_dl_config.o (.text.DL_Timer_setCounterMode)
                  00002214    00000028     ti_msp_dl_config.o (.text.DL_Timer_setCounterRepeatMode)
                  0000223c    00000028     ti_msp_dl_config.o (.text.DL_UART_setRXFIFOThreshold)
                  00002264    00000028     ti_msp_dl_config.o (.text.DL_UART_setTXFIFOThreshold)
                  0000228c    00000028     libclang_rt.builtins.a : floatunsisf.S.obj (.text.__floatunsisf)
                  000022b4    00000028     libc.a : boot_cortex_m.c.obj (.text:_c_int00_noargs)
                  000022dc    00000026     bsp_UART.o (.text.DL_DMA_disableChannel)
                  00002302    00000026     bsp_UART.o (.text.DL_DMA_enableChannel)
                  00002328    00000024     bsp_UART.o (.text.DL_DMA_getTransferSize)
                  0000234c    00000024     driverlib.a : dl_mcan.o (.text.DL_MCAN_setClockConfig)
                  00002370    00000024     ti_msp_dl_config.o (.text.DL_UART_setRXInterruptTimeout)
                  00002394    00000024     libclang_rt.builtins.a : floatunsidf.S.obj (.text.__floatunsidf)
                  000023b8    00000020     ti_msp_dl_config.o (.text.DL_GPIO_initPeripheralInputFunction)
                  000023d8    00000020     driverlib.a : dl_mcan.o (.text.DL_MCAN_getTxFIFOQueStatus)
                  000023f8    00000020     ti_msp_dl_config.o (.text.DL_SYSCTL_setFlashWaitState)
                  00002418    00000020     ti_msp_dl_config.o (.text.DL_Timer_setCounterValueAfterEnable)
                  00002438    0000001e     ti_msp_dl_config.o (.text.DL_UART_setOversampling)
                  00002456    00000002     --HOLE-- [fill = 0]
                  00002458    0000001c     ti_msp_dl_config.o (.text.DL_DMA_enableInterrupt)
                  00002474    0000001c     ti_msp_dl_config.o (.text.DL_GPIO_initPeripheralOutputFunction)
                  00002490    0000001c     ti_msp_dl_config.o (.text.DL_MCAN_enableInterrupt)
                  000024ac    0000001c     driverlib.a : dl_mcan.o (.text.DL_MCAN_enableIntr)
                  000024c8    0000001c                 : dl_mcan.o (.text.DL_MCAN_enableIntrLine)
                  000024e4    0000001c                 : dl_mcan.o (.text.DL_MCAN_selectIntrLine)
                  00002500    0000001c                 : dl_sysctl_mspm0g1x0x_g3x0x.o (.text.DL_SYSCTL_configFCC)
                  0000251c    0000001c     ti_msp_dl_config.o (.text.DL_SYSCTL_setFCCPeriods)
                  00002538    0000001c     ti_msp_dl_config.o (.text.DL_SYSCTL_setSYSOSCFreq)
                  00002554    0000001c     ti_msp_dl_config.o (.text.DL_SYSCTL_setULPCLKDivider)
                  00002570    0000001c     bsp_PWM.o (.text.DL_Timer_enableInterrupt)
                  0000258c    0000001c     driverlib.a : dl_timer.o (.text.DL_Timer_setCaptCompUpdateMethod)
                  000025a8    0000001c                 : dl_timer.o (.text.DL_Timer_setCaptureCompareInputFilter)
                  000025c4    0000001c                 : dl_timer.o (.text.DL_Timer_setClockConfig)
                  000025e0    0000001c     ti_msp_dl_config.o (.text.DL_UART_enableInterrupt)
                  000025fc    0000001a     driverlib.a : dl_timer.o (.text.DL_Timer_setCaptureCompareInput)
                  00002616    00000002     --HOLE-- [fill = 0]
                  00002618    00000018     ti_msp_dl_config.o (.text.DL_DMA_clearInterruptStatus)
                  00002630    00000018     ti_msp_dl_config.o (.text.DL_GPIO_enableOutput)
                  00002648    00000018     ti_msp_dl_config.o (.text.DL_GPIO_enablePower)
                  00002660    00000018     ti_msp_dl_config.o (.text.DL_GPIO_initPeripheralAnalogFunction)
                  00002678    00000018     ti_msp_dl_config.o (.text.DL_GPIO_reset)
                  00002690    00000018     empty.o (.text.DL_GPIO_setPins)
                  000026a8    00000018     ti_msp_dl_config.o (.text.DL_MCAN_clearInterruptStatus)
                  000026c0    00000018     ti_msp_dl_config.o (.text.DL_MCAN_enablePower)
                  000026d8    00000018     ti_msp_dl_config.o (.text.DL_MCAN_reset)
                  000026f0    00000018     driverlib.a : dl_mcan.o (.text.DL_MCAN_setOpMode)
                  00002708    00000018     ti_msp_dl_config.o (.text.DL_SYSCTL_setBORThreshold)
                  00002720    00000018     ti_msp_dl_config.o (.text.DL_Timer_enablePower)
                  00002738    00000018     ti_msp_dl_config.o (.text.DL_Timer_enableShadowFeatures)
                  00002750    00000018     ti_msp_dl_config.o (.text.DL_Timer_reset)
                  00002768    00000018     driverlib.a : dl_timer.o (.text.DL_Timer_setCaptureCompareOutCtl)
                  00002780    00000018     ti_msp_dl_config.o (.text.DL_Timer_setLoadValue)
                  00002798    00000018     ti_msp_dl_config.o (.text.DL_Timer_startCounter)
                  000027b0    00000018     ti_msp_dl_config.o (.text.DL_UART_enableDMAReceiveEvent)
                  000027c8    00000018     ti_msp_dl_config.o (.text.DL_UART_enableDMATransmitEvent)
                  000027e0    00000018     ti_msp_dl_config.o (.text.DL_UART_enableFIFOs)
                  000027f8    00000018     ti_msp_dl_config.o (.text.DL_UART_enablePower)
                  00002810    00000018     ti_msp_dl_config.o (.text.DL_UART_reset)
                  00002828    00000016     ti_msp_dl_config.o (.text.DL_UART_enable)
                  0000283e    00000016     libc.a : copy_zero_init.c.obj (.text:decompress:ZI:__TI_zero_init_nomemset)
                  00002854    00000014     ti_msp_dl_config.o (.text.DL_GPIO_clearPins)
                  00002868    00000014     driverlib.a : dl_mcan.o (.text.DL_MCAN_clearIntrStatus)
                  0000287c    00000014     bsp_CAN.o (.text.DL_MCAN_getPendingInterrupt)
                  00002890    00000014     ti_msp_dl_config.o (.text.DL_SYSCTL_disableSYSPLL)
                  000028a4    00000014     ti_msp_dl_config.o (.text.DL_SYSCTL_enableSYSPLL)
                  000028b8    00000014     driverlib.a : dl_timer.o (.text.DL_Timer_enableCaptureCompareInputFilter)
                  000028cc    00000014     ti_msp_dl_config.o (.text.DL_Timer_enableClock)
                  000028e0    00000014     ti_msp_dl_config.o (.text.DL_Timer_setCCPDirection)
                  000028f4    00000012     ti_msp_dl_config.o (.text.DL_MCAN_enableModuleClock)
                  00002906    00000012     bsp_PWM.o (.text.DL_Timer_getPendingInterrupt)
                  00002918    00000012     bsp_UART.o (.text.DL_UART_getPendingInterrupt)
                  0000292a    00000012     driverlib.a : dl_uart.o (.text.DL_UART_setClockConfig)
                  0000293c    00000012     libc.a : memcpy16.S.obj (.text:TI_memcpy_small)
                  0000294e    00000012            : copy_decompress_none.c.obj (.text:decompress:none)
                  00002960    00000010     driverlib.a : dl_mcan.o (.text.DL_MCAN_getOpMode)
                  00002970    00000010                 : dl_mcan.o (.text.DL_MCAN_isMemInitDone)
                  00002980    00000010     ti_msp_dl_config.o (.text.DL_SYSCTL_disableHFXT)
                  00002990    00000010     ti_msp_dl_config.o (.text.DL_SYSCTL_isFCCDone)
                  000029a0    00000010     ti_msp_dl_config.o (.text.DL_SYSCTL_startFCC)
                  000029b0    00000010     driverlib.a : dl_timer.o (.text.DL_Timer_getCaptureCompareValue)
                  000029c0    00000010                 : dl_timer.o (.text.DL_Timer_setCaptureCompareValue)
                  000029d0    00000010     ti_msp_dl_config.o (.text.SYSCFG_DL_SYSTICK_init)
                  000029e0    0000000c     driverlib.a : dl_mcan.o (.text.DL_MCAN_getIntrStatus)
                  000029ec    0000000c     ti_msp_dl_config.o (.text.DL_SYSCTL_getClockStatus)
                  000029f8    0000000c     ti_msp_dl_config.o (.text.DL_SYSCTL_readFCC)
                  00002a04    0000000c     ti_msp_dl_config.o (.text.SYSCFG_DL_DMA_init)
                  00002a10    0000000a     driverlib.a : dl_common.o (.text.DL_Common_delayCycles)
                  00002a1a    00000002     --HOLE-- [fill = 0]
                  00002a1c    00000008     libclang_rt.builtins.a : aeabi_memcpy.S.obj (.text.__aeabi_memcpy)
                  00002a24    00000006     libc.a : exit.c.obj (.text:abort)
                  00002a2a    00000004     startup_mspm0g350x_ticlang.o (.text.Default_Handler)
                  00002a2e    00000004     libsysbm.a : hostexit.c.obj (.text.HOSTexit)
                  00002a32    00000004     startup_mspm0g350x_ticlang.o (.text.Reset_Handler)
                  00002a36    00000004     libc.a : pre_init.c.obj (.text._system_pre_init)
                  00002a3a    00000006     --HOLE-- [fill = 0]

.cinit     0    00002c08    00000038     
                  00002c08    00000012     (.cinit..data.load) [load image, compression = lzss]
                  00002c1a    00000002     --HOLE-- [fill = 0]
                  00002c1c    0000000c     (__TI_handler_table)
                  00002c28    00000008     (.cinit..bss.load) [load image, compression = zero_init]
                  00002c30    00000010     (__TI_cinit_table)

.rodata    0    00002a40    000001c8     
                  00002a40    00000060     ti_msp_dl_config.o (.rodata.gMCAN0MsgRAMConfigParams)
                  00002aa0    00000040     driverlib.a : dl_mcan.o (.rodata..L__const.DL_MCAN_getDataSize.dataSize)
                  00002ae0    00000034     ti_msp_dl_config.o (.rodata.gMCAN0InitParams)
                  00002b14    00000028     ti_msp_dl_config.o (.rodata.gSYSPLLConfig)
                  00002b3c    00000020     driverlib.a : dl_mcan.o (.rodata.cst32)
                  00002b5c    00000020     ti_msp_dl_config.o (.rodata.gMCAN0BitTimes)
                  00002b7c    00000018     ti_msp_dl_config.o (.rodata.gDMA_CH0Config)
                  00002b94    00000018     ti_msp_dl_config.o (.rodata.gDMA_CH1Config)
                  00002bac    00000010     ti_msp_dl_config.o (.rodata.gMCAN0ExtFiltelem)
                  00002bbc    00000010     ti_msp_dl_config.o (.rodata.gMCAN0StdFiltelem)
                  00002bcc    0000000a     ti_msp_dl_config.o (.rodata.gUART_0Config)
                  00002bd6    00000002     ti_msp_dl_config.o (.rodata.gUART_0ClockConfig)
                  00002bd8    00000008     ti_msp_dl_config.o (.rodata.gFRONT_OUTConfig)
                  00002be0    00000008     ti_msp_dl_config.o (.rodata.gRL_OUTConfig)
                  00002be8    00000008     ti_msp_dl_config.o (.rodata.gRR_OUTConfig)
                  00002bf0    00000004     ti_msp_dl_config.o (.rodata.gMCAN0ClockConf)
                  00002bf4    00000003     ti_msp_dl_config.o (.rodata.gFFRONT_INClockConfig)
                  00002bf7    00000003     ti_msp_dl_config.o (.rodata.gFRONT_OUTClockConfig)
                  00002bfa    00000003     ti_msp_dl_config.o (.rodata.gLFCLKConfig)
                  00002bfd    00000003     ti_msp_dl_config.o (.rodata.gREAR_INClockConfig)
                  00002c00    00000003     ti_msp_dl_config.o (.rodata.gRL_OUTClockConfig)
                  00002c03    00000003     ti_msp_dl_config.o (.rodata.gRR_OUTClockConfig)
                  00002c06    00000002     --HOLE-- [fill = 0]

.init_array 
*          0    00000000    00000000     UNINITIALIZED

.binit     0    00000000    00000000     

.bss       0    20200000    000003b4     UNINITIALIZED
                  20200000    000000bc     (.common:gFRONT_OUTBackup)
                  202000bc    000000bc     (.common:gRL_OUTBackup)
                  20200178    000000a0     (.common:gREAR_INBackup)
                  20200218    000000a0     (.common:gRR_OUTBackup)
                  202002b8    00000098     (.common:gMCAN0Backup)
                  20200350    00000064     (.common:uart_rx_buff)

.data      0    202003b4    00000052     UNINITIALIZED
                  202003b4    00000010     bsp_PWM.o (.data.g_motor)
                  202003c4    00000010     bsp_PWM.o (.data.motor_get_speed.last_caps)
                  202003d4    00000010     bsp_PWM.o (.data.motor_get_speed.last_edges)
                  202003e4    00000004     bsp_PWM.o (.data.g_ffront_edges)
                  202003e8    00000004     bsp_PWM.o (.data.g_ffront_last_cap)
                  202003ec    00000004     bsp_PWM.o (.data.g_rear_edges)
                  202003f0    00000004     bsp_PWM.o (.data.g_rear_last_cap)
                  202003f4    00000004     empty.o (.data.g_tick)
                  202003f8    00000004     empty.o (.data.speed)
                  202003fc    00000002     bsp_UART.o (.data.rx_size)
                  202003fe    00000001     empty.o (.data.g_flag_100hz)
                  202003ff    00000001     bsp_PWM.o (.data.motor_get_speed.init_done)
                  20200400    00000001     bsp_UART.o (.data.uart_isIDLE.rx_last_size)
                  20200401    00000001     bsp_UART.o (.data.uart_isIDLE.stable_count)
                  20200402    00000001     bsp_UART.o (.data.uart_rx_dma_complete_flag)
                  20200403    00000001     bsp_UART.o (.data.uart_rx_length)
                  20200404    00000001     bsp_UART.o (.data.uart_tx_complete_flag)
                  20200405    00000001     bsp_UART.o (.data.uart_tx_dma_complete_flag)

.stack     0    20207e00    00000200     UNINITIALIZED
                  20207e00    00000004     libc.a : boot_cortex_m.c.obj (.stack)
                  20207e04    000001fc     --HOLE--

__llvm_prf_cnts 
*          0    20200000    00000000     UNINITIALIZED

__llvm_prf_bits 
*          0    20200000    00000000     UNINITIALIZED

MODULE SUMMARY

       Module                         code    ro data   rw data
       ------                         ----    -------   -------
    .\
       ti_msp_dl_config.o             3950    358       848    
       empty.o                        208     0         9      
       startup_mspm0g350x_ticlang.o   8       192       0      
    +--+------------------------------+-------+---------+---------+
       Total:                         4166    550       857    
                                                               
    .\User\bsp\Src\
       bsp_UART.o                     794     0         108    
       bsp_CAN.o                      682     0         0      
       bsp_PWM.o                      554     0         65     
    +--+------------------------------+-------+---------+---------+
       Total:                         2030    0         173    
                                                               
    E:/TI/CCS/mspm0_sdk_2_10_00_04/source/ti/driverlib/lib/ticlang/m0p/mspm0g1x0x_g3x0x/driverlib.a
       dl_mcan.o                      2144    96        0      
       dl_sysctl_mspm0g1x0x_g3x0x.o   512     0         0      
       dl_timer.o                     486     0         0      
       dl_uart.o                      90      0         0      
       dl_dma.o                       76      0         0      
       dl_common.o                    10      0         0      
    +--+------------------------------+-------+---------+---------+
       Total:                         3318    96        0      
                                                               
    E:\TI\CCS\ccs\tools\compiler\ti-cgt-armllvm_4.0.4.LTS\lib\armv6m-ti-none-eabi/c/libc.a
       copy_decompress_lzss.c.obj     124     0         0      
       autoinit.c.obj                 60      0         0      
       boot_cortex_m.c.obj            40      0         0      
       copy_zero_init.c.obj           22      0         0      
       copy_decompress_none.c.obj     18      0         0      
       memcpy16.S.obj                 18      0         0      
       exit.c.obj                     6       0         0      
       pre_init.c.obj                 4       0         0      
    +--+------------------------------+-------+---------+---------+
       Total:                         292     0         0      
                                                               
    E:\TI\CCS\ccs\tools\compiler\ti-cgt-armllvm_4.0.4.LTS\lib\armv6m-ti-none-eabi/c/libsysbm.a
       hostexit.c.obj                 4       0         0      
    +--+------------------------------+-------+---------+---------+
       Total:                         4       0         0      
                                                               
    E:\TI\CCS\ccs\tools\compiler\ti-cgt-armllvm_4.0.4.LTS\lib\armv6m-ti-none-eabi/libclang_rt.builtins.a
       comparedf2.c.obj               220     0         0      
       mulsf3.S.obj                   140     0         0      
       divsf3.S.obj                   130     0         0      
       aeabi_dcmp.S.obj               98      0         0      
       aeabi_uidivmod.S.obj           64      0         0      
       muldsi3.S.obj                  58      0         0      
       floatunsisf.S.obj              40      0         0      
       floatunsidf.S.obj              36      0         0      
       aeabi_memcpy.S.obj             8       0         0      
       aeabi_div0.c.obj               2       0         0      
    +--+------------------------------+-------+---------+---------+
       Total:                         796     0         0      
                                                               
       Stack:                         0       0         512    
       Linker Generated:              0       54        0      
    +--+------------------------------+-------+---------+---------+
       Grand Total:                   10606   700       1542   


LINKER GENERATED COPY TABLES

__TI_cinit_table @ 00002c30 records: 2, size/record: 8, table size: 16
	.data: load addr=00002c08, load size=00000012 bytes, run addr=202003b4, run size=00000052 bytes, compression=lzss
	.bss: load addr=00002c28, load size=00000008 bytes, run addr=20200000, run size=000003b4 bytes, compression=zero_init


LINKER GENERATED HANDLER TABLE

__TI_handler_table @ 00002c1c records: 3, size/record: 4, table size: 12
	index: 0, handler: __TI_decompress_lzss
	index: 1, handler: __TI_decompress_none
	index: 2, handler: __TI_zero_init


GLOBAL SYMBOLS: SORTED ALPHABETICALLY BY Name 

address   name                                    
-------   ----                                    
00002a2b  ADC0_IRQHandler                         
00002a2b  ADC1_IRQHandler                         
00002a2b  AES_IRQHandler                          
00002a2e  C$$EXIT                                 
00001c65  CANFD0_IRQHandler                       
000019e5  CAN_Rx_FIFO0_New_Message_Callback       
00000db9  CAN_send_ext_frame                      
00000e75  CAN_send_std_frame                      
00002a2b  DAC0_IRQHandler                         
00002a11  DL_Common_delayCycles                   
00001b3d  DL_DMA_initChannel                      
00001ee1  DL_MCAN_TXBufAddReq                     
00002071  DL_MCAN_TXBufTransIntrEnable            
0000209d  DL_MCAN_addExtMsgIDFilter               
000020c9  DL_MCAN_addStdMsgIDFilter               
00002869  DL_MCAN_clearIntrStatus                 
000024ad  DL_MCAN_enableIntr                      
000024c9  DL_MCAN_enableIntrLine                  
000029e1  DL_MCAN_getIntrStatus                   
00002961  DL_MCAN_getOpMode                       
00001ca9  DL_MCAN_getRevisionId                   
00001ea9  DL_MCAN_getRxFIFOStatus                 
000023d9  DL_MCAN_getTxFIFOQueStatus              
00000b29  DL_MCAN_init                            
00002971  DL_MCAN_isMemInitDone                   
000000c1  DL_MCAN_msgRAMConfig                    
00000569  DL_MCAN_readMsgRam                      
000024e5  DL_MCAN_selectIntrLine                  
00000ce1  DL_MCAN_setBitTime                      
0000234d  DL_MCAN_setClockConfig                  
00001f15  DL_MCAN_setExtIDAndMask                 
000026f1  DL_MCAN_setOpMode                       
00000779  DL_MCAN_writeMsgRam                     
00001d75  DL_MCAN_writeRxFIFOAck                  
00002501  DL_SYSCTL_configFCC                     
00000c05  DL_SYSCTL_configSYSPLL                  
000017f9  DL_SYSCTL_setHFCLKSourceHFXTParams      
00001925  DL_SYSCTL_setLFCLKSourceLFXT            
00001ced  DL_SYSCTL_switchMCLKfromSYSOSCtoHSCLK   
000028b9  DL_Timer_enableCaptureCompareInputFilter
000029b1  DL_Timer_getCaptureCompareValue         
00000675  DL_Timer_initFourCCPWMMode              
0000258d  DL_Timer_setCaptCompUpdateMethod        
000021c5  DL_Timer_setCaptureCompareCtl           
000025fd  DL_Timer_setCaptureCompareInput         
000025a9  DL_Timer_setCaptureCompareInputFilter   
00002769  DL_Timer_setCaptureCompareOutCtl        
000029c1  DL_Timer_setCaptureCompareValue         
000025c5  DL_Timer_setClockConfig                 
00001bd5  DL_UART_init                            
0000292b  DL_UART_setClockConfig                  
00002a2b  DMA_IRQHandler                          
00002a2b  Default_Handler                         
00002a2b  GROUP0_IRQHandler                       
00002a2b  GROUP1_IRQHandler                       
00002a2f  HOSTexit                                
00002a2b  HardFault_Handler                       
00002a2b  I2C0_IRQHandler                         
00002a2b  I2C1_IRQHandler                         
00002a2b  NMI_Handler                             
00002a2b  PendSV_Handler                          
00002a2b  RTC_IRQHandler                          
00002a33  Reset_Handler                           
00002a2b  SPI0_IRQHandler                         
00002a2b  SPI1_IRQHandler                         
00002a2b  SVC_Handler                             
00002011  SYSCFG_DL_DMA_CH0_init                  
00002041  SYSCFG_DL_DMA_CH1_init                  
00002a05  SYSCFG_DL_DMA_init                      
00000f31  SYSCFG_DL_FFRONT_IN_init                
00000959  SYSCFG_DL_FRONT_OUT_init                
0000043d  SYSCFG_DL_GPIO_init                     
0000086d  SYSCFG_DL_MCAN0_init                    
00000fed  SYSCFG_DL_REAR_IN_init                  
000011f5  SYSCFG_DL_RL_OUT_init                   
00001159  SYSCFG_DL_RR_OUT_init                   
00000a41  SYSCFG_DL_SYSCTL_SYSPLL_init            
000014b5  SYSCFG_DL_SYSCTL_init                   
000029d1  SYSCFG_DL_SYSTICK_init                  
000016a5  SYSCFG_DL_UART_0_init                   
0000185d  SYSCFG_DL_init                          
000010a9  SYSCFG_DL_initPower                     
00001c1d  SysTick_Handler                         
00002a2b  TIMA0_IRQHandler                        
00002a2b  TIMA1_IRQHandler                        
00001f49  TIMG0_IRQHandler                        
00002a2b  TIMG12_IRQHandler                       
00002a2b  TIMG6_IRQHandler                        
00001f7d  TIMG7_IRQHandler                        
00002a2b  TIMG8_IRQHandler                        
0000293d  TI_memcpy_small                         
00001531  UART0_IRQHandler                        
00002a2b  UART1_IRQHandler                        
00002a2b  UART2_IRQHandler                        
00002a2b  UART3_IRQHandler                        
00001a45  UART_Rx_DMA_ToIdle_Callback             
20208000  __STACK_END                             
00000200  __STACK_SIZE                            
00000000  __TI_ATRegion0_region_sz                
00000000  __TI_ATRegion0_src_addr                 
00000000  __TI_ATRegion0_trg_addr                 
00000000  __TI_ATRegion1_region_sz                
00000000  __TI_ATRegion1_src_addr                 
00000000  __TI_ATRegion1_trg_addr                 
00000000  __TI_ATRegion2_region_sz                
00000000  __TI_ATRegion2_src_addr                 
00000000  __TI_ATRegion2_trg_addr                 
00002c30  __TI_CINIT_Base                         
00002c40  __TI_CINIT_Limit                        
00002c40  __TI_CINIT_Warm                         
00002c1c  __TI_Handler_Table_Base                 
00002c28  __TI_Handler_Table_Limit                
00001e31  __TI_auto_init_nobinit_nopinit          
00001629  __TI_decompress_lzss                    
0000294f  __TI_decompress_none                    
ffffffff  __TI_pprof_out_hndl                     
ffffffff  __TI_prof_data_size                     
ffffffff  __TI_prof_data_start                    
00000000  __TI_static_base__                      
0000283f  __TI_zero_init_nomemset                 
000018c1  __aeabi_dcmpeq                          
000018fd  __aeabi_dcmpge                          
00001911  __aeabi_dcmpgt                          
000018e9  __aeabi_dcmple                          
000018d5  __aeabi_dcmplt                          
00001431  __aeabi_fdiv                            
00001321  __aeabi_fmul                            
000014b3  __aeabi_idiv0                           
00002a1d  __aeabi_memcpy                          
00002a1d  __aeabi_memcpy4                         
00002a1d  __aeabi_memcpy8                         
00002395  __aeabi_ui2d                            
0000228d  __aeabi_ui2f                            
00001db5  __aeabi_uidiv                           
00001db5  __aeabi_uidivmod                        
ffffffff  __binit__                               
00001791  __cmpdf2                                
00001431  __divsf3                                
00001791  __eqdf2                                 
00002395  __floatunsidf                           
0000228d  __floatunsisf                           
0000171d  __gedf2                                 
0000171d  __gtdf2                                 
00001791  __ledf2                                 
00001791  __ltdf2                                 
UNDEFED   __mpu_init                              
00001e6d  __muldsi3                               
00001321  __mulsf3                                
00001791  __nedf2                                 
20207e00  __stack                                 
20200000  __start___llvm_prf_bits                 
20200000  __start___llvm_prf_cnts                 
20200000  __stop___llvm_prf_bits                  
20200000  __stop___llvm_prf_cnts                  
000022b5  _c_int00_noargs                         
UNDEFED   _system_post_cinit                      
00002a37  _system_pre_init                        
00002a25  abort                                   
ffffffff  binit                                   
20200000  gFRONT_OUTBackup                        
202002b8  gMCAN0Backup                            
20200178  gREAR_INBackup                          
202000bc  gRL_OUTBackup                           
20200218  gRR_OUTBackup                           
202003e4  g_ffront_edges                          
202003e8  g_ffront_last_cap                       
202003fe  g_flag_100hz                            
202003ec  g_rear_edges                            
202003f0  g_rear_last_cap                         
202003f4  g_tick                                  
000015ad  handleCanRxMessage                      
00000000  interruptVectors                        
00001d31  main                                    
000002d5  motor_get_speed                         
202003fc  rx_size                                 
202003f8  speed                                   
0000128d  uart_isIDLE                             
00001a99  uart_receive_start                      
20200350  uart_rx_buff                            
20200402  uart_rx_dma_complete_flag               
20200403  uart_rx_length                          
00001985  uart_send                               
20200404  uart_tx_complete_flag                   
20200405  uart_tx_dma_complete_flag               


GLOBAL SYMBOLS: SORTED BY Symbol Address 

address   name                                    
-------   ----                                    
00000000  __TI_ATRegion0_region_sz                
00000000  __TI_ATRegion0_src_addr                 
00000000  __TI_ATRegion0_trg_addr                 
00000000  __TI_ATRegion1_region_sz                
00000000  __TI_ATRegion1_src_addr                 
00000000  __TI_ATRegion1_trg_addr                 
00000000  __TI_ATRegion2_region_sz                
00000000  __TI_ATRegion2_src_addr                 
00000000  __TI_ATRegion2_trg_addr                 
00000000  __TI_static_base__                      
00000000  interruptVectors                        
000000c1  DL_MCAN_msgRAMConfig                    
00000200  __STACK_SIZE                            
000002d5  motor_get_speed                         
0000043d  SYSCFG_DL_GPIO_init                     
00000569  DL_MCAN_readMsgRam                      
00000675  DL_Timer_initFourCCPWMMode              
00000779  DL_MCAN_writeMsgRam                     
0000086d  SYSCFG_DL_MCAN0_init                    
00000959  SYSCFG_DL_FRONT_OUT_init                
00000a41  SYSCFG_DL_SYSCTL_SYSPLL_init            
00000b29  DL_MCAN_init                            
00000c05  DL_SYSCTL_configSYSPLL                  
00000ce1  DL_MCAN_setBitTime                      
00000db9  CAN_send_ext_frame                      
00000e75  CAN_send_std_frame                      
00000f31  SYSCFG_DL_FFRONT_IN_init                
00000fed  SYSCFG_DL_REAR_IN_init                  
000010a9  SYSCFG_DL_initPower                     
00001159  SYSCFG_DL_RR_OUT_init                   
000011f5  SYSCFG_DL_RL_OUT_init                   
0000128d  uart_isIDLE                             
00001321  __aeabi_fmul                            
00001321  __mulsf3                                
00001431  __aeabi_fdiv                            
00001431  __divsf3                                
000014b3  __aeabi_idiv0                           
000014b5  SYSCFG_DL_SYSCTL_init                   
00001531  UART0_IRQHandler                        
000015ad  handleCanRxMessage                      
00001629  __TI_decompress_lzss                    
000016a5  SYSCFG_DL_UART_0_init                   
0000171d  __gedf2                                 
0000171d  __gtdf2                                 
00001791  __cmpdf2                                
00001791  __eqdf2                                 
00001791  __ledf2                                 
00001791  __ltdf2                                 
00001791  __nedf2                                 
000017f9  DL_SYSCTL_setHFCLKSourceHFXTParams      
0000185d  SYSCFG_DL_init                          
000018c1  __aeabi_dcmpeq                          
000018d5  __aeabi_dcmplt                          
000018e9  __aeabi_dcmple                          
000018fd  __aeabi_dcmpge                          
00001911  __aeabi_dcmpgt                          
00001925  DL_SYSCTL_setLFCLKSourceLFXT            
00001985  uart_send                               
000019e5  CAN_Rx_FIFO0_New_Message_Callback       
00001a45  UART_Rx_DMA_ToIdle_Callback             
00001a99  uart_receive_start                      
00001b3d  DL_DMA_initChannel                      
00001bd5  DL_UART_init                            
00001c1d  SysTick_Handler                         
00001c65  CANFD0_IRQHandler                       
00001ca9  DL_MCAN_getRevisionId                   
00001ced  DL_SYSCTL_switchMCLKfromSYSOSCtoHSCLK   
00001d31  main                                    
00001d75  DL_MCAN_writeRxFIFOAck                  
00001db5  __aeabi_uidiv                           
00001db5  __aeabi_uidivmod                        
00001e31  __TI_auto_init_nobinit_nopinit          
00001e6d  __muldsi3                               
00001ea9  DL_MCAN_getRxFIFOStatus                 
00001ee1  DL_MCAN_TXBufAddReq                     
00001f15  DL_MCAN_setExtIDAndMask                 
00001f49  TIMG0_IRQHandler                        
00001f7d  TIMG7_IRQHandler                        
00002011  SYSCFG_DL_DMA_CH0_init                  
00002041  SYSCFG_DL_DMA_CH1_init                  
00002071  DL_MCAN_TXBufTransIntrEnable            
0000209d  DL_MCAN_addExtMsgIDFilter               
000020c9  DL_MCAN_addStdMsgIDFilter               
000021c5  DL_Timer_setCaptureCompareCtl           
0000228d  __aeabi_ui2f                            
0000228d  __floatunsisf                           
000022b5  _c_int00_noargs                         
0000234d  DL_MCAN_setClockConfig                  
00002395  __aeabi_ui2d                            
00002395  __floatunsidf                           
000023d9  DL_MCAN_getTxFIFOQueStatus              
000024ad  DL_MCAN_enableIntr                      
000024c9  DL_MCAN_enableIntrLine                  
000024e5  DL_MCAN_selectIntrLine                  
00002501  DL_SYSCTL_configFCC                     
0000258d  DL_Timer_setCaptCompUpdateMethod        
000025a9  DL_Timer_setCaptureCompareInputFilter   
000025c5  DL_Timer_setClockConfig                 
000025fd  DL_Timer_setCaptureCompareInput         
000026f1  DL_MCAN_setOpMode                       
00002769  DL_Timer_setCaptureCompareOutCtl        
0000283f  __TI_zero_init_nomemset                 
00002869  DL_MCAN_clearIntrStatus                 
000028b9  DL_Timer_enableCaptureCompareInputFilter
0000292b  DL_UART_setClockConfig                  
0000293d  TI_memcpy_small                         
0000294f  __TI_decompress_none                    
00002961  DL_MCAN_getOpMode                       
00002971  DL_MCAN_isMemInitDone                   
000029b1  DL_Timer_getCaptureCompareValue         
000029c1  DL_Timer_setCaptureCompareValue         
000029d1  SYSCFG_DL_SYSTICK_init                  
000029e1  DL_MCAN_getIntrStatus                   
00002a05  SYSCFG_DL_DMA_init                      
00002a11  DL_Common_delayCycles                   
00002a1d  __aeabi_memcpy                          
00002a1d  __aeabi_memcpy4                         
00002a1d  __aeabi_memcpy8                         
00002a25  abort                                   
00002a2b  ADC0_IRQHandler                         
00002a2b  ADC1_IRQHandler                         
00002a2b  AES_IRQHandler                          
00002a2b  DAC0_IRQHandler                         
00002a2b  DMA_IRQHandler                          
00002a2b  Default_Handler                         
00002a2b  GROUP0_IRQHandler                       
00002a2b  GROUP1_IRQHandler                       
00002a2b  HardFault_Handler                       
00002a2b  I2C0_IRQHandler                         
00002a2b  I2C1_IRQHandler                         
00002a2b  NMI_Handler                             
00002a2b  PendSV_Handler                          
00002a2b  RTC_IRQHandler                          
00002a2b  SPI0_IRQHandler                         
00002a2b  SPI1_IRQHandler                         
00002a2b  SVC_Handler                             
00002a2b  TIMA0_IRQHandler                        
00002a2b  TIMA1_IRQHandler                        
00002a2b  TIMG12_IRQHandler                       
00002a2b  TIMG6_IRQHandler                        
00002a2b  TIMG8_IRQHandler                        
00002a2b  UART1_IRQHandler                        
00002a2b  UART2_IRQHandler                        
00002a2b  UART3_IRQHandler                        
00002a2e  C$$EXIT                                 
00002a2f  HOSTexit                                
00002a33  Reset_Handler                           
00002a37  _system_pre_init                        
00002c1c  __TI_Handler_Table_Base                 
00002c28  __TI_Handler_Table_Limit                
00002c30  __TI_CINIT_Base                         
00002c40  __TI_CINIT_Limit                        
00002c40  __TI_CINIT_Warm                         
20200000  __start___llvm_prf_bits                 
20200000  __start___llvm_prf_cnts                 
20200000  __stop___llvm_prf_bits                  
20200000  __stop___llvm_prf_cnts                  
20200000  gFRONT_OUTBackup                        
202000bc  gRL_OUTBackup                           
20200178  gREAR_INBackup                          
20200218  gRR_OUTBackup                           
202002b8  gMCAN0Backup                            
20200350  uart_rx_buff                            
202003e4  g_ffront_edges                          
202003e8  g_ffront_last_cap                       
202003ec  g_rear_edges                            
202003f0  g_rear_last_cap                         
202003f4  g_tick                                  
202003f8  speed                                   
202003fc  rx_size                                 
202003fe  g_flag_100hz                            
20200402  uart_rx_dma_complete_flag               
20200403  uart_rx_length                          
20200404  uart_tx_complete_flag                   
20200405  uart_tx_dma_complete_flag               
20207e00  __stack                                 
20208000  __STACK_END                             
ffffffff  __TI_pprof_out_hndl                     
ffffffff  __TI_prof_data_size                     
ffffffff  __TI_prof_data_start                    
ffffffff  __binit__                               
ffffffff  binit                                   
UNDEFED   __mpu_init                              
UNDEFED   _system_post_cinit                      

[184 symbols]
