******************************************************************************
            TI ARM Clang Linker PC v4.0.4                      
******************************************************************************
>> Linked Sun May 24 01:49:10 2026

OUTPUT FILE NAME:   <test.out>
ENTRY POINT SYMBOL: "_c_int00_noargs"  address: 00005d75


MEMORY CONFIGURATION

         name            origin    length      used     unused   attr    fill
----------------------  --------  ---------  --------  --------  ----  --------
  FLASH                 00000000   00020000  00007900  00018700  R  X
  SRAM                  20200000   00008000  00000bcd  00007433  RW X
  BCR_CONFIG            41c00000   000000ff  00000000  000000ff  R   
  BSL_CONFIG            41c00100   00000080  00000000  00000080  R   


SEGMENT ALLOCATION MAP

run origin  load origin   length   init length attrs members
----------  ----------- ---------- ----------- ----- -------
00000000    00000000    00007900   00007900    r-x
  00000000    00000000    000000c0   000000c0    r-- .intvecs
  000000c0    000000c0    00006a00   00006a00    r-x .text
  00006ac0    00006ac0    00000d58   00000d58    r-- .rodata
  00007818    00007818    000000e8   000000e8    r-- .cinit
20200000    20200000    000009cd   00000000    rw-
  20200000    20200000    0000069c   00000000    rw- .bss
  2020069c    2020069c    00000331   00000000    rw- .data
20207e00    20207e00    00000200   00000000    rw-
  20207e00    20207e00    00000200   00000000    rw- .stack


SECTION ALLOCATION MAP

 output                                  attributes/
section   page    origin      length       input sections
--------  ----  ----------  ----------   ----------------
.intvecs   0    00000000    000000c0     
                  00000000    000000c0     startup_mspm0g350x_ticlang.o (.intvecs)

.text      0    000000c0    00006a00     
                  000000c0    00000938     Task.o (.text.while_task)
                  000009f8    000003e0     chasis.o (.text.chasis_cal)
                  00000dd8    00000298     chasis.o (.text.mec_inverse)
                  00001070    00000280     chasis.o (.text.chasis_trapezoid_move)
                  000012f0    00000214     driverlib.a : dl_mcan.o (.text.DL_MCAN_msgRAMConfig)
                  00001504    00000214     wit_c_sdk.o (.text.WitSerialDataIn)
                  00001718    00000204     Task.o (.text.UART_Rx_DMA_ToIdle_Callback)
                  0000191c    000001fc     ultrasonic.o (.text.Ultrasonic_GPIOB_ISR)
                  00001b18    000001e0     ti_msp_dl_config.o (.text.SYSCFG_DL_GPIO_init)
                  00001cf8    000001b8     bsp_PWM.o (.text.motor_set)
                  00001eb0    0000017c     wit_c_sdk.o (.text.WitWriteReg)
                  0000202c    00000158     wit_c_sdk.o (.text.CopeWitData)
                  00002184    00000118     bsp_oled.o (.text.OLED_ShowChar)
                  0000229c    00000114     bsp_oled.o (.text.OLED_Init)
                  000023b0    0000010c     driverlib.a : dl_mcan.o (.text.DL_MCAN_readMsgRam)
                  000024bc    0000010a     ZDT_CAN.o (.text.can_SendCmd)
                  000025c6    00000002     libclang_rt.builtins.a : aeabi_div0.c.obj (.text.__aeabi_idiv0)
                  000025c8    00000108     Task.o (.text.one_hundured_ms_callback)
                  000026d0    00000104     driverlib.a : dl_timer.o (.text.DL_Timer_initFourCCPWMMode)
                  000027d4    000000fc                 : dl_timer.o (.text.DL_Timer_initTimerMode)
                  000028d0    000000f6     bsp_oled.o (.text.OLED_ShowNum)
                  000029c6    00000002     libclang_rt.builtins.a : aeabi_div0.c.obj (.text.__aeabi_ldiv0)
                  000029c8    000000f4     driverlib.a : dl_mcan.o (.text.DL_MCAN_writeMsgRam)
                  00002abc    000000f0     task_scheduler.o (.text.Menu_Enter)
                  00002bac    000000f0     task_scheduler.o (.text.Menu_Run)
                  00002c9c    000000ec     ti_msp_dl_config.o (.text.SYSCFG_DL_MCAN0_init)
                  00002d88    000000e8     ti_msp_dl_config.o (.text.SYSCFG_DL_FRONT_OUT_init)
                  00002e70    000000e8     ti_msp_dl_config.o (.text.SYSCFG_DL_SYSCTL_SYSPLL_init)
                  00002f58    000000dc     driverlib.a : dl_mcan.o (.text.DL_MCAN_init)
                  00003034    000000dc                 : dl_sysctl_mspm0g1x0x_g3x0x.o (.text.DL_SYSCTL_configSYSPLL)
                  00003110    000000d8                 : dl_mcan.o (.text.DL_MCAN_setBitTime)
                  000031e8    000000d8     task_scheduler.o (.text.Menu_Draw)
                  000032c0    000000d8     bsp_PWM.o (.text.motor_coast)
                  00003398    000000d8     libclang_rt.builtins.a : addsf3.S.obj (.text)
                  00003470    000000d4     bsp_PWM.o (.text.motor_brake)
                  00003544    000000d0     chasis.o (.text.motor_openloop_drive)
                  00003614    000000c4     ti_msp_dl_config.o (.text.SYSCFG_DL_initPower)
                  000036d8    000000c4     ultrasonic.o (.text.Ultrasonic_Trigger)
                  0000379c    000000bc     bsp_CAN.o (.text.CAN_send_ext_frame)
                  00003858    000000a2     libclang_rt.builtins.a : udivmoddi4.S.obj (.text)
                  000038fa    00000002     --HOLE-- [fill = 0]
                  000038fc    0000009c     ti_msp_dl_config.o (.text.SYSCFG_DL_RR_OUT_init)
                  00003998    00000098     bsp_oled.o (.text.OLED_WR_Byte)
                  00003a30    00000098     ti_msp_dl_config.o (.text.SYSCFG_DL_RL_OUT_init)
                  00003ac8    00000098     bsp_UART1.o (.text.uart1_isIDLE)
                  00003b60    00000090     bsp_UART.o (.text.uart_isIDLE)
                  00003bf0    0000008c     libclang_rt.builtins.a : mulsf3.S.obj (.text.__mulsf3)
                  00003c7c    0000008c     Task.o (.text.ms_callback)
                  00003d08    00000088     empty.o (.text.SysTick_Handler)
                  00003d90    00000084     bsp_key.o (.text.KEY_Poll)
                  00003e14    00000084     task_scheduler.o (.text.Menu_Next)
                  00003e98    00000084     ti_msp_dl_config.o (.text.__NVIC_SetPriority)
                  00003f1c    00000082     libclang_rt.builtins.a : divsf3.S.obj (.text.__divsf3)
                  00003f9e    00000080     ZDT_Driver.o (.text.Emm_V5_Pos_Control)
                  0000401e    00000002     --HOLE-- [fill = 0]
                  00004020    00000080     bsp_UART.o (.text.UART0_IRQHandler)
                  000040a0    00000080     bsp_UART1.o (.text.UART1_IRQHandler)
                  00004120    0000007c     Task.o (.text.CAN_Rx_FIFO0_New_Message_Callback)
                  0000419c    0000007c     ti_msp_dl_config.o (.text.SYSCFG_DL_SYSCTL_init)
                  00004218    0000007c     bsp_CAN.o (.text.handleCanRxMessage)
                  00004294    0000007c     libc.a : copy_decompress_lzss.c.obj (.text:decompress:lzss)
                  00004310    00000078     ti_msp_dl_config.o (.text.SYSCFG_DL_UART_0_init)
                  00004388    00000078     ti_msp_dl_config.o (.text.SYSCFG_DL_UART_1_init)
                  00004400    00000074     libclang_rt.builtins.a : comparedf2.c.obj (.text.__gedf2)
                  00004474    00000074     chasis.o (.text.chasis_set_velocity)
                  000044e8    00000070     bsp_oled.o (.text.OLED_ShowString)
                  00004558    00000070     wit_c_sdk.o (.text.__CRC16)
                  000045c8    00000070     empty.o (.text.main)
                  00004638    0000006c     Task.o (.text._show_signed)
                  000046a4    0000006a     bsp_oled.o (.text.OLED_Clear)
                  0000470e    00000002     --HOLE-- [fill = 0]
                  00004710    00000068     libclang_rt.builtins.a : comparedf2.c.obj (.text.__ledf2)
                  00004778    00000064     driverlib.a : dl_sysctl_mspm0g1x0x_g3x0x.o (.text.DL_SYSCTL_setHFCLKSourceHFXTParams)
                  000047dc    00000064     bsp_key.o (.text.GROUP1_IRQHandler)
                  00004840    00000062     libclang_rt.builtins.a : aeabi_dcmp.S.obj (.text.__aeabi_dcmp)
                  000048a2    00000002     --HOLE-- [fill = 0]
                  000048a4    00000062                            : aeabi_fcmp.S.obj (.text.__aeabi_fcmp)
                  00004906    00000002     --HOLE-- [fill = 0]
                  00004908    00000060     driverlib.a : dl_sysctl_mspm0g1x0x_g3x0x.o (.text.DL_SYSCTL_setLFCLKSourceLFXT)
                  00004968    00000060     ti_msp_dl_config.o (.text.SYSCFG_DL_init)
                  000049c8    00000060     bsp_oled.o (.text.oled_i2c_sda_unlock)
                  00004a28    00000060     bsp_UART1.o (.text.uart1_send)
                  00004a88    00000060     bsp_UART.o (.text.uart_send)
                  00004ae8    0000005e     driverlib.a : dl_i2c.o (.text.DL_I2C_fillControllerTXFIFO)
                  00004b46    00000002     --HOLE-- [fill = 0]
                  00004b48    0000005c     bsp_oled.o (.text.mspm0_i2c_enable)
                  00004ba4    00000058     ti_msp_dl_config.o (.text.SYSCFG_DL_I2C_OLED_init)
                  00004bfc    00000058     ultrasonic.o (.text.Ultrasonic_Init)
                  00004c54    00000054     timer.o (.text.Timestamp_Init)
                  00004ca8    00000054     gimbal.o (.text.gimbal_update)
                  00004cfc    00000054     bsp_UART1.o (.text.uart1_receive_start)
                  00004d50    00000054     bsp_UART.o (.text.uart_receive_start)
                  00004da4    00000050     bsp_oled.o (.text.DL_GPIO_initPeripheralInputFunctionFeatures)
                  00004df4    00000050     ti_msp_dl_config.o (.text.DL_GPIO_initPeripheralInputFunctionFeatures)
                  00004e44    00000050     bsp_oled.o (.text.DL_I2C_startControllerTransfer)
                  00004e94    00000050     ti_msp_dl_config.o (.text.SysTick_Config)
                  00004ee4    0000004c     driverlib.a : dl_dma.o (.text.DL_DMA_initChannel)
                  00004f30    0000004c     bsp_oled.o (.text.DL_GPIO_initDigitalInputFeatures)
                  00004f7c    0000004c     ti_msp_dl_config.o (.text.DL_GPIO_initDigitalInputFeatures)
                  00004fc8    0000004c     ti_msp_dl_config.o (.text.DL_UART_setBaudRateDivisor)
                  00005014    0000004c     chasis.o (.text.chasis_brake)
                  00005060    0000004a     ZDT_Driver.o (.text.Emm_V5_En_Control)
                  000050aa    00000002     --HOLE-- [fill = 0]
                  000050ac    00000048     driverlib.a : dl_uart.o (.text.DL_UART_init)
                  000050f4    00000048     Task.o (.text.Task_Cleanup)
                  0000513c    00000044     bsp_CAN.o (.text.CANFD0_IRQHandler)
                  00005180    00000044     driverlib.a : dl_mcan.o (.text.DL_MCAN_getRevisionId)
                  000051c4    00000044                 : dl_sysctl_mspm0g1x0x_g3x0x.o (.text.DL_SYSCTL_switchMCLKfromSYSOSCtoHSCLK)
                  00005208    00000044     ultrasonic.o (.text.Ultrasonic_GetDistance_mm)
                  0000524c    00000044     bsp_oled.o (.text.mspm0_i2c_disable)
                  00005290    00000040     driverlib.a : dl_mcan.o (.text.DL_MCAN_writeRxFIFOAck)
                  000052d0    00000040     ZDT_Driver.o (.text.Emm_V5_Origin_Set_O)
                  00005310    00000040     Task.o (.text.UART1_Rx_DMA_ToIdle_Callback)
                  00005350    00000040     ultrasonic.o (.text.Ultrasonic_IsDataReady)
                  00005390    00000040     wit_c_sdk.o (.text.WitInit)
                  000053d0    00000040     libclang_rt.builtins.a : aeabi_uidivmod.S.obj (.text.__aeabi_uidivmod)
                  00005410    0000003e     ZDT_Driver.o (.text.Emm_V5_Origin_Trigger_Return)
                  0000544e    00000002     --HOLE-- [fill = 0]
                  00005450    0000003c     ti_msp_dl_config.o (.text.DL_Timer_setCounterControl)
                  0000548c    0000003c     JY901.o (.text.JY901_Init)
                  000054c8    0000003c     task_scheduler.o (.text.Menu_Init)
                  00005504    0000003c     bsp_oled.o (.text.OLED_Set_Pos)
                  00005540    0000003c     timer.o (.text.Timestamp_GetTicks)
                  0000557c    0000003c     libclang_rt.builtins.a : floatsisf.S.obj (.text.__floatsisf)
                  000055b8    0000003c                            : comparesf2.S.obj (.text.__gtsf2)
                  000055f4    0000003c     libc.a : autoinit.c.obj (.text:__TI_auto_init_nobinit_nopinit)
                  00005630    0000003a     wit_c_sdk.o (.text.__CaliSum)
                  0000566a    00000002     --HOLE-- [fill = 0]
                  0000566c    0000003a     libclang_rt.builtins.a : comparesf2.S.obj (.text.__eqsf2)
                  000056a6    00000002     --HOLE-- [fill = 0]
                  000056a8    0000003a                            : muldsi3.S.obj (.text.__muldsi3)
                  000056e2    00000002     --HOLE-- [fill = 0]
                  000056e4    00000038     driverlib.a : dl_mcan.o (.text.DL_MCAN_getRxFIFOStatus)
                  0000571c    00000038     libclang_rt.builtins.a : fixsfsi.S.obj (.text.__fixsfsi)
                  00005754    00000034     driverlib.a : dl_mcan.o (.text.DL_MCAN_TXBufAddReq)
                  00005788    00000034                 : dl_mcan.o (.text.DL_MCAN_setExtIDAndMask)
                  000057bc    00000034     ti_msp_dl_config.o (.text.SYSCFG_DL_US_TIMER_init)
                  000057f0    00000034     ultrasonic.o (.text.Ultrasonic_GetPulseWidth_us)
                  00005824    00000032     libclang_rt.builtins.a : fixunssfsi.S.obj (.text.__fixunssfsi)
                  00005856    00000002     --HOLE-- [fill = 0]
                  00005858    00000030     bsp_UART.o (.text.DL_DMA_setTransferSize)
                  00005888    00000030     bsp_UART1.o (.text.DL_DMA_setTransferSize)
                  000058b8    00000030     ti_msp_dl_config.o (.text.DL_GPIO_initDigitalOutputFeatures)
                  000058e8    00000030     ti_msp_dl_config.o (.text.SYSCFG_DL_DMA_CH0_init)
                  00005918    00000030     ti_msp_dl_config.o (.text.SYSCFG_DL_DMA_CH1_init)
                  00005948    00000030     ti_msp_dl_config.o (.text.SYSCFG_DL_DMA_CH2_init)
                  00005978    00000030     ti_msp_dl_config.o (.text.SYSCFG_DL_DMA_CH3_init)
                  000059a8    00000030     bsp_oled.o (.text.oled_pow)
                  000059d8    0000002c     driverlib.a : dl_mcan.o (.text.DL_MCAN_TXBufTransIntrEnable)
                  00005a04    0000002c                 : dl_mcan.o (.text.DL_MCAN_addExtMsgIDFilter)
                  00005a30    0000002c                 : dl_mcan.o (.text.DL_MCAN_addStdMsgIDFilter)
                  00005a5c    0000002c     timer.o (.text.TIMG12_IRQHandler)
                  00005a88    0000002c     wit_c_sdk.o (.text.WitDelayMsRegister)
                  00005ab4    0000002c     wit_c_sdk.o (.text.WitRegisterCallBack)
                  00005ae0    0000002c     wit_c_sdk.o (.text.WitSerialWriteRegister)
                  00005b0c    0000002c     bsp_key.o (.text.__NVIC_EnableIRQ)
                  00005b38    0000002c     empty.o (.text.__NVIC_EnableIRQ)
                  00005b64    0000002c     timer.o (.text.__NVIC_EnableIRQ)
                  00005b90    0000002c     empty.o (.text.mspm0_get_clock_ms)
                  00005bbc    00000028     bsp_oled.o (.text.DL_Common_updateReg)
                  00005be4    00000028     ti_msp_dl_config.o (.text.DL_Common_updateReg)
                  00005c0c    00000028     bsp_UART.o (.text.DL_DMA_setDestAddr)
                  00005c34    00000028     bsp_UART1.o (.text.DL_DMA_setDestAddr)
                  00005c5c    00000028     bsp_UART.o (.text.DL_DMA_setSrcAddr)
                  00005c84    00000028     bsp_UART1.o (.text.DL_DMA_setSrcAddr)
                  00005cac    00000028     ti_msp_dl_config.o (.text.DL_I2C_setControllerRXFIFOThreshold)
                  00005cd4    00000028     ti_msp_dl_config.o (.text.DL_I2C_setControllerTXFIFOThreshold)
                  00005cfc    00000028     ti_msp_dl_config.o (.text.DL_UART_setRXFIFOThreshold)
                  00005d24    00000028     ti_msp_dl_config.o (.text.DL_UART_setTXFIFOThreshold)
                  00005d4c    00000028     libclang_rt.builtins.a : floatunsisf.S.obj (.text.__floatunsisf)
                  00005d74    00000028     libc.a : boot_cortex_m.c.obj (.text:_c_int00_noargs)
                  00005d9c    00000026     bsp_UART.o (.text.DL_DMA_disableChannel)
                  00005dc2    00000026     bsp_UART1.o (.text.DL_DMA_disableChannel)
                  00005de8    00000026     bsp_UART.o (.text.DL_DMA_enableChannel)
                  00005e0e    00000026     bsp_UART1.o (.text.DL_DMA_enableChannel)
                  00005e34    00000026     ti_msp_dl_config.o (.text.DL_I2C_setAnalogGlitchFilterPulseWidth)
                  00005e5a    00000026     driverlib.a : dl_i2c.o (.text.DL_I2C_setClockConfig)
                  00005e80    00000024     bsp_UART.o (.text.DL_DMA_getTransferSize)
                  00005ea4    00000024     bsp_UART1.o (.text.DL_DMA_getTransferSize)
                  00005ec8    00000024     driverlib.a : dl_mcan.o (.text.DL_MCAN_setClockConfig)
                  00005eec    00000024     ti_msp_dl_config.o (.text.DL_UART_setRXInterruptTimeout)
                  00005f10    00000024     JY901.o (.text.JY901_Update)
                  00005f34    00000024     libclang_rt.builtins.a : floatunsidf.S.obj (.text.__floatunsidf)
                  00005f58    00000020     ti_msp_dl_config.o (.text.DL_GPIO_initPeripheralInputFunction)
                  00005f78    00000020     driverlib.a : dl_mcan.o (.text.DL_MCAN_getTxFIFOQueStatus)
                  00005f98    00000020     ti_msp_dl_config.o (.text.DL_SYSCTL_setFlashWaitState)
                  00005fb8    00000020     task_scheduler.o (.text.Task_Jump)
                  00005fd8    00000020     gimbal.o (.text.gimbal_enable)
                  00005ff8    0000001e     ti_msp_dl_config.o (.text.DL_UART_setOversampling)
                  00006016    00000002     --HOLE-- [fill = 0]
                  00006018    0000001e     libclang_rt.builtins.a : ashldi3.S.obj (.text.__ashldi3)
                  00006036    0000001e     gimbal.o (.text.gimbal_disable)
                  00006054    0000001e     gimbal.o (.text.gimbal_return_zero)
                  00006072    00000002     --HOLE-- [fill = 0]
                  00006074    0000001c     ti_msp_dl_config.o (.text.DL_DMA_enableInterrupt)
                  00006090    0000001c     bsp_key.o (.text.DL_GPIO_clearInterruptStatus)
                  000060ac    0000001c     ti_msp_dl_config.o (.text.DL_GPIO_clearInterruptStatus)
                  000060c8    0000001c     ultrasonic.o (.text.DL_GPIO_clearInterruptStatus)
                  000060e4    0000001c     ultrasonic.o (.text.DL_GPIO_disableInterrupt)
                  00006100    0000001c     bsp_oled.o (.text.DL_GPIO_enableHiZ)
                  0000611c    0000001c     ti_msp_dl_config.o (.text.DL_GPIO_enableHiZ)
                  00006138    0000001c     ti_msp_dl_config.o (.text.DL_GPIO_enableInterrupt)
                  00006154    0000001c     ultrasonic.o (.text.DL_GPIO_enableInterrupt)
                  00006170    0000001c     ti_msp_dl_config.o (.text.DL_GPIO_initPeripheralOutputFunction)
                  0000618c    0000001c     ti_msp_dl_config.o (.text.DL_GPIO_setLowerPinsPolarity)
                  000061a8    0000001c     bsp_oled.o (.text.DL_I2C_getSDAStatus)
                  000061c4    0000001c     bsp_key.o (.text.DL_Interrupt_getPendingGroup)
                  000061e0    0000001c     ti_msp_dl_config.o (.text.DL_MCAN_enableInterrupt)
                  000061fc    0000001c     driverlib.a : dl_mcan.o (.text.DL_MCAN_enableIntr)
                  00006218    0000001c                 : dl_mcan.o (.text.DL_MCAN_enableIntrLine)
                  00006234    0000001c                 : dl_mcan.o (.text.DL_MCAN_selectIntrLine)
                  00006250    0000001c                 : dl_sysctl_mspm0g1x0x_g3x0x.o (.text.DL_SYSCTL_configFCC)
                  0000626c    0000001c     ti_msp_dl_config.o (.text.DL_SYSCTL_setFCCPeriods)
                  00006288    0000001c     ti_msp_dl_config.o (.text.DL_SYSCTL_setSYSOSCFreq)
                  000062a4    0000001c     ti_msp_dl_config.o (.text.DL_SYSCTL_setULPCLKDivider)
                  000062c0    0000001c     ti_msp_dl_config.o (.text.DL_Timer_enableInterrupt)
                  000062dc    0000001c     timer.o (.text.DL_Timer_enableInterrupt)
                  000062f8    0000001c     driverlib.a : dl_timer.o (.text.DL_Timer_setCaptCompUpdateMethod)
                  00006314    0000001c                 : dl_timer.o (.text.DL_Timer_setClockConfig)
                  00006330    0000001c     ti_msp_dl_config.o (.text.DL_UART_enableInterrupt)
                  0000634c    0000001c     empty.o (.text.mspm0_delay_ms)
                  00006368    0000001a     gimbal.o (.text.gimbal_set_zero)
                  00006382    00000002     --HOLE-- [fill = 0]
                  00006384    00000018     ti_msp_dl_config.o (.text.DL_DMA_clearInterruptStatus)
                  0000639c    00000018     bsp_oled.o (.text.DL_GPIO_enableOutput)
                  000063b4    00000018     ti_msp_dl_config.o (.text.DL_GPIO_enableOutput)
                  000063cc    00000018     ti_msp_dl_config.o (.text.DL_GPIO_enablePower)
                  000063e4    00000018     bsp_oled.o (.text.DL_GPIO_initDigitalOutput)
                  000063fc    00000018     ti_msp_dl_config.o (.text.DL_GPIO_initDigitalOutput)
                  00006414    00000018     ti_msp_dl_config.o (.text.DL_GPIO_initPeripheralAnalogFunction)
                  0000642c    00000018     ti_msp_dl_config.o (.text.DL_GPIO_reset)
                  00006444    00000018     bsp_oled.o (.text.DL_GPIO_setPins)
                  0000645c    00000018     empty.o (.text.DL_GPIO_setPins)
                  00006474    00000018     ultrasonic.o (.text.DL_GPIO_setPins)
                  0000648c    00000018     ti_msp_dl_config.o (.text.DL_GPIO_setUpperPinsPolarity)
                  000064a4    00000018     empty.o (.text.DL_GPIO_togglePins)
                  000064bc    00000018     bsp_oled.o (.text.DL_I2C_clearInterruptStatus)
                  000064d4    00000018     ti_msp_dl_config.o (.text.DL_I2C_enableAnalogGlitchFilter)
                  000064ec    00000018     ti_msp_dl_config.o (.text.DL_I2C_enableController)
                  00006504    00000018     ti_msp_dl_config.o (.text.DL_I2C_enableControllerClockStretching)
                  0000651c    00000018     bsp_oled.o (.text.DL_I2C_enablePower)
                  00006534    00000018     ti_msp_dl_config.o (.text.DL_I2C_enablePower)
                  0000654c    00000018     bsp_oled.o (.text.DL_I2C_getRawInterruptStatus)
                  00006564    00000018     bsp_oled.o (.text.DL_I2C_reset)
                  0000657c    00000018     ti_msp_dl_config.o (.text.DL_I2C_reset)
                  00006594    00000018     ti_msp_dl_config.o (.text.DL_I2C_setTimerPeriod)
                  000065ac    00000018     ti_msp_dl_config.o (.text.DL_MCAN_clearInterruptStatus)
                  000065c4    00000018     ti_msp_dl_config.o (.text.DL_MCAN_enablePower)
                  000065dc    00000018     ti_msp_dl_config.o (.text.DL_MCAN_reset)
                  000065f4    00000018     driverlib.a : dl_mcan.o (.text.DL_MCAN_setOpMode)
                  0000660c    00000018     ti_msp_dl_config.o (.text.DL_SYSCTL_setBORThreshold)
                  00006624    00000018     timer.o (.text.DL_Timer_clearInterruptStatus)
                  0000663c    00000018     ti_msp_dl_config.o (.text.DL_Timer_enablePower)
                  00006654    00000018     ti_msp_dl_config.o (.text.DL_Timer_enableShadowFeatures)
                  0000666c    00000018     ti_msp_dl_config.o (.text.DL_Timer_reset)
                  00006684    00000018     driverlib.a : dl_timer.o (.text.DL_Timer_setCaptureCompareOutCtl)
                  0000669c    00000018     ti_msp_dl_config.o (.text.DL_UART_enableDMAReceiveEvent)
                  000066b4    00000018     ti_msp_dl_config.o (.text.DL_UART_enableDMATransmitEvent)
                  000066cc    00000018     ti_msp_dl_config.o (.text.DL_UART_enableFIFOs)
                  000066e4    00000018     ti_msp_dl_config.o (.text.DL_UART_enablePower)
                  000066fc    00000018     ti_msp_dl_config.o (.text.DL_UART_reset)
                  00006714    00000018     task_scheduler.o (.text.Task_Done)
                  0000672c    00000016     bsp_key.o (.text.DL_GPIO_readPins)
                  00006742    00000016     bsp_oled.o (.text.DL_GPIO_readPins)
                  00006758    00000016     ultrasonic.o (.text.DL_GPIO_readPins)
                  0000676e    00000016     ti_msp_dl_config.o (.text.DL_UART_enable)
                  00006784    00000016     bsp_key.o (.text.KEY_Init)
                  0000679a    00000016     JY901.o (.text._jy_write)
                  000067b0    00000014     bsp_oled.o (.text.DL_GPIO_clearPins)
                  000067c4    00000014     ti_msp_dl_config.o (.text.DL_GPIO_clearPins)
                  000067d8    00000014     ultrasonic.o (.text.DL_GPIO_clearPins)
                  000067ec    00000014     bsp_oled.o (.text.DL_I2C_getControllerStatus)
                  00006800    00000014     ti_msp_dl_config.o (.text.DL_I2C_resetControllerTransfer)
                  00006814    00000014     driverlib.a : dl_mcan.o (.text.DL_MCAN_clearIntrStatus)
                  00006828    00000014     bsp_CAN.o (.text.DL_MCAN_getPendingInterrupt)
                  0000683c    00000014     ti_msp_dl_config.o (.text.DL_SYSCTL_disableSYSPLL)
                  00006850    00000014     ti_msp_dl_config.o (.text.DL_SYSCTL_enableSYSPLL)
                  00006864    00000014     timer.o (.text.DL_Timer_disableClock)
                  00006878    00000014     ti_msp_dl_config.o (.text.DL_Timer_enableClock)
                  0000688c    00000014     timer.o (.text.DL_Timer_enableClock)
                  000068a0    00000014     ti_msp_dl_config.o (.text.DL_Timer_setCCPDirection)
                  000068b4    00000014     ti_msp_dl_config.o (.text.SYSCFG_DL_DMA_init)
                  000068c8    00000014     libclang_rt.builtins.a : aeabi_uldivmod.S.obj (.text.__aeabi_uldivmod)
                  000068dc    00000012     bsp_key.o (.text.DL_GPIO_getPendingInterrupt)
                  000068ee    00000012     ti_msp_dl_config.o (.text.DL_MCAN_enableModuleClock)
                  00006900    00000012     timer.o (.text.DL_Timer_getPendingInterrupt)
                  00006912    00000012     bsp_UART.o (.text.DL_UART_getPendingInterrupt)
                  00006924    00000012     bsp_UART1.o (.text.DL_UART_getPendingInterrupt)
                  00006936    00000012     driverlib.a : dl_uart.o (.text.DL_UART_setClockConfig)
                  00006948    00000012     libc.a : memcpy16.S.obj (.text:TI_memcpy_small)
                  0000695a    00000012            : copy_decompress_none.c.obj (.text:decompress:none)
                  0000696c    00000010     driverlib.a : dl_mcan.o (.text.DL_MCAN_getOpMode)
                  0000697c    00000010                 : dl_mcan.o (.text.DL_MCAN_isMemInitDone)
                  0000698c    00000010     ti_msp_dl_config.o (.text.DL_SYSCTL_disableHFXT)
                  0000699c    00000010     ti_msp_dl_config.o (.text.DL_SYSCTL_isFCCDone)
                  000069ac    00000010     ti_msp_dl_config.o (.text.DL_SYSCTL_startFCC)
                  000069bc    00000010     timer.o (.text.DL_Timer_getTimerCount)
                  000069cc    00000010     driverlib.a : dl_timer.o (.text.DL_Timer_setCaptureCompareValue)
                  000069dc    00000010     ti_msp_dl_config.o (.text.SYSCFG_DL_SYSTICK_init)
                  000069ec    00000010     Task.o (.text.User_Init)
                  000069fc    00000010     libc.a : copy_zero_init.c.obj (.text:decompress:ZI)
                  00006a0c    0000000e     chasis.o (.text.chasis_stop)
                  00006a1a    0000000e     libc.a : memset16.S.obj (.text:TI_memset_small)
                  00006a28    0000000c     driverlib.a : dl_mcan.o (.text.DL_MCAN_getIntrStatus)
                  00006a34    0000000c     ti_msp_dl_config.o (.text.DL_SYSCTL_getClockStatus)
                  00006a40    0000000c     ti_msp_dl_config.o (.text.DL_SYSCTL_readFCC)
                  00006a4c    0000000c     Task.o (.text.Key_A18_Pressed)
                  00006a58    0000000c     Task.o (.text.Key_B21_Pressed)
                  00006a64    0000000c     libclang_rt.builtins.a : aeabi_memset.S.obj (.text.__aeabi_memclr)
                  00006a70    0000000a     driverlib.a : dl_common.o (.text.DL_Common_delayCycles)
                  00006a7a    0000000a     JY901.o (.text._jy_delay)
                  00006a84    0000000a     JY901.o (.text._jy_reg_cb)
                  00006a8e    00000002     --HOLE-- [fill = 0]
                  00006a90    00000008     libclang_rt.builtins.a : aeabi_memcpy.S.obj (.text.__aeabi_memcpy)
                  00006a98    00000006     libc.a : exit.c.obj (.text:abort)
                  00006a9e    00000004     startup_mspm0g350x_ticlang.o (.text.Default_Handler)
                  00006aa2    00000004     libsysbm.a : hostexit.c.obj (.text.HOSTexit)
                  00006aa6    00000004     startup_mspm0g350x_ticlang.o (.text.Reset_Handler)
                  00006aaa    00000002     --HOLE-- [fill = 0]
                  00006aac    00000010     libc.a : boot_cortex_m.c.obj (.tramp._c_int00_noargs.1)
                  00006abc    00000004            : pre_init.c.obj (.text._system_pre_init)

.cinit     0    00007818    000000e8     
                  00007818    000000bf     (.cinit..data.load) [load image, compression = lzss]
                  000078d7    00000001     --HOLE-- [fill = 0]
                  000078d8    0000000c     (__TI_handler_table)
                  000078e4    00000008     (.cinit..bss.load) [load image, compression = zero_init]
                  000078ec    00000010     (__TI_cinit_table)
                  000078fc    00000004     --HOLE-- [fill = 0]

.rodata    0    00006ac0    00000d58     
                  00006ac0    000005f0     bsp_oled.o (.rodata.asc2_1608)
                  000070b0    00000228     bsp_oled.o (.rodata.asc2_0806)
                  000072d8    00000100     wit_c_sdk.o (.rodata.__auchCRCHi)
                  000073d8    00000100     wit_c_sdk.o (.rodata.__auchCRCLo)
                  000074d8    00000060     ti_msp_dl_config.o (.rodata.gMCAN0MsgRAMConfigParams)
                  00007538    00000040     driverlib.a : dl_mcan.o (.rodata..L__const.DL_MCAN_getDataSize.dataSize)
                  00007578    00000034     ti_msp_dl_config.o (.rodata.gMCAN0InitParams)
                  000075ac    00000028     ti_msp_dl_config.o (.rodata.gSYSPLLConfig)
                  000075d4    00000020     driverlib.a : dl_mcan.o (.rodata.cst32)
                  000075f4    00000020     ti_msp_dl_config.o (.rodata.gMCAN0BitTimes)
                  00007614    00000018     ti_msp_dl_config.o (.rodata.gDMA_CH0Config)
                  0000762c    00000018     ti_msp_dl_config.o (.rodata.gDMA_CH1Config)
                  00007644    00000018     ti_msp_dl_config.o (.rodata.gDMA_CH2Config)
                  0000765c    00000018     ti_msp_dl_config.o (.rodata.gDMA_CH3Config)
                  00007674    00000014     timer.o (.rodata..L__const.Timestamp_Init.tmrCfg)
                  00007688    00000014     ti_msp_dl_config.o (.rodata.gUS_TIMERTimerConfig)
                  0000769c    00000010     ti_msp_dl_config.o (.rodata.gMCAN0ExtFiltelem)
                  000076ac    00000010     ti_msp_dl_config.o (.rodata.gMCAN0StdFiltelem)
                  000076bc    00000010     chasis.o (.rodata.openloop_ratio)
                  000076cc    0000000f     task_scheduler.o (.rodata.str1.17557591748756409378.1)
                  000076db    0000000e     task_scheduler.o (.rodata.str1.7939893941929394660.1)
                  000076e9    0000000c     task_scheduler.o (.rodata.str1.12698780283469048528.1)
                  000076f5    0000000c     Task.o (.rodata.str1.7848802165208324070.1)
                  00007701    0000000b     task_scheduler.o (.rodata.str1.13768897686556393344.1)
                  0000770c    0000000b     task_scheduler.o (.rodata.str1.14606958373863359431.1)
                  00007717    00000001     task_scheduler.o (.rodata.str1.9784223496667871455.1)
                  00007718    0000000a     ti_msp_dl_config.o (.rodata.gUART_0Config)
                  00007722    0000000a     ti_msp_dl_config.o (.rodata.gUART_1Config)
                  0000772c    0000000a     task_scheduler.o (.rodata.str1.15138029808797558358.1)
                  00007736    0000000a     task_scheduler.o (.rodata.str1.2160916131609573578.1)
                  00007740    00000009     task_scheduler.o (.rodata.str1.10531343933328738940.1)
                  00007749    00000009     task_scheduler.o (.rodata.str1.14190357177579510289.1)
                  00007752    00000009     task_scheduler.o (.rodata.str1.14699949538115772633.1)
                  0000775b    00000009     task_scheduler.o (.rodata.str1.16400217066248172146.1)
                  00007764    00000009     task_scheduler.o (.rodata.str1.17984259232970945524.1)
                  0000776d    00000009     task_scheduler.o (.rodata.str1.2657894803344293859.1)
                  00007776    00000009     task_scheduler.o (.rodata.str1.9855678927950593766.1)
                  0000777f    00000001     --HOLE-- [fill = 0]
                  00007780    00000008     ultrasonic.o (.rodata._echo_iidx)
                  00007788    00000008     ultrasonic.o (.rodata._echo_pin)
                  00007790    00000008     ultrasonic.o (.rodata._trig_pin)
                  00007798    00000008     ti_msp_dl_config.o (.rodata.gFRONT_OUTConfig)
                  000077a0    00000008     ti_msp_dl_config.o (.rodata.gRL_OUTConfig)
                  000077a8    00000008     ti_msp_dl_config.o (.rodata.gRR_OUTConfig)
                  000077b0    00000008     Task.o (.rodata.str1.6095027432129614026.1)
                  000077b8    00000007     task_scheduler.o (.rodata.str1.18069038080357984115.1)
                  000077bf    00000007     task_scheduler.o (.rodata.str1.4916143694647286702.1)
                  000077c6    00000007     task_scheduler.o (.rodata.str1.9247241511803337348.1)
                  000077cd    00000006     task_scheduler.o (.rodata.str1.14552388435526194663.1)
                  000077d3    00000006     task_scheduler.o (.rodata.str1.4577691884733283733.1)
                  000077d9    00000005     task_scheduler.o (.rodata.str1.10506625049490768188.1)
                  000077de    00000005     Task.o (.rodata.str1.13875185509114325111.1)
                  000077e3    00000005     Task.o (.rodata.str1.444840832391758400.1)
                  000077e8    00000005     Task.o (.rodata.str1.5450046856251476239.1)
                  000077ed    00000001     --HOLE-- [fill = 0]
                  000077ee    00000004     ti_msp_dl_config.o (.rodata.gMCAN0ClockConf)
                  000077f2    00000004     Task.o (.rodata.str1.99587616205557558.1)
                  000077f6    00000003     ti_msp_dl_config.o (.rodata.gFRONT_OUTClockConfig)
                  000077f9    00000003     ti_msp_dl_config.o (.rodata.gLFCLKConfig)
                  000077fc    00000003     ti_msp_dl_config.o (.rodata.gRL_OUTClockConfig)
                  000077ff    00000003     ti_msp_dl_config.o (.rodata.gRR_OUTClockConfig)
                  00007802    00000003     ti_msp_dl_config.o (.rodata.gUS_TIMERClockConfig)
                  00007805    00000003     task_scheduler.o (.rodata.str1.15638319084808577004.1)
                  00007808    00000003     task_scheduler.o (.rodata.str1.18076406348189272724.1)
                  0000780b    00000002     ti_msp_dl_config.o (.rodata.gI2C_OLEDClockConfig)
                  0000780d    00000002     ti_msp_dl_config.o (.rodata.gUART_0ClockConfig)
                  0000780f    00000002     ti_msp_dl_config.o (.rodata.gUART_1ClockConfig)
                  00007811    00000002     Task.o (.rodata.str1.1487046719987819150.1)
                  00007813    00000002     task_scheduler.o (.rodata.str1.408152790401024242.1)
                  00007815    00000003     --HOLE-- [fill = 0]

.init_array 
*          0    00000000    00000000     UNINITIALIZED

.binit     0    00000000    00000000     

.bss       0    20200000    0000069c     UNINITIALIZED
                  20200000    00000120     (.common:sReg)
                  20200120    00000100     wit_c_sdk.o (.bss.s_ucWitDataBuff)
                  20200220    000000bc     (.common:gFRONT_OUTBackup)
                  202002dc    000000bc     (.common:gRL_OUTBackup)
                  20200398    000000a0     (.common:gRR_OUTBackup)
                  20200438    00000098     (.common:gMCAN0Backup)
                  202004d0    00000064     (.common:uart1_rx_buff)
                  20200534    00000064     (.common:uart_rx_buff)
                  20200598    00000050     ultrasonic.o (.bss.g_us)
                  202005e8    00000050     Task.o (.bss.once_flag)
                  20200638    00000034     chasis.o (.bss.trap)
                  2020066c    00000018     task_scheduler.o (.bss.menu_stack)
                  20200684    00000004     chasis.o (.bss.brake_linear_dvx)
                  20200688    00000004     chasis.o (.bss.brake_linear_dvy)
                  2020068c    00000004     chasis.o (.bss.brake_linear_dwz)
                  20200690    00000004     chasis.o (.bss.brake_linear_elapsed)
                  20200694    00000004     chasis.o (.bss.brake_linear_time_ms)
                  20200698    00000004     (.common:jy901_yaw)

.data      0    2020069c    00000331     UNINITIALIZED
                  2020069c    00000118     chasis.o (.data.user_chasis)
                  202007b4    00000070     task_scheduler.o (.data.menu_gimbal_items)
                  20200824    00000050     task_scheduler.o (.data.menu_debug_items)
                  20200874    00000040     task_scheduler.o (.data.menu_chasis_items)
                  202008b4    00000020     task_scheduler.o (.data.menu_gyro_items)
                  202008d4    00000020     task_scheduler.o (.data.menu_root_items)
                  202008f4    00000010     bsp_PWM.o (.data.g_motor)
                  20200904    00000010     task_scheduler.o (.data.menu_q1_items)
                  20200914    00000010     task_scheduler.o (.data.menu_question_items)
                  20200924    00000010     task_scheduler.o (.data.menu_root)
                  20200934    00000010     chasis.o (.data.motor_test_target_rpm)
                  20200944    00000008     bsp_key.o (.data.key_tick)
                  2020094c    00000004     task_scheduler.o (.data.countdown_start)
                  20200950    00000004     task_scheduler.o (.data.cur_menu)
                  20200954    00000004     ultrasonic.o (.data.g_dbg_isr_cnt)
                  20200958    00000004     ultrasonic.o (.data.g_dbg_last_iidx)
                  2020095c    00000004     ultrasonic.o (.data.g_dbg_trig_cnt)
                  20200960    00000004     empty.o (.data.g_tick)
                  20200964    00000004     timer.o (.data.g_timer_overflow)
                  20200968    00000004     Task.o (.data.g_us_dist0)
                  2020096c    00000004     Task.o (.data.g_us_dist1)
                  20200970    00000004     Task.o (.data.g_us_pulse0)
                  20200974    00000004     Task.o (.data.g_us_pulse1)
                  20200978    00000004     chasis.o (.data.motor_invert)
                  2020097c    00000004     chasis.o (.data.move_timer_ms)
                  20200980    00000004     wit_c_sdk.o (.data.p_WitCanWriteFunc)
                  20200984    00000004     wit_c_sdk.o (.data.p_WitDelaymsFunc)
                  20200988    00000004     wit_c_sdk.o (.data.p_WitI2cWriteFunc)
                  2020098c    00000004     wit_c_sdk.o (.data.p_WitRegUpdateCbFunc)
                  20200990    00000004     wit_c_sdk.o (.data.p_WitSerialWriteFunc)
                  20200994    00000004     task_scheduler.o (.data.pending_task)
                  20200998    00000004     wit_c_sdk.o (.data.s_uiProtoclo)
                  2020099c    00000004     wit_c_sdk.o (.data.s_uiReadRegIndex)
                  202009a0    00000004     wit_c_sdk.o (.data.s_uiWitDataCnt)
                  202009a4    00000004     Task.o (.data.system_mode)
                  202009a8    00000002     ultrasonic.o (.data.g_dbg_state)
                  202009aa    00000002     bsp_UART.o (.data.rx_size)
                  202009ac    00000002     bsp_UART1.o (.data.uart1_rx_size)
                  202009ae    00000001     chasis.o (.data.brake_hold)
                  202009af    00000001     chasis.o (.data.brake_linear_active)
                  202009b0    00000001     chasis.o (.data.chasis_braked)
                  202009b1    00000001     chasis.o (.data.chasis_trapezoid_done)
                  202009b2    00000001     task_scheduler.o (.data.cursor)
                  202009b3    00000001     task_scheduler.o (.data.flag_enter)
                  202009b4    00000001     task_scheduler.o (.data.flag_next)
                  202009b5    00000001     empty.o (.data.g_flag_100hz)
                  202009b6    00000001     empty.o (.data.init_ok)
                  202009b7    00000001     task_scheduler.o (.data.menu_sp)
                  202009b8    00000001     chasis.o (.data.motor_test_mode)
                  202009b9    00000001     chasis.o (.data.move_state)
                  202009ba    00000001     task_scheduler.o (.data.need_draw)
                  202009bb    00000001     Task.o (.data.one_hundured_ms_callback.us_cnt)
                  202009bc    00000001     wit_c_sdk.o (.data.s_ucAddr)
                  202009bd    00000001     task_scheduler.o (.data.scroll)
                  202009be    00000001     bsp_UART1.o (.data.uart1_isIDLE.rx_last_size)
                  202009bf    00000001     bsp_UART1.o (.data.uart1_isIDLE.stable_count)
                  202009c0    00000001     bsp_UART1.o (.data.uart1_rx_dma_complete_flag)
                  202009c1    00000001     bsp_UART1.o (.data.uart1_rx_length)
                  202009c2    00000001     bsp_UART1.o (.data.uart1_tx_complete_flag)
                  202009c3    00000001     bsp_UART1.o (.data.uart1_tx_dma_complete_flag)
                  202009c4    00000001     bsp_UART.o (.data.uart_isIDLE.rx_last_size)
                  202009c5    00000001     bsp_UART.o (.data.uart_isIDLE.stable_count)
                  202009c6    00000001     bsp_UART.o (.data.uart_rx_dma_complete_flag)
                  202009c7    00000001     bsp_UART.o (.data.uart_rx_length)
                  202009c8    00000001     bsp_UART.o (.data.uart_tx_complete_flag)
                  202009c9    00000001     bsp_UART.o (.data.uart_tx_dma_complete_flag)
                  202009ca    00000001     Task.o (.data.while_task.step.1)
                  202009cb    00000001     Task.o (.data.while_task.step.2)
                  202009cc    00000001     Task.o (.data.while_task.step)

.stack     0    20207e00    00000200     UNINITIALIZED
                  20207e00    00000004     libc.a : boot_cortex_m.c.obj (.stack)
                  20207e04    000001fc     --HOLE--

__llvm_prf_cnts 
*          0    20200000    00000000     UNINITIALIZED

__llvm_prf_bits 
*          0    20200000    00000000     UNINITIALIZED

MODULE SUMMARY

       Module                         code    ro data   rw data
       ------                         ----    -------   -------
    .\
       ti_msp_dl_config.o             4600    437       688    
       empty.o                        412     0         6      
       startup_mspm0g350x_ticlang.o   8       192       0      
    +--+------------------------------+-------+---------+---------+
       Total:                         5020    629       694    
                                                               
    .\User\bsp\Src\
       bsp_oled.o                     2098    2072      0      
       Task.o                         3688    41        104    
       chasis.o                       2710    16        382    
       wit_c_sdk.o                    1622    512       577    
       task_scheduler.o               944     193       410    
       ultrasonic.o                   1126    24        94     
       bsp_PWM.o                      868     0         16     
       bsp_UART1.o                    718     0         108    
       bsp_UART.o                     710     0         108    
       bsp_key.o                      394     0         8      
       bsp_CAN.o                      400     0         0      
       timer.o                        358     20        4      
       ZDT_Driver.o                   328     0         0      
       ZDT_CAN.o                      266     0         0      
       gimbal.o                       202     0         0      
       JY901.o                        138     0         4      
    +--+------------------------------+-------+---------+---------+
       Total:                         16570   2878      1815   
                                                               
    E:/TI/CCS/mspm0_sdk_2_10_00_04/source/ti/driverlib/lib/ticlang/m0p/mspm0g1x0x_g3x0x/driverlib.a
       dl_mcan.o                      2144    96        0      
       dl_timer.o                     608     0         0      
       dl_sysctl_mspm0g1x0x_g3x0x.o   512     0         0      
       dl_i2c.o                       132     0         0      
       dl_uart.o                      90      0         0      
       dl_dma.o                       76      0         0      
       dl_common.o                    10      0         0      
    +--+------------------------------+-------+---------+---------+
       Total:                         3572    96        0      
                                                               
    E:\TI\CCS\ccs\tools\compiler\ti-cgt-armllvm_4.0.4.LTS\lib\armv6m-ti-none-eabi/c/libc.a
       copy_decompress_lzss.c.obj     124     0         0      
       autoinit.c.obj                 60      0         0      
       boot_cortex_m.c.obj            56      0         0      
       copy_decompress_none.c.obj     18      0         0      
       memcpy16.S.obj                 18      0         0      
       copy_zero_init.c.obj           16      0         0      
       memset16.S.obj                 14      0         0      
       exit.c.obj                     6       0         0      
       pre_init.c.obj                 4       0         0      
    +--+------------------------------+-------+---------+---------+
       Total:                         316     0         0      
                                                               
    E:\TI\CCS\ccs\tools\compiler\ti-cgt-armllvm_4.0.4.LTS\lib\armv6m-ti-none-eabi/c/libsysbm.a
       hostexit.c.obj                 4       0         0      
    +--+------------------------------+-------+---------+---------+
       Total:                         4       0         0      
                                                               
    E:\TI\CCS\ccs\tools\compiler\ti-cgt-armllvm_4.0.4.LTS\lib\armv6m-ti-none-eabi/libclang_rt.builtins.a
       comparedf2.c.obj               220     0         0      
       addsf3.S.obj                   216     0         0      
       udivmoddi4.S.obj               162     0         0      
       mulsf3.S.obj                   140     0         0      
       divsf3.S.obj                   130     0         0      
       comparesf2.S.obj               118     0         0      
       aeabi_dcmp.S.obj               98      0         0      
       aeabi_fcmp.S.obj               98      0         0      
       aeabi_uidivmod.S.obj           64      0         0      
       floatsisf.S.obj                60      0         0      
       muldsi3.S.obj                  58      0         0      
       fixsfsi.S.obj                  56      0         0      
       fixunssfsi.S.obj               50      0         0      
       floatunsisf.S.obj              40      0         0      
       floatunsidf.S.obj              36      0         0      
       ashldi3.S.obj                  30      0         0      
       aeabi_uldivmod.S.obj           20      0         0      
       aeabi_memset.S.obj             12      0         0      
       aeabi_memcpy.S.obj             8       0         0      
       aeabi_div0.c.obj               4       0         0      
    +--+------------------------------+-------+---------+---------+
       Total:                         1620    0         0      
                                                               
       Stack:                         0       0         512    
       Linker Generated:              0       227       0      
    +--+------------------------------+-------+---------+---------+
       Grand Total:                   27102   3830      3021   


LINKER GENERATED COPY TABLES

__TI_cinit_table @ 000078ec records: 2, size/record: 8, table size: 16
	.data: load addr=00007818, load size=000000bf bytes, run addr=2020069c, run size=00000331 bytes, compression=lzss
	.bss: load addr=000078e4, load size=00000008 bytes, run addr=20200000, run size=0000069c bytes, compression=zero_init


LINKER GENERATED HANDLER TABLE

__TI_handler_table @ 000078d8 records: 3, size/record: 4, table size: 12
	index: 0, handler: __TI_decompress_lzss
	index: 1, handler: __TI_decompress_none
	index: 2, handler: __TI_zero_init


FAR CALL TRAMPOLINES

callee name               trampoline name
   callee addr  tramp addr   call addr  call info
--------------  -----------  ---------  ----------------
_c_int00_noargs           $Tramp$TT$L$PI$$_c_int00_noargs
   00005d75     00006aac     00006aa6   startup_mspm0g350x_ticlang.o (.text.Reset_Handler)

[1 trampolines]
[1 trampoline calls]


GLOBAL SYMBOLS: SORTED ALPHABETICALLY BY Name 

address   name                                 
-------   ----                                 
00006a9f  ADC0_IRQHandler                      
00006a9f  ADC1_IRQHandler                      
00006a9f  AES_IRQHandler                       
00006aa2  C$$EXIT                              
0000513d  CANFD0_IRQHandler                    
00004121  CAN_Rx_FIFO0_New_Message_Callback    
0000379d  CAN_send_ext_frame                   
00006a9f  DAC0_IRQHandler                      
00006a71  DL_Common_delayCycles                
00004ee5  DL_DMA_initChannel                   
00004ae9  DL_I2C_fillControllerTXFIFO          
00005e5b  DL_I2C_setClockConfig                
00005755  DL_MCAN_TXBufAddReq                  
000059d9  DL_MCAN_TXBufTransIntrEnable         
00005a05  DL_MCAN_addExtMsgIDFilter            
00005a31  DL_MCAN_addStdMsgIDFilter            
00006815  DL_MCAN_clearIntrStatus              
000061fd  DL_MCAN_enableIntr                   
00006219  DL_MCAN_enableIntrLine               
00006a29  DL_MCAN_getIntrStatus                
0000696d  DL_MCAN_getOpMode                    
00005181  DL_MCAN_getRevisionId                
000056e5  DL_MCAN_getRxFIFOStatus              
00005f79  DL_MCAN_getTxFIFOQueStatus           
00002f59  DL_MCAN_init                         
0000697d  DL_MCAN_isMemInitDone                
000012f1  DL_MCAN_msgRAMConfig                 
000023b1  DL_MCAN_readMsgRam                   
00006235  DL_MCAN_selectIntrLine               
00003111  DL_MCAN_setBitTime                   
00005ec9  DL_MCAN_setClockConfig               
00005789  DL_MCAN_setExtIDAndMask              
000065f5  DL_MCAN_setOpMode                    
000029c9  DL_MCAN_writeMsgRam                  
00005291  DL_MCAN_writeRxFIFOAck               
00006251  DL_SYSCTL_configFCC                  
00003035  DL_SYSCTL_configSYSPLL               
00004779  DL_SYSCTL_setHFCLKSourceHFXTParams   
00004909  DL_SYSCTL_setLFCLKSourceLFXT         
000051c5  DL_SYSCTL_switchMCLKfromSYSOSCtoHSCLK
000026d1  DL_Timer_initFourCCPWMMode           
000027d5  DL_Timer_initTimerMode               
000062f9  DL_Timer_setCaptCompUpdateMethod     
00006685  DL_Timer_setCaptureCompareOutCtl     
000069cd  DL_Timer_setCaptureCompareValue      
00006315  DL_Timer_setClockConfig              
000050ad  DL_UART_init                         
00006937  DL_UART_setClockConfig               
00006a9f  DMA_IRQHandler                       
00006a9f  Default_Handler                      
00005061  Emm_V5_En_Control                    
000052d1  Emm_V5_Origin_Set_O                  
00005411  Emm_V5_Origin_Trigger_Return         
00003f9f  Emm_V5_Pos_Control                   
00006a9f  GROUP0_IRQHandler                    
000047dd  GROUP1_IRQHandler                    
00006aa3  HOSTexit                             
00006a9f  HardFault_Handler                    
00006a9f  I2C0_IRQHandler                      
00006a9f  I2C1_IRQHandler                      
0000548d  JY901_Init                           
00005f11  JY901_Update                         
00006785  KEY_Init                             
00003d91  KEY_Poll                             
00006a4d  Key_A18_Pressed                      
00006a59  Key_B21_Pressed                      
000054c9  Menu_Init                            
00002bad  Menu_Run                             
00006a9f  NMI_Handler                          
000046a5  OLED_Clear                           
0000229d  OLED_Init                            
00005505  OLED_Set_Pos                         
00002185  OLED_ShowChar                        
000028d1  OLED_ShowNum                         
000044e9  OLED_ShowString                      
00003999  OLED_WR_Byte                         
00006a9f  PendSV_Handler                       
00006a9f  RTC_IRQHandler                       
00006aa7  Reset_Handler                        
00006a9f  SPI0_IRQHandler                      
00006a9f  SPI1_IRQHandler                      
00006a9f  SVC_Handler                          
000058e9  SYSCFG_DL_DMA_CH0_init               
00005919  SYSCFG_DL_DMA_CH1_init               
00005949  SYSCFG_DL_DMA_CH2_init               
00005979  SYSCFG_DL_DMA_CH3_init               
000068b5  SYSCFG_DL_DMA_init                   
00002d89  SYSCFG_DL_FRONT_OUT_init             
00001b19  SYSCFG_DL_GPIO_init                  
00004ba5  SYSCFG_DL_I2C_OLED_init              
00002c9d  SYSCFG_DL_MCAN0_init                 
00003a31  SYSCFG_DL_RL_OUT_init                
000038fd  SYSCFG_DL_RR_OUT_init                
00002e71  SYSCFG_DL_SYSCTL_SYSPLL_init         
0000419d  SYSCFG_DL_SYSCTL_init                
000069dd  SYSCFG_DL_SYSTICK_init               
00004311  SYSCFG_DL_UART_0_init                
00004389  SYSCFG_DL_UART_1_init                
000057bd  SYSCFG_DL_US_TIMER_init              
00004969  SYSCFG_DL_init                       
00003615  SYSCFG_DL_initPower                  
00003d09  SysTick_Handler                      
00006a9f  TIMA0_IRQHandler                     
00006a9f  TIMA1_IRQHandler                     
00006a9f  TIMG0_IRQHandler                     
00005a5d  TIMG12_IRQHandler                    
00006a9f  TIMG6_IRQHandler                     
00006a9f  TIMG7_IRQHandler                     
00006a9f  TIMG8_IRQHandler                     
00006949  TI_memcpy_small                      
00006a1b  TI_memset_small                      
000050f5  Task_Cleanup                         
00006715  Task_Done                            
00005fb9  Task_Jump                            
00005541  Timestamp_GetTicks                   
00004c55  Timestamp_Init                       
00004021  UART0_IRQHandler                     
000040a1  UART1_IRQHandler                     
00005311  UART1_Rx_DMA_ToIdle_Callback         
00006a9f  UART2_IRQHandler                     
00006a9f  UART3_IRQHandler                     
00001719  UART_Rx_DMA_ToIdle_Callback          
0000191d  Ultrasonic_GPIOB_ISR                 
00005209  Ultrasonic_GetDistance_mm            
000057f1  Ultrasonic_GetPulseWidth_us          
00004bfd  Ultrasonic_Init                      
00005351  Ultrasonic_IsDataReady               
000036d9  Ultrasonic_Trigger                   
000069ed  User_Init                            
00005a89  WitDelayMsRegister                   
00005391  WitInit                              
00005ab5  WitRegisterCallBack                  
00001505  WitSerialDataIn                      
00005ae1  WitSerialWriteRegister               
00001eb1  WitWriteReg                          
20208000  __STACK_END                          
00000200  __STACK_SIZE                         
00000000  __TI_ATRegion0_region_sz             
00000000  __TI_ATRegion0_src_addr              
00000000  __TI_ATRegion0_trg_addr              
00000000  __TI_ATRegion1_region_sz             
00000000  __TI_ATRegion1_src_addr              
00000000  __TI_ATRegion1_trg_addr              
00000000  __TI_ATRegion2_region_sz             
00000000  __TI_ATRegion2_src_addr              
00000000  __TI_ATRegion2_trg_addr              
000078ec  __TI_CINIT_Base                      
000078fc  __TI_CINIT_Limit                     
000078fc  __TI_CINIT_Warm                      
000078d8  __TI_Handler_Table_Base              
000078e4  __TI_Handler_Table_Limit             
000055f5  __TI_auto_init_nobinit_nopinit       
00004295  __TI_decompress_lzss                 
0000695b  __TI_decompress_none                 
ffffffff  __TI_pprof_out_hndl                  
ffffffff  __TI_prof_data_size                  
ffffffff  __TI_prof_data_start                 
00000000  __TI_static_base__                   
000069fd  __TI_zero_init                       
000033a3  __addsf3                             
00004841  __aeabi_dcmpeq                       
0000487d  __aeabi_dcmpge                       
00004891  __aeabi_dcmpgt                       
00004869  __aeabi_dcmple                       
00004855  __aeabi_dcmplt                       
0000571d  __aeabi_f2iz                         
00005825  __aeabi_f2uiz                        
000033a3  __aeabi_fadd                         
000048a5  __aeabi_fcmpeq                       
000048e1  __aeabi_fcmpge                       
000048f5  __aeabi_fcmpgt                       
000048cd  __aeabi_fcmple                       
000048b9  __aeabi_fcmplt                       
00003f1d  __aeabi_fdiv                         
00003bf1  __aeabi_fmul                         
00003399  __aeabi_fsub                         
0000557d  __aeabi_i2f                          
000025c7  __aeabi_idiv0                        
000029c7  __aeabi_ldiv0                        
00006019  __aeabi_llsl                         
00006a65  __aeabi_memclr                       
00006a65  __aeabi_memclr4                      
00006a65  __aeabi_memclr8                      
00006a91  __aeabi_memcpy                       
00006a91  __aeabi_memcpy4                      
00006a91  __aeabi_memcpy8                      
00005f35  __aeabi_ui2d                         
00005d4d  __aeabi_ui2f                         
000053d1  __aeabi_uidiv                        
000053d1  __aeabi_uidivmod                     
000068c9  __aeabi_uldivmod                     
00006019  __ashldi3                            
ffffffff  __binit__                            
00004711  __cmpdf2                             
0000566d  __cmpsf2                             
00003f1d  __divsf3                             
00004711  __eqdf2                              
0000566d  __eqsf2                              
0000571d  __fixsfsi                            
00005825  __fixunssfsi                         
0000557d  __floatsisf                          
00005f35  __floatunsidf                        
00005d4d  __floatunsisf                        
00004401  __gedf2                              
000055b9  __gesf2                              
00004401  __gtdf2                              
000055b9  __gtsf2                              
00004711  __ledf2                              
0000566d  __lesf2                              
00004711  __ltdf2                              
0000566d  __ltsf2                              
UNDEFED   __mpu_init                           
000056a9  __muldsi3                            
00003bf1  __mulsf3                             
00004711  __nedf2                              
0000566d  __nesf2                              
20207e00  __stack                              
20200000  __start___llvm_prf_bits              
20200000  __start___llvm_prf_cnts              
20200000  __stop___llvm_prf_bits               
20200000  __stop___llvm_prf_cnts               
00003399  __subsf3                             
00003859  __udivmoddi4                         
00005d75  _c_int00_noargs                      
UNDEFED   _system_post_cinit                   
00006abd  _system_pre_init                     
00006a99  abort                                
000070b0  asc2_0806                            
00006ac0  asc2_1608                            
ffffffff  binit                                
000024bd  can_SendCmd                          
00005015  chasis_brake                         
202009b0  chasis_braked                        
000009f9  chasis_cal                           
00004475  chasis_set_velocity                  
00006a0d  chasis_stop                          
202009b1  chasis_trapezoid_done                
00001071  chasis_trapezoid_move                
202009b3  flag_enter                           
202009b4  flag_next                            
20200220  gFRONT_OUTBackup                     
20200438  gMCAN0Backup                         
202002dc  gRL_OUTBackup                        
20200398  gRR_OUTBackup                        
20200954  g_dbg_isr_cnt                        
20200958  g_dbg_last_iidx                      
202009a8  g_dbg_state                          
2020095c  g_dbg_trig_cnt                       
202009b5  g_flag_100hz                         
20200960  g_tick                               
20200968  g_us_dist0                           
2020096c  g_us_dist1                           
20200970  g_us_pulse0                          
20200974  g_us_pulse1                          
00006037  gimbal_disable                       
00005fd9  gimbal_enable                        
00006055  gimbal_return_zero                   
00006369  gimbal_set_zero                      
00004ca9  gimbal_update                        
00004219  handleCanRxMessage                   
202009b6  init_ok                              
00000000  interruptVectors                     
20200698  jy901_yaw                            
000045c9  main                                 
00003471  motor_brake                          
000032c1  motor_coast                          
00003545  motor_openloop_drive                 
00001cf9  motor_set                            
00003c7d  ms_callback                          
0000634d  mspm0_delay_ms                       
00005b91  mspm0_get_clock_ms                   
000049c9  oled_i2c_sda_unlock                  
000059a9  oled_pow                             
000025c9  one_hundured_ms_callback             
202009aa  rx_size                              
20200000  sReg                                 
202009a4  system_mode                          
00003ac9  uart1_isIDLE                         
00004cfd  uart1_receive_start                  
202004d0  uart1_rx_buff                        
202009c0  uart1_rx_dma_complete_flag           
202009c1  uart1_rx_length                      
202009ac  uart1_rx_size                        
00004a29  uart1_send                           
202009c2  uart1_tx_complete_flag               
202009c3  uart1_tx_dma_complete_flag           
00003b61  uart_isIDLE                          
00004d51  uart_receive_start                   
20200534  uart_rx_buff                         
202009c6  uart_rx_dma_complete_flag            
202009c7  uart_rx_length                       
00004a89  uart_send                            
202009c8  uart_tx_complete_flag                
202009c9  uart_tx_dma_complete_flag            
2020069c  user_chasis                          
000000c1  while_task                           


GLOBAL SYMBOLS: SORTED BY Symbol Address 

address   name                                 
-------   ----                                 
00000000  __TI_ATRegion0_region_sz             
00000000  __TI_ATRegion0_src_addr              
00000000  __TI_ATRegion0_trg_addr              
00000000  __TI_ATRegion1_region_sz             
00000000  __TI_ATRegion1_src_addr              
00000000  __TI_ATRegion1_trg_addr              
00000000  __TI_ATRegion2_region_sz             
00000000  __TI_ATRegion2_src_addr              
00000000  __TI_ATRegion2_trg_addr              
00000000  __TI_static_base__                   
00000000  interruptVectors                     
000000c1  while_task                           
00000200  __STACK_SIZE                         
000009f9  chasis_cal                           
00001071  chasis_trapezoid_move                
000012f1  DL_MCAN_msgRAMConfig                 
00001505  WitSerialDataIn                      
00001719  UART_Rx_DMA_ToIdle_Callback          
0000191d  Ultrasonic_GPIOB_ISR                 
00001b19  SYSCFG_DL_GPIO_init                  
00001cf9  motor_set                            
00001eb1  WitWriteReg                          
00002185  OLED_ShowChar                        
0000229d  OLED_Init                            
000023b1  DL_MCAN_readMsgRam                   
000024bd  can_SendCmd                          
000025c7  __aeabi_idiv0                        
000025c9  one_hundured_ms_callback             
000026d1  DL_Timer_initFourCCPWMMode           
000027d5  DL_Timer_initTimerMode               
000028d1  OLED_ShowNum                         
000029c7  __aeabi_ldiv0                        
000029c9  DL_MCAN_writeMsgRam                  
00002bad  Menu_Run                             
00002c9d  SYSCFG_DL_MCAN0_init                 
00002d89  SYSCFG_DL_FRONT_OUT_init             
00002e71  SYSCFG_DL_SYSCTL_SYSPLL_init         
00002f59  DL_MCAN_init                         
00003035  DL_SYSCTL_configSYSPLL               
00003111  DL_MCAN_setBitTime                   
000032c1  motor_coast                          
00003399  __aeabi_fsub                         
00003399  __subsf3                             
000033a3  __addsf3                             
000033a3  __aeabi_fadd                         
00003471  motor_brake                          
00003545  motor_openloop_drive                 
00003615  SYSCFG_DL_initPower                  
000036d9  Ultrasonic_Trigger                   
0000379d  CAN_send_ext_frame                   
00003859  __udivmoddi4                         
000038fd  SYSCFG_DL_RR_OUT_init                
00003999  OLED_WR_Byte                         
00003a31  SYSCFG_DL_RL_OUT_init                
00003ac9  uart1_isIDLE                         
00003b61  uart_isIDLE                          
00003bf1  __aeabi_fmul                         
00003bf1  __mulsf3                             
00003c7d  ms_callback                          
00003d09  SysTick_Handler                      
00003d91  KEY_Poll                             
00003f1d  __aeabi_fdiv                         
00003f1d  __divsf3                             
00003f9f  Emm_V5_Pos_Control                   
00004021  UART0_IRQHandler                     
000040a1  UART1_IRQHandler                     
00004121  CAN_Rx_FIFO0_New_Message_Callback    
0000419d  SYSCFG_DL_SYSCTL_init                
00004219  handleCanRxMessage                   
00004295  __TI_decompress_lzss                 
00004311  SYSCFG_DL_UART_0_init                
00004389  SYSCFG_DL_UART_1_init                
00004401  __gedf2                              
00004401  __gtdf2                              
00004475  chasis_set_velocity                  
000044e9  OLED_ShowString                      
000045c9  main                                 
000046a5  OLED_Clear                           
00004711  __cmpdf2                             
00004711  __eqdf2                              
00004711  __ledf2                              
00004711  __ltdf2                              
00004711  __nedf2                              
00004779  DL_SYSCTL_setHFCLKSourceHFXTParams   
000047dd  GROUP1_IRQHandler                    
00004841  __aeabi_dcmpeq                       
00004855  __aeabi_dcmplt                       
00004869  __aeabi_dcmple                       
0000487d  __aeabi_dcmpge                       
00004891  __aeabi_dcmpgt                       
000048a5  __aeabi_fcmpeq                       
000048b9  __aeabi_fcmplt                       
000048cd  __aeabi_fcmple                       
000048e1  __aeabi_fcmpge                       
000048f5  __aeabi_fcmpgt                       
00004909  DL_SYSCTL_setLFCLKSourceLFXT         
00004969  SYSCFG_DL_init                       
000049c9  oled_i2c_sda_unlock                  
00004a29  uart1_send                           
00004a89  uart_send                            
00004ae9  DL_I2C_fillControllerTXFIFO          
00004ba5  SYSCFG_DL_I2C_OLED_init              
00004bfd  Ultrasonic_Init                      
00004c55  Timestamp_Init                       
00004ca9  gimbal_update                        
00004cfd  uart1_receive_start                  
00004d51  uart_receive_start                   
00004ee5  DL_DMA_initChannel                   
00005015  chasis_brake                         
00005061  Emm_V5_En_Control                    
000050ad  DL_UART_init                         
000050f5  Task_Cleanup                         
0000513d  CANFD0_IRQHandler                    
00005181  DL_MCAN_getRevisionId                
000051c5  DL_SYSCTL_switchMCLKfromSYSOSCtoHSCLK
00005209  Ultrasonic_GetDistance_mm            
00005291  DL_MCAN_writeRxFIFOAck               
000052d1  Emm_V5_Origin_Set_O                  
00005311  UART1_Rx_DMA_ToIdle_Callback         
00005351  Ultrasonic_IsDataReady               
00005391  WitInit                              
000053d1  __aeabi_uidiv                        
000053d1  __aeabi_uidivmod                     
00005411  Emm_V5_Origin_Trigger_Return         
0000548d  JY901_Init                           
000054c9  Menu_Init                            
00005505  OLED_Set_Pos                         
00005541  Timestamp_GetTicks                   
0000557d  __aeabi_i2f                          
0000557d  __floatsisf                          
000055b9  __gesf2                              
000055b9  __gtsf2                              
000055f5  __TI_auto_init_nobinit_nopinit       
0000566d  __cmpsf2                             
0000566d  __eqsf2                              
0000566d  __lesf2                              
0000566d  __ltsf2                              
0000566d  __nesf2                              
000056a9  __muldsi3                            
000056e5  DL_MCAN_getRxFIFOStatus              
0000571d  __aeabi_f2iz                         
0000571d  __fixsfsi                            
00005755  DL_MCAN_TXBufAddReq                  
00005789  DL_MCAN_setExtIDAndMask              
000057bd  SYSCFG_DL_US_TIMER_init              
000057f1  Ultrasonic_GetPulseWidth_us          
00005825  __aeabi_f2uiz                        
00005825  __fixunssfsi                         
000058e9  SYSCFG_DL_DMA_CH0_init               
00005919  SYSCFG_DL_DMA_CH1_init               
00005949  SYSCFG_DL_DMA_CH2_init               
00005979  SYSCFG_DL_DMA_CH3_init               
000059a9  oled_pow                             
000059d9  DL_MCAN_TXBufTransIntrEnable         
00005a05  DL_MCAN_addExtMsgIDFilter            
00005a31  DL_MCAN_addStdMsgIDFilter            
00005a5d  TIMG12_IRQHandler                    
00005a89  WitDelayMsRegister                   
00005ab5  WitRegisterCallBack                  
00005ae1  WitSerialWriteRegister               
00005b91  mspm0_get_clock_ms                   
00005d4d  __aeabi_ui2f                         
00005d4d  __floatunsisf                        
00005d75  _c_int00_noargs                      
00005e5b  DL_I2C_setClockConfig                
00005ec9  DL_MCAN_setClockConfig               
00005f11  JY901_Update                         
00005f35  __aeabi_ui2d                         
00005f35  __floatunsidf                        
00005f79  DL_MCAN_getTxFIFOQueStatus           
00005fb9  Task_Jump                            
00005fd9  gimbal_enable                        
00006019  __aeabi_llsl                         
00006019  __ashldi3                            
00006037  gimbal_disable                       
00006055  gimbal_return_zero                   
000061fd  DL_MCAN_enableIntr                   
00006219  DL_MCAN_enableIntrLine               
00006235  DL_MCAN_selectIntrLine               
00006251  DL_SYSCTL_configFCC                  
000062f9  DL_Timer_setCaptCompUpdateMethod     
00006315  DL_Timer_setClockConfig              
0000634d  mspm0_delay_ms                       
00006369  gimbal_set_zero                      
000065f5  DL_MCAN_setOpMode                    
00006685  DL_Timer_setCaptureCompareOutCtl     
00006715  Task_Done                            
00006785  KEY_Init                             
00006815  DL_MCAN_clearIntrStatus              
000068b5  SYSCFG_DL_DMA_init                   
000068c9  __aeabi_uldivmod                     
00006937  DL_UART_setClockConfig               
00006949  TI_memcpy_small                      
0000695b  __TI_decompress_none                 
0000696d  DL_MCAN_getOpMode                    
0000697d  DL_MCAN_isMemInitDone                
000069cd  DL_Timer_setCaptureCompareValue      
000069dd  SYSCFG_DL_SYSTICK_init               
000069ed  User_Init                            
000069fd  __TI_zero_init                       
00006a0d  chasis_stop                          
00006a1b  TI_memset_small                      
00006a29  DL_MCAN_getIntrStatus                
00006a4d  Key_A18_Pressed                      
00006a59  Key_B21_Pressed                      
00006a65  __aeabi_memclr                       
00006a65  __aeabi_memclr4                      
00006a65  __aeabi_memclr8                      
00006a71  DL_Common_delayCycles                
00006a91  __aeabi_memcpy                       
00006a91  __aeabi_memcpy4                      
00006a91  __aeabi_memcpy8                      
00006a99  abort                                
00006a9f  ADC0_IRQHandler                      
00006a9f  ADC1_IRQHandler                      
00006a9f  AES_IRQHandler                       
00006a9f  DAC0_IRQHandler                      
00006a9f  DMA_IRQHandler                       
00006a9f  Default_Handler                      
00006a9f  GROUP0_IRQHandler                    
00006a9f  HardFault_Handler                    
00006a9f  I2C0_IRQHandler                      
00006a9f  I2C1_IRQHandler                      
00006a9f  NMI_Handler                          
00006a9f  PendSV_Handler                       
00006a9f  RTC_IRQHandler                       
00006a9f  SPI0_IRQHandler                      
00006a9f  SPI1_IRQHandler                      
00006a9f  SVC_Handler                          
00006a9f  TIMA0_IRQHandler                     
00006a9f  TIMA1_IRQHandler                     
00006a9f  TIMG0_IRQHandler                     
00006a9f  TIMG6_IRQHandler                     
00006a9f  TIMG7_IRQHandler                     
00006a9f  TIMG8_IRQHandler                     
00006a9f  UART2_IRQHandler                     
00006a9f  UART3_IRQHandler                     
00006aa2  C$$EXIT                              
00006aa3  HOSTexit                             
00006aa7  Reset_Handler                        
00006abd  _system_pre_init                     
00006ac0  asc2_1608                            
000070b0  asc2_0806                            
000078d8  __TI_Handler_Table_Base              
000078e4  __TI_Handler_Table_Limit             
000078ec  __TI_CINIT_Base                      
000078fc  __TI_CINIT_Limit                     
000078fc  __TI_CINIT_Warm                      
20200000  __start___llvm_prf_bits              
20200000  __start___llvm_prf_cnts              
20200000  __stop___llvm_prf_bits               
20200000  __stop___llvm_prf_cnts               
20200000  sReg                                 
20200220  gFRONT_OUTBackup                     
202002dc  gRL_OUTBackup                        
20200398  gRR_OUTBackup                        
20200438  gMCAN0Backup                         
202004d0  uart1_rx_buff                        
20200534  uart_rx_buff                         
20200698  jy901_yaw                            
2020069c  user_chasis                          
20200954  g_dbg_isr_cnt                        
20200958  g_dbg_last_iidx                      
2020095c  g_dbg_trig_cnt                       
20200960  g_tick                               
20200968  g_us_dist0                           
2020096c  g_us_dist1                           
20200970  g_us_pulse0                          
20200974  g_us_pulse1                          
202009a4  system_mode                          
202009a8  g_dbg_state                          
202009aa  rx_size                              
202009ac  uart1_rx_size                        
202009b0  chasis_braked                        
202009b1  chasis_trapezoid_done                
202009b3  flag_enter                           
202009b4  flag_next                            
202009b5  g_flag_100hz                         
202009b6  init_ok                              
202009c0  uart1_rx_dma_complete_flag           
202009c1  uart1_rx_length                      
202009c2  uart1_tx_complete_flag               
202009c3  uart1_tx_dma_complete_flag           
202009c6  uart_rx_dma_complete_flag            
202009c7  uart_rx_length                       
202009c8  uart_tx_complete_flag                
202009c9  uart_tx_dma_complete_flag            
20207e00  __stack                              
20208000  __STACK_END                          
ffffffff  __TI_pprof_out_hndl                  
ffffffff  __TI_prof_data_size                  
ffffffff  __TI_prof_data_start                 
ffffffff  __binit__                            
ffffffff  binit                                
UNDEFED   __mpu_init                           
UNDEFED   _system_post_cinit                   

[296 symbols]
