******************************************************************************
            TI ARM Clang Linker PC v4.0.4                      
******************************************************************************
>> Linked Mon May 18 20:40:43 2026

OUTPUT FILE NAME:   <test.out>
ENTRY POINT SYMBOL: "_c_int00_noargs"  address: 00001815


MEMORY CONFIGURATION

         name            origin    length      used     unused   attr    fill
----------------------  --------  ---------  --------  --------  ----  --------
  FLASH                 00000000   00020000  00001fd8  0001e028  R  X
  SRAM                  20200000   00008000  0000030c  00007cf4  RW X
  BCR_CONFIG            41c00000   000000ff  00000000  000000ff  R   
  BSL_CONFIG            41c00100   00000080  00000000  00000080  R   


SEGMENT ALLOCATION MAP

run origin  load origin   length   init length attrs members
----------  ----------- ---------- ----------- ----- -------
00000000    00000000    00001fd8   00001fd8    r-x
  00000000    00000000    000000c0   000000c0    r-- .intvecs
  000000c0    000000c0    00001d40   00001d40    r-x .text
  00001e00    00001e00    000001a0   000001a0    r-- .rodata
  00001fa0    00001fa0    00000038   00000038    r-- .cinit
20200000    20200000    0000010c   00000000    rw-
  20200000    20200000    000000fc   00000000    rw- .bss
  202000fc    202000fc    00000010   00000000    rw- .data
20207e00    20207e00    00000200   00000000    rw-
  20207e00    20207e00    00000200   00000000    rw- .stack


SECTION ALLOCATION MAP

 output                                  attributes/
section   page    origin      length       input sections
--------  ----  ----------  ----------   ----------------
.intvecs   0    00000000    000000c0     
                  00000000    000000c0     startup_mspm0g350x_ticlang.o (.intvecs)

.text      0    000000c0    00001d40     
                  000000c0    00000214     driverlib.a : dl_mcan.o (.text.DL_MCAN_msgRAMConfig)
                  000002d4    0000010c                 : dl_mcan.o (.text.DL_MCAN_readMsgRam)
                  000003e0    000000f4                 : dl_mcan.o (.text.DL_MCAN_writeMsgRam)
                  000004d4    000000ec     ti_msp_dl_config.o (.text.SYSCFG_DL_MCAN0_init)
                  000005c0    000000e8     ti_msp_dl_config.o (.text.SYSCFG_DL_SYSCTL_SYSPLL_init)
                  000006a8    000000dc     driverlib.a : dl_mcan.o (.text.DL_MCAN_init)
                  00000784    000000dc                 : dl_sysctl_mspm0g1x0x_g3x0x.o (.text.DL_SYSCTL_configSYSPLL)
                  00000860    000000d8                 : dl_mcan.o (.text.DL_MCAN_setBitTime)
                  00000938    00000094     bsp_CAN.o (.text.CAN_send_ext_frame)
                  000009cc    00000094     bsp_CAN.o (.text.CAN_send_std_frame)
                  00000a60    00000094     bsp_UART.o (.text.uart_isIDLE)
                  00000af4    00000084     ti_msp_dl_config.o (.text.__NVIC_SetPriority)
                  00000b78    0000007c     ti_msp_dl_config.o (.text.SYSCFG_DL_SYSCTL_init)
                  00000bf4    0000007c     bsp_UART.o (.text.UART0_IRQHandler)
                  00000c70    0000007c     bsp_CAN.o (.text.handleCanRxMessage)
                  00000cec    0000007c     libc.a : copy_decompress_lzss.c.obj (.text:decompress:lzss)
                  00000d68    00000078     ti_msp_dl_config.o (.text.SYSCFG_DL_UART_0_init)
                  00000de0    00000074     libclang_rt.builtins.a : comparedf2.c.obj (.text.__gedf2)
                  00000e54    00000070     ti_msp_dl_config.o (.text.SYSCFG_DL_GPIO_init)
                  00000ec4    00000068     libclang_rt.builtins.a : comparedf2.c.obj (.text.__ledf2)
                  00000f2c    00000064     driverlib.a : dl_sysctl_mspm0g1x0x_g3x0x.o (.text.DL_SYSCTL_setHFCLKSourceHFXTParams)
                  00000f90    00000062     libclang_rt.builtins.a : aeabi_dcmp.S.obj (.text.__aeabi_dcmp)
                  00000ff2    00000002                            : aeabi_div0.c.obj (.text.__aeabi_idiv0)
                  00000ff4    00000060     driverlib.a : dl_sysctl_mspm0g1x0x_g3x0x.o (.text.DL_SYSCTL_setLFCLKSourceLFXT)
                  00001054    00000060     bsp_UART.o (.text.uart_send)
                  000010b4    0000005e     bsp_CAN.o (.text.CAN_Rx_FIFO0_New_Message_Callback)
                  00001112    00000002     --HOLE-- [fill = 0]
                  00001114    00000058     ti_msp_dl_config.o (.text.SYSCFG_DL_initPower)
                  0000116c    00000054     bsp_UART.o (.text.UART_Rx_DMA_ToIdle_Callback)
                  000011c0    00000054     bsp_UART.o (.text.uart_receive_start)
                  00001214    00000050     ti_msp_dl_config.o (.text.SysTick_Config)
                  00001264    0000004c     driverlib.a : dl_dma.o (.text.DL_DMA_initChannel)
                  000012b0    0000004c     ti_msp_dl_config.o (.text.DL_UART_setBaudRateDivisor)
                  000012fc    00000048     driverlib.a : dl_uart.o (.text.DL_UART_init)
                  00001344    00000044     bsp_CAN.o (.text.CANFD0_IRQHandler)
                  00001388    00000044     driverlib.a : dl_mcan.o (.text.DL_MCAN_getRevisionId)
                  000013cc    00000044                 : dl_sysctl_mspm0g1x0x_g3x0x.o (.text.DL_SYSCTL_switchMCLKfromSYSOSCtoHSCLK)
                  00001410    00000044     empty.o (.text.main)
                  00001454    00000040     driverlib.a : dl_mcan.o (.text.DL_MCAN_writeRxFIFOAck)
                  00001494    00000040     libclang_rt.builtins.a : aeabi_uidivmod.S.obj (.text.__aeabi_uidivmod)
                  000014d4    0000003c     libc.a : autoinit.c.obj (.text:__TI_auto_init_nobinit_nopinit)
                  00001510    00000038     driverlib.a : dl_mcan.o (.text.DL_MCAN_getRxFIFOStatus)
                  00001548    00000034                 : dl_mcan.o (.text.DL_MCAN_TXBufAddReq)
                  0000157c    00000034                 : dl_mcan.o (.text.DL_MCAN_setExtIDAndMask)
                  000015b0    00000030     bsp_UART.o (.text.DL_DMA_setTransferSize)
                  000015e0    00000030     ti_msp_dl_config.o (.text.DL_GPIO_initDigitalOutputFeatures)
                  00001610    00000030     ti_msp_dl_config.o (.text.SYSCFG_DL_DMA_CH0_init)
                  00001640    00000030     ti_msp_dl_config.o (.text.SYSCFG_DL_DMA_CH1_init)
                  00001670    0000002c     driverlib.a : dl_mcan.o (.text.DL_MCAN_TXBufTransIntrEnable)
                  0000169c    0000002c                 : dl_mcan.o (.text.DL_MCAN_addExtMsgIDFilter)
                  000016c8    0000002c                 : dl_mcan.o (.text.DL_MCAN_addStdMsgIDFilter)
                  000016f4    0000002c     ti_msp_dl_config.o (.text.SYSCFG_DL_init)
                  00001720    0000002c     empty.o (.text.__NVIC_EnableIRQ)
                  0000174c    00000028     ti_msp_dl_config.o (.text.DL_Common_updateReg)
                  00001774    00000028     bsp_UART.o (.text.DL_DMA_setDestAddr)
                  0000179c    00000028     bsp_UART.o (.text.DL_DMA_setSrcAddr)
                  000017c4    00000028     ti_msp_dl_config.o (.text.DL_UART_setRXFIFOThreshold)
                  000017ec    00000028     ti_msp_dl_config.o (.text.DL_UART_setTXFIFOThreshold)
                  00001814    00000028     libc.a : boot_cortex_m.c.obj (.text:_c_int00_noargs)
                  0000183c    00000026     bsp_UART.o (.text.DL_DMA_disableChannel)
                  00001862    00000026     bsp_UART.o (.text.DL_DMA_enableChannel)
                  00001888    00000024     bsp_UART.o (.text.DL_DMA_getTransferSize)
                  000018ac    00000024     driverlib.a : dl_mcan.o (.text.DL_MCAN_setClockConfig)
                  000018d0    00000024     ti_msp_dl_config.o (.text.DL_UART_setRXInterruptTimeout)
                  000018f4    00000024     libclang_rt.builtins.a : floatunsidf.S.obj (.text.__floatunsidf)
                  00001918    00000020     ti_msp_dl_config.o (.text.DL_GPIO_initPeripheralInputFunction)
                  00001938    00000020     driverlib.a : dl_mcan.o (.text.DL_MCAN_getTxFIFOQueStatus)
                  00001958    00000020     ti_msp_dl_config.o (.text.DL_SYSCTL_setFlashWaitState)
                  00001978    0000001e     ti_msp_dl_config.o (.text.DL_UART_setOversampling)
                  00001996    00000002     --HOLE-- [fill = 0]
                  00001998    0000001c     ti_msp_dl_config.o (.text.DL_DMA_enableInterrupt)
                  000019b4    0000001c     ti_msp_dl_config.o (.text.DL_GPIO_initPeripheralOutputFunction)
                  000019d0    0000001c     ti_msp_dl_config.o (.text.DL_MCAN_enableInterrupt)
                  000019ec    0000001c     driverlib.a : dl_mcan.o (.text.DL_MCAN_enableIntr)
                  00001a08    0000001c                 : dl_mcan.o (.text.DL_MCAN_enableIntrLine)
                  00001a24    0000001c                 : dl_mcan.o (.text.DL_MCAN_selectIntrLine)
                  00001a40    0000001c                 : dl_sysctl_mspm0g1x0x_g3x0x.o (.text.DL_SYSCTL_configFCC)
                  00001a5c    0000001c     ti_msp_dl_config.o (.text.DL_SYSCTL_setFCCPeriods)
                  00001a78    0000001c     ti_msp_dl_config.o (.text.DL_SYSCTL_setSYSOSCFreq)
                  00001a94    0000001c     ti_msp_dl_config.o (.text.DL_SYSCTL_setULPCLKDivider)
                  00001ab0    0000001c     ti_msp_dl_config.o (.text.DL_UART_enableInterrupt)
                  00001acc    00000018     ti_msp_dl_config.o (.text.DL_DMA_clearInterruptStatus)
                  00001ae4    00000018     ti_msp_dl_config.o (.text.DL_GPIO_enableOutput)
                  00001afc    00000018     ti_msp_dl_config.o (.text.DL_GPIO_enablePower)
                  00001b14    00000018     ti_msp_dl_config.o (.text.DL_GPIO_initPeripheralAnalogFunction)
                  00001b2c    00000018     ti_msp_dl_config.o (.text.DL_GPIO_reset)
                  00001b44    00000018     empty.o (.text.DL_GPIO_setPins)
                  00001b5c    00000018     ti_msp_dl_config.o (.text.DL_MCAN_clearInterruptStatus)
                  00001b74    00000018     ti_msp_dl_config.o (.text.DL_MCAN_enablePower)
                  00001b8c    00000018     ti_msp_dl_config.o (.text.DL_MCAN_reset)
                  00001ba4    00000018     driverlib.a : dl_mcan.o (.text.DL_MCAN_setOpMode)
                  00001bbc    00000018     ti_msp_dl_config.o (.text.DL_SYSCTL_setBORThreshold)
                  00001bd4    00000018     ti_msp_dl_config.o (.text.DL_UART_enableDMAReceiveEvent)
                  00001bec    00000018     ti_msp_dl_config.o (.text.DL_UART_enableDMATransmitEvent)
                  00001c04    00000018     ti_msp_dl_config.o (.text.DL_UART_enableFIFOs)
                  00001c1c    00000018     ti_msp_dl_config.o (.text.DL_UART_enablePower)
                  00001c34    00000018     ti_msp_dl_config.o (.text.DL_UART_reset)
                  00001c4c    00000016     ti_msp_dl_config.o (.text.DL_UART_enable)
                  00001c62    00000016     libc.a : copy_zero_init.c.obj (.text:decompress:ZI:__TI_zero_init_nomemset)
                  00001c78    00000014     ti_msp_dl_config.o (.text.DL_GPIO_clearPins)
                  00001c8c    00000014     driverlib.a : dl_mcan.o (.text.DL_MCAN_clearIntrStatus)
                  00001ca0    00000014     bsp_CAN.o (.text.DL_MCAN_getPendingInterrupt)
                  00001cb4    00000014     ti_msp_dl_config.o (.text.DL_SYSCTL_disableSYSPLL)
                  00001cc8    00000014     ti_msp_dl_config.o (.text.DL_SYSCTL_enableSYSPLL)
                  00001cdc    00000012     ti_msp_dl_config.o (.text.DL_MCAN_enableModuleClock)
                  00001cee    00000012     bsp_UART.o (.text.DL_UART_getPendingInterrupt)
                  00001d00    00000012     driverlib.a : dl_uart.o (.text.DL_UART_setClockConfig)
                  00001d12    00000012     libc.a : memcpy16.S.obj (.text:TI_memcpy_small)
                  00001d24    00000012            : copy_decompress_none.c.obj (.text:decompress:none)
                  00001d36    00000002     --HOLE-- [fill = 0]
                  00001d38    00000010     driverlib.a : dl_mcan.o (.text.DL_MCAN_getOpMode)
                  00001d48    00000010                 : dl_mcan.o (.text.DL_MCAN_isMemInitDone)
                  00001d58    00000010     ti_msp_dl_config.o (.text.DL_SYSCTL_disableHFXT)
                  00001d68    00000010     ti_msp_dl_config.o (.text.DL_SYSCTL_isFCCDone)
                  00001d78    00000010     ti_msp_dl_config.o (.text.DL_SYSCTL_startFCC)
                  00001d88    00000010     ti_msp_dl_config.o (.text.SYSCFG_DL_SYSTICK_init)
                  00001d98    0000000c     driverlib.a : dl_mcan.o (.text.DL_MCAN_getIntrStatus)
                  00001da4    0000000c     ti_msp_dl_config.o (.text.DL_SYSCTL_getClockStatus)
                  00001db0    0000000c     ti_msp_dl_config.o (.text.DL_SYSCTL_readFCC)
                  00001dbc    0000000c     ti_msp_dl_config.o (.text.SYSCFG_DL_DMA_init)
                  00001dc8    0000000a     driverlib.a : dl_common.o (.text.DL_Common_delayCycles)
                  00001dd2    00000008     empty.o (.text.SysTick_Handler)
                  00001dda    00000002     --HOLE-- [fill = 0]
                  00001ddc    00000008     libclang_rt.builtins.a : aeabi_memcpy.S.obj (.text.__aeabi_memcpy)
                  00001de4    00000006     libc.a : exit.c.obj (.text:abort)
                  00001dea    00000004     startup_mspm0g350x_ticlang.o (.text.Default_Handler)
                  00001dee    00000004     libsysbm.a : hostexit.c.obj (.text.HOSTexit)
                  00001df2    00000004     startup_mspm0g350x_ticlang.o (.text.Reset_Handler)
                  00001df6    00000004     libc.a : pre_init.c.obj (.text._system_pre_init)
                  00001dfa    00000006     --HOLE-- [fill = 0]

.cinit     0    00001fa0    00000038     
                  00001fa0    00000012     (.cinit..data.load) [load image, compression = lzss]
                  00001fb2    00000002     --HOLE-- [fill = 0]
                  00001fb4    0000000c     (__TI_handler_table)
                  00001fc0    00000008     (.cinit..bss.load) [load image, compression = zero_init]
                  00001fc8    00000010     (__TI_cinit_table)

.rodata    0    00001e00    000001a0     
                  00001e00    00000060     ti_msp_dl_config.o (.rodata.gMCAN0MsgRAMConfigParams)
                  00001e60    00000040     driverlib.a : dl_mcan.o (.rodata..L__const.DL_MCAN_getDataSize.dataSize)
                  00001ea0    00000034     ti_msp_dl_config.o (.rodata.gMCAN0InitParams)
                  00001ed4    00000028     ti_msp_dl_config.o (.rodata.gSYSPLLConfig)
                  00001efc    00000020     driverlib.a : dl_mcan.o (.rodata.cst32)
                  00001f1c    00000020     ti_msp_dl_config.o (.rodata.gMCAN0BitTimes)
                  00001f3c    00000018     ti_msp_dl_config.o (.rodata.gDMA_CH0Config)
                  00001f54    00000018     ti_msp_dl_config.o (.rodata.gDMA_CH1Config)
                  00001f6c    00000010     ti_msp_dl_config.o (.rodata.gMCAN0ExtFiltelem)
                  00001f7c    00000010     ti_msp_dl_config.o (.rodata.gMCAN0StdFiltelem)
                  00001f8c    0000000a     ti_msp_dl_config.o (.rodata.gUART_0Config)
                  00001f96    00000004     ti_msp_dl_config.o (.rodata.gMCAN0ClockConf)
                  00001f9a    00000003     ti_msp_dl_config.o (.rodata.gLFCLKConfig)
                  00001f9d    00000002     ti_msp_dl_config.o (.rodata.gUART_0ClockConfig)
                  00001f9f    00000001     --HOLE-- [fill = 0]

.init_array 
*          0    00000000    00000000     UNINITIALIZED

.binit     0    00000000    00000000     

.bss       0    20200000    000000fc     UNINITIALIZED
                  20200000    00000098     (.common:gMCAN0Backup)
                  20200098    00000064     (.common:uart_rx_buff)

.data      0    202000fc    00000010     UNINITIALIZED
                  202000fc    00000004     empty.o (.data.data)
                  20200100    00000004     empty.o (.data.id)
                  20200104    00000002     bsp_UART.o (.data.rx_size)
                  20200106    00000001     bsp_UART.o (.data.uart_isIDLE.rx_last_size)
                  20200107    00000001     bsp_UART.o (.data.uart_isIDLE.stable_count)
                  20200108    00000001     bsp_UART.o (.data.uart_rx_dma_complete_flag)
                  20200109    00000001     bsp_UART.o (.data.uart_rx_length)
                  2020010a    00000001     bsp_UART.o (.data.uart_tx_complete_flag)
                  2020010b    00000001     bsp_UART.o (.data.uart_tx_dma_complete_flag)

.stack     0    20207e00    00000200     UNINITIALIZED
                  20207e00    00000004     libc.a : boot_cortex_m.c.obj (.stack)
                  20207e04    000001fc     --HOLE--

__llvm_prf_cnts 
*          0    20200000    00000000     UNINITIALIZED

__llvm_prf_bits 
*          0    20200000    00000000     UNINITIALIZED

MODULE SUMMARY

       Module                         code   ro data   rw data
       ------                         ----   -------   -------
    .\
       ti_msp_dl_config.o             2370   319       152    
       startup_mspm0g350x_ticlang.o   8      192       0      
       empty.o                        144    0         8      
    +--+------------------------------+------+---------+---------+
       Total:                         2522   511       160    
                                                              
    .\User\bsp\Src\
       bsp_UART.o                     794    0         108    
       bsp_CAN.o                      602    0         0      
    +--+------------------------------+------+---------+---------+
       Total:                         1396   0         108    
                                                              
    E:/TI/CCS/mspm0_sdk_2_10_00_04/source/ti/driverlib/lib/ticlang/m0p/mspm0g1x0x_g3x0x/driverlib.a
       dl_mcan.o                      2144   96        0      
       dl_sysctl_mspm0g1x0x_g3x0x.o   512    0         0      
       dl_uart.o                      90     0         0      
       dl_dma.o                       76     0         0      
       dl_common.o                    10     0         0      
    +--+------------------------------+------+---------+---------+
       Total:                         2832   96        0      
                                                              
    E:\TI\CCS\ccs\tools\compiler\ti-cgt-armllvm_4.0.4.LTS\lib\armv6m-ti-none-eabi/c/libc.a
       copy_decompress_lzss.c.obj     124    0         0      
       autoinit.c.obj                 60     0         0      
       boot_cortex_m.c.obj            40     0         0      
       copy_zero_init.c.obj           22     0         0      
       copy_decompress_none.c.obj     18     0         0      
       memcpy16.S.obj                 18     0         0      
       exit.c.obj                     6      0         0      
       pre_init.c.obj                 4      0         0      
    +--+------------------------------+------+---------+---------+
       Total:                         292    0         0      
                                                              
    E:\TI\CCS\ccs\tools\compiler\ti-cgt-armllvm_4.0.4.LTS\lib\armv6m-ti-none-eabi/c/libsysbm.a
       hostexit.c.obj                 4      0         0      
    +--+------------------------------+------+---------+---------+
       Total:                         4      0         0      
                                                              
    E:\TI\CCS\ccs\tools\compiler\ti-cgt-armllvm_4.0.4.LTS\lib\armv6m-ti-none-eabi/libclang_rt.builtins.a
       comparedf2.c.obj               220    0         0      
       aeabi_dcmp.S.obj               98     0         0      
       aeabi_uidivmod.S.obj           64     0         0      
       floatunsidf.S.obj              36     0         0      
       aeabi_memcpy.S.obj             8      0         0      
       aeabi_div0.c.obj               2      0         0      
    +--+------------------------------+------+---------+---------+
       Total:                         428    0         0      
                                                              
       Stack:                         0      0         512    
       Linker Generated:              0      54        0      
    +--+------------------------------+------+---------+---------+
       Grand Total:                   7474   661       780    


LINKER GENERATED COPY TABLES

__TI_cinit_table @ 00001fc8 records: 2, size/record: 8, table size: 16
	.data: load addr=00001fa0, load size=00000012 bytes, run addr=202000fc, run size=00000010 bytes, compression=lzss
	.bss: load addr=00001fc0, load size=00000008 bytes, run addr=20200000, run size=000000fc bytes, compression=zero_init


LINKER GENERATED HANDLER TABLE

__TI_handler_table @ 00001fb4 records: 3, size/record: 4, table size: 12
	index: 0, handler: __TI_decompress_lzss
	index: 1, handler: __TI_decompress_none
	index: 2, handler: __TI_zero_init


GLOBAL SYMBOLS: SORTED ALPHABETICALLY BY Name 

address   name                                 
-------   ----                                 
00001deb  ADC0_IRQHandler                      
00001deb  ADC1_IRQHandler                      
00001deb  AES_IRQHandler                       
00001dee  C$$EXIT                              
00001345  CANFD0_IRQHandler                    
000010b5  CAN_Rx_FIFO0_New_Message_Callback    
00000939  CAN_send_ext_frame                   
000009cd  CAN_send_std_frame                   
00001deb  DAC0_IRQHandler                      
00001dc9  DL_Common_delayCycles                
00001265  DL_DMA_initChannel                   
00001549  DL_MCAN_TXBufAddReq                  
00001671  DL_MCAN_TXBufTransIntrEnable         
0000169d  DL_MCAN_addExtMsgIDFilter            
000016c9  DL_MCAN_addStdMsgIDFilter            
00001c8d  DL_MCAN_clearIntrStatus              
000019ed  DL_MCAN_enableIntr                   
00001a09  DL_MCAN_enableIntrLine               
00001d99  DL_MCAN_getIntrStatus                
00001d39  DL_MCAN_getOpMode                    
00001389  DL_MCAN_getRevisionId                
00001511  DL_MCAN_getRxFIFOStatus              
00001939  DL_MCAN_getTxFIFOQueStatus           
000006a9  DL_MCAN_init                         
00001d49  DL_MCAN_isMemInitDone                
000000c1  DL_MCAN_msgRAMConfig                 
000002d5  DL_MCAN_readMsgRam                   
00001a25  DL_MCAN_selectIntrLine               
00000861  DL_MCAN_setBitTime                   
000018ad  DL_MCAN_setClockConfig               
0000157d  DL_MCAN_setExtIDAndMask              
00001ba5  DL_MCAN_setOpMode                    
000003e1  DL_MCAN_writeMsgRam                  
00001455  DL_MCAN_writeRxFIFOAck               
00001a41  DL_SYSCTL_configFCC                  
00000785  DL_SYSCTL_configSYSPLL               
00000f2d  DL_SYSCTL_setHFCLKSourceHFXTParams   
00000ff5  DL_SYSCTL_setLFCLKSourceLFXT         
000013cd  DL_SYSCTL_switchMCLKfromSYSOSCtoHSCLK
000012fd  DL_UART_init                         
00001d01  DL_UART_setClockConfig               
00001deb  DMA_IRQHandler                       
00001deb  Default_Handler                      
00001deb  GROUP0_IRQHandler                    
00001deb  GROUP1_IRQHandler                    
00001def  HOSTexit                             
00001deb  HardFault_Handler                    
00001deb  I2C0_IRQHandler                      
00001deb  I2C1_IRQHandler                      
00001deb  NMI_Handler                          
00001deb  PendSV_Handler                       
00001deb  RTC_IRQHandler                       
00001df3  Reset_Handler                        
00001deb  SPI0_IRQHandler                      
00001deb  SPI1_IRQHandler                      
00001deb  SVC_Handler                          
00001611  SYSCFG_DL_DMA_CH0_init               
00001641  SYSCFG_DL_DMA_CH1_init               
00001dbd  SYSCFG_DL_DMA_init                   
00000e55  SYSCFG_DL_GPIO_init                  
000004d5  SYSCFG_DL_MCAN0_init                 
000005c1  SYSCFG_DL_SYSCTL_SYSPLL_init         
00000b79  SYSCFG_DL_SYSCTL_init                
00001d89  SYSCFG_DL_SYSTICK_init               
00000d69  SYSCFG_DL_UART_0_init                
000016f5  SYSCFG_DL_init                       
00001115  SYSCFG_DL_initPower                  
00001dd3  SysTick_Handler                      
00001deb  TIMA0_IRQHandler                     
00001deb  TIMA1_IRQHandler                     
00001deb  TIMG0_IRQHandler                     
00001deb  TIMG12_IRQHandler                    
00001deb  TIMG6_IRQHandler                     
00001deb  TIMG7_IRQHandler                     
00001deb  TIMG8_IRQHandler                     
00001d13  TI_memcpy_small                      
00000bf5  UART0_IRQHandler                     
00001deb  UART1_IRQHandler                     
00001deb  UART2_IRQHandler                     
00001deb  UART3_IRQHandler                     
0000116d  UART_Rx_DMA_ToIdle_Callback          
20208000  __STACK_END                          
00000200  __STACK_SIZE                         
00000000  __TI_ATRegion0_region_sz             
00000000  __TI_ATRegion0_src_addr              
00000000  __TI_ATRegion0_trg_addr              
00000000  __TI_ATRegion1_region_sz             
00000000  __TI_ATRegion1_src_addr              
00000000  __TI_ATRegion1_trg_addr              
00000000  __TI_ATRegion2_region_sz             
00000000  __TI_ATRegion2_src_addr              
00000000  __TI_ATRegion2_trg_addr              
00001fc8  __TI_CINIT_Base                      
00001fd8  __TI_CINIT_Limit                     
00001fd8  __TI_CINIT_Warm                      
00001fb4  __TI_Handler_Table_Base              
00001fc0  __TI_Handler_Table_Limit             
000014d5  __TI_auto_init_nobinit_nopinit       
00000ced  __TI_decompress_lzss                 
00001d25  __TI_decompress_none                 
ffffffff  __TI_pprof_out_hndl                  
ffffffff  __TI_prof_data_size                  
ffffffff  __TI_prof_data_start                 
00000000  __TI_static_base__                   
00001c63  __TI_zero_init_nomemset              
00000f91  __aeabi_dcmpeq                       
00000fcd  __aeabi_dcmpge                       
00000fe1  __aeabi_dcmpgt                       
00000fb9  __aeabi_dcmple                       
00000fa5  __aeabi_dcmplt                       
00000ff3  __aeabi_idiv0                        
00001ddd  __aeabi_memcpy                       
00001ddd  __aeabi_memcpy4                      
00001ddd  __aeabi_memcpy8                      
000018f5  __aeabi_ui2d                         
00001495  __aeabi_uidiv                        
00001495  __aeabi_uidivmod                     
ffffffff  __binit__                            
00000ec5  __cmpdf2                             
00000ec5  __eqdf2                              
000018f5  __floatunsidf                        
00000de1  __gedf2                              
00000de1  __gtdf2                              
00000ec5  __ledf2                              
00000ec5  __ltdf2                              
UNDEFED   __mpu_init                           
00000ec5  __nedf2                              
20207e00  __stack                              
20200000  __start___llvm_prf_bits              
20200000  __start___llvm_prf_cnts              
20200000  __stop___llvm_prf_bits               
20200000  __stop___llvm_prf_cnts               
00001815  _c_int00_noargs                      
UNDEFED   _system_post_cinit                   
00001df7  _system_pre_init                     
00001de5  abort                                
ffffffff  binit                                
202000fc  data                                 
20200000  gMCAN0Backup                         
00000c71  handleCanRxMessage                   
20200100  id                                   
00000000  interruptVectors                     
00001411  main                                 
20200104  rx_size                              
00000a61  uart_isIDLE                          
000011c1  uart_receive_start                   
20200098  uart_rx_buff                         
20200108  uart_rx_dma_complete_flag            
20200109  uart_rx_length                       
00001055  uart_send                            
2020010a  uart_tx_complete_flag                
2020010b  uart_tx_dma_complete_flag            


GLOBAL SYMBOLS: SORTED BY Symbol Address 

address   name                                 
-------   ----                                 
00000000  __TI_ATRegion0_region_sz             
00000000  __TI_ATRegion0_src_addr              
00000000  __TI_ATRegion0_trg_addr              
00000000  __TI_ATRegion1_region_sz             
00000000  __TI_ATRegion1_src_addr              
00000000  __TI_ATRegion1_trg_addr              
00000000  __TI_ATRegion2_region_sz             
00000000  __TI_ATRegion2_src_addr              
00000000  __TI_ATRegion2_trg_addr              
00000000  __TI_static_base__                   
00000000  interruptVectors                     
000000c1  DL_MCAN_msgRAMConfig                 
00000200  __STACK_SIZE                         
000002d5  DL_MCAN_readMsgRam                   
000003e1  DL_MCAN_writeMsgRam                  
000004d5  SYSCFG_DL_MCAN0_init                 
000005c1  SYSCFG_DL_SYSCTL_SYSPLL_init         
000006a9  DL_MCAN_init                         
00000785  DL_SYSCTL_configSYSPLL               
00000861  DL_MCAN_setBitTime                   
00000939  CAN_send_ext_frame                   
000009cd  CAN_send_std_frame                   
00000a61  uart_isIDLE                          
00000b79  SYSCFG_DL_SYSCTL_init                
00000bf5  UART0_IRQHandler                     
00000c71  handleCanRxMessage                   
00000ced  __TI_decompress_lzss                 
00000d69  SYSCFG_DL_UART_0_init                
00000de1  __gedf2                              
00000de1  __gtdf2                              
00000e55  SYSCFG_DL_GPIO_init                  
00000ec5  __cmpdf2                             
00000ec5  __eqdf2                              
00000ec5  __ledf2                              
00000ec5  __ltdf2                              
00000ec5  __nedf2                              
00000f2d  DL_SYSCTL_setHFCLKSourceHFXTParams   
00000f91  __aeabi_dcmpeq                       
00000fa5  __aeabi_dcmplt                       
00000fb9  __aeabi_dcmple                       
00000fcd  __aeabi_dcmpge                       
00000fe1  __aeabi_dcmpgt                       
00000ff3  __aeabi_idiv0                        
00000ff5  DL_SYSCTL_setLFCLKSourceLFXT         
00001055  uart_send                            
000010b5  CAN_Rx_FIFO0_New_Message_Callback    
00001115  SYSCFG_DL_initPower                  
0000116d  UART_Rx_DMA_ToIdle_Callback          
000011c1  uart_receive_start                   
00001265  DL_DMA_initChannel                   
000012fd  DL_UART_init                         
00001345  CANFD0_IRQHandler                    
00001389  DL_MCAN_getRevisionId                
000013cd  DL_SYSCTL_switchMCLKfromSYSOSCtoHSCLK
00001411  main                                 
00001455  DL_MCAN_writeRxFIFOAck               
00001495  __aeabi_uidiv                        
00001495  __aeabi_uidivmod                     
000014d5  __TI_auto_init_nobinit_nopinit       
00001511  DL_MCAN_getRxFIFOStatus              
00001549  DL_MCAN_TXBufAddReq                  
0000157d  DL_MCAN_setExtIDAndMask              
00001611  SYSCFG_DL_DMA_CH0_init               
00001641  SYSCFG_DL_DMA_CH1_init               
00001671  DL_MCAN_TXBufTransIntrEnable         
0000169d  DL_MCAN_addExtMsgIDFilter            
000016c9  DL_MCAN_addStdMsgIDFilter            
000016f5  SYSCFG_DL_init                       
00001815  _c_int00_noargs                      
000018ad  DL_MCAN_setClockConfig               
000018f5  __aeabi_ui2d                         
000018f5  __floatunsidf                        
00001939  DL_MCAN_getTxFIFOQueStatus           
000019ed  DL_MCAN_enableIntr                   
00001a09  DL_MCAN_enableIntrLine               
00001a25  DL_MCAN_selectIntrLine               
00001a41  DL_SYSCTL_configFCC                  
00001ba5  DL_MCAN_setOpMode                    
00001c63  __TI_zero_init_nomemset              
00001c8d  DL_MCAN_clearIntrStatus              
00001d01  DL_UART_setClockConfig               
00001d13  TI_memcpy_small                      
00001d25  __TI_decompress_none                 
00001d39  DL_MCAN_getOpMode                    
00001d49  DL_MCAN_isMemInitDone                
00001d89  SYSCFG_DL_SYSTICK_init               
00001d99  DL_MCAN_getIntrStatus                
00001dbd  SYSCFG_DL_DMA_init                   
00001dc9  DL_Common_delayCycles                
00001dd3  SysTick_Handler                      
00001ddd  __aeabi_memcpy                       
00001ddd  __aeabi_memcpy4                      
00001ddd  __aeabi_memcpy8                      
00001de5  abort                                
00001deb  ADC0_IRQHandler                      
00001deb  ADC1_IRQHandler                      
00001deb  AES_IRQHandler                       
00001deb  DAC0_IRQHandler                      
00001deb  DMA_IRQHandler                       
00001deb  Default_Handler                      
00001deb  GROUP0_IRQHandler                    
00001deb  GROUP1_IRQHandler                    
00001deb  HardFault_Handler                    
00001deb  I2C0_IRQHandler                      
00001deb  I2C1_IRQHandler                      
00001deb  NMI_Handler                          
00001deb  PendSV_Handler                       
00001deb  RTC_IRQHandler                       
00001deb  SPI0_IRQHandler                      
00001deb  SPI1_IRQHandler                      
00001deb  SVC_Handler                          
00001deb  TIMA0_IRQHandler                     
00001deb  TIMA1_IRQHandler                     
00001deb  TIMG0_IRQHandler                     
00001deb  TIMG12_IRQHandler                    
00001deb  TIMG6_IRQHandler                     
00001deb  TIMG7_IRQHandler                     
00001deb  TIMG8_IRQHandler                     
00001deb  UART1_IRQHandler                     
00001deb  UART2_IRQHandler                     
00001deb  UART3_IRQHandler                     
00001dee  C$$EXIT                              
00001def  HOSTexit                             
00001df3  Reset_Handler                        
00001df7  _system_pre_init                     
00001fb4  __TI_Handler_Table_Base              
00001fc0  __TI_Handler_Table_Limit             
00001fc8  __TI_CINIT_Base                      
00001fd8  __TI_CINIT_Limit                     
00001fd8  __TI_CINIT_Warm                      
20200000  __start___llvm_prf_bits              
20200000  __start___llvm_prf_cnts              
20200000  __stop___llvm_prf_bits               
20200000  __stop___llvm_prf_cnts               
20200000  gMCAN0Backup                         
20200098  uart_rx_buff                         
202000fc  data                                 
20200100  id                                   
20200104  rx_size                              
20200108  uart_rx_dma_complete_flag            
20200109  uart_rx_length                       
2020010a  uart_tx_complete_flag                
2020010b  uart_tx_dma_complete_flag            
20207e00  __stack                              
20208000  __STACK_END                          
ffffffff  __TI_pprof_out_hndl                  
ffffffff  __TI_prof_data_size                  
ffffffff  __TI_prof_data_start                 
ffffffff  __binit__                            
ffffffff  binit                                
UNDEFED   __mpu_init                           
UNDEFED   _system_post_cinit                   

[152 symbols]
