******************************************************************************
            TI ARM Clang Linker PC v4.0.4                      
******************************************************************************
>> Linked Sat May 23 14:06:14 2026

OUTPUT FILE NAME:   <test.out>
ENTRY POINT SYMBOL: "_c_int00_noargs"  address: 00004c11


MEMORY CONFIGURATION

         name            origin    length      used     unused   attr    fill
----------------------  --------  ---------  --------  --------  ----  --------
  FLASH                 00000000   00020000  00006510  00019af0  R  X
  SRAM                  20200000   00008000  00000acd  00007533  RW X
  BCR_CONFIG            41c00000   000000ff  00000000  000000ff  R   
  BSL_CONFIG            41c00100   00000080  00000000  00000080  R   


SEGMENT ALLOCATION MAP

run origin  load origin   length   init length attrs members
----------  ----------- ---------- ----------- ----- -------
00000000    00000000    00006510   00006510    r-x
  00000000    00000000    000000c0   000000c0    r-- .intvecs
  000000c0    000000c0    000056b8   000056b8    r-x .text
  00005778    00005778    00000cd8   00000cd8    r-- .rodata
  00006450    00006450    000000c0   000000c0    r-- .cinit
20200000    20200000    000008cd   00000000    rw-
  20200000    20200000    00000604   00000000    rw- .bss
  20200604    20200604    000002c9   00000000    rw- .data
20207e00    20207e00    00000200   00000000    rw-
  20207e00    20207e00    00000200   00000000    rw- .stack


SECTION ALLOCATION MAP

 output                                  attributes/
section   page    origin      length       input sections
--------  ----  ----------  ----------   ----------------
.intvecs   0    00000000    000000c0     
                  00000000    000000c0     startup_mspm0g350x_ticlang.o (.intvecs)

.text      0    000000c0    000056b8     
                  000000c0    00000774     Task.o (.text.while_task)
                  00000834    00000214     driverlib.a : dl_mcan.o (.text.DL_MCAN_msgRAMConfig)
                  00000a48    00000214     wit_c_sdk.o (.text.WitSerialDataIn)
                  00000c5c    000001b8     bsp_PWM.o (.text.motor_set)
                  00000e14    000001a4     ti_msp_dl_config.o (.text.SYSCFG_DL_GPIO_init)
                  00000fb8    0000017c     wit_c_sdk.o (.text.WitWriteReg)
                  00001134    00000168     chasis.o (.text.chasis_cal)
                  0000129c    0000015c     chasis.o (.text.mec_inverse)
                  000013f8    00000158     wit_c_sdk.o (.text.CopeWitData)
                  00001550    00000118     bsp_oled.o (.text.OLED_ShowChar)
                  00001668    00000114     bsp_oled.o (.text.OLED_Init)
                  0000177c    0000010c     driverlib.a : dl_mcan.o (.text.DL_MCAN_readMsgRam)
                  00001888    0000010a     ZDT_CAN.o (.text.can_SendCmd)
                  00001992    00000002     libclang_rt.builtins.a : aeabi_div0.c.obj (.text.__aeabi_idiv0)
                  00001994    00000104     driverlib.a : dl_timer.o (.text.DL_Timer_initFourCCPWMMode)
                  00001a98    000000f6     bsp_oled.o (.text.OLED_ShowNum)
                  00001b8e    00000002     --HOLE-- [fill = 0]
                  00001b90    000000f4     driverlib.a : dl_mcan.o (.text.DL_MCAN_writeMsgRam)
                  00001c84    000000f4     Task.o (.text.UART_Rx_DMA_ToIdle_Callback)
                  00001d78    000000f0     task_scheduler.o (.text.Menu_Enter)
                  00001e68    000000f0     task_scheduler.o (.text.Menu_Run)
                  00001f58    000000ec     ti_msp_dl_config.o (.text.SYSCFG_DL_MCAN0_init)
                  00002044    000000e8     ti_msp_dl_config.o (.text.SYSCFG_DL_FRONT_OUT_init)
                  0000212c    000000e8     ti_msp_dl_config.o (.text.SYSCFG_DL_SYSCTL_SYSPLL_init)
                  00002214    000000dc     driverlib.a : dl_mcan.o (.text.DL_MCAN_init)
                  000022f0    000000dc                 : dl_sysctl_mspm0g1x0x_g3x0x.o (.text.DL_SYSCTL_configSYSPLL)
                  000023cc    000000d8                 : dl_mcan.o (.text.DL_MCAN_setBitTime)
                  000024a4    000000d8     task_scheduler.o (.text.Menu_Draw)
                  0000257c    000000d8     bsp_PWM.o (.text.motor_coast)
                  00002654    000000d8     libclang_rt.builtins.a : addsf3.S.obj (.text)
                  0000272c    000000d4     bsp_PWM.o (.text.motor_brake)
                  00002800    000000d0     chasis.o (.text.motor_openloop_drive)
                  000028d0    000000bc     bsp_CAN.o (.text.CAN_send_ext_frame)
                  0000298c    000000b0     ti_msp_dl_config.o (.text.SYSCFG_DL_initPower)
                  00002a3c    0000009c     ti_msp_dl_config.o (.text.SYSCFG_DL_RR_OUT_init)
                  00002ad8    00000098     bsp_oled.o (.text.OLED_WR_Byte)
                  00002b70    00000098     ti_msp_dl_config.o (.text.SYSCFG_DL_RL_OUT_init)
                  00002c08    00000098     bsp_UART1.o (.text.uart1_isIDLE)
                  00002ca0    00000090     Task.o (.text.ms_callback)
                  00002d30    00000090     bsp_UART.o (.text.uart_isIDLE)
                  00002dc0    0000008c     libclang_rt.builtins.a : mulsf3.S.obj (.text.__mulsf3)
                  00002e4c    00000088     empty.o (.text.SysTick_Handler)
                  00002ed4    00000084     bsp_key.o (.text.KEY_Poll)
                  00002f58    00000084     task_scheduler.o (.text.Menu_Next)
                  00002fdc    00000084     ti_msp_dl_config.o (.text.__NVIC_SetPriority)
                  00003060    00000084     Task.o (.text.one_hundured_ms_callback)
                  000030e4    00000082     libclang_rt.builtins.a : divsf3.S.obj (.text.__divsf3)
                  00003166    00000080     ZDT_Driver.o (.text.Emm_V5_Pos_Control)
                  000031e6    00000002     --HOLE-- [fill = 0]
                  000031e8    00000080     bsp_UART.o (.text.UART0_IRQHandler)
                  00003268    00000080     bsp_UART1.o (.text.UART1_IRQHandler)
                  000032e8    0000007c     Task.o (.text.CAN_Rx_FIFO0_New_Message_Callback)
                  00003364    0000007c     ti_msp_dl_config.o (.text.SYSCFG_DL_SYSCTL_init)
                  000033e0    0000007c     bsp_CAN.o (.text.handleCanRxMessage)
                  0000345c    0000007c     libc.a : copy_decompress_lzss.c.obj (.text:decompress:lzss)
                  000034d8    00000078     ti_msp_dl_config.o (.text.SYSCFG_DL_UART_0_init)
                  00003550    00000078     ti_msp_dl_config.o (.text.SYSCFG_DL_UART_1_init)
                  000035c8    00000074     libclang_rt.builtins.a : comparedf2.c.obj (.text.__gedf2)
                  0000363c    00000070     bsp_oled.o (.text.OLED_ShowString)
                  000036ac    00000070     wit_c_sdk.o (.text.__CRC16)
                  0000371c    0000006c     Task.o (.text._show_signed)
                  00003788    0000006c     chasis.o (.text.chasis_set_velocity)
                  000037f4    0000006a     bsp_oled.o (.text.OLED_Clear)
                  0000385e    00000002     --HOLE-- [fill = 0]
                  00003860    00000068     libclang_rt.builtins.a : comparedf2.c.obj (.text.__ledf2)
                  000038c8    00000068     empty.o (.text.main)
                  00003930    00000064     driverlib.a : dl_sysctl_mspm0g1x0x_g3x0x.o (.text.DL_SYSCTL_setHFCLKSourceHFXTParams)
                  00003994    00000062     libclang_rt.builtins.a : aeabi_dcmp.S.obj (.text.__aeabi_dcmp)
                  000039f6    00000002     --HOLE-- [fill = 0]
                  000039f8    00000062                            : aeabi_fcmp.S.obj (.text.__aeabi_fcmp)
                  00003a5a    00000002     --HOLE-- [fill = 0]
                  00003a5c    00000060     driverlib.a : dl_sysctl_mspm0g1x0x_g3x0x.o (.text.DL_SYSCTL_setLFCLKSourceLFXT)
                  00003abc    00000060     bsp_oled.o (.text.oled_i2c_sda_unlock)
                  00003b1c    00000060     bsp_UART1.o (.text.uart1_send)
                  00003b7c    0000005e     driverlib.a : dl_i2c.o (.text.DL_I2C_fillControllerTXFIFO)
                  00003bda    00000002     --HOLE-- [fill = 0]
                  00003bdc    0000005c     ti_msp_dl_config.o (.text.SYSCFG_DL_init)
                  00003c38    0000005c     bsp_oled.o (.text.mspm0_i2c_enable)
                  00003c94    00000058     ti_msp_dl_config.o (.text.SYSCFG_DL_I2C_OLED_init)
                  00003cec    00000054     gimbal.o (.text.gimbal_update)
                  00003d40    00000054     bsp_UART1.o (.text.uart1_receive_start)
                  00003d94    00000054     bsp_UART.o (.text.uart_receive_start)
                  00003de8    00000050     bsp_oled.o (.text.DL_GPIO_initPeripheralInputFunctionFeatures)
                  00003e38    00000050     ti_msp_dl_config.o (.text.DL_GPIO_initPeripheralInputFunctionFeatures)
                  00003e88    00000050     bsp_oled.o (.text.DL_I2C_startControllerTransfer)
                  00003ed8    00000050     ti_msp_dl_config.o (.text.SysTick_Config)
                  00003f28    0000004c     driverlib.a : dl_dma.o (.text.DL_DMA_initChannel)
                  00003f74    0000004c     bsp_oled.o (.text.DL_GPIO_initDigitalInputFeatures)
                  00003fc0    0000004c     ti_msp_dl_config.o (.text.DL_GPIO_initDigitalInputFeatures)
                  0000400c    0000004c     ti_msp_dl_config.o (.text.DL_UART_setBaudRateDivisor)
                  00004058    0000004a     ZDT_Driver.o (.text.Emm_V5_En_Control)
                  000040a2    00000002     --HOLE-- [fill = 0]
                  000040a4    00000048     driverlib.a : dl_uart.o (.text.DL_UART_init)
                  000040ec    00000048     Task.o (.text.Task_Cleanup)
                  00004134    00000044     bsp_CAN.o (.text.CANFD0_IRQHandler)
                  00004178    00000044     driverlib.a : dl_mcan.o (.text.DL_MCAN_getRevisionId)
                  000041bc    00000044                 : dl_sysctl_mspm0g1x0x_g3x0x.o (.text.DL_SYSCTL_switchMCLKfromSYSOSCtoHSCLK)
                  00004200    00000044     chasis.o (.text.chasis_brake)
                  00004244    00000044     bsp_oled.o (.text.mspm0_i2c_disable)
                  00004288    00000040     driverlib.a : dl_mcan.o (.text.DL_MCAN_writeRxFIFOAck)
                  000042c8    00000040     ZDT_Driver.o (.text.Emm_V5_Origin_Set_O)
                  00004308    00000040     Task.o (.text.UART1_Rx_DMA_ToIdle_Callback)
                  00004348    00000040     wit_c_sdk.o (.text.WitInit)
                  00004388    00000040     libclang_rt.builtins.a : aeabi_uidivmod.S.obj (.text.__aeabi_uidivmod)
                  000043c8    0000003e     ZDT_Driver.o (.text.Emm_V5_Origin_Trigger_Return)
                  00004406    00000002     --HOLE-- [fill = 0]
                  00004408    0000003c     ti_msp_dl_config.o (.text.DL_Timer_setCounterControl)
                  00004444    0000003c     bsp_key.o (.text.GROUP1_IRQHandler)
                  00004480    0000003c     JY901.o (.text.JY901_Init)
                  000044bc    0000003c     task_scheduler.o (.text.Menu_Init)
                  000044f8    0000003c     bsp_oled.o (.text.OLED_Set_Pos)
                  00004534    0000003c     libclang_rt.builtins.a : floatsisf.S.obj (.text.__floatsisf)
                  00004570    0000003c                            : comparesf2.S.obj (.text.__gtsf2)
                  000045ac    0000003c     libc.a : autoinit.c.obj (.text:__TI_auto_init_nobinit_nopinit)
                  000045e8    0000003a     wit_c_sdk.o (.text.__CaliSum)
                  00004622    00000002     --HOLE-- [fill = 0]
                  00004624    0000003a     libclang_rt.builtins.a : comparesf2.S.obj (.text.__eqsf2)
                  0000465e    00000002     --HOLE-- [fill = 0]
                  00004660    0000003a                            : muldsi3.S.obj (.text.__muldsi3)
                  0000469a    00000002     --HOLE-- [fill = 0]
                  0000469c    00000038     driverlib.a : dl_mcan.o (.text.DL_MCAN_getRxFIFOStatus)
                  000046d4    00000038     libclang_rt.builtins.a : fixsfsi.S.obj (.text.__fixsfsi)
                  0000470c    00000034     driverlib.a : dl_mcan.o (.text.DL_MCAN_TXBufAddReq)
                  00004740    00000034                 : dl_mcan.o (.text.DL_MCAN_setExtIDAndMask)
                  00004774    00000030     bsp_UART.o (.text.DL_DMA_setTransferSize)
                  000047a4    00000030     bsp_UART1.o (.text.DL_DMA_setTransferSize)
                  000047d4    00000030     ti_msp_dl_config.o (.text.DL_GPIO_initDigitalOutputFeatures)
                  00004804    00000030     ti_msp_dl_config.o (.text.SYSCFG_DL_DMA_CH0_init)
                  00004834    00000030     ti_msp_dl_config.o (.text.SYSCFG_DL_DMA_CH1_init)
                  00004864    00000030     ti_msp_dl_config.o (.text.SYSCFG_DL_DMA_CH2_init)
                  00004894    00000030     ti_msp_dl_config.o (.text.SYSCFG_DL_DMA_CH3_init)
                  000048c4    00000030     bsp_oled.o (.text.oled_pow)
                  000048f4    0000002c     driverlib.a : dl_mcan.o (.text.DL_MCAN_TXBufTransIntrEnable)
                  00004920    0000002c                 : dl_mcan.o (.text.DL_MCAN_addExtMsgIDFilter)
                  0000494c    0000002c                 : dl_mcan.o (.text.DL_MCAN_addStdMsgIDFilter)
                  00004978    0000002c     wit_c_sdk.o (.text.WitDelayMsRegister)
                  000049a4    0000002c     wit_c_sdk.o (.text.WitRegisterCallBack)
                  000049d0    0000002c     wit_c_sdk.o (.text.WitSerialWriteRegister)
                  000049fc    0000002c     bsp_key.o (.text.__NVIC_EnableIRQ)
                  00004a28    0000002c     empty.o (.text.__NVIC_EnableIRQ)
                  00004a54    0000002c     empty.o (.text.mspm0_get_clock_ms)
                  00004a80    00000028     bsp_oled.o (.text.DL_Common_updateReg)
                  00004aa8    00000028     ti_msp_dl_config.o (.text.DL_Common_updateReg)
                  00004ad0    00000028     bsp_UART.o (.text.DL_DMA_setDestAddr)
                  00004af8    00000028     bsp_UART1.o (.text.DL_DMA_setDestAddr)
                  00004b20    00000028     bsp_UART.o (.text.DL_DMA_setSrcAddr)
                  00004b48    00000028     bsp_UART1.o (.text.DL_DMA_setSrcAddr)
                  00004b70    00000028     ti_msp_dl_config.o (.text.DL_I2C_setControllerRXFIFOThreshold)
                  00004b98    00000028     ti_msp_dl_config.o (.text.DL_I2C_setControllerTXFIFOThreshold)
                  00004bc0    00000028     ti_msp_dl_config.o (.text.DL_UART_setRXFIFOThreshold)
                  00004be8    00000028     ti_msp_dl_config.o (.text.DL_UART_setTXFIFOThreshold)
                  00004c10    00000028     libc.a : boot_cortex_m.c.obj (.text:_c_int00_noargs)
                  00004c38    00000026     bsp_UART.o (.text.DL_DMA_disableChannel)
                  00004c5e    00000026     bsp_UART1.o (.text.DL_DMA_disableChannel)
                  00004c84    00000026     bsp_UART.o (.text.DL_DMA_enableChannel)
                  00004caa    00000026     bsp_UART1.o (.text.DL_DMA_enableChannel)
                  00004cd0    00000026     ti_msp_dl_config.o (.text.DL_I2C_setAnalogGlitchFilterPulseWidth)
                  00004cf6    00000026     driverlib.a : dl_i2c.o (.text.DL_I2C_setClockConfig)
                  00004d1c    00000024     bsp_UART.o (.text.DL_DMA_getTransferSize)
                  00004d40    00000024     bsp_UART1.o (.text.DL_DMA_getTransferSize)
                  00004d64    00000024     driverlib.a : dl_mcan.o (.text.DL_MCAN_setClockConfig)
                  00004d88    00000024     ti_msp_dl_config.o (.text.DL_UART_setRXInterruptTimeout)
                  00004dac    00000024     JY901.o (.text.JY901_Update)
                  00004dd0    00000024     libclang_rt.builtins.a : floatunsidf.S.obj (.text.__floatunsidf)
                  00004df4    00000020     ti_msp_dl_config.o (.text.DL_GPIO_initPeripheralInputFunction)
                  00004e14    00000020     driverlib.a : dl_mcan.o (.text.DL_MCAN_getTxFIFOQueStatus)
                  00004e34    00000020     ti_msp_dl_config.o (.text.DL_SYSCTL_setFlashWaitState)
                  00004e54    00000020     gimbal.o (.text.gimbal_enable)
                  00004e74    0000001e     ti_msp_dl_config.o (.text.DL_UART_setOversampling)
                  00004e92    0000001e     gimbal.o (.text.gimbal_disable)
                  00004eb0    0000001e     gimbal.o (.text.gimbal_return_zero)
                  00004ece    00000002     --HOLE-- [fill = 0]
                  00004ed0    0000001c     ti_msp_dl_config.o (.text.DL_DMA_enableInterrupt)
                  00004eec    0000001c     ti_msp_dl_config.o (.text.DL_GPIO_clearInterruptStatus)
                  00004f08    0000001c     bsp_oled.o (.text.DL_GPIO_enableHiZ)
                  00004f24    0000001c     ti_msp_dl_config.o (.text.DL_GPIO_enableHiZ)
                  00004f40    0000001c     ti_msp_dl_config.o (.text.DL_GPIO_enableInterrupt)
                  00004f5c    0000001c     ti_msp_dl_config.o (.text.DL_GPIO_initPeripheralOutputFunction)
                  00004f78    0000001c     bsp_oled.o (.text.DL_I2C_getSDAStatus)
                  00004f94    0000001c     bsp_key.o (.text.DL_Interrupt_getPendingGroup)
                  00004fb0    0000001c     ti_msp_dl_config.o (.text.DL_MCAN_enableInterrupt)
                  00004fcc    0000001c     driverlib.a : dl_mcan.o (.text.DL_MCAN_enableIntr)
                  00004fe8    0000001c                 : dl_mcan.o (.text.DL_MCAN_enableIntrLine)
                  00005004    0000001c                 : dl_mcan.o (.text.DL_MCAN_selectIntrLine)
                  00005020    0000001c                 : dl_sysctl_mspm0g1x0x_g3x0x.o (.text.DL_SYSCTL_configFCC)
                  0000503c    0000001c     ti_msp_dl_config.o (.text.DL_SYSCTL_setFCCPeriods)
                  00005058    0000001c     ti_msp_dl_config.o (.text.DL_SYSCTL_setSYSOSCFreq)
                  00005074    0000001c     ti_msp_dl_config.o (.text.DL_SYSCTL_setULPCLKDivider)
                  00005090    0000001c     driverlib.a : dl_timer.o (.text.DL_Timer_setCaptCompUpdateMethod)
                  000050ac    0000001c                 : dl_timer.o (.text.DL_Timer_setClockConfig)
                  000050c8    0000001c     ti_msp_dl_config.o (.text.DL_UART_enableInterrupt)
                  000050e4    0000001c     empty.o (.text.mspm0_delay_ms)
                  00005100    0000001a     gimbal.o (.text.gimbal_set_zero)
                  0000511a    00000002     --HOLE-- [fill = 0]
                  0000511c    00000018     ti_msp_dl_config.o (.text.DL_DMA_clearInterruptStatus)
                  00005134    00000018     bsp_oled.o (.text.DL_GPIO_enableOutput)
                  0000514c    00000018     ti_msp_dl_config.o (.text.DL_GPIO_enableOutput)
                  00005164    00000018     ti_msp_dl_config.o (.text.DL_GPIO_enablePower)
                  0000517c    00000018     bsp_oled.o (.text.DL_GPIO_initDigitalOutput)
                  00005194    00000018     ti_msp_dl_config.o (.text.DL_GPIO_initPeripheralAnalogFunction)
                  000051ac    00000018     ti_msp_dl_config.o (.text.DL_GPIO_reset)
                  000051c4    00000018     bsp_oled.o (.text.DL_GPIO_setPins)
                  000051dc    00000018     empty.o (.text.DL_GPIO_setPins)
                  000051f4    00000018     ti_msp_dl_config.o (.text.DL_GPIO_setUpperPinsPolarity)
                  0000520c    00000018     empty.o (.text.DL_GPIO_togglePins)
                  00005224    00000018     bsp_oled.o (.text.DL_I2C_clearInterruptStatus)
                  0000523c    00000018     ti_msp_dl_config.o (.text.DL_I2C_enableAnalogGlitchFilter)
                  00005254    00000018     ti_msp_dl_config.o (.text.DL_I2C_enableController)
                  0000526c    00000018     ti_msp_dl_config.o (.text.DL_I2C_enableControllerClockStretching)
                  00005284    00000018     bsp_oled.o (.text.DL_I2C_enablePower)
                  0000529c    00000018     ti_msp_dl_config.o (.text.DL_I2C_enablePower)
                  000052b4    00000018     bsp_oled.o (.text.DL_I2C_getRawInterruptStatus)
                  000052cc    00000018     bsp_oled.o (.text.DL_I2C_reset)
                  000052e4    00000018     ti_msp_dl_config.o (.text.DL_I2C_reset)
                  000052fc    00000018     ti_msp_dl_config.o (.text.DL_I2C_setTimerPeriod)
                  00005314    00000018     ti_msp_dl_config.o (.text.DL_MCAN_clearInterruptStatus)
                  0000532c    00000018     ti_msp_dl_config.o (.text.DL_MCAN_enablePower)
                  00005344    00000018     ti_msp_dl_config.o (.text.DL_MCAN_reset)
                  0000535c    00000018     driverlib.a : dl_mcan.o (.text.DL_MCAN_setOpMode)
                  00005374    00000018     ti_msp_dl_config.o (.text.DL_SYSCTL_setBORThreshold)
                  0000538c    00000018     ti_msp_dl_config.o (.text.DL_Timer_enablePower)
                  000053a4    00000018     ti_msp_dl_config.o (.text.DL_Timer_enableShadowFeatures)
                  000053bc    00000018     ti_msp_dl_config.o (.text.DL_Timer_reset)
                  000053d4    00000018     driverlib.a : dl_timer.o (.text.DL_Timer_setCaptureCompareOutCtl)
                  000053ec    00000018     ti_msp_dl_config.o (.text.DL_UART_enableDMAReceiveEvent)
                  00005404    00000018     ti_msp_dl_config.o (.text.DL_UART_enableDMATransmitEvent)
                  0000541c    00000018     ti_msp_dl_config.o (.text.DL_UART_enableFIFOs)
                  00005434    00000018     ti_msp_dl_config.o (.text.DL_UART_enablePower)
                  0000544c    00000018     ti_msp_dl_config.o (.text.DL_UART_reset)
                  00005464    00000018     task_scheduler.o (.text.Task_Done)
                  0000547c    00000016     bsp_key.o (.text.DL_GPIO_readPins)
                  00005492    00000016     bsp_oled.o (.text.DL_GPIO_readPins)
                  000054a8    00000016     ti_msp_dl_config.o (.text.DL_UART_enable)
                  000054be    00000016     bsp_key.o (.text.KEY_Init)
                  000054d4    00000016     JY901.o (.text._jy_write)
                  000054ea    00000014     bsp_oled.o (.text.DL_GPIO_clearPins)
                  000054fe    00000014     ti_msp_dl_config.o (.text.DL_GPIO_clearPins)
                  00005512    00000002     --HOLE-- [fill = 0]
                  00005514    00000014     bsp_oled.o (.text.DL_I2C_getControllerStatus)
                  00005528    00000014     ti_msp_dl_config.o (.text.DL_I2C_resetControllerTransfer)
                  0000553c    00000014     driverlib.a : dl_mcan.o (.text.DL_MCAN_clearIntrStatus)
                  00005550    00000014     bsp_CAN.o (.text.DL_MCAN_getPendingInterrupt)
                  00005564    00000014     ti_msp_dl_config.o (.text.DL_SYSCTL_disableSYSPLL)
                  00005578    00000014     ti_msp_dl_config.o (.text.DL_SYSCTL_enableSYSPLL)
                  0000558c    00000014     ti_msp_dl_config.o (.text.DL_Timer_enableClock)
                  000055a0    00000014     ti_msp_dl_config.o (.text.DL_Timer_setCCPDirection)
                  000055b4    00000014     ti_msp_dl_config.o (.text.SYSCFG_DL_DMA_init)
                  000055c8    00000012     ti_msp_dl_config.o (.text.DL_MCAN_enableModuleClock)
                  000055da    00000012     bsp_UART.o (.text.DL_UART_getPendingInterrupt)
                  000055ec    00000012     bsp_UART1.o (.text.DL_UART_getPendingInterrupt)
                  000055fe    00000012     driverlib.a : dl_uart.o (.text.DL_UART_setClockConfig)
                  00005610    00000012     libc.a : memcpy16.S.obj (.text:TI_memcpy_small)
                  00005622    00000012            : copy_decompress_none.c.obj (.text:decompress:none)
                  00005634    00000010     driverlib.a : dl_mcan.o (.text.DL_MCAN_getOpMode)
                  00005644    00000010                 : dl_mcan.o (.text.DL_MCAN_isMemInitDone)
                  00005654    00000010     ti_msp_dl_config.o (.text.DL_SYSCTL_disableHFXT)
                  00005664    00000010     ti_msp_dl_config.o (.text.DL_SYSCTL_isFCCDone)
                  00005674    00000010     ti_msp_dl_config.o (.text.DL_SYSCTL_startFCC)
                  00005684    00000010     driverlib.a : dl_timer.o (.text.DL_Timer_setCaptureCompareValue)
                  00005694    00000010     ti_msp_dl_config.o (.text.SYSCFG_DL_SYSTICK_init)
                  000056a4    00000010     Task.o (.text.User_Init)
                  000056b4    00000010     libc.a : copy_zero_init.c.obj (.text:decompress:ZI)
                  000056c4    0000000e     chasis.o (.text.chasis_stop)
                  000056d2    0000000e     libc.a : memset16.S.obj (.text:TI_memset_small)
                  000056e0    0000000c     driverlib.a : dl_mcan.o (.text.DL_MCAN_getIntrStatus)
                  000056ec    0000000c     ti_msp_dl_config.o (.text.DL_SYSCTL_getClockStatus)
                  000056f8    0000000c     ti_msp_dl_config.o (.text.DL_SYSCTL_readFCC)
                  00005704    0000000c     Task.o (.text.Key_A18_Pressed)
                  00005710    0000000c     Task.o (.text.Key_B21_Pressed)
                  0000571c    0000000c     libclang_rt.builtins.a : aeabi_memset.S.obj (.text.__aeabi_memclr)
                  00005728    0000000a     driverlib.a : dl_common.o (.text.DL_Common_delayCycles)
                  00005732    0000000a     JY901.o (.text._jy_delay)
                  0000573c    0000000a     JY901.o (.text._jy_reg_cb)
                  00005746    00000002     --HOLE-- [fill = 0]
                  00005748    00000008     libclang_rt.builtins.a : aeabi_memcpy.S.obj (.text.__aeabi_memcpy)
                  00005750    00000006     libc.a : exit.c.obj (.text:abort)
                  00005756    00000004     startup_mspm0g350x_ticlang.o (.text.Default_Handler)
                  0000575a    00000004     libsysbm.a : hostexit.c.obj (.text.HOSTexit)
                  0000575e    00000004     startup_mspm0g350x_ticlang.o (.text.Reset_Handler)
                  00005762    00000002     --HOLE-- [fill = 0]
                  00005764    00000010     libc.a : boot_cortex_m.c.obj (.tramp._c_int00_noargs.1)
                  00005774    00000004            : pre_init.c.obj (.text._system_pre_init)

.cinit     0    00006450    000000c0     
                  00006450    0000009a     (.cinit..data.load) [load image, compression = lzss]
                  000064ea    00000002     --HOLE-- [fill = 0]
                  000064ec    0000000c     (__TI_handler_table)
                  000064f8    00000008     (.cinit..bss.load) [load image, compression = zero_init]
                  00006500    00000010     (__TI_cinit_table)

.rodata    0    00005778    00000cd8     
                  00005778    000005f0     bsp_oled.o (.rodata.asc2_1608)
                  00005d68    00000228     bsp_oled.o (.rodata.asc2_0806)
                  00005f90    00000100     wit_c_sdk.o (.rodata.__auchCRCHi)
                  00006090    00000100     wit_c_sdk.o (.rodata.__auchCRCLo)
                  00006190    00000060     ti_msp_dl_config.o (.rodata.gMCAN0MsgRAMConfigParams)
                  000061f0    00000040     driverlib.a : dl_mcan.o (.rodata..L__const.DL_MCAN_getDataSize.dataSize)
                  00006230    00000034     ti_msp_dl_config.o (.rodata.gMCAN0InitParams)
                  00006264    00000028     ti_msp_dl_config.o (.rodata.gSYSPLLConfig)
                  0000628c    00000020     driverlib.a : dl_mcan.o (.rodata.cst32)
                  000062ac    00000020     ti_msp_dl_config.o (.rodata.gMCAN0BitTimes)
                  000062cc    00000018     ti_msp_dl_config.o (.rodata.gDMA_CH0Config)
                  000062e4    00000018     ti_msp_dl_config.o (.rodata.gDMA_CH1Config)
                  000062fc    00000018     ti_msp_dl_config.o (.rodata.gDMA_CH2Config)
                  00006314    00000018     ti_msp_dl_config.o (.rodata.gDMA_CH3Config)
                  0000632c    00000010     ti_msp_dl_config.o (.rodata.gMCAN0ExtFiltelem)
                  0000633c    00000010     ti_msp_dl_config.o (.rodata.gMCAN0StdFiltelem)
                  0000634c    00000010     chasis.o (.rodata.openloop_ratio)
                  0000635c    0000000f     task_scheduler.o (.rodata.str1.14552388435526194663.1)
                  0000636b    0000000e     task_scheduler.o (.rodata.str1.9855678927950593766.1)
                  00006379    0000000c     task_scheduler.o (.rodata.str1.14190357177579510289.1)
                  00006385    0000000b     task_scheduler.o (.rodata.str1.17557591748756409378.1)
                  00006390    0000000a     ti_msp_dl_config.o (.rodata.gUART_0Config)
                  0000639a    0000000a     ti_msp_dl_config.o (.rodata.gUART_1Config)
                  000063a4    0000000a     task_scheduler.o (.rodata.str1.14606958373863359431.1)
                  000063ae    0000000a     task_scheduler.o (.rodata.str1.2657894803344293859.1)
                  000063b8    00000009     task_scheduler.o (.rodata.str1.12698780283469048528.1)
                  000063c1    00000009     task_scheduler.o (.rodata.str1.15138029808797558358.1)
                  000063ca    00000009     task_scheduler.o (.rodata.str1.17984259232970945524.1)
                  000063d3    00000009     task_scheduler.o (.rodata.str1.2160916131609573578.1)
                  000063dc    00000009     task_scheduler.o (.rodata.str1.7939893941929394660.1)
                  000063e5    00000009     task_scheduler.o (.rodata.str1.9247241511803337348.1)
                  000063ee    00000002     ti_msp_dl_config.o (.rodata.gI2C_OLEDClockConfig)
                  000063f0    00000008     ti_msp_dl_config.o (.rodata.gFRONT_OUTConfig)
                  000063f8    00000008     ti_msp_dl_config.o (.rodata.gRL_OUTConfig)
                  00006400    00000008     ti_msp_dl_config.o (.rodata.gRR_OUTConfig)
                  00006408    00000007     task_scheduler.o (.rodata.str1.10506625049490768188.1)
                  0000640f    00000007     task_scheduler.o (.rodata.str1.18069038080357984115.1)
                  00006416    00000007     task_scheduler.o (.rodata.str1.4916143694647286702.1)
                  0000641d    00000006     task_scheduler.o (.rodata.str1.13768897686556393344.1)
                  00006423    00000006     task_scheduler.o (.rodata.str1.4577691884733283733.1)
                  00006429    00000005     task_scheduler.o (.rodata.str1.14699949538115772633.1)
                  0000642e    00000004     ti_msp_dl_config.o (.rodata.gMCAN0ClockConf)
                  00006432    00000004     Task.o (.rodata.str1.99587616205557558.1)
                  00006436    00000003     ti_msp_dl_config.o (.rodata.gFRONT_OUTClockConfig)
                  00006439    00000003     ti_msp_dl_config.o (.rodata.gLFCLKConfig)
                  0000643c    00000003     ti_msp_dl_config.o (.rodata.gRL_OUTClockConfig)
                  0000643f    00000003     ti_msp_dl_config.o (.rodata.gRR_OUTClockConfig)
                  00006442    00000002     ti_msp_dl_config.o (.rodata.gUART_0ClockConfig)
                  00006444    00000002     ti_msp_dl_config.o (.rodata.gUART_1ClockConfig)
                  00006446    00000002     task_scheduler.o (.rodata.str1.16400217066248172146.1)
                  00006448    00000002     Task.o (.rodata.str1.2121179163034909724.1)
                  0000644a    00000001     task_scheduler.o (.rodata.str1.9784223496667871455.1)
                  0000644b    00000005     --HOLE-- [fill = 0]

.init_array 
*          0    00000000    00000000     UNINITIALIZED

.binit     0    00000000    00000000     

.bss       0    20200000    00000604     UNINITIALIZED
                  20200000    00000120     (.common:sReg)
                  20200120    00000100     wit_c_sdk.o (.bss.s_ucWitDataBuff)
                  20200220    000000bc     (.common:gFRONT_OUTBackup)
                  202002dc    000000bc     (.common:gRL_OUTBackup)
                  20200398    000000a0     (.common:gRR_OUTBackup)
                  20200438    00000098     (.common:gMCAN0Backup)
                  202004d0    00000064     (.common:uart1_rx_buff)
                  20200534    00000064     (.common:uart_rx_buff)
                  20200598    00000050     Task.o (.bss.once_flag)
                  202005e8    00000018     task_scheduler.o (.bss.menu_stack)
                  20200600    00000004     (.common:jy901_yaw)

.data      0    20200604    000002c9     UNINITIALIZED
                  20200604    00000118     chasis.o (.data.user_chasis)
                  2020071c    00000070     task_scheduler.o (.data.menu_gimbal_items)
                  2020078c    00000040     task_scheduler.o (.data.menu_chasis_items)
                  202007cc    00000040     task_scheduler.o (.data.menu_debug_items)
                  2020080c    00000020     task_scheduler.o (.data.menu_gyro_items)
                  2020082c    00000010     bsp_PWM.o (.data.g_motor)
                  2020083c    00000010     task_scheduler.o (.data.menu_root)
                  2020084c    00000010     task_scheduler.o (.data.menu_root_items)
                  2020085c    00000010     chasis.o (.data.motor_test_target_rpm)
                  2020086c    00000008     bsp_key.o (.data.key_tick)
                  20200874    00000004     task_scheduler.o (.data.countdown_start)
                  20200878    00000004     task_scheduler.o (.data.cur_menu)
                  2020087c    00000004     empty.o (.data.g_tick)
                  20200880    00000004     chasis.o (.data.motor_invert)
                  20200884    00000004     chasis.o (.data.move_timer_ms)
                  20200888    00000004     wit_c_sdk.o (.data.p_WitCanWriteFunc)
                  2020088c    00000004     wit_c_sdk.o (.data.p_WitDelaymsFunc)
                  20200890    00000004     wit_c_sdk.o (.data.p_WitI2cWriteFunc)
                  20200894    00000004     wit_c_sdk.o (.data.p_WitRegUpdateCbFunc)
                  20200898    00000004     wit_c_sdk.o (.data.p_WitSerialWriteFunc)
                  2020089c    00000004     task_scheduler.o (.data.pending_task)
                  202008a0    00000004     wit_c_sdk.o (.data.s_uiProtoclo)
                  202008a4    00000004     wit_c_sdk.o (.data.s_uiReadRegIndex)
                  202008a8    00000004     wit_c_sdk.o (.data.s_uiWitDataCnt)
                  202008ac    00000004     Task.o (.data.system_mode)
                  202008b0    00000002     bsp_UART.o (.data.rx_size)
                  202008b2    00000002     bsp_UART1.o (.data.uart1_rx_size)
                  202008b4    00000001     chasis.o (.data.brake_hold)
                  202008b5    00000001     task_scheduler.o (.data.cursor)
                  202008b6    00000001     task_scheduler.o (.data.flag_enter)
                  202008b7    00000001     task_scheduler.o (.data.flag_next)
                  202008b8    00000001     empty.o (.data.g_flag_100hz)
                  202008b9    00000001     empty.o (.data.init_ok)
                  202008ba    00000001     task_scheduler.o (.data.menu_sp)
                  202008bb    00000001     chasis.o (.data.motor_test_mode)
                  202008bc    00000001     chasis.o (.data.move_state)
                  202008bd    00000001     task_scheduler.o (.data.need_draw)
                  202008be    00000001     wit_c_sdk.o (.data.s_ucAddr)
                  202008bf    00000001     task_scheduler.o (.data.scroll)
                  202008c0    00000001     bsp_UART1.o (.data.uart1_isIDLE.rx_last_size)
                  202008c1    00000001     bsp_UART1.o (.data.uart1_isIDLE.stable_count)
                  202008c2    00000001     bsp_UART1.o (.data.uart1_rx_dma_complete_flag)
                  202008c3    00000001     bsp_UART1.o (.data.uart1_rx_length)
                  202008c4    00000001     bsp_UART1.o (.data.uart1_tx_complete_flag)
                  202008c5    00000001     bsp_UART1.o (.data.uart1_tx_dma_complete_flag)
                  202008c6    00000001     bsp_UART.o (.data.uart_isIDLE.rx_last_size)
                  202008c7    00000001     bsp_UART.o (.data.uart_isIDLE.stable_count)
                  202008c8    00000001     bsp_UART.o (.data.uart_rx_dma_complete_flag)
                  202008c9    00000001     bsp_UART.o (.data.uart_rx_length)
                  202008ca    00000001     bsp_UART.o (.data.uart_tx_complete_flag)
                  202008cb    00000001     bsp_UART.o (.data.uart_tx_dma_complete_flag)
                  202008cc    00000001     Task.o (.data.while_task.step)

.stack     0    20207e00    00000200     UNINITIALIZED
                  20207e00    00000004     libc.a : boot_cortex_m.c.obj (.stack)
                  20207e04    000001fc     --HOLE--

__llvm_prf_cnts 
*          0    20200000    00000000     UNINITIALIZED

__llvm_prf_bits 
*          0    20200000    00000000     UNINITIALIZED

MODULE SUMMARY

       Module                         code    ro data   rw data
       ------                         ----    -------   -------
    .\
       ti_msp_dl_config.o             4384    414       688    
       empty.o                        404     0         6      
       startup_mspm0g350x_ticlang.o   8       192       0      
    +--+------------------------------+-------+---------+---------+
       Total:                         4796    606       694    
                                                               
    .\User\bsp\Src\
       bsp_oled.o                     2098    2072      0      
       Task.o                         2836    6         85     
       wit_c_sdk.o                    1622    512       577    
       chasis.o                       1106    16        307    
       task_scheduler.o               912     167       346    
       bsp_PWM.o                      868     0         16     
       bsp_UART1.o                    718     0         108    
       bsp_UART.o                     614     0         108    
       bsp_CAN.o                      400     0         0      
       ZDT_Driver.o                   328     0         0      
       bsp_key.o                      308     0         8      
       ZDT_CAN.o                      266     0         0      
       gimbal.o                       202     0         0      
       JY901.o                        138     0         4      
    +--+------------------------------+-------+---------+---------+
       Total:                         12416   2773      1559   
                                                               
    E:/TI/CCS/mspm0_sdk_2_10_00_04/source/ti/driverlib/lib/ticlang/m0p/mspm0g1x0x_g3x0x/driverlib.a
       dl_mcan.o                      2144    96        0      
       dl_sysctl_mspm0g1x0x_g3x0x.o   512     0         0      
       dl_timer.o                     356     0         0      
       dl_i2c.o                       132     0         0      
       dl_uart.o                      90      0         0      
       dl_dma.o                       76      0         0      
       dl_common.o                    10      0         0      
    +--+------------------------------+-------+---------+---------+
       Total:                         3320    96        0      
                                                               
    E:\TI\CCS\ccs\tools\compiler\ti-cgt-armllvm_4.0.4.LTS\lib\armv6m-ti-none-eabi/c/libc.a
       copy_decompress_lzss.c.obj     124     0         0      
       autoinit.c.obj                 60      0         0      
       boot_cortex_m.c.obj            56      0         0      
       copy_decompress_none.c.obj     18      0         0      
       memcpy16.S.obj                 18      0         0      
       copy_zero_init.c.obj           16      0         0      
       memset16.S.obj                 14      0         0      
       exit.c.obj                     6       0         0      
       pre_init.c.obj                 4       0         0      
    +--+------------------------------+-------+---------+---------+
       Total:                         316     0         0      
                                                               
    E:\TI\CCS\ccs\tools\compiler\ti-cgt-armllvm_4.0.4.LTS\lib\armv6m-ti-none-eabi/c/libsysbm.a
       hostexit.c.obj                 4       0         0      
    +--+------------------------------+-------+---------+---------+
       Total:                         4       0         0      
                                                               
    E:\TI\CCS\ccs\tools\compiler\ti-cgt-armllvm_4.0.4.LTS\lib\armv6m-ti-none-eabi/libclang_rt.builtins.a
       comparedf2.c.obj               220     0         0      
       addsf3.S.obj                   216     0         0      
       mulsf3.S.obj                   140     0         0      
       divsf3.S.obj                   130     0         0      
       comparesf2.S.obj               118     0         0      
       aeabi_dcmp.S.obj               98      0         0      
       aeabi_fcmp.S.obj               98      0         0      
       aeabi_uidivmod.S.obj           64      0         0      
       floatsisf.S.obj                60      0         0      
       muldsi3.S.obj                  58      0         0      
       fixsfsi.S.obj                  56      0         0      
       floatunsidf.S.obj              36      0         0      
       aeabi_memset.S.obj             12      0         0      
       aeabi_memcpy.S.obj             8       0         0      
       aeabi_div0.c.obj               2       0         0      
    +--+------------------------------+-------+---------+---------+
       Total:                         1316    0         0      
                                                               
       Stack:                         0       0         512    
       Linker Generated:              0       190       0      
    +--+------------------------------+-------+---------+---------+
       Grand Total:                   22168   3665      2765   


LINKER GENERATED COPY TABLES

__TI_cinit_table @ 00006500 records: 2, size/record: 8, table size: 16
	.data: load addr=00006450, load size=0000009a bytes, run addr=20200604, run size=000002c9 bytes, compression=lzss
	.bss: load addr=000064f8, load size=00000008 bytes, run addr=20200000, run size=00000604 bytes, compression=zero_init


LINKER GENERATED HANDLER TABLE

__TI_handler_table @ 000064ec records: 3, size/record: 4, table size: 12
	index: 0, handler: __TI_decompress_lzss
	index: 1, handler: __TI_decompress_none
	index: 2, handler: __TI_zero_init


FAR CALL TRAMPOLINES

callee name               trampoline name
   callee addr  tramp addr   call addr  call info
--------------  -----------  ---------  ----------------
_c_int00_noargs           $Tramp$TT$L$PI$$_c_int00_noargs
   00004c11     00005764     0000575e   startup_mspm0g350x_ticlang.o (.text.Reset_Handler)

[1 trampolines]
[1 trampoline calls]


GLOBAL SYMBOLS: SORTED ALPHABETICALLY BY Name 

address   name                                 
-------   ----                                 
00005757  ADC0_IRQHandler                      
00005757  ADC1_IRQHandler                      
00005757  AES_IRQHandler                       
0000575a  C$$EXIT                              
00004135  CANFD0_IRQHandler                    
000032e9  CAN_Rx_FIFO0_New_Message_Callback    
000028d1  CAN_send_ext_frame                   
00005757  DAC0_IRQHandler                      
00005729  DL_Common_delayCycles                
00003f29  DL_DMA_initChannel                   
00003b7d  DL_I2C_fillControllerTXFIFO          
00004cf7  DL_I2C_setClockConfig                
0000470d  DL_MCAN_TXBufAddReq                  
000048f5  DL_MCAN_TXBufTransIntrEnable         
00004921  DL_MCAN_addExtMsgIDFilter            
0000494d  DL_MCAN_addStdMsgIDFilter            
0000553d  DL_MCAN_clearIntrStatus              
00004fcd  DL_MCAN_enableIntr                   
00004fe9  DL_MCAN_enableIntrLine               
000056e1  DL_MCAN_getIntrStatus                
00005635  DL_MCAN_getOpMode                    
00004179  DL_MCAN_getRevisionId                
0000469d  DL_MCAN_getRxFIFOStatus              
00004e15  DL_MCAN_getTxFIFOQueStatus           
00002215  DL_MCAN_init                         
00005645  DL_MCAN_isMemInitDone                
00000835  DL_MCAN_msgRAMConfig                 
0000177d  DL_MCAN_readMsgRam                   
00005005  DL_MCAN_selectIntrLine               
000023cd  DL_MCAN_setBitTime                   
00004d65  DL_MCAN_setClockConfig               
00004741  DL_MCAN_setExtIDAndMask              
0000535d  DL_MCAN_setOpMode                    
00001b91  DL_MCAN_writeMsgRam                  
00004289  DL_MCAN_writeRxFIFOAck               
00005021  DL_SYSCTL_configFCC                  
000022f1  DL_SYSCTL_configSYSPLL               
00003931  DL_SYSCTL_setHFCLKSourceHFXTParams   
00003a5d  DL_SYSCTL_setLFCLKSourceLFXT         
000041bd  DL_SYSCTL_switchMCLKfromSYSOSCtoHSCLK
00001995  DL_Timer_initFourCCPWMMode           
00005091  DL_Timer_setCaptCompUpdateMethod     
000053d5  DL_Timer_setCaptureCompareOutCtl     
00005685  DL_Timer_setCaptureCompareValue      
000050ad  DL_Timer_setClockConfig              
000040a5  DL_UART_init                         
000055ff  DL_UART_setClockConfig               
00005757  DMA_IRQHandler                       
00005757  Default_Handler                      
00004059  Emm_V5_En_Control                    
000042c9  Emm_V5_Origin_Set_O                  
000043c9  Emm_V5_Origin_Trigger_Return         
00003167  Emm_V5_Pos_Control                   
00005757  GROUP0_IRQHandler                    
00004445  GROUP1_IRQHandler                    
0000575b  HOSTexit                             
00005757  HardFault_Handler                    
00005757  I2C0_IRQHandler                      
00005757  I2C1_IRQHandler                      
00004481  JY901_Init                           
00004dad  JY901_Update                         
000054bf  KEY_Init                             
00002ed5  KEY_Poll                             
00005705  Key_A18_Pressed                      
00005711  Key_B21_Pressed                      
000044bd  Menu_Init                            
00001e69  Menu_Run                             
00005757  NMI_Handler                          
000037f5  OLED_Clear                           
00001669  OLED_Init                            
000044f9  OLED_Set_Pos                         
00001551  OLED_ShowChar                        
00001a99  OLED_ShowNum                         
0000363d  OLED_ShowString                      
00002ad9  OLED_WR_Byte                         
00005757  PendSV_Handler                       
00005757  RTC_IRQHandler                       
0000575f  Reset_Handler                        
00005757  SPI0_IRQHandler                      
00005757  SPI1_IRQHandler                      
00005757  SVC_Handler                          
00004805  SYSCFG_DL_DMA_CH0_init               
00004835  SYSCFG_DL_DMA_CH1_init               
00004865  SYSCFG_DL_DMA_CH2_init               
00004895  SYSCFG_DL_DMA_CH3_init               
000055b5  SYSCFG_DL_DMA_init                   
00002045  SYSCFG_DL_FRONT_OUT_init             
00000e15  SYSCFG_DL_GPIO_init                  
00003c95  SYSCFG_DL_I2C_OLED_init              
00001f59  SYSCFG_DL_MCAN0_init                 
00002b71  SYSCFG_DL_RL_OUT_init                
00002a3d  SYSCFG_DL_RR_OUT_init                
0000212d  SYSCFG_DL_SYSCTL_SYSPLL_init         
00003365  SYSCFG_DL_SYSCTL_init                
00005695  SYSCFG_DL_SYSTICK_init               
000034d9  SYSCFG_DL_UART_0_init                
00003551  SYSCFG_DL_UART_1_init                
00003bdd  SYSCFG_DL_init                       
0000298d  SYSCFG_DL_initPower                  
00002e4d  SysTick_Handler                      
00005757  TIMA0_IRQHandler                     
00005757  TIMA1_IRQHandler                     
00005757  TIMG0_IRQHandler                     
00005757  TIMG12_IRQHandler                    
00005757  TIMG6_IRQHandler                     
00005757  TIMG7_IRQHandler                     
00005757  TIMG8_IRQHandler                     
00005611  TI_memcpy_small                      
000056d3  TI_memset_small                      
000040ed  Task_Cleanup                         
00005465  Task_Done                            
000031e9  UART0_IRQHandler                     
00003269  UART1_IRQHandler                     
00004309  UART1_Rx_DMA_ToIdle_Callback         
00005757  UART2_IRQHandler                     
00005757  UART3_IRQHandler                     
00001c85  UART_Rx_DMA_ToIdle_Callback          
000056a5  User_Init                            
00004979  WitDelayMsRegister                   
00004349  WitInit                              
000049a5  WitRegisterCallBack                  
00000a49  WitSerialDataIn                      
000049d1  WitSerialWriteRegister               
00000fb9  WitWriteReg                          
20208000  __STACK_END                          
00000200  __STACK_SIZE                         
00000000  __TI_ATRegion0_region_sz             
00000000  __TI_ATRegion0_src_addr              
00000000  __TI_ATRegion0_trg_addr              
00000000  __TI_ATRegion1_region_sz             
00000000  __TI_ATRegion1_src_addr              
00000000  __TI_ATRegion1_trg_addr              
00000000  __TI_ATRegion2_region_sz             
00000000  __TI_ATRegion2_src_addr              
00000000  __TI_ATRegion2_trg_addr              
00006500  __TI_CINIT_Base                      
00006510  __TI_CINIT_Limit                     
00006510  __TI_CINIT_Warm                      
000064ec  __TI_Handler_Table_Base              
000064f8  __TI_Handler_Table_Limit             
000045ad  __TI_auto_init_nobinit_nopinit       
0000345d  __TI_decompress_lzss                 
00005623  __TI_decompress_none                 
ffffffff  __TI_pprof_out_hndl                  
ffffffff  __TI_prof_data_size                  
ffffffff  __TI_prof_data_start                 
00000000  __TI_static_base__                   
000056b5  __TI_zero_init                       
0000265f  __addsf3                             
00003995  __aeabi_dcmpeq                       
000039d1  __aeabi_dcmpge                       
000039e5  __aeabi_dcmpgt                       
000039bd  __aeabi_dcmple                       
000039a9  __aeabi_dcmplt                       
000046d5  __aeabi_f2iz                         
0000265f  __aeabi_fadd                         
000039f9  __aeabi_fcmpeq                       
00003a35  __aeabi_fcmpge                       
00003a49  __aeabi_fcmpgt                       
00003a21  __aeabi_fcmple                       
00003a0d  __aeabi_fcmplt                       
000030e5  __aeabi_fdiv                         
00002dc1  __aeabi_fmul                         
00002655  __aeabi_fsub                         
00004535  __aeabi_i2f                          
00001993  __aeabi_idiv0                        
0000571d  __aeabi_memclr                       
0000571d  __aeabi_memclr4                      
0000571d  __aeabi_memclr8                      
00005749  __aeabi_memcpy                       
00005749  __aeabi_memcpy4                      
00005749  __aeabi_memcpy8                      
00004dd1  __aeabi_ui2d                         
00004389  __aeabi_uidiv                        
00004389  __aeabi_uidivmod                     
ffffffff  __binit__                            
00003861  __cmpdf2                             
00004625  __cmpsf2                             
000030e5  __divsf3                             
00003861  __eqdf2                              
00004625  __eqsf2                              
000046d5  __fixsfsi                            
00004535  __floatsisf                          
00004dd1  __floatunsidf                        
000035c9  __gedf2                              
00004571  __gesf2                              
000035c9  __gtdf2                              
00004571  __gtsf2                              
00003861  __ledf2                              
00004625  __lesf2                              
00003861  __ltdf2                              
00004625  __ltsf2                              
UNDEFED   __mpu_init                           
00004661  __muldsi3                            
00002dc1  __mulsf3                             
00003861  __nedf2                              
00004625  __nesf2                              
20207e00  __stack                              
20200000  __start___llvm_prf_bits              
20200000  __start___llvm_prf_cnts              
20200000  __stop___llvm_prf_bits               
20200000  __stop___llvm_prf_cnts               
00002655  __subsf3                             
00004c11  _c_int00_noargs                      
UNDEFED   _system_post_cinit                   
00005775  _system_pre_init                     
00005751  abort                                
00005d68  asc2_0806                            
00005778  asc2_1608                            
ffffffff  binit                                
00001889  can_SendCmd                          
00004201  chasis_brake                         
00001135  chasis_cal                           
00003789  chasis_set_velocity                  
000056c5  chasis_stop                          
202008b6  flag_enter                           
202008b7  flag_next                            
20200220  gFRONT_OUTBackup                     
20200438  gMCAN0Backup                         
202002dc  gRL_OUTBackup                        
20200398  gRR_OUTBackup                        
202008b8  g_flag_100hz                         
2020087c  g_tick                               
00004e93  gimbal_disable                       
00004e55  gimbal_enable                        
00004eb1  gimbal_return_zero                   
00005101  gimbal_set_zero                      
00003ced  gimbal_update                        
000033e1  handleCanRxMessage                   
202008b9  init_ok                              
00000000  interruptVectors                     
20200600  jy901_yaw                            
000038c9  main                                 
0000272d  motor_brake                          
0000257d  motor_coast                          
00002801  motor_openloop_drive                 
00000c5d  motor_set                            
00002ca1  ms_callback                          
000050e5  mspm0_delay_ms                       
00004a55  mspm0_get_clock_ms                   
00003abd  oled_i2c_sda_unlock                  
000048c5  oled_pow                             
00003061  one_hundured_ms_callback             
202008b0  rx_size                              
20200000  sReg                                 
202008ac  system_mode                          
00002c09  uart1_isIDLE                         
00003d41  uart1_receive_start                  
202004d0  uart1_rx_buff                        
202008c2  uart1_rx_dma_complete_flag           
202008c3  uart1_rx_length                      
202008b2  uart1_rx_size                        
00003b1d  uart1_send                           
202008c4  uart1_tx_complete_flag               
202008c5  uart1_tx_dma_complete_flag           
00002d31  uart_isIDLE                          
00003d95  uart_receive_start                   
20200534  uart_rx_buff                         
202008c8  uart_rx_dma_complete_flag            
202008c9  uart_rx_length                       
202008ca  uart_tx_complete_flag                
202008cb  uart_tx_dma_complete_flag            
20200604  user_chasis                          
000000c1  while_task                           


GLOBAL SYMBOLS: SORTED BY Symbol Address 

address   name                                 
-------   ----                                 
00000000  __TI_ATRegion0_region_sz             
00000000  __TI_ATRegion0_src_addr              
00000000  __TI_ATRegion0_trg_addr              
00000000  __TI_ATRegion1_region_sz             
00000000  __TI_ATRegion1_src_addr              
00000000  __TI_ATRegion1_trg_addr              
00000000  __TI_ATRegion2_region_sz             
00000000  __TI_ATRegion2_src_addr              
00000000  __TI_ATRegion2_trg_addr              
00000000  __TI_static_base__                   
00000000  interruptVectors                     
000000c1  while_task                           
00000200  __STACK_SIZE                         
00000835  DL_MCAN_msgRAMConfig                 
00000a49  WitSerialDataIn                      
00000c5d  motor_set                            
00000e15  SYSCFG_DL_GPIO_init                  
00000fb9  WitWriteReg                          
00001135  chasis_cal                           
00001551  OLED_ShowChar                        
00001669  OLED_Init                            
0000177d  DL_MCAN_readMsgRam                   
00001889  can_SendCmd                          
00001993  __aeabi_idiv0                        
00001995  DL_Timer_initFourCCPWMMode           
00001a99  OLED_ShowNum                         
00001b91  DL_MCAN_writeMsgRam                  
00001c85  UART_Rx_DMA_ToIdle_Callback          
00001e69  Menu_Run                             
00001f59  SYSCFG_DL_MCAN0_init                 
00002045  SYSCFG_DL_FRONT_OUT_init             
0000212d  SYSCFG_DL_SYSCTL_SYSPLL_init         
00002215  DL_MCAN_init                         
000022f1  DL_SYSCTL_configSYSPLL               
000023cd  DL_MCAN_setBitTime                   
0000257d  motor_coast                          
00002655  __aeabi_fsub                         
00002655  __subsf3                             
0000265f  __addsf3                             
0000265f  __aeabi_fadd                         
0000272d  motor_brake                          
00002801  motor_openloop_drive                 
000028d1  CAN_send_ext_frame                   
0000298d  SYSCFG_DL_initPower                  
00002a3d  SYSCFG_DL_RR_OUT_init                
00002ad9  OLED_WR_Byte                         
00002b71  SYSCFG_DL_RL_OUT_init                
00002c09  uart1_isIDLE                         
00002ca1  ms_callback                          
00002d31  uart_isIDLE                          
00002dc1  __aeabi_fmul                         
00002dc1  __mulsf3                             
00002e4d  SysTick_Handler                      
00002ed5  KEY_Poll                             
00003061  one_hundured_ms_callback             
000030e5  __aeabi_fdiv                         
000030e5  __divsf3                             
00003167  Emm_V5_Pos_Control                   
000031e9  UART0_IRQHandler                     
00003269  UART1_IRQHandler                     
000032e9  CAN_Rx_FIFO0_New_Message_Callback    
00003365  SYSCFG_DL_SYSCTL_init                
000033e1  handleCanRxMessage                   
0000345d  __TI_decompress_lzss                 
000034d9  SYSCFG_DL_UART_0_init                
00003551  SYSCFG_DL_UART_1_init                
000035c9  __gedf2                              
000035c9  __gtdf2                              
0000363d  OLED_ShowString                      
00003789  chasis_set_velocity                  
000037f5  OLED_Clear                           
00003861  __cmpdf2                             
00003861  __eqdf2                              
00003861  __ledf2                              
00003861  __ltdf2                              
00003861  __nedf2                              
000038c9  main                                 
00003931  DL_SYSCTL_setHFCLKSourceHFXTParams   
00003995  __aeabi_dcmpeq                       
000039a9  __aeabi_dcmplt                       
000039bd  __aeabi_dcmple                       
000039d1  __aeabi_dcmpge                       
000039e5  __aeabi_dcmpgt                       
000039f9  __aeabi_fcmpeq                       
00003a0d  __aeabi_fcmplt                       
00003a21  __aeabi_fcmple                       
00003a35  __aeabi_fcmpge                       
00003a49  __aeabi_fcmpgt                       
00003a5d  DL_SYSCTL_setLFCLKSourceLFXT         
00003abd  oled_i2c_sda_unlock                  
00003b1d  uart1_send                           
00003b7d  DL_I2C_fillControllerTXFIFO          
00003bdd  SYSCFG_DL_init                       
00003c95  SYSCFG_DL_I2C_OLED_init              
00003ced  gimbal_update                        
00003d41  uart1_receive_start                  
00003d95  uart_receive_start                   
00003f29  DL_DMA_initChannel                   
00004059  Emm_V5_En_Control                    
000040a5  DL_UART_init                         
000040ed  Task_Cleanup                         
00004135  CANFD0_IRQHandler                    
00004179  DL_MCAN_getRevisionId                
000041bd  DL_SYSCTL_switchMCLKfromSYSOSCtoHSCLK
00004201  chasis_brake                         
00004289  DL_MCAN_writeRxFIFOAck               
000042c9  Emm_V5_Origin_Set_O                  
00004309  UART1_Rx_DMA_ToIdle_Callback         
00004349  WitInit                              
00004389  __aeabi_uidiv                        
00004389  __aeabi_uidivmod                     
000043c9  Emm_V5_Origin_Trigger_Return         
00004445  GROUP1_IRQHandler                    
00004481  JY901_Init                           
000044bd  Menu_Init                            
000044f9  OLED_Set_Pos                         
00004535  __aeabi_i2f                          
00004535  __floatsisf                          
00004571  __gesf2                              
00004571  __gtsf2                              
000045ad  __TI_auto_init_nobinit_nopinit       
00004625  __cmpsf2                             
00004625  __eqsf2                              
00004625  __lesf2                              
00004625  __ltsf2                              
00004625  __nesf2                              
00004661  __muldsi3                            
0000469d  DL_MCAN_getRxFIFOStatus              
000046d5  __aeabi_f2iz                         
000046d5  __fixsfsi                            
0000470d  DL_MCAN_TXBufAddReq                  
00004741  DL_MCAN_setExtIDAndMask              
00004805  SYSCFG_DL_DMA_CH0_init               
00004835  SYSCFG_DL_DMA_CH1_init               
00004865  SYSCFG_DL_DMA_CH2_init               
00004895  SYSCFG_DL_DMA_CH3_init               
000048c5  oled_pow                             
000048f5  DL_MCAN_TXBufTransIntrEnable         
00004921  DL_MCAN_addExtMsgIDFilter            
0000494d  DL_MCAN_addStdMsgIDFilter            
00004979  WitDelayMsRegister                   
000049a5  WitRegisterCallBack                  
000049d1  WitSerialWriteRegister               
00004a55  mspm0_get_clock_ms                   
00004c11  _c_int00_noargs                      
00004cf7  DL_I2C_setClockConfig                
00004d65  DL_MCAN_setClockConfig               
00004dad  JY901_Update                         
00004dd1  __aeabi_ui2d                         
00004dd1  __floatunsidf                        
00004e15  DL_MCAN_getTxFIFOQueStatus           
00004e55  gimbal_enable                        
00004e93  gimbal_disable                       
00004eb1  gimbal_return_zero                   
00004fcd  DL_MCAN_enableIntr                   
00004fe9  DL_MCAN_enableIntrLine               
00005005  DL_MCAN_selectIntrLine               
00005021  DL_SYSCTL_configFCC                  
00005091  DL_Timer_setCaptCompUpdateMethod     
000050ad  DL_Timer_setClockConfig              
000050e5  mspm0_delay_ms                       
00005101  gimbal_set_zero                      
0000535d  DL_MCAN_setOpMode                    
000053d5  DL_Timer_setCaptureCompareOutCtl     
00005465  Task_Done                            
000054bf  KEY_Init                             
0000553d  DL_MCAN_clearIntrStatus              
000055b5  SYSCFG_DL_DMA_init                   
000055ff  DL_UART_setClockConfig               
00005611  TI_memcpy_small                      
00005623  __TI_decompress_none                 
00005635  DL_MCAN_getOpMode                    
00005645  DL_MCAN_isMemInitDone                
00005685  DL_Timer_setCaptureCompareValue      
00005695  SYSCFG_DL_SYSTICK_init               
000056a5  User_Init                            
000056b5  __TI_zero_init                       
000056c5  chasis_stop                          
000056d3  TI_memset_small                      
000056e1  DL_MCAN_getIntrStatus                
00005705  Key_A18_Pressed                      
00005711  Key_B21_Pressed                      
0000571d  __aeabi_memclr                       
0000571d  __aeabi_memclr4                      
0000571d  __aeabi_memclr8                      
00005729  DL_Common_delayCycles                
00005749  __aeabi_memcpy                       
00005749  __aeabi_memcpy4                      
00005749  __aeabi_memcpy8                      
00005751  abort                                
00005757  ADC0_IRQHandler                      
00005757  ADC1_IRQHandler                      
00005757  AES_IRQHandler                       
00005757  DAC0_IRQHandler                      
00005757  DMA_IRQHandler                       
00005757  Default_Handler                      
00005757  GROUP0_IRQHandler                    
00005757  HardFault_Handler                    
00005757  I2C0_IRQHandler                      
00005757  I2C1_IRQHandler                      
00005757  NMI_Handler                          
00005757  PendSV_Handler                       
00005757  RTC_IRQHandler                       
00005757  SPI0_IRQHandler                      
00005757  SPI1_IRQHandler                      
00005757  SVC_Handler                          
00005757  TIMA0_IRQHandler                     
00005757  TIMA1_IRQHandler                     
00005757  TIMG0_IRQHandler                     
00005757  TIMG12_IRQHandler                    
00005757  TIMG6_IRQHandler                     
00005757  TIMG7_IRQHandler                     
00005757  TIMG8_IRQHandler                     
00005757  UART2_IRQHandler                     
00005757  UART3_IRQHandler                     
0000575a  C$$EXIT                              
0000575b  HOSTexit                             
0000575f  Reset_Handler                        
00005775  _system_pre_init                     
00005778  asc2_1608                            
00005d68  asc2_0806                            
000064ec  __TI_Handler_Table_Base              
000064f8  __TI_Handler_Table_Limit             
00006500  __TI_CINIT_Base                      
00006510  __TI_CINIT_Limit                     
00006510  __TI_CINIT_Warm                      
20200000  __start___llvm_prf_bits              
20200000  __start___llvm_prf_cnts              
20200000  __stop___llvm_prf_bits               
20200000  __stop___llvm_prf_cnts               
20200000  sReg                                 
20200220  gFRONT_OUTBackup                     
202002dc  gRL_OUTBackup                        
20200398  gRR_OUTBackup                        
20200438  gMCAN0Backup                         
202004d0  uart1_rx_buff                        
20200534  uart_rx_buff                         
20200600  jy901_yaw                            
20200604  user_chasis                          
2020087c  g_tick                               
202008ac  system_mode                          
202008b0  rx_size                              
202008b2  uart1_rx_size                        
202008b6  flag_enter                           
202008b7  flag_next                            
202008b8  g_flag_100hz                         
202008b9  init_ok                              
202008c2  uart1_rx_dma_complete_flag           
202008c3  uart1_rx_length                      
202008c4  uart1_tx_complete_flag               
202008c5  uart1_tx_dma_complete_flag           
202008c8  uart_rx_dma_complete_flag            
202008c9  uart_rx_length                       
202008ca  uart_tx_complete_flag                
202008cb  uart_tx_dma_complete_flag            
20207e00  __stack                              
20208000  __STACK_END                          
ffffffff  __TI_pprof_out_hndl                  
ffffffff  __TI_prof_data_size                  
ffffffff  __TI_prof_data_start                 
ffffffff  __binit__                            
ffffffff  binit                                
UNDEFED   __mpu_init                           
UNDEFED   _system_post_cinit                   

[264 symbols]
