******************************************************************************
            TI ARM Clang Linker PC v4.0.4                      
******************************************************************************
>> Linked Wed May 20 14:58:57 2026

OUTPUT FILE NAME:   <test.out>
ENTRY POINT SYMBOL: "_c_int00_noargs"  address: 0000296d


MEMORY CONFIGURATION

         name            origin    length      used     unused   attr    fill
----------------------  --------  ---------  --------  --------  ----  --------
  FLASH                 00000000   00020000  000033f8  0001cc08  R  X
  SRAM                  20200000   00008000  00000611  000079ef  RW X
  BCR_CONFIG            41c00000   000000ff  00000000  000000ff  R   
  BSL_CONFIG            41c00100   00000080  00000000  00000080  R   


SEGMENT ALLOCATION MAP

run origin  load origin   length   init length attrs members
----------  ----------- ---------- ----------- ----- -------
00000000    00000000    000033f8   000033f8    r-x
  00000000    00000000    000000c0   000000c0    r-- .intvecs
  000000c0    000000c0    00003138   00003138    r-x .text
  000031f8    000031f8    000001c8   000001c8    r-- .rodata
  000033c0    000033c0    00000038   00000038    r-- .cinit
20200000    20200000    00000411   00000000    rw-
  20200000    20200000    000003b4   00000000    rw- .bss
  202003b4    202003b4    0000005d   00000000    rw- .data
20207e00    20207e00    00000200   00000000    rw-
  20207e00    20207e00    00000200   00000000    rw- .stack


SECTION ALLOCATION MAP

 output                                  attributes/
section   page    origin      length       input sections
--------  ----  ----------  ----------   ----------------
.intvecs   0    00000000    000000c0     
                  00000000    000000c0     startup_mspm0g350x_ticlang.o (.intvecs)

.text      0    000000c0    00003138     
                  000000c0    0000021c     bsp_PWM.o (.text.motor_get_speed)
                  000002dc    00000214     driverlib.a : dl_mcan.o (.text.DL_MCAN_msgRAMConfig)
                  000004f0    000001b8     bsp_PWM.o (.text.motor_set)
                  000006a8    00000164     ti_msp_dl_config.o (.text.SYSCFG_DL_GPIO_init)
                  0000080c    0000010c     driverlib.a : dl_mcan.o (.text.DL_MCAN_readMsgRam)
                  00000918    00000104                 : dl_timer.o (.text.DL_Timer_initFourCCPWMMode)
                  00000a1c    000000f4                 : dl_mcan.o (.text.DL_MCAN_writeMsgRam)
                  00000b10    000000ec     ti_msp_dl_config.o (.text.SYSCFG_DL_MCAN0_init)
                  00000bfc    000000e8     ti_msp_dl_config.o (.text.SYSCFG_DL_FRONT_OUT_init)
                  00000ce4    000000e8     ti_msp_dl_config.o (.text.SYSCFG_DL_SYSCTL_SYSPLL_init)
                  00000dcc    000000dc     driverlib.a : dl_mcan.o (.text.DL_MCAN_init)
                  00000ea8    000000dc                 : dl_sysctl_mspm0g1x0x_g3x0x.o (.text.DL_SYSCTL_configSYSPLL)
                  00000f84    000000d8                 : dl_mcan.o (.text.DL_MCAN_setBitTime)
                  0000105c    000000d8     libclang_rt.builtins.a : addsf3.S.obj (.text)
                  00001134    000000d4     bsp_PWM.o (.text.motor_brake)
                  00001208    000000d0     bsp_CAN.o (.text.CAN_Rx_FIFO0_New_Message_Callback)
                  000012d8    000000c4     ti_msp_dl_config.o (.text.SYSCFG_DL_initPower)
                  0000139c    000000bc     bsp_CAN.o (.text.CAN_send_ext_frame)
                  00001458    000000bc     bsp_CAN.o (.text.CAN_send_std_frame)
                  00001514    000000b8     ti_msp_dl_config.o (.text.SYSCFG_DL_FFRONT_IN_init)
                  000015cc    000000b8     ti_msp_dl_config.o (.text.SYSCFG_DL_REAR_IN_init)
                  00001684    0000009c     ti_msp_dl_config.o (.text.SYSCFG_DL_RR_OUT_init)
                  00001720    00000098     ti_msp_dl_config.o (.text.SYSCFG_DL_RL_OUT_init)
                  000017b8    00000094     bsp_UART.o (.text.uart_isIDLE)
                  0000184c    0000008c     libclang_rt.builtins.a : mulsf3.S.obj (.text.__mulsf3)
                  000018d8    00000084     ti_msp_dl_config.o (.text.__NVIC_SetPriority)
                  0000195c    00000082     libclang_rt.builtins.a : divsf3.S.obj (.text.__divsf3)
                  000019de    00000002                            : aeabi_div0.c.obj (.text.__aeabi_idiv0)
                  000019e0    0000007c     ti_msp_dl_config.o (.text.SYSCFG_DL_SYSCTL_init)
                  00001a5c    0000007c     bsp_UART.o (.text.UART0_IRQHandler)
                  00001ad8    0000007c     bsp_CAN.o (.text.handleCanRxMessage)
                  00001b54    0000007c     libc.a : copy_decompress_lzss.c.obj (.text:decompress:lzss)
                  00001bd0    00000078     ti_msp_dl_config.o (.text.SYSCFG_DL_UART_0_init)
                  00001c48    00000074     empty.o (.text.SysTick_Handler)
                  00001cbc    00000074     libclang_rt.builtins.a : comparedf2.c.obj (.text.__gedf2)
                  00001d30    00000068     ti_msp_dl_config.o (.text.SYSCFG_DL_init)
                  00001d98    00000068     libclang_rt.builtins.a : comparedf2.c.obj (.text.__ledf2)
                  00001e00    00000064     driverlib.a : dl_sysctl_mspm0g1x0x_g3x0x.o (.text.DL_SYSCTL_setHFCLKSourceHFXTParams)
                  00001e64    00000062     libclang_rt.builtins.a : aeabi_dcmp.S.obj (.text.__aeabi_dcmp)
                  00001ec6    00000002     --HOLE-- [fill = 0]
                  00001ec8    00000062                            : aeabi_fcmp.S.obj (.text.__aeabi_fcmp)
                  00001f2a    00000002     --HOLE-- [fill = 0]
                  00001f2c    00000060     driverlib.a : dl_sysctl_mspm0g1x0x_g3x0x.o (.text.DL_SYSCTL_setLFCLKSourceLFXT)
                  00001f8c    00000060     bsp_UART.o (.text.uart_send)
                  00001fec    00000058     ti_msp_dl_config.o (.text.SYSCFG_DL_I2C_OLED_init)
                  00002044    00000054     bsp_UART.o (.text.UART_Rx_DMA_ToIdle_Callback)
                  00002098    00000054     bsp_UART.o (.text.uart_receive_start)
                  000020ec    00000050     ti_msp_dl_config.o (.text.DL_GPIO_initPeripheralInputFunctionFeatures)
                  0000213c    00000050     ti_msp_dl_config.o (.text.SysTick_Config)
                  0000218c    0000004c     driverlib.a : dl_dma.o (.text.DL_DMA_initChannel)
                  000021d8    0000004c     ti_msp_dl_config.o (.text.DL_UART_setBaudRateDivisor)
                  00002224    0000004c     empty.o (.text.main)
                  00002270    00000048     driverlib.a : dl_uart.o (.text.DL_UART_init)
                  000022b8    00000044     bsp_CAN.o (.text.CANFD0_IRQHandler)
                  000022fc    00000044     driverlib.a : dl_mcan.o (.text.DL_MCAN_getRevisionId)
                  00002340    00000044                 : dl_sysctl_mspm0g1x0x_g3x0x.o (.text.DL_SYSCTL_switchMCLKfromSYSOSCtoHSCLK)
                  00002384    00000040                 : dl_mcan.o (.text.DL_MCAN_writeRxFIFOAck)
                  000023c4    00000040     libclang_rt.builtins.a : aeabi_uidivmod.S.obj (.text.__aeabi_uidivmod)
                  00002404    0000003c     ti_msp_dl_config.o (.text.DL_Timer_setCounterControl)
                  00002440    0000003c     libclang_rt.builtins.a : floatsisf.S.obj (.text.__floatsisf)
                  0000247c    0000003c                            : comparesf2.S.obj (.text.__gtsf2)
                  000024b8    0000003c     libc.a : autoinit.c.obj (.text:__TI_auto_init_nobinit_nopinit)
                  000024f4    0000003a     libclang_rt.builtins.a : comparesf2.S.obj (.text.__eqsf2)
                  0000252e    00000002     --HOLE-- [fill = 0]
                  00002530    0000003a                            : muldsi3.S.obj (.text.__muldsi3)
                  0000256a    00000002     --HOLE-- [fill = 0]
                  0000256c    00000038     driverlib.a : dl_mcan.o (.text.DL_MCAN_getRxFIFOStatus)
                  000025a4    00000038     libclang_rt.builtins.a : fixsfsi.S.obj (.text.__fixsfsi)
                  000025dc    00000034     driverlib.a : dl_mcan.o (.text.DL_MCAN_TXBufAddReq)
                  00002610    00000034                 : dl_mcan.o (.text.DL_MCAN_setExtIDAndMask)
                  00002644    00000030     bsp_UART.o (.text.DL_DMA_setTransferSize)
                  00002674    00000030     ti_msp_dl_config.o (.text.DL_GPIO_initDigitalOutputFeatures)
                  000026a4    00000030     ti_msp_dl_config.o (.text.SYSCFG_DL_DMA_CH0_init)
                  000026d4    00000030     ti_msp_dl_config.o (.text.SYSCFG_DL_DMA_CH1_init)
                  00002704    0000002c     driverlib.a : dl_mcan.o (.text.DL_MCAN_TXBufTransIntrEnable)
                  00002730    0000002c                 : dl_mcan.o (.text.DL_MCAN_addExtMsgIDFilter)
                  0000275c    0000002c                 : dl_mcan.o (.text.DL_MCAN_addStdMsgIDFilter)
                  00002788    0000002c     empty.o (.text.__NVIC_EnableIRQ)
                  000027b4    00000028     ti_msp_dl_config.o (.text.DL_Common_updateReg)
                  000027dc    00000028     bsp_UART.o (.text.DL_DMA_setDestAddr)
                  00002804    00000028     bsp_UART.o (.text.DL_DMA_setSrcAddr)
                  0000282c    00000028     ti_msp_dl_config.o (.text.DL_I2C_setControllerRXFIFOThreshold)
                  00002854    00000028     ti_msp_dl_config.o (.text.DL_I2C_setControllerTXFIFOThreshold)
                  0000287c    00000028     driverlib.a : dl_timer.o (.text.DL_Timer_setCaptureCompareCtl)
                  000028a4    00000028     ti_msp_dl_config.o (.text.DL_Timer_setCounterMode)
                  000028cc    00000028     ti_msp_dl_config.o (.text.DL_Timer_setCounterRepeatMode)
                  000028f4    00000028     ti_msp_dl_config.o (.text.DL_UART_setRXFIFOThreshold)
                  0000291c    00000028     ti_msp_dl_config.o (.text.DL_UART_setTXFIFOThreshold)
                  00002944    00000028     libclang_rt.builtins.a : floatunsisf.S.obj (.text.__floatunsisf)
                  0000296c    00000028     libc.a : boot_cortex_m.c.obj (.text:_c_int00_noargs)
                  00002994    00000026     bsp_UART.o (.text.DL_DMA_disableChannel)
                  000029ba    00000026     bsp_UART.o (.text.DL_DMA_enableChannel)
                  000029e0    00000026     ti_msp_dl_config.o (.text.DL_I2C_setAnalogGlitchFilterPulseWidth)
                  00002a06    00000026     driverlib.a : dl_i2c.o (.text.DL_I2C_setClockConfig)
                  00002a2c    00000024     bsp_UART.o (.text.DL_DMA_getTransferSize)
                  00002a50    00000024     driverlib.a : dl_mcan.o (.text.DL_MCAN_setClockConfig)
                  00002a74    00000024     ti_msp_dl_config.o (.text.DL_UART_setRXInterruptTimeout)
                  00002a98    00000024     libclang_rt.builtins.a : floatunsidf.S.obj (.text.__floatunsidf)
                  00002abc    00000020     ti_msp_dl_config.o (.text.DL_GPIO_initPeripheralInputFunction)
                  00002adc    00000020     driverlib.a : dl_mcan.o (.text.DL_MCAN_getTxFIFOQueStatus)
                  00002afc    00000020     ti_msp_dl_config.o (.text.DL_SYSCTL_setFlashWaitState)
                  00002b1c    00000020     ti_msp_dl_config.o (.text.DL_Timer_setCounterValueAfterEnable)
                  00002b3c    0000001e     ti_msp_dl_config.o (.text.DL_UART_setOversampling)
                  00002b5a    00000002     --HOLE-- [fill = 0]
                  00002b5c    0000001c     ti_msp_dl_config.o (.text.DL_DMA_enableInterrupt)
                  00002b78    0000001c     ti_msp_dl_config.o (.text.DL_GPIO_enableHiZ)
                  00002b94    0000001c     ti_msp_dl_config.o (.text.DL_GPIO_initPeripheralOutputFunction)
                  00002bb0    0000001c     ti_msp_dl_config.o (.text.DL_MCAN_enableInterrupt)
                  00002bcc    0000001c     driverlib.a : dl_mcan.o (.text.DL_MCAN_enableIntr)
                  00002be8    0000001c                 : dl_mcan.o (.text.DL_MCAN_enableIntrLine)
                  00002c04    0000001c                 : dl_mcan.o (.text.DL_MCAN_selectIntrLine)
                  00002c20    0000001c                 : dl_sysctl_mspm0g1x0x_g3x0x.o (.text.DL_SYSCTL_configFCC)
                  00002c3c    0000001c     ti_msp_dl_config.o (.text.DL_SYSCTL_setFCCPeriods)
                  00002c58    0000001c     ti_msp_dl_config.o (.text.DL_SYSCTL_setSYSOSCFreq)
                  00002c74    0000001c     ti_msp_dl_config.o (.text.DL_SYSCTL_setULPCLKDivider)
                  00002c90    0000001c     driverlib.a : dl_timer.o (.text.DL_Timer_setCaptCompUpdateMethod)
                  00002cac    0000001c                 : dl_timer.o (.text.DL_Timer_setCaptureCompareInputFilter)
                  00002cc8    0000001c                 : dl_timer.o (.text.DL_Timer_setClockConfig)
                  00002ce4    0000001c     ti_msp_dl_config.o (.text.DL_UART_enableInterrupt)
                  00002d00    0000001a     driverlib.a : dl_timer.o (.text.DL_Timer_setCaptureCompareInput)
                  00002d1a    00000002     --HOLE-- [fill = 0]
                  00002d1c    00000018     ti_msp_dl_config.o (.text.DL_DMA_clearInterruptStatus)
                  00002d34    00000018     ti_msp_dl_config.o (.text.DL_GPIO_enableOutput)
                  00002d4c    00000018     ti_msp_dl_config.o (.text.DL_GPIO_enablePower)
                  00002d64    00000018     ti_msp_dl_config.o (.text.DL_GPIO_initPeripheralAnalogFunction)
                  00002d7c    00000018     ti_msp_dl_config.o (.text.DL_GPIO_reset)
                  00002d94    00000018     empty.o (.text.DL_GPIO_setPins)
                  00002dac    00000018     ti_msp_dl_config.o (.text.DL_I2C_enableAnalogGlitchFilter)
                  00002dc4    00000018     ti_msp_dl_config.o (.text.DL_I2C_enableController)
                  00002ddc    00000018     ti_msp_dl_config.o (.text.DL_I2C_enableControllerClockStretching)
                  00002df4    00000018     ti_msp_dl_config.o (.text.DL_I2C_enablePower)
                  00002e0c    00000018     ti_msp_dl_config.o (.text.DL_I2C_reset)
                  00002e24    00000018     ti_msp_dl_config.o (.text.DL_I2C_setTimerPeriod)
                  00002e3c    00000018     ti_msp_dl_config.o (.text.DL_MCAN_clearInterruptStatus)
                  00002e54    00000018     ti_msp_dl_config.o (.text.DL_MCAN_enablePower)
                  00002e6c    00000018     ti_msp_dl_config.o (.text.DL_MCAN_reset)
                  00002e84    00000018     driverlib.a : dl_mcan.o (.text.DL_MCAN_setOpMode)
                  00002e9c    00000018     ti_msp_dl_config.o (.text.DL_SYSCTL_setBORThreshold)
                  00002eb4    00000018     ti_msp_dl_config.o (.text.DL_Timer_enablePower)
                  00002ecc    00000018     ti_msp_dl_config.o (.text.DL_Timer_enableShadowFeatures)
                  00002ee4    00000018     ti_msp_dl_config.o (.text.DL_Timer_reset)
                  00002efc    00000018     driverlib.a : dl_timer.o (.text.DL_Timer_setCaptureCompareOutCtl)
                  00002f14    00000018     ti_msp_dl_config.o (.text.DL_Timer_setLoadValue)
                  00002f2c    00000018     ti_msp_dl_config.o (.text.DL_Timer_startCounter)
                  00002f44    00000018     ti_msp_dl_config.o (.text.DL_UART_enableDMAReceiveEvent)
                  00002f5c    00000018     ti_msp_dl_config.o (.text.DL_UART_enableDMATransmitEvent)
                  00002f74    00000018     ti_msp_dl_config.o (.text.DL_UART_enableFIFOs)
                  00002f8c    00000018     ti_msp_dl_config.o (.text.DL_UART_enablePower)
                  00002fa4    00000018     ti_msp_dl_config.o (.text.DL_UART_reset)
                  00002fbc    00000016     ti_msp_dl_config.o (.text.DL_UART_enable)
                  00002fd2    00000016     libc.a : copy_zero_init.c.obj (.text:decompress:ZI:__TI_zero_init_nomemset)
                  00002fe8    00000014     ti_msp_dl_config.o (.text.DL_GPIO_clearPins)
                  00002ffc    00000014     ti_msp_dl_config.o (.text.DL_I2C_resetControllerTransfer)
                  00003010    00000014     driverlib.a : dl_mcan.o (.text.DL_MCAN_clearIntrStatus)
                  00003024    00000014     bsp_CAN.o (.text.DL_MCAN_getPendingInterrupt)
                  00003038    00000014     ti_msp_dl_config.o (.text.DL_SYSCTL_disableSYSPLL)
                  0000304c    00000014     ti_msp_dl_config.o (.text.DL_SYSCTL_enableSYSPLL)
                  00003060    00000014     driverlib.a : dl_timer.o (.text.DL_Timer_enableCaptureCompareInputFilter)
                  00003074    00000014     ti_msp_dl_config.o (.text.DL_Timer_enableClock)
                  00003088    00000014     ti_msp_dl_config.o (.text.DL_Timer_setCCPDirection)
                  0000309c    00000012     ti_msp_dl_config.o (.text.DL_MCAN_enableModuleClock)
                  000030ae    00000012     bsp_UART.o (.text.DL_UART_getPendingInterrupt)
                  000030c0    00000012     driverlib.a : dl_uart.o (.text.DL_UART_setClockConfig)
                  000030d2    00000012     libc.a : memcpy16.S.obj (.text:TI_memcpy_small)
                  000030e4    00000012            : copy_decompress_none.c.obj (.text:decompress:none)
                  000030f6    00000002     --HOLE-- [fill = 0]
                  000030f8    00000010     driverlib.a : dl_mcan.o (.text.DL_MCAN_getOpMode)
                  00003108    00000010                 : dl_mcan.o (.text.DL_MCAN_isMemInitDone)
                  00003118    00000010     ti_msp_dl_config.o (.text.DL_SYSCTL_disableHFXT)
                  00003128    00000010     ti_msp_dl_config.o (.text.DL_SYSCTL_isFCCDone)
                  00003138    00000010     ti_msp_dl_config.o (.text.DL_SYSCTL_startFCC)
                  00003148    00000010     driverlib.a : dl_timer.o (.text.DL_Timer_getCaptureCompareValue)
                  00003158    00000010     bsp_PWM.o (.text.DL_Timer_getTimerCount)
                  00003168    00000010     driverlib.a : dl_timer.o (.text.DL_Timer_setCaptureCompareValue)
                  00003178    00000010     ti_msp_dl_config.o (.text.SYSCFG_DL_SYSTICK_init)
                  00003188    0000000c     driverlib.a : dl_mcan.o (.text.DL_MCAN_getIntrStatus)
                  00003194    0000000c     ti_msp_dl_config.o (.text.DL_SYSCTL_getClockStatus)
                  000031a0    0000000c     ti_msp_dl_config.o (.text.DL_SYSCTL_readFCC)
                  000031ac    0000000c     ti_msp_dl_config.o (.text.SYSCFG_DL_DMA_init)
                  000031b8    0000000a     driverlib.a : dl_common.o (.text.DL_Common_delayCycles)
                  000031c2    00000002     --HOLE-- [fill = 0]
                  000031c4    00000008     libclang_rt.builtins.a : aeabi_memcpy.S.obj (.text.__aeabi_memcpy)
                  000031cc    00000006     libc.a : exit.c.obj (.text:abort)
                  000031d2    00000004     startup_mspm0g350x_ticlang.o (.text.Default_Handler)
                  000031d6    00000004     libsysbm.a : hostexit.c.obj (.text.HOSTexit)
                  000031da    00000004     startup_mspm0g350x_ticlang.o (.text.Reset_Handler)
                  000031de    00000002     --HOLE-- [fill = 0]
                  000031e0    00000010     libc.a : boot_cortex_m.c.obj (.tramp._c_int00_noargs.1)
                  000031f0    00000004            : pre_init.c.obj (.text._system_pre_init)
                  000031f4    00000004     --HOLE-- [fill = 0]

.cinit     0    000033c0    00000038     
                  000033c0    00000012     (.cinit..data.load) [load image, compression = lzss]
                  000033d2    00000002     --HOLE-- [fill = 0]
                  000033d4    0000000c     (__TI_handler_table)
                  000033e0    00000008     (.cinit..bss.load) [load image, compression = zero_init]
                  000033e8    00000010     (__TI_cinit_table)

.rodata    0    000031f8    000001c8     
                  000031f8    00000060     ti_msp_dl_config.o (.rodata.gMCAN0MsgRAMConfigParams)
                  00003258    00000040     driverlib.a : dl_mcan.o (.rodata..L__const.DL_MCAN_getDataSize.dataSize)
                  00003298    00000034     ti_msp_dl_config.o (.rodata.gMCAN0InitParams)
                  000032cc    00000028     ti_msp_dl_config.o (.rodata.gSYSPLLConfig)
                  000032f4    00000020     driverlib.a : dl_mcan.o (.rodata.cst32)
                  00003314    00000020     ti_msp_dl_config.o (.rodata.gMCAN0BitTimes)
                  00003334    00000018     ti_msp_dl_config.o (.rodata.gDMA_CH0Config)
                  0000334c    00000018     ti_msp_dl_config.o (.rodata.gDMA_CH1Config)
                  00003364    00000010     ti_msp_dl_config.o (.rodata.gMCAN0ExtFiltelem)
                  00003374    00000010     ti_msp_dl_config.o (.rodata.gMCAN0StdFiltelem)
                  00003384    0000000a     ti_msp_dl_config.o (.rodata.gUART_0Config)
                  0000338e    00000002     ti_msp_dl_config.o (.rodata.gI2C_OLEDClockConfig)
                  00003390    00000008     ti_msp_dl_config.o (.rodata.gFRONT_OUTConfig)
                  00003398    00000008     ti_msp_dl_config.o (.rodata.gRL_OUTConfig)
                  000033a0    00000008     ti_msp_dl_config.o (.rodata.gRR_OUTConfig)
                  000033a8    00000004     ti_msp_dl_config.o (.rodata.gMCAN0ClockConf)
                  000033ac    00000003     ti_msp_dl_config.o (.rodata.gFFRONT_INClockConfig)
                  000033af    00000003     ti_msp_dl_config.o (.rodata.gFRONT_OUTClockConfig)
                  000033b2    00000003     ti_msp_dl_config.o (.rodata.gLFCLKConfig)
                  000033b5    00000003     ti_msp_dl_config.o (.rodata.gREAR_INClockConfig)
                  000033b8    00000003     ti_msp_dl_config.o (.rodata.gRL_OUTClockConfig)
                  000033bb    00000003     ti_msp_dl_config.o (.rodata.gRR_OUTClockConfig)
                  000033be    00000002     ti_msp_dl_config.o (.rodata.gUART_0ClockConfig)

.init_array 
*          0    00000000    00000000     UNINITIALIZED

.binit     0    00000000    00000000     

.bss       0    20200000    000003b4     UNINITIALIZED
                  20200000    000000bc     (.common:gFRONT_OUTBackup)
                  202000bc    000000bc     (.common:gRL_OUTBackup)
                  20200178    000000a0     (.common:gREAR_INBackup)
                  20200218    000000a0     (.common:gRR_OUTBackup)
                  202002b8    00000098     (.common:gMCAN0Backup)
                  20200350    00000064     (.common:uart_rx_buff)

.data      0    202003b4    0000005d     UNINITIALIZED
                  202003b4    00000010     bsp_PWM.o (.data.g_motor)
                  202003c4    00000010     bsp_PWM.o (.data.motor_get_speed.last_count)
                  202003d4    00000010     bsp_PWM.o (.data.motor_get_speed.last_period)
                  202003e4    00000010     bsp_PWM.o (.data.motor_get_speed.last_rpm)
                  202003f4    00000004     empty.o (.data.g_tick)
                  202003f8    00000004     empty.o (.data.speed_fl)
                  202003fc    00000004     empty.o (.data.speed_fr)
                  20200400    00000004     empty.o (.data.speed_rl)
                  20200404    00000004     empty.o (.data.speed_rr)
                  20200408    00000002     bsp_UART.o (.data.rx_size)
                  2020040a    00000001     empty.o (.data.g_flag_100hz)
                  2020040b    00000001     bsp_UART.o (.data.uart_isIDLE.rx_last_size)
                  2020040c    00000001     bsp_UART.o (.data.uart_isIDLE.stable_count)
                  2020040d    00000001     bsp_UART.o (.data.uart_rx_dma_complete_flag)
                  2020040e    00000001     bsp_UART.o (.data.uart_rx_length)
                  2020040f    00000001     bsp_UART.o (.data.uart_tx_complete_flag)
                  20200410    00000001     bsp_UART.o (.data.uart_tx_dma_complete_flag)

.stack     0    20207e00    00000200     UNINITIALIZED
                  20207e00    00000004     libc.a : boot_cortex_m.c.obj (.stack)
                  20207e04    000001fc     --HOLE--

__llvm_prf_cnts 
*          0    20200000    00000000     UNINITIALIZED

__llvm_prf_bits 
*          0    20200000    00000000     UNINITIALIZED

MODULE SUMMARY

       Module                         code    ro data   rw data
       ------                         ----    -------   -------
    .\
       ti_msp_dl_config.o             4500    360       848    
       empty.o                        260     0         21     
       startup_mspm0g350x_ticlang.o   8       192       0      
    +--+------------------------------+-------+---------+---------+
       Total:                         4768    552       869    
                                                               
    .\User\bsp\Src\
       bsp_PWM.o                      1208    0         64     
       bsp_UART.o                     794     0         108    
       bsp_CAN.o                      796     0         0      
    +--+------------------------------+-------+---------+---------+
       Total:                         2798    0         172    
                                                               
    E:/TI/CCS/mspm0_sdk_2_10_00_04/source/ti/driverlib/lib/ticlang/m0p/mspm0g1x0x_g3x0x/driverlib.a
       dl_mcan.o                      2144    96        0      
       dl_sysctl_mspm0g1x0x_g3x0x.o   512     0         0      
       dl_timer.o                     486     0         0      
       dl_uart.o                      90      0         0      
       dl_dma.o                       76      0         0      
       dl_i2c.o                       38      0         0      
       dl_common.o                    10      0         0      
    +--+------------------------------+-------+---------+---------+
       Total:                         3356    96        0      
                                                               
    E:\TI\CCS\ccs\tools\compiler\ti-cgt-armllvm_4.0.4.LTS\lib\armv6m-ti-none-eabi/c/libc.a
       copy_decompress_lzss.c.obj     124     0         0      
       autoinit.c.obj                 60      0         0      
       boot_cortex_m.c.obj            56      0         0      
       copy_zero_init.c.obj           22      0         0      
       copy_decompress_none.c.obj     18      0         0      
       memcpy16.S.obj                 18      0         0      
       exit.c.obj                     6       0         0      
       pre_init.c.obj                 4       0         0      
    +--+------------------------------+-------+---------+---------+
       Total:                         308     0         0      
                                                               
    E:\TI\CCS\ccs\tools\compiler\ti-cgt-armllvm_4.0.4.LTS\lib\armv6m-ti-none-eabi/c/libsysbm.a
       hostexit.c.obj                 4       0         0      
    +--+------------------------------+-------+---------+---------+
       Total:                         4       0         0      
                                                               
    E:\TI\CCS\ccs\tools\compiler\ti-cgt-armllvm_4.0.4.LTS\lib\armv6m-ti-none-eabi/libclang_rt.builtins.a
       comparedf2.c.obj               220     0         0      
       addsf3.S.obj                   216     0         0      
       mulsf3.S.obj                   140     0         0      
       divsf3.S.obj                   130     0         0      
       comparesf2.S.obj               118     0         0      
       aeabi_dcmp.S.obj               98      0         0      
       aeabi_fcmp.S.obj               98      0         0      
       aeabi_uidivmod.S.obj           64      0         0      
       floatsisf.S.obj                60      0         0      
       muldsi3.S.obj                  58      0         0      
       fixsfsi.S.obj                  56      0         0      
       floatunsisf.S.obj              40      0         0      
       floatunsidf.S.obj              36      0         0      
       aeabi_memcpy.S.obj             8       0         0      
       aeabi_div0.c.obj               2       0         0      
    +--+------------------------------+-------+---------+---------+
       Total:                         1344    0         0      
                                                               
       Stack:                         0       0         512    
       Linker Generated:              0       54        0      
    +--+------------------------------+-------+---------+---------+
       Grand Total:                   12578   702       1553   


LINKER GENERATED COPY TABLES

__TI_cinit_table @ 000033e8 records: 2, size/record: 8, table size: 16
	.data: load addr=000033c0, load size=00000012 bytes, run addr=202003b4, run size=0000005d bytes, compression=lzss
	.bss: load addr=000033e0, load size=00000008 bytes, run addr=20200000, run size=000003b4 bytes, compression=zero_init


LINKER GENERATED HANDLER TABLE

__TI_handler_table @ 000033d4 records: 3, size/record: 4, table size: 12
	index: 0, handler: __TI_decompress_lzss
	index: 1, handler: __TI_decompress_none
	index: 2, handler: __TI_zero_init


FAR CALL TRAMPOLINES

callee name               trampoline name
   callee addr  tramp addr   call addr  call info
--------------  -----------  ---------  ----------------
_c_int00_noargs           $Tramp$TT$L$PI$$_c_int00_noargs
   0000296d     000031e0     000031da   startup_mspm0g350x_ticlang.o (.text.Reset_Handler)

[1 trampolines]
[1 trampoline calls]


GLOBAL SYMBOLS: SORTED ALPHABETICALLY BY Name 

address   name                                    
-------   ----                                    
000031d3  ADC0_IRQHandler                         
000031d3  ADC1_IRQHandler                         
000031d3  AES_IRQHandler                          
000031d6  C$$EXIT                                 
000022b9  CANFD0_IRQHandler                       
00001209  CAN_Rx_FIFO0_New_Message_Callback       
0000139d  CAN_send_ext_frame                      
00001459  CAN_send_std_frame                      
000031d3  DAC0_IRQHandler                         
000031b9  DL_Common_delayCycles                   
0000218d  DL_DMA_initChannel                      
00002a07  DL_I2C_setClockConfig                   
000025dd  DL_MCAN_TXBufAddReq                     
00002705  DL_MCAN_TXBufTransIntrEnable            
00002731  DL_MCAN_addExtMsgIDFilter               
0000275d  DL_MCAN_addStdMsgIDFilter               
00003011  DL_MCAN_clearIntrStatus                 
00002bcd  DL_MCAN_enableIntr                      
00002be9  DL_MCAN_enableIntrLine                  
00003189  DL_MCAN_getIntrStatus                   
000030f9  DL_MCAN_getOpMode                       
000022fd  DL_MCAN_getRevisionId                   
0000256d  DL_MCAN_getRxFIFOStatus                 
00002add  DL_MCAN_getTxFIFOQueStatus              
00000dcd  DL_MCAN_init                            
00003109  DL_MCAN_isMemInitDone                   
000002dd  DL_MCAN_msgRAMConfig                    
0000080d  DL_MCAN_readMsgRam                      
00002c05  DL_MCAN_selectIntrLine                  
00000f85  DL_MCAN_setBitTime                      
00002a51  DL_MCAN_setClockConfig                  
00002611  DL_MCAN_setExtIDAndMask                 
00002e85  DL_MCAN_setOpMode                       
00000a1d  DL_MCAN_writeMsgRam                     
00002385  DL_MCAN_writeRxFIFOAck                  
00002c21  DL_SYSCTL_configFCC                     
00000ea9  DL_SYSCTL_configSYSPLL                  
00001e01  DL_SYSCTL_setHFCLKSourceHFXTParams      
00001f2d  DL_SYSCTL_setLFCLKSourceLFXT            
00002341  DL_SYSCTL_switchMCLKfromSYSOSCtoHSCLK   
00003061  DL_Timer_enableCaptureCompareInputFilter
00003149  DL_Timer_getCaptureCompareValue         
00000919  DL_Timer_initFourCCPWMMode              
00002c91  DL_Timer_setCaptCompUpdateMethod        
0000287d  DL_Timer_setCaptureCompareCtl           
00002d01  DL_Timer_setCaptureCompareInput         
00002cad  DL_Timer_setCaptureCompareInputFilter   
00002efd  DL_Timer_setCaptureCompareOutCtl        
00003169  DL_Timer_setCaptureCompareValue         
00002cc9  DL_Timer_setClockConfig                 
00002271  DL_UART_init                            
000030c1  DL_UART_setClockConfig                  
000031d3  DMA_IRQHandler                          
000031d3  Default_Handler                         
000031d3  GROUP0_IRQHandler                       
000031d3  GROUP1_IRQHandler                       
000031d7  HOSTexit                                
000031d3  HardFault_Handler                       
000031d3  I2C0_IRQHandler                         
000031d3  I2C1_IRQHandler                         
000031d3  NMI_Handler                             
000031d3  PendSV_Handler                          
000031d3  RTC_IRQHandler                          
000031db  Reset_Handler                           
000031d3  SPI0_IRQHandler                         
000031d3  SPI1_IRQHandler                         
000031d3  SVC_Handler                             
000026a5  SYSCFG_DL_DMA_CH0_init                  
000026d5  SYSCFG_DL_DMA_CH1_init                  
000031ad  SYSCFG_DL_DMA_init                      
00001515  SYSCFG_DL_FFRONT_IN_init                
00000bfd  SYSCFG_DL_FRONT_OUT_init                
000006a9  SYSCFG_DL_GPIO_init                     
00001fed  SYSCFG_DL_I2C_OLED_init                 
00000b11  SYSCFG_DL_MCAN0_init                    
000015cd  SYSCFG_DL_REAR_IN_init                  
00001721  SYSCFG_DL_RL_OUT_init                   
00001685  SYSCFG_DL_RR_OUT_init                   
00000ce5  SYSCFG_DL_SYSCTL_SYSPLL_init            
000019e1  SYSCFG_DL_SYSCTL_init                   
00003179  SYSCFG_DL_SYSTICK_init                  
00001bd1  SYSCFG_DL_UART_0_init                   
00001d31  SYSCFG_DL_init                          
000012d9  SYSCFG_DL_initPower                     
00001c49  SysTick_Handler                         
000031d3  TIMA0_IRQHandler                        
000031d3  TIMA1_IRQHandler                        
000031d3  TIMG0_IRQHandler                        
000031d3  TIMG12_IRQHandler                       
000031d3  TIMG6_IRQHandler                        
000031d3  TIMG7_IRQHandler                        
000031d3  TIMG8_IRQHandler                        
000030d3  TI_memcpy_small                         
00001a5d  UART0_IRQHandler                        
000031d3  UART1_IRQHandler                        
000031d3  UART2_IRQHandler                        
000031d3  UART3_IRQHandler                        
00002045  UART_Rx_DMA_ToIdle_Callback             
20208000  __STACK_END                             
00000200  __STACK_SIZE                            
00000000  __TI_ATRegion0_region_sz                
00000000  __TI_ATRegion0_src_addr                 
00000000  __TI_ATRegion0_trg_addr                 
00000000  __TI_ATRegion1_region_sz                
00000000  __TI_ATRegion1_src_addr                 
00000000  __TI_ATRegion1_trg_addr                 
00000000  __TI_ATRegion2_region_sz                
00000000  __TI_ATRegion2_src_addr                 
00000000  __TI_ATRegion2_trg_addr                 
000033e8  __TI_CINIT_Base                         
000033f8  __TI_CINIT_Limit                        
000033f8  __TI_CINIT_Warm                         
000033d4  __TI_Handler_Table_Base                 
000033e0  __TI_Handler_Table_Limit                
000024b9  __TI_auto_init_nobinit_nopinit          
00001b55  __TI_decompress_lzss                    
000030e5  __TI_decompress_none                    
ffffffff  __TI_pprof_out_hndl                     
ffffffff  __TI_prof_data_size                     
ffffffff  __TI_prof_data_start                    
00000000  __TI_static_base__                      
00002fd3  __TI_zero_init_nomemset                 
00001067  __addsf3                                
00001e65  __aeabi_dcmpeq                          
00001ea1  __aeabi_dcmpge                          
00001eb5  __aeabi_dcmpgt                          
00001e8d  __aeabi_dcmple                          
00001e79  __aeabi_dcmplt                          
000025a5  __aeabi_f2iz                            
00001067  __aeabi_fadd                            
00001ec9  __aeabi_fcmpeq                          
00001f05  __aeabi_fcmpge                          
00001f19  __aeabi_fcmpgt                          
00001ef1  __aeabi_fcmple                          
00001edd  __aeabi_fcmplt                          
0000195d  __aeabi_fdiv                            
0000184d  __aeabi_fmul                            
0000105d  __aeabi_fsub                            
00002441  __aeabi_i2f                             
000019df  __aeabi_idiv0                           
000031c5  __aeabi_memcpy                          
000031c5  __aeabi_memcpy4                         
000031c5  __aeabi_memcpy8                         
00002a99  __aeabi_ui2d                            
00002945  __aeabi_ui2f                            
000023c5  __aeabi_uidiv                           
000023c5  __aeabi_uidivmod                        
ffffffff  __binit__                               
00001d99  __cmpdf2                                
000024f5  __cmpsf2                                
0000195d  __divsf3                                
00001d99  __eqdf2                                 
000024f5  __eqsf2                                 
000025a5  __fixsfsi                               
00002441  __floatsisf                             
00002a99  __floatunsidf                           
00002945  __floatunsisf                           
00001cbd  __gedf2                                 
0000247d  __gesf2                                 
00001cbd  __gtdf2                                 
0000247d  __gtsf2                                 
00001d99  __ledf2                                 
000024f5  __lesf2                                 
00001d99  __ltdf2                                 
000024f5  __ltsf2                                 
UNDEFED   __mpu_init                              
00002531  __muldsi3                               
0000184d  __mulsf3                                
00001d99  __nedf2                                 
000024f5  __nesf2                                 
20207e00  __stack                                 
20200000  __start___llvm_prf_bits                 
20200000  __start___llvm_prf_cnts                 
20200000  __stop___llvm_prf_bits                  
20200000  __stop___llvm_prf_cnts                  
0000105d  __subsf3                                
0000296d  _c_int00_noargs                         
UNDEFED   _system_post_cinit                      
000031f1  _system_pre_init                        
000031cd  abort                                   
ffffffff  binit                                   
20200000  gFRONT_OUTBackup                        
202002b8  gMCAN0Backup                            
20200178  gREAR_INBackup                          
202000bc  gRL_OUTBackup                           
20200218  gRR_OUTBackup                           
2020040a  g_flag_100hz                            
202003f4  g_tick                                  
00001ad9  handleCanRxMessage                      
00000000  interruptVectors                        
00002225  main                                    
00001135  motor_brake                             
000000c1  motor_get_speed                         
000004f1  motor_set                               
20200408  rx_size                                 
202003f8  speed_fl                                
202003fc  speed_fr                                
20200400  speed_rl                                
20200404  speed_rr                                
000017b9  uart_isIDLE                             
00002099  uart_receive_start                      
20200350  uart_rx_buff                            
2020040d  uart_rx_dma_complete_flag               
2020040e  uart_rx_length                          
00001f8d  uart_send                               
2020040f  uart_tx_complete_flag                   
20200410  uart_tx_dma_complete_flag               


GLOBAL SYMBOLS: SORTED BY Symbol Address 

address   name                                    
-------   ----                                    
00000000  __TI_ATRegion0_region_sz                
00000000  __TI_ATRegion0_src_addr                 
00000000  __TI_ATRegion0_trg_addr                 
00000000  __TI_ATRegion1_region_sz                
00000000  __TI_ATRegion1_src_addr                 
00000000  __TI_ATRegion1_trg_addr                 
00000000  __TI_ATRegion2_region_sz                
00000000  __TI_ATRegion2_src_addr                 
00000000  __TI_ATRegion2_trg_addr                 
00000000  __TI_static_base__                      
00000000  interruptVectors                        
000000c1  motor_get_speed                         
00000200  __STACK_SIZE                            
000002dd  DL_MCAN_msgRAMConfig                    
000004f1  motor_set                               
000006a9  SYSCFG_DL_GPIO_init                     
0000080d  DL_MCAN_readMsgRam                      
00000919  DL_Timer_initFourCCPWMMode              
00000a1d  DL_MCAN_writeMsgRam                     
00000b11  SYSCFG_DL_MCAN0_init                    
00000bfd  SYSCFG_DL_FRONT_OUT_init                
00000ce5  SYSCFG_DL_SYSCTL_SYSPLL_init            
00000dcd  DL_MCAN_init                            
00000ea9  DL_SYSCTL_configSYSPLL                  
00000f85  DL_MCAN_setBitTime                      
0000105d  __aeabi_fsub                            
0000105d  __subsf3                                
00001067  __addsf3                                
00001067  __aeabi_fadd                            
00001135  motor_brake                             
00001209  CAN_Rx_FIFO0_New_Message_Callback       
000012d9  SYSCFG_DL_initPower                     
0000139d  CAN_send_ext_frame                      
00001459  CAN_send_std_frame                      
00001515  SYSCFG_DL_FFRONT_IN_init                
000015cd  SYSCFG_DL_REAR_IN_init                  
00001685  SYSCFG_DL_RR_OUT_init                   
00001721  SYSCFG_DL_RL_OUT_init                   
000017b9  uart_isIDLE                             
0000184d  __aeabi_fmul                            
0000184d  __mulsf3                                
0000195d  __aeabi_fdiv                            
0000195d  __divsf3                                
000019df  __aeabi_idiv0                           
000019e1  SYSCFG_DL_SYSCTL_init                   
00001a5d  UART0_IRQHandler                        
00001ad9  handleCanRxMessage                      
00001b55  __TI_decompress_lzss                    
00001bd1  SYSCFG_DL_UART_0_init                   
00001c49  SysTick_Handler                         
00001cbd  __gedf2                                 
00001cbd  __gtdf2                                 
00001d31  SYSCFG_DL_init                          
00001d99  __cmpdf2                                
00001d99  __eqdf2                                 
00001d99  __ledf2                                 
00001d99  __ltdf2                                 
00001d99  __nedf2                                 
00001e01  DL_SYSCTL_setHFCLKSourceHFXTParams      
00001e65  __aeabi_dcmpeq                          
00001e79  __aeabi_dcmplt                          
00001e8d  __aeabi_dcmple                          
00001ea1  __aeabi_dcmpge                          
00001eb5  __aeabi_dcmpgt                          
00001ec9  __aeabi_fcmpeq                          
00001edd  __aeabi_fcmplt                          
00001ef1  __aeabi_fcmple                          
00001f05  __aeabi_fcmpge                          
00001f19  __aeabi_fcmpgt                          
00001f2d  DL_SYSCTL_setLFCLKSourceLFXT            
00001f8d  uart_send                               
00001fed  SYSCFG_DL_I2C_OLED_init                 
00002045  UART_Rx_DMA_ToIdle_Callback             
00002099  uart_receive_start                      
0000218d  DL_DMA_initChannel                      
00002225  main                                    
00002271  DL_UART_init                            
000022b9  CANFD0_IRQHandler                       
000022fd  DL_MCAN_getRevisionId                   
00002341  DL_SYSCTL_switchMCLKfromSYSOSCtoHSCLK   
00002385  DL_MCAN_writeRxFIFOAck                  
000023c5  __aeabi_uidiv                           
000023c5  __aeabi_uidivmod                        
00002441  __aeabi_i2f                             
00002441  __floatsisf                             
0000247d  __gesf2                                 
0000247d  __gtsf2                                 
000024b9  __TI_auto_init_nobinit_nopinit          
000024f5  __cmpsf2                                
000024f5  __eqsf2                                 
000024f5  __lesf2                                 
000024f5  __ltsf2                                 
000024f5  __nesf2                                 
00002531  __muldsi3                               
0000256d  DL_MCAN_getRxFIFOStatus                 
000025a5  __aeabi_f2iz                            
000025a5  __fixsfsi                               
000025dd  DL_MCAN_TXBufAddReq                     
00002611  DL_MCAN_setExtIDAndMask                 
000026a5  SYSCFG_DL_DMA_CH0_init                  
000026d5  SYSCFG_DL_DMA_CH1_init                  
00002705  DL_MCAN_TXBufTransIntrEnable            
00002731  DL_MCAN_addExtMsgIDFilter               
0000275d  DL_MCAN_addStdMsgIDFilter               
0000287d  DL_Timer_setCaptureCompareCtl           
00002945  __aeabi_ui2f                            
00002945  __floatunsisf                           
0000296d  _c_int00_noargs                         
00002a07  DL_I2C_setClockConfig                   
00002a51  DL_MCAN_setClockConfig                  
00002a99  __aeabi_ui2d                            
00002a99  __floatunsidf                           
00002add  DL_MCAN_getTxFIFOQueStatus              
00002bcd  DL_MCAN_enableIntr                      
00002be9  DL_MCAN_enableIntrLine                  
00002c05  DL_MCAN_selectIntrLine                  
00002c21  DL_SYSCTL_configFCC                     
00002c91  DL_Timer_setCaptCompUpdateMethod        
00002cad  DL_Timer_setCaptureCompareInputFilter   
00002cc9  DL_Timer_setClockConfig                 
00002d01  DL_Timer_setCaptureCompareInput         
00002e85  DL_MCAN_setOpMode                       
00002efd  DL_Timer_setCaptureCompareOutCtl        
00002fd3  __TI_zero_init_nomemset                 
00003011  DL_MCAN_clearIntrStatus                 
00003061  DL_Timer_enableCaptureCompareInputFilter
000030c1  DL_UART_setClockConfig                  
000030d3  TI_memcpy_small                         
000030e5  __TI_decompress_none                    
000030f9  DL_MCAN_getOpMode                       
00003109  DL_MCAN_isMemInitDone                   
00003149  DL_Timer_getCaptureCompareValue         
00003169  DL_Timer_setCaptureCompareValue         
00003179  SYSCFG_DL_SYSTICK_init                  
00003189  DL_MCAN_getIntrStatus                   
000031ad  SYSCFG_DL_DMA_init                      
000031b9  DL_Common_delayCycles                   
000031c5  __aeabi_memcpy                          
000031c5  __aeabi_memcpy4                         
000031c5  __aeabi_memcpy8                         
000031cd  abort                                   
000031d3  ADC0_IRQHandler                         
000031d3  ADC1_IRQHandler                         
000031d3  AES_IRQHandler                          
000031d3  DAC0_IRQHandler                         
000031d3  DMA_IRQHandler                          
000031d3  Default_Handler                         
000031d3  GROUP0_IRQHandler                       
000031d3  GROUP1_IRQHandler                       
000031d3  HardFault_Handler                       
000031d3  I2C0_IRQHandler                         
000031d3  I2C1_IRQHandler                         
000031d3  NMI_Handler                             
000031d3  PendSV_Handler                          
000031d3  RTC_IRQHandler                          
000031d3  SPI0_IRQHandler                         
000031d3  SPI1_IRQHandler                         
000031d3  SVC_Handler                             
000031d3  TIMA0_IRQHandler                        
000031d3  TIMA1_IRQHandler                        
000031d3  TIMG0_IRQHandler                        
000031d3  TIMG12_IRQHandler                       
000031d3  TIMG6_IRQHandler                        
000031d3  TIMG7_IRQHandler                        
000031d3  TIMG8_IRQHandler                        
000031d3  UART1_IRQHandler                        
000031d3  UART2_IRQHandler                        
000031d3  UART3_IRQHandler                        
000031d6  C$$EXIT                                 
000031d7  HOSTexit                                
000031db  Reset_Handler                           
000031f1  _system_pre_init                        
000033d4  __TI_Handler_Table_Base                 
000033e0  __TI_Handler_Table_Limit                
000033e8  __TI_CINIT_Base                         
000033f8  __TI_CINIT_Limit                        
000033f8  __TI_CINIT_Warm                         
20200000  __start___llvm_prf_bits                 
20200000  __start___llvm_prf_cnts                 
20200000  __stop___llvm_prf_bits                  
20200000  __stop___llvm_prf_cnts                  
20200000  gFRONT_OUTBackup                        
202000bc  gRL_OUTBackup                           
20200178  gREAR_INBackup                          
20200218  gRR_OUTBackup                           
202002b8  gMCAN0Backup                            
20200350  uart_rx_buff                            
202003f4  g_tick                                  
202003f8  speed_fl                                
202003fc  speed_fr                                
20200400  speed_rl                                
20200404  speed_rr                                
20200408  rx_size                                 
2020040a  g_flag_100hz                            
2020040d  uart_rx_dma_complete_flag               
2020040e  uart_rx_length                          
2020040f  uart_tx_complete_flag                   
20200410  uart_tx_dma_complete_flag               
20207e00  __stack                                 
20208000  __STACK_END                             
ffffffff  __TI_pprof_out_hndl                     
ffffffff  __TI_prof_data_size                     
ffffffff  __TI_prof_data_start                    
ffffffff  __binit__                               
ffffffff  binit                                   
UNDEFED   __mpu_init                              
UNDEFED   _system_post_cinit                      

[207 symbols]
