<?xml version="1.0" encoding="ISO-8859-1" ?>
<link_info>
   <banner>TI ARM Clang Linker PC v4.0.4.LTS</banner>
   <copyright>Copyright (c) 1996-2018 Texas Instruments Incorporated</copyright>
   <command_line>E:\TI\CCS\ccs\tools\compiler\ti-cgt-armllvm_4.0.4.LTS\bin\tiarmlnk -IE:\TI\CCS\ccs\tools\compiler\ti-cgt-armllvm_4.0.4.LTS\lib -o test.out -mtest.map -iE:/TI/CCS/mspm0_sdk_2_10_00_04/source -iD:/rmLearning/TI/test/test -iD:/rmLearning/TI/test/test/Debug/syscfg -iE:/TI/CCS/ccs/tools/compiler/ti-cgt-armllvm_4.0.4.LTS/lib --diag_wrap=off --display_error_number --warn_sections --xml_link_info=test_linkInfo.xml --rom_model ./empty.o ./ti_msp_dl_config.o ./startup_mspm0g350x_ticlang.o ./User/bsp/Src/JY901.o ./User/bsp/Src/Task.o ./User/bsp/Src/ZDT_CAN.o ./User/bsp/Src/ZDT_Driver.o ./User/bsp/Src/bsp_CAN.o ./User/bsp/Src/bsp_PWM.o ./User/bsp/Src/bsp_UART.o ./User/bsp/Src/bsp_UART1.o ./User/bsp/Src/bsp_key.o ./User/bsp/Src/bsp_oled.o ./User/bsp/Src/chasis.o ./User/bsp/Src/gimbal.o ./User/bsp/Src/pid.o ./User/bsp/Src/task_scheduler.o ./User/bsp/Src/timer.o ./User/bsp/Src/ultrasonic.o ./User/bsp/Src/wit_c_sdk.o -l./device_linker.cmd -ldevice.cmd.genlibs -llibc.a --start-group -llibc++.a -llibc++abi.a -llibc.a -llibsys.a -llibsysbm.a -llibclang_rt.builtins.a -llibclang_rt.profile.a --end-group --cg_opt_level=0</command_line>
   <link_time>0x6a1212f5</link_time>
   <link_errors>0x0</link_errors>
   <output_file>D:\rmLearning\TI\test\test\Debug\test.out</output_file>
   <entry_point>
      <name>_c_int00_noargs</name>
      <address>0x6b11</address>
   </entry_point>
   <input_file_list>
      <input_file id="fl-1">
         <path>D:\rmLearning\TI\test\test\Debug\.\</path>
         <kind>object</kind>
         <file>empty.o</file>
         <name>empty.o</name>
      </input_file>
      <input_file id="fl-2">
         <path>D:\rmLearning\TI\test\test\Debug\.\</path>
         <kind>object</kind>
         <file>ti_msp_dl_config.o</file>
         <name>ti_msp_dl_config.o</name>
      </input_file>
      <input_file id="fl-3">
         <path>D:\rmLearning\TI\test\test\Debug\.\</path>
         <kind>object</kind>
         <file>startup_mspm0g350x_ticlang.o</file>
         <name>startup_mspm0g350x_ticlang.o</name>
      </input_file>
      <input_file id="fl-4">
         <path>D:\rmLearning\TI\test\test\Debug\.\User\bsp\Src\</path>
         <kind>object</kind>
         <file>JY901.o</file>
         <name>JY901.o</name>
      </input_file>
      <input_file id="fl-5">
         <path>D:\rmLearning\TI\test\test\Debug\.\User\bsp\Src\</path>
         <kind>object</kind>
         <file>Task.o</file>
         <name>Task.o</name>
      </input_file>
      <input_file id="fl-6">
         <path>D:\rmLearning\TI\test\test\Debug\.\User\bsp\Src\</path>
         <kind>object</kind>
         <file>ZDT_CAN.o</file>
         <name>ZDT_CAN.o</name>
      </input_file>
      <input_file id="fl-7">
         <path>D:\rmLearning\TI\test\test\Debug\.\User\bsp\Src\</path>
         <kind>object</kind>
         <file>ZDT_Driver.o</file>
         <name>ZDT_Driver.o</name>
      </input_file>
      <input_file id="fl-8">
         <path>D:\rmLearning\TI\test\test\Debug\.\User\bsp\Src\</path>
         <kind>object</kind>
         <file>bsp_CAN.o</file>
         <name>bsp_CAN.o</name>
      </input_file>
      <input_file id="fl-9">
         <path>D:\rmLearning\TI\test\test\Debug\.\User\bsp\Src\</path>
         <kind>object</kind>
         <file>bsp_PWM.o</file>
         <name>bsp_PWM.o</name>
      </input_file>
      <input_file id="fl-a">
         <path>D:\rmLearning\TI\test\test\Debug\.\User\bsp\Src\</path>
         <kind>object</kind>
         <file>bsp_UART.o</file>
         <name>bsp_UART.o</name>
      </input_file>
      <input_file id="fl-b">
         <path>D:\rmLearning\TI\test\test\Debug\.\User\bsp\Src\</path>
         <kind>object</kind>
         <file>bsp_UART1.o</file>
         <name>bsp_UART1.o</name>
      </input_file>
      <input_file id="fl-c">
         <path>D:\rmLearning\TI\test\test\Debug\.\User\bsp\Src\</path>
         <kind>object</kind>
         <file>bsp_key.o</file>
         <name>bsp_key.o</name>
      </input_file>
      <input_file id="fl-d">
         <path>D:\rmLearning\TI\test\test\Debug\.\User\bsp\Src\</path>
         <kind>object</kind>
         <file>bsp_oled.o</file>
         <name>bsp_oled.o</name>
      </input_file>
      <input_file id="fl-e">
         <path>D:\rmLearning\TI\test\test\Debug\.\User\bsp\Src\</path>
         <kind>object</kind>
         <file>chasis.o</file>
         <name>chasis.o</name>
      </input_file>
      <input_file id="fl-f">
         <path>D:\rmLearning\TI\test\test\Debug\.\User\bsp\Src\</path>
         <kind>object</kind>
         <file>gimbal.o</file>
         <name>gimbal.o</name>
      </input_file>
      <input_file id="fl-10">
         <path>D:\rmLearning\TI\test\test\Debug\.\User\bsp\Src\</path>
         <kind>object</kind>
         <file>pid.o</file>
         <name>pid.o</name>
      </input_file>
      <input_file id="fl-11">
         <path>D:\rmLearning\TI\test\test\Debug\.\User\bsp\Src\</path>
         <kind>object</kind>
         <file>task_scheduler.o</file>
         <name>task_scheduler.o</name>
      </input_file>
      <input_file id="fl-12">
         <path>D:\rmLearning\TI\test\test\Debug\.\User\bsp\Src\</path>
         <kind>object</kind>
         <file>timer.o</file>
         <name>timer.o</name>
      </input_file>
      <input_file id="fl-13">
         <path>D:\rmLearning\TI\test\test\Debug\.\User\bsp\Src\</path>
         <kind>object</kind>
         <file>ultrasonic.o</file>
         <name>ultrasonic.o</name>
      </input_file>
      <input_file id="fl-14">
         <path>D:\rmLearning\TI\test\test\Debug\.\User\bsp\Src\</path>
         <kind>object</kind>
         <file>wit_c_sdk.o</file>
         <name>wit_c_sdk.o</name>
      </input_file>
      <input_file id="fl-22">
         <path>D:\rmLearning\TI\test\test\Debug\</path>
         <kind>object</kind>
         <file>&lt;internal&gt;</file>
         <name>&lt;internal&gt;</name>
      </input_file>
      <input_file id="fl-23">
         <path>E:\TI\CCS\mspm0_sdk_2_10_00_04\source\ti\driverlib\lib\ticlang\m0p\mspm0g1x0x_g3x0x\</path>
         <kind>archive</kind>
         <file>driverlib.a</file>
         <name>dl_common.o</name>
      </input_file>
      <input_file id="fl-24">
         <path>E:\TI\CCS\mspm0_sdk_2_10_00_04\source\ti\driverlib\lib\ticlang\m0p\mspm0g1x0x_g3x0x\</path>
         <kind>archive</kind>
         <file>driverlib.a</file>
         <name>dl_dma.o</name>
      </input_file>
      <input_file id="fl-25">
         <path>E:\TI\CCS\mspm0_sdk_2_10_00_04\source\ti\driverlib\lib\ticlang\m0p\mspm0g1x0x_g3x0x\</path>
         <kind>archive</kind>
         <file>driverlib.a</file>
         <name>dl_i2c.o</name>
      </input_file>
      <input_file id="fl-26">
         <path>E:\TI\CCS\mspm0_sdk_2_10_00_04\source\ti\driverlib\lib\ticlang\m0p\mspm0g1x0x_g3x0x\</path>
         <kind>archive</kind>
         <file>driverlib.a</file>
         <name>dl_mcan.o</name>
      </input_file>
      <input_file id="fl-27">
         <path>E:\TI\CCS\mspm0_sdk_2_10_00_04\source\ti\driverlib\lib\ticlang\m0p\mspm0g1x0x_g3x0x\</path>
         <kind>archive</kind>
         <file>driverlib.a</file>
         <name>dl_timer.o</name>
      </input_file>
      <input_file id="fl-28">
         <path>E:\TI\CCS\mspm0_sdk_2_10_00_04\source\ti\driverlib\lib\ticlang\m0p\mspm0g1x0x_g3x0x\</path>
         <kind>archive</kind>
         <file>driverlib.a</file>
         <name>dl_uart.o</name>
      </input_file>
      <input_file id="fl-29">
         <path>E:\TI\CCS\mspm0_sdk_2_10_00_04\source\ti\driverlib\lib\ticlang\m0p\mspm0g1x0x_g3x0x\</path>
         <kind>archive</kind>
         <file>driverlib.a</file>
         <name>dl_sysctl_mspm0g1x0x_g3x0x.o</name>
      </input_file>
      <input_file id="fl-40">
         <path>E:\TI\CCS\ccs\tools\compiler\ti-cgt-armllvm_4.0.4.LTS\lib\armv6m-ti-none-eabi\c\</path>
         <kind>archive</kind>
         <file>libc.a</file>
         <name>boot_cortex_m.c.obj</name>
      </input_file>
      <input_file id="fl-41">
         <path>E:\TI\CCS\ccs\tools\compiler\ti-cgt-armllvm_4.0.4.LTS\lib\armv6m-ti-none-eabi\c\</path>
         <kind>archive</kind>
         <file>libc.a</file>
         <name>mathacl_init.c.obj</name>
      </input_file>
      <input_file id="fl-42">
         <path>E:\TI\CCS\ccs\tools\compiler\ti-cgt-armllvm_4.0.4.LTS\lib\armv6m-ti-none-eabi\c\</path>
         <kind>archive</kind>
         <file>libc.a</file>
         <name>autoinit.c.obj</name>
      </input_file>
      <input_file id="fl-43">
         <path>E:\TI\CCS\ccs\tools\compiler\ti-cgt-armllvm_4.0.4.LTS\lib\armv6m-ti-none-eabi\c\</path>
         <kind>archive</kind>
         <file>libc.a</file>
         <name>pre_init.c.obj</name>
      </input_file>
      <input_file id="fl-44">
         <path>E:\TI\CCS\ccs\tools\compiler\ti-cgt-armllvm_4.0.4.LTS\lib\armv6m-ti-none-eabi\c\</path>
         <kind>archive</kind>
         <file>libc.a</file>
         <name>cpy_tbl.c.obj</name>
      </input_file>
      <input_file id="fl-45">
         <path>E:\TI\CCS\ccs\tools\compiler\ti-cgt-armllvm_4.0.4.LTS\lib\armv6m-ti-none-eabi\c\</path>
         <kind>archive</kind>
         <file>libc.a</file>
         <name>copy_zero_init.c.obj</name>
      </input_file>
      <input_file id="fl-46">
         <path>E:\TI\CCS\ccs\tools\compiler\ti-cgt-armllvm_4.0.4.LTS\lib\armv6m-ti-none-eabi\c\</path>
         <kind>archive</kind>
         <file>libc.a</file>
         <name>copy_decompress_none.c.obj</name>
      </input_file>
      <input_file id="fl-47">
         <path>E:\TI\CCS\ccs\tools\compiler\ti-cgt-armllvm_4.0.4.LTS\lib\armv6m-ti-none-eabi\c\</path>
         <kind>archive</kind>
         <file>libc.a</file>
         <name>copy_decompress_lzss.c.obj</name>
      </input_file>
      <input_file id="fl-48">
         <path>E:\TI\CCS\ccs\tools\compiler\ti-cgt-armllvm_4.0.4.LTS\lib\armv6m-ti-none-eabi\c\</path>
         <kind>archive</kind>
         <file>libc.a</file>
         <name>exit.c.obj</name>
      </input_file>
      <input_file id="fl-49">
         <path>E:\TI\CCS\ccs\tools\compiler\ti-cgt-armllvm_4.0.4.LTS\lib\armv6m-ti-none-eabi\c\</path>
         <kind>archive</kind>
         <file>libc.a</file>
         <name>_lock.c.obj</name>
      </input_file>
      <input_file id="fl-4a">
         <path>E:\TI\CCS\ccs\tools\compiler\ti-cgt-armllvm_4.0.4.LTS\lib\armv6m-ti-none-eabi\c\</path>
         <kind>archive</kind>
         <file>libc.a</file>
         <name>args_main.c.obj</name>
      </input_file>
      <input_file id="fl-ea">
         <path>E:\TI\CCS\ccs\tools\compiler\ti-cgt-armllvm_4.0.4.LTS\lib\armv6m-ti-none-eabi\c\</path>
         <kind>archive</kind>
         <file>libsysbm.a</file>
         <name>hostexit.c.obj</name>
      </input_file>
      <input_file id="fl-eb">
         <path>E:\TI\CCS\ccs\tools\compiler\ti-cgt-armllvm_4.0.4.LTS\lib\armv6m-ti-none-eabi\</path>
         <kind>archive</kind>
         <file>libclang_rt.builtins.a</file>
         <name>addsf3.S.obj</name>
      </input_file>
      <input_file id="fl-ec">
         <path>E:\TI\CCS\ccs\tools\compiler\ti-cgt-armllvm_4.0.4.LTS\lib\armv6m-ti-none-eabi\</path>
         <kind>archive</kind>
         <file>libclang_rt.builtins.a</file>
         <name>mulsf3.S.obj</name>
      </input_file>
      <input_file id="fl-ed">
         <path>E:\TI\CCS\ccs\tools\compiler\ti-cgt-armllvm_4.0.4.LTS\lib\armv6m-ti-none-eabi\</path>
         <kind>archive</kind>
         <file>libclang_rt.builtins.a</file>
         <name>divsf3.S.obj</name>
      </input_file>
      <input_file id="fl-ee">
         <path>E:\TI\CCS\ccs\tools\compiler\ti-cgt-armllvm_4.0.4.LTS\lib\armv6m-ti-none-eabi\</path>
         <kind>archive</kind>
         <file>libclang_rt.builtins.a</file>
         <name>fixsfsi.S.obj</name>
      </input_file>
      <input_file id="fl-ef">
         <path>E:\TI\CCS\ccs\tools\compiler\ti-cgt-armllvm_4.0.4.LTS\lib\armv6m-ti-none-eabi\</path>
         <kind>archive</kind>
         <file>libclang_rt.builtins.a</file>
         <name>fixunssfsi.S.obj</name>
      </input_file>
      <input_file id="fl-f0">
         <path>E:\TI\CCS\ccs\tools\compiler\ti-cgt-armllvm_4.0.4.LTS\lib\armv6m-ti-none-eabi\</path>
         <kind>archive</kind>
         <file>libclang_rt.builtins.a</file>
         <name>floatsisf.S.obj</name>
      </input_file>
      <input_file id="fl-f1">
         <path>E:\TI\CCS\ccs\tools\compiler\ti-cgt-armllvm_4.0.4.LTS\lib\armv6m-ti-none-eabi\</path>
         <kind>archive</kind>
         <file>libclang_rt.builtins.a</file>
         <name>floatunsidf.S.obj</name>
      </input_file>
      <input_file id="fl-f2">
         <path>E:\TI\CCS\ccs\tools\compiler\ti-cgt-armllvm_4.0.4.LTS\lib\armv6m-ti-none-eabi\</path>
         <kind>archive</kind>
         <file>libclang_rt.builtins.a</file>
         <name>floatunsisf.S.obj</name>
      </input_file>
      <input_file id="fl-f3">
         <path>E:\TI\CCS\ccs\tools\compiler\ti-cgt-armllvm_4.0.4.LTS\lib\armv6m-ti-none-eabi\</path>
         <kind>archive</kind>
         <file>libclang_rt.builtins.a</file>
         <name>aeabi_dcmp.S.obj</name>
      </input_file>
      <input_file id="fl-f4">
         <path>E:\TI\CCS\ccs\tools\compiler\ti-cgt-armllvm_4.0.4.LTS\lib\armv6m-ti-none-eabi\</path>
         <kind>archive</kind>
         <file>libclang_rt.builtins.a</file>
         <name>aeabi_fcmp.S.obj</name>
      </input_file>
      <input_file id="fl-f5">
         <path>E:\TI\CCS\ccs\tools\compiler\ti-cgt-armllvm_4.0.4.LTS\lib\armv6m-ti-none-eabi\</path>
         <kind>archive</kind>
         <file>libclang_rt.builtins.a</file>
         <name>aeabi_memcpy.S.obj</name>
      </input_file>
      <input_file id="fl-f6">
         <path>E:\TI\CCS\ccs\tools\compiler\ti-cgt-armllvm_4.0.4.LTS\lib\armv6m-ti-none-eabi\</path>
         <kind>archive</kind>
         <file>libclang_rt.builtins.a</file>
         <name>aeabi_memset.S.obj</name>
      </input_file>
      <input_file id="fl-f7">
         <path>E:\TI\CCS\ccs\tools\compiler\ti-cgt-armllvm_4.0.4.LTS\lib\armv6m-ti-none-eabi\</path>
         <kind>archive</kind>
         <file>libclang_rt.builtins.a</file>
         <name>aeabi_uidivmod.S.obj</name>
      </input_file>
      <input_file id="fl-f8">
         <path>E:\TI\CCS\ccs\tools\compiler\ti-cgt-armllvm_4.0.4.LTS\lib\armv6m-ti-none-eabi\</path>
         <kind>archive</kind>
         <file>libclang_rt.builtins.a</file>
         <name>aeabi_uldivmod.S.obj</name>
      </input_file>
      <input_file id="fl-f9">
         <path>E:\TI\CCS\ccs\tools\compiler\ti-cgt-armllvm_4.0.4.LTS\lib\armv6m-ti-none-eabi\</path>
         <kind>archive</kind>
         <file>libclang_rt.builtins.a</file>
         <name>comparesf2.S.obj</name>
      </input_file>
      <input_file id="fl-fa">
         <path>E:\TI\CCS\ccs\tools\compiler\ti-cgt-armllvm_4.0.4.LTS\lib\armv6m-ti-none-eabi\</path>
         <kind>archive</kind>
         <file>libclang_rt.builtins.a</file>
         <name>udivmoddi4.S.obj</name>
      </input_file>
      <input_file id="fl-fb">
         <path>E:\TI\CCS\ccs\tools\compiler\ti-cgt-armllvm_4.0.4.LTS\lib\armv6m-ti-none-eabi\</path>
         <kind>archive</kind>
         <file>libclang_rt.builtins.a</file>
         <name>muldsi3.S.obj</name>
      </input_file>
      <input_file id="fl-fc">
         <path>E:\TI\CCS\ccs\tools\compiler\ti-cgt-armllvm_4.0.4.LTS\lib\armv6m-ti-none-eabi\</path>
         <kind>archive</kind>
         <file>libclang_rt.builtins.a</file>
         <name>ashldi3.S.obj</name>
      </input_file>
      <input_file id="fl-fd">
         <path>E:\TI\CCS\ccs\tools\compiler\ti-cgt-armllvm_4.0.4.LTS\lib\armv6m-ti-none-eabi\</path>
         <kind>archive</kind>
         <file>libclang_rt.builtins.a</file>
         <name>comparedf2.c.obj</name>
      </input_file>
      <input_file id="fl-fe">
         <path>E:\TI\CCS\ccs\tools\compiler\ti-cgt-armllvm_4.0.4.LTS\lib\armv6m-ti-none-eabi\</path>
         <kind>archive</kind>
         <file>libclang_rt.builtins.a</file>
         <name>aeabi_div0.c.obj</name>
      </input_file>
      <input_file id="fl-ff">
         <path>E:\TI\CCS\ccs\tools\compiler\ti-cgt-armllvm_4.0.4.LTS\lib\armv6m-ti-none-eabi\c\</path>
         <kind>archive</kind>
         <file>libc.a</file>
         <name>memcpy16.S.obj</name>
      </input_file>
      <input_file id="fl-100">
         <path>E:\TI\CCS\ccs\tools\compiler\ti-cgt-armllvm_4.0.4.LTS\lib\armv6m-ti-none-eabi\c\</path>
         <kind>archive</kind>
         <file>libc.a</file>
         <name>memset16.S.obj</name>
      </input_file>
   </input_file_list>
   <object_component_list>
      <object_component id="oc-18">
         <name>.intvecs</name>
         <load_address>0x0</load_address>
         <readonly>true</readonly>
         <run_address>0x0</run_address>
         <size>0xc0</size>
         <alignment>0x4</alignment>
         <input_file_ref idref="fl-3"/>
      </object_component>
      <object_component id="oc-129">
         <name>.text.while_task</name>
         <load_address>0xc0</load_address>
         <readonly>true</readonly>
         <executable>true</executable>
         <run_address>0xc0</run_address>
         <size>0x15fc</size>
         <alignment>0x4</alignment>
         <input_file_ref idref="fl-5"/>
      </object_component>
      <object_component id="oc-1cf">
         <name>.text.chasis_cal</name>
         <load_address>0x16bc</load_address>
         <readonly>true</readonly>
         <executable>true</executable>
         <run_address>0x16bc</run_address>
         <size>0x3e0</size>
         <alignment>0x4</alignment>
         <input_file_ref idref="fl-e"/>
      </object_component>
      <object_component id="oc-2dd">
         <name>.text.mec_inverse</name>
         <load_address>0x1a9c</load_address>
         <readonly>true</readonly>
         <executable>true</executable>
         <run_address>0x1a9c</run_address>
         <size>0x298</size>
         <alignment>0x4</alignment>
         <input_file_ref idref="fl-e"/>
      </object_component>
      <object_component id="oc-101">
         <name>.text.chasis_trapezoid_move</name>
         <load_address>0x1d34</load_address>
         <readonly>true</readonly>
         <executable>true</executable>
         <run_address>0x1d34</run_address>
         <size>0x280</size>
         <alignment>0x4</alignment>
         <input_file_ref idref="fl-e"/>
      </object_component>
      <object_component id="oc-2ac">
         <name>.text.DL_MCAN_msgRAMConfig</name>
         <load_address>0x1fb4</load_address>
         <readonly>true</readonly>
         <executable>true</executable>
         <run_address>0x1fb4</run_address>
         <size>0x214</size>
         <alignment>0x4</alignment>
         <input_file_ref idref="fl-26"/>
      </object_component>
      <object_component id="oc-f2">
         <name>.text.WitSerialDataIn</name>
         <load_address>0x21c8</load_address>
         <readonly>true</readonly>
         <executable>true</executable>
         <run_address>0x21c8</run_address>
         <size>0x214</size>
         <alignment>0x4</alignment>
         <input_file_ref idref="fl-14"/>
      </object_component>
      <object_component id="oc-a4">
         <name>.text.UART_Rx_DMA_ToIdle_Callback</name>
         <load_address>0x23dc</load_address>
         <readonly>true</readonly>
         <executable>true</executable>
         <run_address>0x23dc</run_address>
         <size>0x204</size>
         <alignment>0x4</alignment>
         <input_file_ref idref="fl-5"/>
      </object_component>
      <object_component id="oc-84">
         <name>.text.Ultrasonic_GPIOB_ISR</name>
         <load_address>0x25e0</load_address>
         <readonly>true</readonly>
         <executable>true</executable>
         <run_address>0x25e0</run_address>
         <size>0x1fc</size>
         <alignment>0x4</alignment>
         <input_file_ref idref="fl-13"/>
      </object_component>
      <object_component id="oc-19e">
         <name>.text.SYSCFG_DL_GPIO_init</name>
         <load_address>0x27dc</load_address>
         <readonly>true</readonly>
         <executable>true</executable>
         <run_address>0x27dc</run_address>
         <size>0x1e0</size>
         <alignment>0x4</alignment>
         <input_file_ref idref="fl-2"/>
      </object_component>
      <object_component id="oc-33a">
         <name>.text.motor_set</name>
         <load_address>0x29bc</load_address>
         <readonly>true</readonly>
         <executable>true</executable>
         <run_address>0x29bc</run_address>
         <size>0x1b8</size>
         <alignment>0x4</alignment>
         <input_file_ref idref="fl-9"/>
      </object_component>
      <object_component id="oc-2d1">
         <name>.text.WitWriteReg</name>
         <load_address>0x2b74</load_address>
         <readonly>true</readonly>
         <executable>true</executable>
         <run_address>0x2b74</run_address>
         <size>0x17c</size>
         <alignment>0x4</alignment>
         <input_file_ref idref="fl-14"/>
      </object_component>
      <object_component id="oc-164">
         <name>.text.CopeWitData</name>
         <load_address>0x2cf0</load_address>
         <readonly>true</readonly>
         <executable>true</executable>
         <run_address>0x2cf0</run_address>
         <size>0x158</size>
         <alignment>0x4</alignment>
         <input_file_ref idref="fl-14"/>
      </object_component>
      <object_component id="oc-20f">
         <name>.text.OLED_ShowChar</name>
         <load_address>0x2e48</load_address>
         <readonly>true</readonly>
         <executable>true</executable>
         <run_address>0x2e48</run_address>
         <size>0x118</size>
         <alignment>0x4</alignment>
         <input_file_ref idref="fl-d"/>
      </object_component>
      <object_component id="oc-11d">
         <name>.text.OLED_Init</name>
         <load_address>0x2f60</load_address>
         <readonly>true</readonly>
         <executable>true</executable>
         <run_address>0x2f60</run_address>
         <size>0x114</size>
         <alignment>0x4</alignment>
         <input_file_ref idref="fl-d"/>
      </object_component>
      <object_component id="oc-ef">
         <name>.text.DL_MCAN_readMsgRam</name>
         <load_address>0x3074</load_address>
         <readonly>true</readonly>
         <executable>true</executable>
         <run_address>0x3074</run_address>
         <size>0x10c</size>
         <alignment>0x4</alignment>
         <input_file_ref idref="fl-26"/>
      </object_component>
      <object_component id="oc-224">
         <name>.text.can_SendCmd</name>
         <load_address>0x3180</load_address>
         <readonly>true</readonly>
         <executable>true</executable>
         <run_address>0x3180</run_address>
         <size>0x10a</size>
         <alignment>0x2</alignment>
         <input_file_ref idref="fl-6"/>
      </object_component>
      <object_component id="oc-15b">
         <name>.text.__aeabi_idiv0</name>
         <load_address>0x328a</load_address>
         <readonly>true</readonly>
         <executable>true</executable>
         <run_address>0x328a</run_address>
         <size>0x2</size>
         <alignment>0x2</alignment>
         <input_file_ref idref="fl-fe"/>
      </object_component>
      <object_component id="oc-128">
         <name>.text.one_hundured_ms_callback</name>
         <load_address>0x328c</load_address>
         <readonly>true</readonly>
         <executable>true</executable>
         <run_address>0x328c</run_address>
         <size>0x108</size>
         <alignment>0x4</alignment>
         <input_file_ref idref="fl-5"/>
      </object_component>
      <object_component id="oc-26b">
         <name>.text.DL_Timer_initFourCCPWMMode</name>
         <load_address>0x3394</load_address>
         <readonly>true</readonly>
         <executable>true</executable>
         <run_address>0x3394</run_address>
         <size>0x104</size>
         <alignment>0x4</alignment>
         <input_file_ref idref="fl-27"/>
      </object_component>
      <object_component id="oc-1ba">
         <name>.text.DL_Timer_initTimerMode</name>
         <load_address>0x3498</load_address>
         <readonly>true</readonly>
         <executable>true</executable>
         <run_address>0x3498</run_address>
         <size>0xfc</size>
         <alignment>0x4</alignment>
         <input_file_ref idref="fl-27"/>
      </object_component>
      <object_component id="oc-148">
         <name>.text.OLED_ShowNum</name>
         <load_address>0x3594</load_address>
         <readonly>true</readonly>
         <executable>true</executable>
         <run_address>0x3594</run_address>
         <size>0xf6</size>
         <alignment>0x2</alignment>
         <input_file_ref idref="fl-d"/>
      </object_component>
      <object_component id="oc-219">
         <name>.text.__aeabi_ldiv0</name>
         <load_address>0x368a</load_address>
         <readonly>true</readonly>
         <executable>true</executable>
         <run_address>0x368a</run_address>
         <size>0x2</size>
         <alignment>0x2</alignment>
         <input_file_ref idref="fl-fe"/>
      </object_component>
      <object_component id="oc-342">
         <name>.text.DL_MCAN_writeMsgRam</name>
         <load_address>0x368c</load_address>
         <readonly>true</readonly>
         <executable>true</executable>
         <run_address>0x368c</run_address>
         <size>0xf4</size>
         <alignment>0x4</alignment>
         <input_file_ref idref="fl-26"/>
      </object_component>
      <object_component id="oc-14b">
         <name>.text.Menu_Enter</name>
         <load_address>0x3780</load_address>
         <readonly>true</readonly>
         <executable>true</executable>
         <run_address>0x3780</run_address>
         <size>0xf0</size>
         <alignment>0x4</alignment>
         <input_file_ref idref="fl-11"/>
      </object_component>
      <object_component id="oc-d1">
         <name>.text.Menu_Run</name>
         <load_address>0x3870</load_address>
         <readonly>true</readonly>
         <executable>true</executable>
         <run_address>0x3870</run_address>
         <size>0xf0</size>
         <alignment>0x4</alignment>
         <input_file_ref idref="fl-11"/>
      </object_component>
      <object_component id="oc-1a9">
         <name>.text.SYSCFG_DL_MCAN0_init</name>
         <load_address>0x3960</load_address>
         <readonly>true</readonly>
         <executable>true</executable>
         <run_address>0x3960</run_address>
         <size>0xec</size>
         <alignment>0x4</alignment>
         <input_file_ref idref="fl-2"/>
      </object_component>
      <object_component id="oc-1a0">
         <name>.text.SYSCFG_DL_FRONT_OUT_init</name>
         <load_address>0x3a4c</load_address>
         <readonly>true</readonly>
         <executable>true</executable>
         <run_address>0x3a4c</run_address>
         <size>0xe8</size>
         <alignment>0x4</alignment>
         <input_file_ref idref="fl-2"/>
      </object_component>
      <object_component id="oc-262">
         <name>.text.SYSCFG_DL_SYSCTL_SYSPLL_init</name>
         <load_address>0x3b34</load_address>
         <readonly>true</readonly>
         <executable>true</executable>
         <run_address>0x3b34</run_address>
         <size>0xe8</size>
         <alignment>0x4</alignment>
         <input_file_ref idref="fl-2"/>
      </object_component>
      <object_component id="oc-2aa">
         <name>.text.DL_MCAN_init</name>
         <load_address>0x3c1c</load_address>
         <readonly>true</readonly>
         <executable>true</executable>
         <run_address>0x3c1c</run_address>
         <size>0xdc</size>
         <alignment>0x4</alignment>
         <input_file_ref idref="fl-26"/>
      </object_component>
      <object_component id="oc-261">
         <name>.text.DL_SYSCTL_configSYSPLL</name>
         <load_address>0x3cf8</load_address>
         <readonly>true</readonly>
         <executable>true</executable>
         <run_address>0x3cf8</run_address>
         <size>0xdc</size>
         <alignment>0x4</alignment>
         <input_file_ref idref="fl-29"/>
      </object_component>
      <object_component id="oc-2ab">
         <name>.text.DL_MCAN_setBitTime</name>
         <load_address>0x3dd4</load_address>
         <readonly>true</readonly>
         <executable>true</executable>
         <run_address>0x3dd4</run_address>
         <size>0xd8</size>
         <alignment>0x4</alignment>
         <input_file_ref idref="fl-26"/>
      </object_component>
      <object_component id="oc-14c">
         <name>.text.Menu_Draw</name>
         <load_address>0x3eac</load_address>
         <readonly>true</readonly>
         <executable>true</executable>
         <run_address>0x3eac</run_address>
         <size>0xd8</size>
         <alignment>0x4</alignment>
         <input_file_ref idref="fl-11"/>
      </object_component>
      <object_component id="oc-1ef">
         <name>.text.filter_average</name>
         <load_address>0x3f84</load_address>
         <readonly>true</readonly>
         <executable>true</executable>
         <run_address>0x3f84</run_address>
         <size>0xd8</size>
         <alignment>0x2</alignment>
         <input_file_ref idref="fl-5"/>
      </object_component>
      <object_component id="oc-339">
         <name>.text.motor_coast</name>
         <load_address>0x405c</load_address>
         <readonly>true</readonly>
         <executable>true</executable>
         <run_address>0x405c</run_address>
         <size>0xd8</size>
         <alignment>0x4</alignment>
         <input_file_ref idref="fl-9"/>
      </object_component>
      <object_component id="oc-179">
         <name>.text</name>
         <load_address>0x4134</load_address>
         <readonly>true</readonly>
         <executable>true</executable>
         <run_address>0x4134</run_address>
         <size>0xd8</size>
         <alignment>0x4</alignment>
         <input_file_ref idref="fl-eb"/>
      </object_component>
      <object_component id="oc-18e">
         <name>.text.motor_brake</name>
         <load_address>0x420c</load_address>
         <readonly>true</readonly>
         <executable>true</executable>
         <run_address>0x420c</run_address>
         <size>0xd4</size>
         <alignment>0x4</alignment>
         <input_file_ref idref="fl-9"/>
      </object_component>
      <object_component id="oc-2de">
         <name>.text.motor_openloop_drive</name>
         <load_address>0x42e0</load_address>
         <readonly>true</readonly>
         <executable>true</executable>
         <run_address>0x42e0</run_address>
         <size>0xd0</size>
         <alignment>0x4</alignment>
         <input_file_ref idref="fl-e"/>
      </object_component>
      <object_component id="oc-19d">
         <name>.text.SYSCFG_DL_initPower</name>
         <load_address>0x43b0</load_address>
         <readonly>true</readonly>
         <executable>true</executable>
         <run_address>0x43b0</run_address>
         <size>0xc4</size>
         <alignment>0x4</alignment>
         <input_file_ref idref="fl-2"/>
      </object_component>
      <object_component id="oc-1cb">
         <name>.text.Ultrasonic_Trigger</name>
         <load_address>0x4474</load_address>
         <readonly>true</readonly>
         <executable>true</executable>
         <run_address>0x4474</run_address>
         <size>0xc4</size>
         <alignment>0x4</alignment>
         <input_file_ref idref="fl-13"/>
      </object_component>
      <object_component id="oc-308">
         <name>.text.CAN_send_ext_frame</name>
         <load_address>0x4538</load_address>
         <readonly>true</readonly>
         <executable>true</executable>
         <run_address>0x4538</run_address>
         <size>0xbc</size>
         <alignment>0x4</alignment>
         <input_file_ref idref="fl-8"/>
      </object_component>
      <object_component id="oc-156">
         <name>.text</name>
         <load_address>0x45f4</load_address>
         <readonly>true</readonly>
         <executable>true</executable>
         <run_address>0x45f4</run_address>
         <size>0xa2</size>
         <alignment>0x4</alignment>
         <input_file_ref idref="fl-fa"/>
      </object_component>
      <object_component id="oc-1a2">
         <name>.text.SYSCFG_DL_RR_OUT_init</name>
         <load_address>0x4698</load_address>
         <readonly>true</readonly>
         <executable>true</executable>
         <run_address>0x4698</run_address>
         <size>0x9c</size>
         <alignment>0x4</alignment>
         <input_file_ref idref="fl-2"/>
      </object_component>
      <object_component id="oc-1b6">
         <name>.text.OLED_WR_Byte</name>
         <load_address>0x4734</load_address>
         <readonly>true</readonly>
         <executable>true</executable>
         <run_address>0x4734</run_address>
         <size>0x98</size>
         <alignment>0x4</alignment>
         <input_file_ref idref="fl-d"/>
      </object_component>
      <object_component id="oc-1a1">
         <name>.text.SYSCFG_DL_RL_OUT_init</name>
         <load_address>0x47cc</load_address>
         <readonly>true</readonly>
         <executable>true</executable>
         <run_address>0x47cc</run_address>
         <size>0x98</size>
         <alignment>0x4</alignment>
         <input_file_ref idref="fl-2"/>
      </object_component>
      <object_component id="oc-75">
         <name>.text.uart1_isIDLE</name>
         <load_address>0x4864</load_address>
         <readonly>true</readonly>
         <executable>true</executable>
         <run_address>0x4864</run_address>
         <size>0x98</size>
         <alignment>0x4</alignment>
         <input_file_ref idref="fl-b"/>
      </object_component>
      <object_component id="oc-74">
         <name>.text.uart_isIDLE</name>
         <load_address>0x48fc</load_address>
         <readonly>true</readonly>
         <executable>true</executable>
         <run_address>0x48fc</run_address>
         <size>0x90</size>
         <alignment>0x4</alignment>
         <input_file_ref idref="fl-a"/>
      </object_component>
      <object_component id="oc-175">
         <name>.text.__mulsf3</name>
         <load_address>0x498c</load_address>
         <readonly>true</readonly>
         <executable>true</executable>
         <run_address>0x498c</run_address>
         <size>0x8c</size>
         <alignment>0x4</alignment>
         <input_file_ref idref="fl-ec"/>
      </object_component>
      <object_component id="oc-77">
         <name>.text.ms_callback</name>
         <load_address>0x4a18</load_address>
         <readonly>true</readonly>
         <executable>true</executable>
         <run_address>0x4a18</run_address>
         <size>0x8c</size>
         <alignment>0x4</alignment>
         <input_file_ref idref="fl-5"/>
      </object_component>
      <object_component id="oc-34">
         <name>.text.SysTick_Handler</name>
         <load_address>0x4aa4</load_address>
         <readonly>true</readonly>
         <executable>true</executable>
         <run_address>0x4aa4</run_address>
         <size>0x88</size>
         <alignment>0x4</alignment>
         <input_file_ref idref="fl-1"/>
      </object_component>
      <object_component id="oc-d0">
         <name>.text.KEY_Poll</name>
         <load_address>0x4b2c</load_address>
         <readonly>true</readonly>
         <executable>true</executable>
         <run_address>0x4b2c</run_address>
         <size>0x84</size>
         <alignment>0x4</alignment>
         <input_file_ref idref="fl-c"/>
      </object_component>
      <object_component id="oc-14a">
         <name>.text.Menu_Next</name>
         <load_address>0x4bb0</load_address>
         <readonly>true</readonly>
         <executable>true</executable>
         <run_address>0x4bb0</run_address>
         <size>0x84</size>
         <alignment>0x4</alignment>
         <input_file_ref idref="fl-11"/>
      </object_component>
      <object_component id="oc-32b">
         <name>.text.__NVIC_SetPriority</name>
         <load_address>0x4c34</load_address>
         <readonly>true</readonly>
         <executable>true</executable>
         <run_address>0x4c34</run_address>
         <size>0x84</size>
         <alignment>0x4</alignment>
         <input_file_ref idref="fl-2"/>
      </object_component>
      <object_component id="oc-181">
         <name>.text.__divsf3</name>
         <load_address>0x4cb8</load_address>
         <readonly>true</readonly>
         <executable>true</executable>
         <run_address>0x4cb8</run_address>
         <size>0x82</size>
         <alignment>0x4</alignment>
         <input_file_ref idref="fl-ed"/>
      </object_component>
      <object_component id="oc-16e">
         <name>.text.Emm_V5_Pos_Control</name>
         <load_address>0x4d3a</load_address>
         <readonly>true</readonly>
         <executable>true</executable>
         <run_address>0x4d3a</run_address>
         <size>0x80</size>
         <alignment>0x2</alignment>
         <input_file_ref idref="fl-7"/>
      </object_component>
      <object_component id="oc-48">
         <name>.text.UART0_IRQHandler</name>
         <load_address>0x4dbc</load_address>
         <readonly>true</readonly>
         <executable>true</executable>
         <run_address>0x4dbc</run_address>
         <size>0x80</size>
         <alignment>0x4</alignment>
         <input_file_ref idref="fl-a"/>
      </object_component>
      <object_component id="oc-43">
         <name>.text.UART1_IRQHandler</name>
         <load_address>0x4e3c</load_address>
         <readonly>true</readonly>
         <executable>true</executable>
         <run_address>0x4e3c</run_address>
         <size>0x80</size>
         <alignment>0x4</alignment>
         <input_file_ref idref="fl-b"/>
      </object_component>
      <object_component id="oc-f1">
         <name>.text.CAN_Rx_FIFO0_New_Message_Callback</name>
         <load_address>0x4ebc</load_address>
         <readonly>true</readonly>
         <executable>true</executable>
         <run_address>0x4ebc</run_address>
         <size>0x7c</size>
         <alignment>0x4</alignment>
         <input_file_ref idref="fl-5"/>
      </object_component>
      <object_component id="oc-19f">
         <name>.text.SYSCFG_DL_SYSCTL_init</name>
         <load_address>0x4f38</load_address>
         <readonly>true</readonly>
         <executable>true</executable>
         <run_address>0x4f38</run_address>
         <size>0x7c</size>
         <alignment>0x4</alignment>
         <input_file_ref idref="fl-2"/>
      </object_component>
      <object_component id="oc-94">
         <name>.text.handleCanRxMessage</name>
         <load_address>0x4fb4</load_address>
         <readonly>true</readonly>
         <executable>true</executable>
         <run_address>0x4fb4</run_address>
         <size>0x7c</size>
         <alignment>0x4</alignment>
         <input_file_ref idref="fl-8"/>
      </object_component>
      <object_component id="oc-1c">
         <name>.text:decompress:lzss</name>
         <load_address>0x5030</load_address>
         <readonly>true</readonly>
         <executable>true</executable>
         <run_address>0x5030</run_address>
         <size>0x7c</size>
         <alignment>0x4</alignment>
         <input_file_ref idref="fl-47"/>
      </object_component>
      <object_component id="oc-1a5">
         <name>.text.SYSCFG_DL_UART_0_init</name>
         <load_address>0x50ac</load_address>
         <readonly>true</readonly>
         <executable>true</executable>
         <run_address>0x50ac</run_address>
         <size>0x78</size>
         <alignment>0x4</alignment>
         <input_file_ref idref="fl-2"/>
      </object_component>
      <object_component id="oc-1a6">
         <name>.text.SYSCFG_DL_UART_1_init</name>
         <load_address>0x5124</load_address>
         <readonly>true</readonly>
         <executable>true</executable>
         <run_address>0x5124</run_address>
         <size>0x78</size>
         <alignment>0x4</alignment>
         <input_file_ref idref="fl-2"/>
      </object_component>
      <object_component id="oc-34d">
         <name>.text.__gedf2</name>
         <load_address>0x519c</load_address>
         <readonly>true</readonly>
         <executable>true</executable>
         <run_address>0x519c</run_address>
         <size>0x74</size>
         <alignment>0x4</alignment>
         <input_file_ref idref="fl-fd"/>
      </object_component>
      <object_component id="oc-1d8">
         <name>.text.chasis_set_velocity</name>
         <load_address>0x5210</load_address>
         <readonly>true</readonly>
         <executable>true</executable>
         <run_address>0x5210</run_address>
         <size>0x74</size>
         <alignment>0x4</alignment>
         <input_file_ref idref="fl-e"/>
      </object_component>
      <object_component id="oc-147">
         <name>.text.OLED_ShowString</name>
         <load_address>0x5284</load_address>
         <readonly>true</readonly>
         <executable>true</executable>
         <run_address>0x5284</run_address>
         <size>0x70</size>
         <alignment>0x2</alignment>
         <input_file_ref idref="fl-d"/>
      </object_component>
      <object_component id="oc-165">
         <name>.text.__CRC16</name>
         <load_address>0x52f4</load_address>
         <readonly>true</readonly>
         <executable>true</executable>
         <run_address>0x52f4</run_address>
         <size>0x70</size>
         <alignment>0x4</alignment>
         <input_file_ref idref="fl-14"/>
      </object_component>
      <object_component id="oc-bf">
         <name>.text.main</name>
         <load_address>0x5364</load_address>
         <readonly>true</readonly>
         <executable>true</executable>
         <run_address>0x5364</run_address>
         <size>0x70</size>
         <alignment>0x4</alignment>
         <input_file_ref idref="fl-1"/>
      </object_component>
      <object_component id="oc-1e2">
         <name>.text._show_signed</name>
         <load_address>0x53d4</load_address>
         <readonly>true</readonly>
         <executable>true</executable>
         <run_address>0x53d4</run_address>
         <size>0x6c</size>
         <alignment>0x4</alignment>
         <input_file_ref idref="fl-5"/>
      </object_component>
      <object_component id="oc-146">
         <name>.text.OLED_Clear</name>
         <load_address>0x5440</load_address>
         <readonly>true</readonly>
         <executable>true</executable>
         <run_address>0x5440</run_address>
         <size>0x6a</size>
         <alignment>0x2</alignment>
         <input_file_ref idref="fl-d"/>
      </object_component>
      <object_component id="oc-347">
         <name>.text.__ledf2</name>
         <load_address>0x54ac</load_address>
         <readonly>true</readonly>
         <executable>true</executable>
         <run_address>0x54ac</run_address>
         <size>0x68</size>
         <alignment>0x4</alignment>
         <input_file_ref idref="fl-fd"/>
      </object_component>
      <object_component id="oc-25b">
         <name>.text.DL_SYSCTL_setHFCLKSourceHFXTParams</name>
         <load_address>0x5514</load_address>
         <readonly>true</readonly>
         <executable>true</executable>
         <run_address>0x5514</run_address>
         <size>0x64</size>
         <alignment>0x4</alignment>
         <input_file_ref idref="fl-29"/>
      </object_component>
      <object_component id="oc-39">
         <name>.text.GROUP1_IRQHandler</name>
         <load_address>0x5578</load_address>
         <readonly>true</readonly>
         <executable>true</executable>
         <run_address>0x5578</run_address>
         <size>0x64</size>
         <alignment>0x4</alignment>
         <input_file_ref idref="fl-c"/>
      </object_component>
      <object_component id="oc-319">
         <name>.text.__aeabi_dcmp</name>
         <load_address>0x55dc</load_address>
         <readonly>true</readonly>
         <executable>true</executable>
         <run_address>0x55dc</run_address>
         <size>0x62</size>
         <alignment>0x4</alignment>
         <input_file_ref idref="fl-f3"/>
      </object_component>
      <object_component id="oc-17d">
         <name>.text.__aeabi_fcmp</name>
         <load_address>0x5640</load_address>
         <readonly>true</readonly>
         <executable>true</executable>
         <run_address>0x5640</run_address>
         <size>0x62</size>
         <alignment>0x4</alignment>
         <input_file_ref idref="fl-f4"/>
      </object_component>
      <object_component id="oc-266">
         <name>.text.DL_SYSCTL_setLFCLKSourceLFXT</name>
         <load_address>0x56a4</load_address>
         <readonly>true</readonly>
         <executable>true</executable>
         <run_address>0x56a4</run_address>
         <size>0x60</size>
         <alignment>0x4</alignment>
         <input_file_ref idref="fl-29"/>
      </object_component>
      <object_component id="oc-118">
         <name>.text.SYSCFG_DL_init</name>
         <load_address>0x5704</load_address>
         <readonly>true</readonly>
         <executable>true</executable>
         <run_address>0x5704</run_address>
         <size>0x60</size>
         <alignment>0x4</alignment>
         <input_file_ref idref="fl-2"/>
      </object_component>
      <object_component id="oc-1b1">
         <name>.text.oled_i2c_sda_unlock</name>
         <load_address>0x5764</load_address>
         <readonly>true</readonly>
         <executable>true</executable>
         <run_address>0x5764</run_address>
         <size>0x60</size>
         <alignment>0x4</alignment>
         <input_file_ref idref="fl-d"/>
      </object_component>
      <object_component id="oc-1e4">
         <name>.text.uart1_send</name>
         <load_address>0x57c4</load_address>
         <readonly>true</readonly>
         <executable>true</executable>
         <run_address>0x57c4</run_address>
         <size>0x60</size>
         <alignment>0x4</alignment>
         <input_file_ref idref="fl-b"/>
      </object_component>
      <object_component id="oc-1e3">
         <name>.text.uart_send</name>
         <load_address>0x5824</load_address>
         <readonly>true</readonly>
         <executable>true</executable>
         <run_address>0x5824</run_address>
         <size>0x60</size>
         <alignment>0x4</alignment>
         <input_file_ref idref="fl-a"/>
      </object_component>
      <object_component id="oc-2c5">
         <name>.text.DL_I2C_fillControllerTXFIFO</name>
         <load_address>0x5884</load_address>
         <readonly>true</readonly>
         <executable>true</executable>
         <run_address>0x5884</run_address>
         <size>0x5e</size>
         <alignment>0x2</alignment>
         <input_file_ref idref="fl-25"/>
      </object_component>
      <object_component id="oc-2c0">
         <name>.text.mspm0_i2c_enable</name>
         <load_address>0x58e4</load_address>
         <readonly>true</readonly>
         <executable>true</executable>
         <run_address>0x58e4</run_address>
         <size>0x5c</size>
         <alignment>0x4</alignment>
         <input_file_ref idref="fl-d"/>
      </object_component>
      <object_component id="oc-1a4">
         <name>.text.SYSCFG_DL_I2C_OLED_init</name>
         <load_address>0x5940</load_address>
         <readonly>true</readonly>
         <executable>true</executable>
         <run_address>0x5940</run_address>
         <size>0x58</size>
         <alignment>0x4</alignment>
         <input_file_ref idref="fl-2"/>
      </object_component>
      <object_component id="oc-124">
         <name>.text.Ultrasonic_Init</name>
         <load_address>0x5998</load_address>
         <readonly>true</readonly>
         <executable>true</executable>
         <run_address>0x5998</run_address>
         <size>0x58</size>
         <alignment>0x4</alignment>
         <input_file_ref idref="fl-13"/>
      </object_component>
      <object_component id="oc-123">
         <name>.text.Timestamp_Init</name>
         <load_address>0x59f0</load_address>
         <readonly>true</readonly>
         <executable>true</executable>
         <run_address>0x59f0</run_address>
         <size>0x54</size>
         <alignment>0x4</alignment>
         <input_file_ref idref="fl-12"/>
      </object_component>
      <object_component id="oc-fc">
         <name>.text.gimbal_update</name>
         <load_address>0x5a44</load_address>
         <readonly>true</readonly>
         <executable>true</executable>
         <run_address>0x5a44</run_address>
         <size>0x54</size>
         <alignment>0x2</alignment>
         <input_file_ref idref="fl-f"/>
      </object_component>
      <object_component id="oc-9a">
         <name>.text.uart1_receive_start</name>
         <load_address>0x5a98</load_address>
         <readonly>true</readonly>
         <executable>true</executable>
         <run_address>0x5a98</run_address>
         <size>0x54</size>
         <alignment>0x4</alignment>
         <input_file_ref idref="fl-b"/>
      </object_component>
      <object_component id="oc-a5">
         <name>.text.uart_receive_start</name>
         <load_address>0x5aec</load_address>
         <readonly>true</readonly>
         <executable>true</executable>
         <run_address>0x5aec</run_address>
         <size>0x54</size>
         <alignment>0x4</alignment>
         <input_file_ref idref="fl-a"/>
      </object_component>
      <object_component id="oc-330">
         <name>.text.DL_GPIO_initPeripheralInputFunctionFeatures</name>
         <load_address>0x5b40</load_address>
         <readonly>true</readonly>
         <executable>true</executable>
         <run_address>0x5b40</run_address>
         <size>0x50</size>
         <alignment>0x4</alignment>
         <input_file_ref idref="fl-d"/>
      </object_component>
      <object_component id="oc-24b">
         <name>.text.DL_GPIO_initPeripheralInputFunctionFeatures</name>
         <load_address>0x5b90</load_address>
         <readonly>true</readonly>
         <executable>true</executable>
         <run_address>0x5b90</run_address>
         <size>0x50</size>
         <alignment>0x4</alignment>
         <input_file_ref idref="fl-2"/>
      </object_component>
      <object_component id="oc-2c8">
         <name>.text.DL_I2C_startControllerTransfer</name>
         <load_address>0x5be0</load_address>
         <readonly>true</readonly>
         <executable>true</executable>
         <run_address>0x5be0</run_address>
         <size>0x50</size>
         <alignment>0x4</alignment>
         <input_file_ref idref="fl-d"/>
      </object_component>
      <object_component id="oc-2a3">
         <name>.text.SysTick_Config</name>
         <load_address>0x5c30</load_address>
         <readonly>true</readonly>
         <executable>true</executable>
         <run_address>0x5c30</run_address>
         <size>0x50</size>
         <alignment>0x4</alignment>
         <input_file_ref idref="fl-2"/>
      </object_component>
      <object_component id="oc-323">
         <name>.text.DL_DMA_initChannel</name>
         <load_address>0x5c80</load_address>
         <readonly>true</readonly>
         <executable>true</executable>
         <run_address>0x5c80</run_address>
         <size>0x4c</size>
         <alignment>0x4</alignment>
         <input_file_ref idref="fl-24"/>
      </object_component>
      <object_component id="oc-32e">
         <name>.text.DL_GPIO_initDigitalInputFeatures</name>
         <load_address>0x5ccc</load_address>
         <readonly>true</readonly>
         <executable>true</executable>
         <run_address>0x5ccc</run_address>
         <size>0x4c</size>
         <alignment>0x4</alignment>
         <input_file_ref idref="fl-d"/>
      </object_component>
      <object_component id="oc-24f">
         <name>.text.DL_GPIO_initDigitalInputFeatures</name>
         <load_address>0x5d18</load_address>
         <readonly>true</readonly>
         <executable>true</executable>
         <run_address>0x5d18</run_address>
         <size>0x4c</size>
         <alignment>0x4</alignment>
         <input_file_ref idref="fl-2"/>
      </object_component>
      <object_component id="oc-292">
         <name>.text.DL_UART_setBaudRateDivisor</name>
         <load_address>0x5d64</load_address>
         <readonly>true</readonly>
         <executable>true</executable>
         <run_address>0x5d64</run_address>
         <size>0x4c</size>
         <alignment>0x4</alignment>
         <input_file_ref idref="fl-2"/>
      </object_component>
      <object_component id="oc-106">
         <name>.text.chasis_brake</name>
         <load_address>0x5db0</load_address>
         <readonly>true</readonly>
         <executable>true</executable>
         <run_address>0x5db0</run_address>
         <size>0x4c</size>
         <alignment>0x4</alignment>
         <input_file_ref idref="fl-e"/>
      </object_component>
      <object_component id="oc-1ca">
         <name>.text.Emm_V5_En_Control</name>
         <load_address>0x5dfc</load_address>
         <readonly>true</readonly>
         <executable>true</executable>
         <run_address>0x5dfc</run_address>
         <size>0x4a</size>
         <alignment>0x2</alignment>
         <input_file_ref idref="fl-7"/>
      </object_component>
      <object_component id="oc-290">
         <name>.text.DL_UART_init</name>
         <load_address>0x5e48</load_address>
         <readonly>true</readonly>
         <executable>true</executable>
         <run_address>0x5e48</run_address>
         <size>0x48</size>
         <alignment>0x4</alignment>
         <input_file_ref idref="fl-28"/>
      </object_component>
      <object_component id="oc-195">
         <name>.text.Task_Cleanup</name>
         <load_address>0x5e90</load_address>
         <readonly>true</readonly>
         <executable>true</executable>
         <run_address>0x5e90</run_address>
         <size>0x48</size>
         <alignment>0x4</alignment>
         <input_file_ref idref="fl-5"/>
      </object_component>
      <object_component id="oc-3e">
         <name>.text.CANFD0_IRQHandler</name>
         <load_address>0x5ed8</load_address>
         <readonly>true</readonly>
         <executable>true</executable>
         <run_address>0x5ed8</run_address>
         <size>0x44</size>
         <alignment>0x4</alignment>
         <input_file_ref idref="fl-8"/>
      </object_component>
      <object_component id="oc-2a6">
         <name>.text.DL_MCAN_getRevisionId</name>
         <load_address>0x5f1c</load_address>
         <readonly>true</readonly>
         <executable>true</executable>
         <run_address>0x5f1c</run_address>
         <size>0x44</size>
         <alignment>0x2</alignment>
         <input_file_ref idref="fl-26"/>
      </object_component>
      <object_component id="oc-267">
         <name>.text.DL_SYSCTL_switchMCLKfromSYSOSCtoHSCLK</name>
         <load_address>0x5f60</load_address>
         <readonly>true</readonly>
         <executable>true</executable>
         <run_address>0x5f60</run_address>
         <size>0x44</size>
         <alignment>0x4</alignment>
         <input_file_ref idref="fl-29"/>
      </object_component>
      <object_component id="oc-1cd">
         <name>.text.Ultrasonic_GetDistance_mm</name>
         <load_address>0x5fa4</load_address>
         <readonly>true</readonly>
         <executable>true</executable>
         <run_address>0x5fa4</run_address>
         <size>0x44</size>
         <alignment>0x4</alignment>
         <input_file_ref idref="fl-13"/>
      </object_component>
      <object_component id="oc-2bb">
         <name>.text.mspm0_i2c_disable</name>
         <load_address>0x5fe8</load_address>
         <readonly>true</readonly>
         <executable>true</executable>
         <run_address>0x5fe8</run_address>
         <size>0x44</size>
         <alignment>0x4</alignment>
         <input_file_ref idref="fl-d"/>
      </object_component>
      <object_component id="oc-f0">
         <name>.text.DL_MCAN_writeRxFIFOAck</name>
         <load_address>0x602c</load_address>
         <readonly>true</readonly>
         <executable>true</executable>
         <run_address>0x602c</run_address>
         <size>0x40</size>
         <alignment>0x4</alignment>
         <input_file_ref idref="fl-26"/>
      </object_component>
      <object_component id="oc-2f3">
         <name>.text.Emm_V5_Origin_Set_O</name>
         <load_address>0x606c</load_address>
         <readonly>true</readonly>
         <executable>true</executable>
         <run_address>0x606c</run_address>
         <size>0x40</size>
         <alignment>0x2</alignment>
         <input_file_ref idref="fl-7"/>
      </object_component>
      <object_component id="oc-99">
         <name>.text.UART1_Rx_DMA_ToIdle_Callback</name>
         <load_address>0x60ac</load_address>
         <readonly>true</readonly>
         <executable>true</executable>
         <run_address>0x60ac</run_address>
         <size>0x40</size>
         <alignment>0x4</alignment>
         <input_file_ref idref="fl-5"/>
      </object_component>
      <object_component id="oc-1cc">
         <name>.text.Ultrasonic_IsDataReady</name>
         <load_address>0x60ec</load_address>
         <readonly>true</readonly>
         <executable>true</executable>
         <run_address>0x60ec</run_address>
         <size>0x40</size>
         <alignment>0x4</alignment>
         <input_file_ref idref="fl-13"/>
      </object_component>
      <object_component id="oc-2cd">
         <name>.text.WitInit</name>
         <load_address>0x612c</load_address>
         <readonly>true</readonly>
         <executable>true</executable>
         <run_address>0x612c</run_address>
         <size>0x40</size>
         <alignment>0x4</alignment>
         <input_file_ref idref="fl-14"/>
      </object_component>
      <object_component id="oc-e0">
         <name>.text.__aeabi_uidivmod</name>
         <load_address>0x616c</load_address>
         <readonly>true</readonly>
         <executable>true</executable>
         <run_address>0x616c</run_address>
         <size>0x40</size>
         <alignment>0x4</alignment>
         <input_file_ref idref="fl-f7"/>
      </object_component>
      <object_component id="oc-2f4">
         <name>.text.Emm_V5_Origin_Trigger_Return</name>
         <load_address>0x61ac</load_address>
         <readonly>true</readonly>
         <executable>true</executable>
         <run_address>0x61ac</run_address>
         <size>0x3e</size>
         <alignment>0x2</alignment>
         <input_file_ref idref="fl-7"/>
      </object_component>
      <object_component id="oc-26c">
         <name>.text.DL_Timer_setCounterControl</name>
         <load_address>0x61ec</load_address>
         <readonly>true</readonly>
         <executable>true</executable>
         <run_address>0x61ec</run_address>
         <size>0x3c</size>
         <alignment>0x4</alignment>
         <input_file_ref idref="fl-2"/>
      </object_component>
      <object_component id="oc-1c5">
         <name>.text.JY901_Init</name>
         <load_address>0x6228</load_address>
         <readonly>true</readonly>
         <executable>true</executable>
         <run_address>0x6228</run_address>
         <size>0x3c</size>
         <alignment>0x4</alignment>
         <input_file_ref idref="fl-4"/>
      </object_component>
      <object_component id="oc-149">
         <name>.text.Menu_Init</name>
         <load_address>0x6264</load_address>
         <readonly>true</readonly>
         <executable>true</executable>
         <run_address>0x6264</run_address>
         <size>0x3c</size>
         <alignment>0x4</alignment>
         <input_file_ref idref="fl-11"/>
      </object_component>
      <object_component id="oc-302">
         <name>.text.OLED_Set_Pos</name>
         <load_address>0x62a0</load_address>
         <readonly>true</readonly>
         <executable>true</executable>
         <run_address>0x62a0</run_address>
         <size>0x3c</size>
         <alignment>0x2</alignment>
         <input_file_ref idref="fl-d"/>
      </object_component>
      <object_component id="oc-da">
         <name>.text.Timestamp_GetTicks</name>
         <load_address>0x62dc</load_address>
         <readonly>true</readonly>
         <executable>true</executable>
         <run_address>0x62dc</run_address>
         <size>0x3c</size>
         <alignment>0x4</alignment>
         <input_file_ref idref="fl-12"/>
      </object_component>
      <object_component id="oc-2ef">
         <name>.text.__floatsisf</name>
         <load_address>0x6318</load_address>
         <readonly>true</readonly>
         <executable>true</executable>
         <run_address>0x6318</run_address>
         <size>0x3c</size>
         <alignment>0x4</alignment>
         <input_file_ref idref="fl-f0"/>
      </object_component>
      <object_component id="oc-235">
         <name>.text.__gtsf2</name>
         <load_address>0x6354</load_address>
         <readonly>true</readonly>
         <executable>true</executable>
         <run_address>0x6354</run_address>
         <size>0x3c</size>
         <alignment>0x4</alignment>
         <input_file_ref idref="fl-f9"/>
      </object_component>
      <object_component id="oc-131">
         <name>.text:__TI_auto_init_nobinit_nopinit</name>
         <load_address>0x6390</load_address>
         <readonly>true</readonly>
         <executable>true</executable>
         <run_address>0x6390</run_address>
         <size>0x3c</size>
         <alignment>0x4</alignment>
         <input_file_ref idref="fl-42"/>
      </object_component>
      <object_component id="oc-163">
         <name>.text.__CaliSum</name>
         <load_address>0x63cc</load_address>
         <readonly>true</readonly>
         <executable>true</executable>
         <run_address>0x63cc</run_address>
         <size>0x3a</size>
         <alignment>0x2</alignment>
         <input_file_ref idref="fl-14"/>
      </object_component>
      <object_component id="oc-230">
         <name>.text.__eqsf2</name>
         <load_address>0x6408</load_address>
         <readonly>true</readonly>
         <executable>true</executable>
         <run_address>0x6408</run_address>
         <size>0x3a</size>
         <alignment>0x4</alignment>
         <input_file_ref idref="fl-f9"/>
      </object_component>
      <object_component id="oc-22a">
         <name>.text.__muldsi3</name>
         <load_address>0x6444</load_address>
         <readonly>true</readonly>
         <executable>true</executable>
         <run_address>0x6444</run_address>
         <size>0x3a</size>
         <alignment>0x4</alignment>
         <input_file_ref idref="fl-fb"/>
      </object_component>
      <object_component id="oc-ee">
         <name>.text.DL_MCAN_getRxFIFOStatus</name>
         <load_address>0x6480</load_address>
         <readonly>true</readonly>
         <executable>true</executable>
         <run_address>0x6480</run_address>
         <size>0x38</size>
         <alignment>0x4</alignment>
         <input_file_ref idref="fl-26"/>
      </object_component>
      <object_component id="oc-1de">
         <name>.text.__fixsfsi</name>
         <load_address>0x64b8</load_address>
         <readonly>true</readonly>
         <executable>true</executable>
         <run_address>0x64b8</run_address>
         <size>0x38</size>
         <alignment>0x4</alignment>
         <input_file_ref idref="fl-ee"/>
      </object_component>
      <object_component id="oc-345">
         <name>.text.DL_MCAN_TXBufAddReq</name>
         <load_address>0x64f0</load_address>
         <readonly>true</readonly>
         <executable>true</executable>
         <run_address>0x64f0</run_address>
         <size>0x34</size>
         <alignment>0x4</alignment>
         <input_file_ref idref="fl-26"/>
      </object_component>
      <object_component id="oc-2af">
         <name>.text.DL_MCAN_setExtIDAndMask</name>
         <load_address>0x6524</load_address>
         <readonly>true</readonly>
         <executable>true</executable>
         <run_address>0x6524</run_address>
         <size>0x34</size>
         <alignment>0x4</alignment>
         <input_file_ref idref="fl-26"/>
      </object_component>
      <object_component id="oc-1a3">
         <name>.text.SYSCFG_DL_US_TIMER_init</name>
         <load_address>0x6558</load_address>
         <readonly>true</readonly>
         <executable>true</executable>
         <run_address>0x6558</run_address>
         <size>0x34</size>
         <alignment>0x4</alignment>
         <input_file_ref idref="fl-2"/>
      </object_component>
      <object_component id="oc-1ce">
         <name>.text.Ultrasonic_GetPulseWidth_us</name>
         <load_address>0x658c</load_address>
         <readonly>true</readonly>
         <executable>true</executable>
         <run_address>0x658c</run_address>
         <size>0x34</size>
         <alignment>0x4</alignment>
         <input_file_ref idref="fl-13"/>
      </object_component>
      <object_component id="oc-185">
         <name>.text.__fixunssfsi</name>
         <load_address>0x65c0</load_address>
         <readonly>true</readonly>
         <executable>true</executable>
         <run_address>0x65c0</run_address>
         <size>0x32</size>
         <alignment>0x4</alignment>
         <input_file_ref idref="fl-ef"/>
      </object_component>
      <object_component id="oc-10c">
         <name>.text.DL_DMA_setTransferSize</name>
         <load_address>0x65f4</load_address>
         <readonly>true</readonly>
         <executable>true</executable>
         <run_address>0x65f4</run_address>
         <size>0x30</size>
         <alignment>0x4</alignment>
         <input_file_ref idref="fl-a"/>
      </object_component>
      <object_component id="oc-fa">
         <name>.text.DL_DMA_setTransferSize</name>
         <load_address>0x6624</load_address>
         <readonly>true</readonly>
         <executable>true</executable>
         <run_address>0x6624</run_address>
         <size>0x30</size>
         <alignment>0x4</alignment>
         <input_file_ref idref="fl-b"/>
      </object_component>
      <object_component id="oc-24e">
         <name>.text.DL_GPIO_initDigitalOutputFeatures</name>
         <load_address>0x6654</load_address>
         <readonly>true</readonly>
         <executable>true</executable>
         <run_address>0x6654</run_address>
         <size>0x30</size>
         <alignment>0x4</alignment>
         <input_file_ref idref="fl-2"/>
      </object_component>
      <object_component id="oc-29f">
         <name>.text.SYSCFG_DL_DMA_CH0_init</name>
         <load_address>0x6684</load_address>
         <readonly>true</readonly>
         <executable>true</executable>
         <run_address>0x6684</run_address>
         <size>0x30</size>
         <alignment>0x4</alignment>
         <input_file_ref idref="fl-2"/>
      </object_component>
      <object_component id="oc-2a0">
         <name>.text.SYSCFG_DL_DMA_CH1_init</name>
         <load_address>0x66b4</load_address>
         <readonly>true</readonly>
         <executable>true</executable>
         <run_address>0x66b4</run_address>
         <size>0x30</size>
         <alignment>0x4</alignment>
         <input_file_ref idref="fl-2"/>
      </object_component>
      <object_component id="oc-2a1">
         <name>.text.SYSCFG_DL_DMA_CH2_init</name>
         <load_address>0x66e4</load_address>
         <readonly>true</readonly>
         <executable>true</executable>
         <run_address>0x66e4</run_address>
         <size>0x30</size>
         <alignment>0x4</alignment>
         <input_file_ref idref="fl-2"/>
      </object_component>
      <object_component id="oc-2a2">
         <name>.text.SYSCFG_DL_DMA_CH3_init</name>
         <load_address>0x6714</load_address>
         <readonly>true</readonly>
         <executable>true</executable>
         <run_address>0x6714</run_address>
         <size>0x30</size>
         <alignment>0x4</alignment>
         <input_file_ref idref="fl-2"/>
      </object_component>
      <object_component id="oc-210">
         <name>.text.oled_pow</name>
         <load_address>0x6744</load_address>
         <readonly>true</readonly>
         <executable>true</executable>
         <run_address>0x6744</run_address>
         <size>0x30</size>
         <alignment>0x2</alignment>
         <input_file_ref idref="fl-d"/>
      </object_component>
      <object_component id="oc-344">
         <name>.text.DL_MCAN_TXBufTransIntrEnable</name>
         <load_address>0x6774</load_address>
         <readonly>true</readonly>
         <executable>true</executable>
         <run_address>0x6774</run_address>
         <size>0x2c</size>
         <alignment>0x4</alignment>
         <input_file_ref idref="fl-26"/>
      </object_component>
      <object_component id="oc-2ae">
         <name>.text.DL_MCAN_addExtMsgIDFilter</name>
         <load_address>0x67a0</load_address>
         <readonly>true</readonly>
         <executable>true</executable>
         <run_address>0x67a0</run_address>
         <size>0x2c</size>
         <alignment>0x4</alignment>
         <input_file_ref idref="fl-26"/>
      </object_component>
      <object_component id="oc-2ad">
         <name>.text.DL_MCAN_addStdMsgIDFilter</name>
         <load_address>0x67cc</load_address>
         <readonly>true</readonly>
         <executable>true</executable>
         <run_address>0x67cc</run_address>
         <size>0x2c</size>
         <alignment>0x4</alignment>
         <input_file_ref idref="fl-26"/>
      </object_component>
      <object_component id="oc-4d">
         <name>.text.TIMG12_IRQHandler</name>
         <load_address>0x67f8</load_address>
         <readonly>true</readonly>
         <executable>true</executable>
         <run_address>0x67f8</run_address>
         <size>0x2c</size>
         <alignment>0x4</alignment>
         <input_file_ref idref="fl-12"/>
      </object_component>
      <object_component id="oc-2cf">
         <name>.text.WitDelayMsRegister</name>
         <load_address>0x6824</load_address>
         <readonly>true</readonly>
         <executable>true</executable>
         <run_address>0x6824</run_address>
         <size>0x2c</size>
         <alignment>0x4</alignment>
         <input_file_ref idref="fl-14"/>
      </object_component>
      <object_component id="oc-2d0">
         <name>.text.WitRegisterCallBack</name>
         <load_address>0x6850</load_address>
         <readonly>true</readonly>
         <executable>true</executable>
         <run_address>0x6850</run_address>
         <size>0x2c</size>
         <alignment>0x4</alignment>
         <input_file_ref idref="fl-14"/>
      </object_component>
      <object_component id="oc-2ce">
         <name>.text.WitSerialWriteRegister</name>
         <load_address>0x687c</load_address>
         <readonly>true</readonly>
         <executable>true</executable>
         <run_address>0x687c</run_address>
         <size>0x2c</size>
         <alignment>0x4</alignment>
         <input_file_ref idref="fl-14"/>
      </object_component>
      <object_component id="oc-2cc">
         <name>.text.__NVIC_EnableIRQ</name>
         <load_address>0x68a8</load_address>
         <readonly>true</readonly>
         <executable>true</executable>
         <run_address>0x68a8</run_address>
         <size>0x2c</size>
         <alignment>0x4</alignment>
         <input_file_ref idref="fl-c"/>
      </object_component>
      <object_component id="oc-122">
         <name>.text.__NVIC_EnableIRQ</name>
         <load_address>0x68d4</load_address>
         <readonly>true</readonly>
         <executable>true</executable>
         <run_address>0x68d4</run_address>
         <size>0x2c</size>
         <alignment>0x4</alignment>
         <input_file_ref idref="fl-1"/>
      </object_component>
      <object_component id="oc-1c2">
         <name>.text.__NVIC_EnableIRQ</name>
         <load_address>0x6900</load_address>
         <readonly>true</readonly>
         <executable>true</executable>
         <run_address>0x6900</run_address>
         <size>0x2c</size>
         <alignment>0x4</alignment>
         <input_file_ref idref="fl-12"/>
      </object_component>
      <object_component id="oc-2c4">
         <name>.text.mspm0_get_clock_ms</name>
         <load_address>0x692c</load_address>
         <readonly>true</readonly>
         <executable>true</executable>
         <run_address>0x692c</run_address>
         <size>0x2c</size>
         <alignment>0x4</alignment>
         <input_file_ref idref="fl-1"/>
      </object_component>
      <object_component id="oc-333">
         <name>.text.DL_Common_updateReg</name>
         <load_address>0x6958</load_address>
         <readonly>true</readonly>
         <executable>true</executable>
         <run_address>0x6958</run_address>
         <size>0x28</size>
         <alignment>0x2</alignment>
         <input_file_ref idref="fl-d"/>
      </object_component>
      <object_component id="oc-30d">
         <name>.text.DL_Common_updateReg</name>
         <load_address>0x6980</load_address>
         <readonly>true</readonly>
         <executable>true</executable>
         <run_address>0x6980</run_address>
         <size>0x28</size>
         <alignment>0x2</alignment>
         <input_file_ref idref="fl-2"/>
      </object_component>
      <object_component id="oc-10b">
         <name>.text.DL_DMA_setDestAddr</name>
         <load_address>0x69a8</load_address>
         <readonly>true</readonly>
         <executable>true</executable>
         <run_address>0x69a8</run_address>
         <size>0x28</size>
         <alignment>0x4</alignment>
         <input_file_ref idref="fl-a"/>
      </object_component>
      <object_component id="oc-f9">
         <name>.text.DL_DMA_setDestAddr</name>
         <load_address>0x69d0</load_address>
         <readonly>true</readonly>
         <executable>true</executable>
         <run_address>0x69d0</run_address>
         <size>0x28</size>
         <alignment>0x4</alignment>
         <input_file_ref idref="fl-b"/>
      </object_component>
      <object_component id="oc-10a">
         <name>.text.DL_DMA_setSrcAddr</name>
         <load_address>0x69f8</load_address>
         <readonly>true</readonly>
         <executable>true</executable>
         <run_address>0x69f8</run_address>
         <size>0x28</size>
         <alignment>0x4</alignment>
         <input_file_ref idref="fl-a"/>
      </object_component>
      <object_component id="oc-f8">
         <name>.text.DL_DMA_setSrcAddr</name>
         <load_address>0x6a20</load_address>
         <readonly>true</readonly>
         <executable>true</executable>
         <run_address>0x6a20</run_address>
         <size>0x28</size>
         <alignment>0x4</alignment>
         <input_file_ref idref="fl-b"/>
      </object_component>
      <object_component id="oc-286">
         <name>.text.DL_I2C_setControllerRXFIFOThreshold</name>
         <load_address>0x6a48</load_address>
         <readonly>true</readonly>
         <executable>true</executable>
         <run_address>0x6a48</run_address>
         <size>0x28</size>
         <alignment>0x4</alignment>
         <input_file_ref idref="fl-2"/>
      </object_component>
      <object_component id="oc-285">
         <name>.text.DL_I2C_setControllerTXFIFOThreshold</name>
         <load_address>0x6a70</load_address>
         <readonly>true</readonly>
         <executable>true</executable>
         <run_address>0x6a70</run_address>
         <size>0x28</size>
         <alignment>0x4</alignment>
         <input_file_ref idref="fl-2"/>
      </object_component>
      <object_component id="oc-297">
         <name>.text.DL_UART_setRXFIFOThreshold</name>
         <load_address>0x6a98</load_address>
         <readonly>true</readonly>
         <executable>true</executable>
         <run_address>0x6a98</run_address>
         <size>0x28</size>
         <alignment>0x4</alignment>
         <input_file_ref idref="fl-2"/>
      </object_component>
      <object_component id="oc-298">
         <name>.text.DL_UART_setTXFIFOThreshold</name>
         <load_address>0x6ac0</load_address>
         <readonly>true</readonly>
         <executable>true</executable>
         <run_address>0x6ac0</run_address>
         <size>0x28</size>
         <alignment>0x4</alignment>
         <input_file_ref idref="fl-2"/>
      </object_component>
      <object_component id="oc-2df">
         <name>.text.__floatunsisf</name>
         <load_address>0x6ae8</load_address>
         <readonly>true</readonly>
         <executable>true</executable>
         <run_address>0x6ae8</run_address>
         <size>0x28</size>
         <alignment>0x4</alignment>
         <input_file_ref idref="fl-f2"/>
      </object_component>
      <object_component id="oc-6d">
         <name>.text:_c_int00_noargs</name>
         <load_address>0x6b10</load_address>
         <readonly>true</readonly>
         <executable>true</executable>
         <run_address>0x6b10</run_address>
         <size>0x28</size>
         <alignment>0x4</alignment>
         <input_file_ref idref="fl-40"/>
      </object_component>
      <object_component id="oc-ca">
         <name>.text.DL_DMA_disableChannel</name>
         <load_address>0x6b38</load_address>
         <readonly>true</readonly>
         <executable>true</executable>
         <run_address>0x6b38</run_address>
         <size>0x26</size>
         <alignment>0x2</alignment>
         <input_file_ref idref="fl-a"/>
      </object_component>
      <object_component id="oc-cd">
         <name>.text.DL_DMA_disableChannel</name>
         <load_address>0x6b5e</load_address>
         <readonly>true</readonly>
         <executable>true</executable>
         <run_address>0x6b5e</run_address>
         <size>0x26</size>
         <alignment>0x2</alignment>
         <input_file_ref idref="fl-b"/>
      </object_component>
      <object_component id="oc-10d">
         <name>.text.DL_DMA_enableChannel</name>
         <load_address>0x6b84</load_address>
         <readonly>true</readonly>
         <executable>true</executable>
         <run_address>0x6b84</run_address>
         <size>0x26</size>
         <alignment>0x2</alignment>
         <input_file_ref idref="fl-a"/>
      </object_component>
      <object_component id="oc-fb">
         <name>.text.DL_DMA_enableChannel</name>
         <load_address>0x6baa</load_address>
         <readonly>true</readonly>
         <executable>true</executable>
         <run_address>0x6baa</run_address>
         <size>0x26</size>
         <alignment>0x2</alignment>
         <input_file_ref idref="fl-b"/>
      </object_component>
      <object_component id="oc-281">
         <name>.text.DL_I2C_setAnalogGlitchFilterPulseWidth</name>
         <load_address>0x6bd0</load_address>
         <readonly>true</readonly>
         <executable>true</executable>
         <run_address>0x6bd0</run_address>
         <size>0x26</size>
         <alignment>0x2</alignment>
         <input_file_ref idref="fl-2"/>
      </object_component>
      <object_component id="oc-27b">
         <name>.text.DL_I2C_setClockConfig</name>
         <load_address>0x6bf6</load_address>
         <readonly>true</readonly>
         <executable>true</executable>
         <run_address>0x6bf6</run_address>
         <size>0x26</size>
         <alignment>0x2</alignment>
         <input_file_ref idref="fl-25"/>
      </object_component>
      <object_component id="oc-a3">
         <name>.text.DL_DMA_getTransferSize</name>
         <load_address>0x6c1c</load_address>
         <readonly>true</readonly>
         <executable>true</executable>
         <run_address>0x6c1c</run_address>
         <size>0x24</size>
         <alignment>0x4</alignment>
         <input_file_ref idref="fl-a"/>
      </object_component>
      <object_component id="oc-98">
         <name>.text.DL_DMA_getTransferSize</name>
         <load_address>0x6c40</load_address>
         <readonly>true</readonly>
         <executable>true</executable>
         <run_address>0x6c40</run_address>
[...]
         <name>WitSerialWriteRegister</name>
         <value>0x687d</value>
         <object_component_ref idref="oc-2ce"/>
      </symbol>
      <symbol id="sm-54c">
         <name>WitSerialDataIn</name>
         <value>0x21c9</value>
         <object_component_ref idref="oc-f2"/>
      </symbol>
      <symbol id="sm-54d">
         <name>sReg</name>
         <value>0x20200000</value>
      </symbol>
      <symbol id="sm-54e">
         <name>WitRegisterCallBack</name>
         <value>0x6851</value>
         <object_component_ref idref="oc-2d0"/>
      </symbol>
      <symbol id="sm-54f">
         <name>WitWriteReg</name>
         <value>0x2b75</value>
         <object_component_ref idref="oc-2d1"/>
      </symbol>
      <symbol id="sm-550">
         <name>WitInit</name>
         <value>0x612d</value>
         <object_component_ref idref="oc-2cd"/>
      </symbol>
      <symbol id="sm-551">
         <name>WitDelayMsRegister</name>
         <value>0x6825</value>
         <object_component_ref idref="oc-2cf"/>
      </symbol>
      <symbol id="sm-552">
         <name>__TI_ATRegion0_src_addr</name>
         <value>0x0</value>
      </symbol>
      <symbol id="sm-553">
         <name>__TI_ATRegion0_trg_addr</name>
         <value>0x0</value>
      </symbol>
      <symbol id="sm-554">
         <name>__TI_ATRegion0_region_sz</name>
         <value>0x0</value>
      </symbol>
      <symbol id="sm-555">
         <name>__TI_ATRegion1_src_addr</name>
         <value>0x0</value>
      </symbol>
      <symbol id="sm-556">
         <name>__TI_ATRegion1_trg_addr</name>
         <value>0x0</value>
      </symbol>
      <symbol id="sm-557">
         <name>__TI_ATRegion1_region_sz</name>
         <value>0x0</value>
      </symbol>
      <symbol id="sm-558">
         <name>__TI_ATRegion2_src_addr</name>
         <value>0x0</value>
      </symbol>
      <symbol id="sm-559">
         <name>__TI_ATRegion2_trg_addr</name>
         <value>0x0</value>
      </symbol>
      <symbol id="sm-55a">
         <name>__TI_ATRegion2_region_sz</name>
         <value>0x0</value>
      </symbol>
      <symbol id="sm-563">
         <name>DL_Common_delayCycles</name>
         <value>0x780d</value>
         <object_component_ref idref="oc-1b2"/>
      </symbol>
      <symbol id="sm-56d">
         <name>DL_DMA_initChannel</name>
         <value>0x5c81</value>
         <object_component_ref idref="oc-323"/>
      </symbol>
      <symbol id="sm-579">
         <name>DL_I2C_setClockConfig</name>
         <value>0x6bf7</value>
         <object_component_ref idref="oc-27b"/>
      </symbol>
      <symbol id="sm-57a">
         <name>DL_I2C_fillControllerTXFIFO</name>
         <value>0x5885</value>
         <object_component_ref idref="oc-2c5"/>
      </symbol>
      <symbol id="sm-5c8">
         <name>DL_MCAN_setClockConfig</name>
         <value>0x6c65</value>
         <object_component_ref idref="oc-2a5"/>
      </symbol>
      <symbol id="sm-5c9">
         <name>DL_MCAN_isMemInitDone</name>
         <value>0x7719</value>
         <object_component_ref idref="oc-2a7"/>
      </symbol>
      <symbol id="sm-5ca">
         <name>DL_MCAN_setOpMode</name>
         <value>0x7391</value>
         <object_component_ref idref="oc-2a8"/>
      </symbol>
      <symbol id="sm-5cb">
         <name>DL_MCAN_getOpMode</name>
         <value>0x7709</value>
         <object_component_ref idref="oc-2a9"/>
      </symbol>
      <symbol id="sm-5cc">
         <name>DL_MCAN_init</name>
         <value>0x3c1d</value>
         <object_component_ref idref="oc-2aa"/>
      </symbol>
      <symbol id="sm-5cd">
         <name>DL_MCAN_setBitTime</name>
         <value>0x3dd5</value>
         <object_component_ref idref="oc-2ab"/>
      </symbol>
      <symbol id="sm-5ce">
         <name>DL_MCAN_msgRAMConfig</name>
         <value>0x1fb5</value>
         <object_component_ref idref="oc-2ac"/>
      </symbol>
      <symbol id="sm-5cf">
         <name>DL_MCAN_setExtIDAndMask</name>
         <value>0x6525</value>
         <object_component_ref idref="oc-2af"/>
      </symbol>
      <symbol id="sm-5d0">
         <name>DL_MCAN_writeMsgRam</name>
         <value>0x368d</value>
         <object_component_ref idref="oc-342"/>
      </symbol>
      <symbol id="sm-5d1">
         <name>DL_MCAN_TXBufAddReq</name>
         <value>0x64f1</value>
         <object_component_ref idref="oc-345"/>
      </symbol>
      <symbol id="sm-5d2">
         <name>DL_MCAN_readMsgRam</name>
         <value>0x3075</value>
         <object_component_ref idref="oc-ef"/>
      </symbol>
      <symbol id="sm-5d3">
         <name>DL_MCAN_addStdMsgIDFilter</name>
         <value>0x67cd</value>
         <object_component_ref idref="oc-2ad"/>
      </symbol>
      <symbol id="sm-5d4">
         <name>DL_MCAN_addExtMsgIDFilter</name>
         <value>0x67a1</value>
         <object_component_ref idref="oc-2ae"/>
      </symbol>
      <symbol id="sm-5d5">
         <name>DL_MCAN_enableIntr</name>
         <value>0x6f99</value>
         <object_component_ref idref="oc-2b0"/>
      </symbol>
      <symbol id="sm-5d6">
         <name>DL_MCAN_selectIntrLine</name>
         <value>0x6fd1</value>
         <object_component_ref idref="oc-2b1"/>
      </symbol>
      <symbol id="sm-5d7">
         <name>DL_MCAN_enableIntrLine</name>
         <value>0x6fb5</value>
         <object_component_ref idref="oc-2b2"/>
      </symbol>
      <symbol id="sm-5d8">
         <name>DL_MCAN_getIntrStatus</name>
         <value>0x77c5</value>
         <object_component_ref idref="oc-8d"/>
      </symbol>
      <symbol id="sm-5d9">
         <name>DL_MCAN_clearIntrStatus</name>
         <value>0x75b1</value>
         <object_component_ref idref="oc-93"/>
      </symbol>
      <symbol id="sm-5da">
         <name>DL_MCAN_getRxFIFOStatus</name>
         <value>0x6481</value>
         <object_component_ref idref="oc-ee"/>
      </symbol>
      <symbol id="sm-5db">
         <name>DL_MCAN_writeRxFIFOAck</name>
         <value>0x602d</value>
         <object_component_ref idref="oc-f0"/>
      </symbol>
      <symbol id="sm-5dc">
         <name>DL_MCAN_getTxFIFOQueStatus</name>
         <value>0x6d15</value>
         <object_component_ref idref="oc-343"/>
      </symbol>
      <symbol id="sm-5dd">
         <name>DL_MCAN_TXBufTransIntrEnable</name>
         <value>0x6775</value>
         <object_component_ref idref="oc-344"/>
      </symbol>
      <symbol id="sm-5de">
         <name>DL_MCAN_getRevisionId</name>
         <value>0x5f1d</value>
         <object_component_ref idref="oc-2a6"/>
      </symbol>
      <symbol id="sm-5fa">
         <name>DL_Timer_setClockConfig</name>
         <value>0x70b1</value>
         <object_component_ref idref="oc-26a"/>
      </symbol>
      <symbol id="sm-5fb">
         <name>DL_Timer_initTimerMode</name>
         <value>0x3499</value>
         <object_component_ref idref="oc-1ba"/>
      </symbol>
      <symbol id="sm-5fc">
         <name>DL_Timer_setCaptureCompareValue</name>
         <value>0x7769</value>
         <object_component_ref idref="oc-239"/>
      </symbol>
      <symbol id="sm-5fd">
         <name>DL_Timer_setCaptCompUpdateMethod</name>
         <value>0x7095</value>
         <object_component_ref idref="oc-26e"/>
      </symbol>
      <symbol id="sm-5fe">
         <name>DL_Timer_setCaptureCompareOutCtl</name>
         <value>0x7421</value>
         <object_component_ref idref="oc-26d"/>
      </symbol>
      <symbol id="sm-5ff">
         <name>DL_Timer_initFourCCPWMMode</name>
         <value>0x3395</value>
         <object_component_ref idref="oc-26b"/>
      </symbol>
      <symbol id="sm-60c">
         <name>DL_UART_init</name>
         <value>0x5e49</value>
         <object_component_ref idref="oc-290"/>
      </symbol>
      <symbol id="sm-60d">
         <name>DL_UART_setClockConfig</name>
         <value>0x76d3</value>
         <object_component_ref idref="oc-28a"/>
      </symbol>
      <symbol id="sm-624">
         <name>DL_SYSCTL_configSYSPLL</name>
         <value>0x3cf9</value>
         <object_component_ref idref="oc-261"/>
      </symbol>
      <symbol id="sm-625">
         <name>DL_SYSCTL_setLFCLKSourceLFXT</name>
         <value>0x56a5</value>
         <object_component_ref idref="oc-266"/>
      </symbol>
      <symbol id="sm-626">
         <name>DL_SYSCTL_switchMCLKfromSYSOSCtoHSCLK</name>
         <value>0x5f61</value>
         <object_component_ref idref="oc-267"/>
      </symbol>
      <symbol id="sm-627">
         <name>DL_SYSCTL_setHFCLKSourceHFXTParams</name>
         <value>0x5515</value>
         <object_component_ref idref="oc-25b"/>
      </symbol>
      <symbol id="sm-628">
         <name>DL_SYSCTL_configFCC</name>
         <value>0x6fed</value>
         <object_component_ref idref="oc-311"/>
      </symbol>
      <symbol id="sm-633">
         <name>_c_int00_noargs</name>
         <value>0x6b11</value>
         <object_component_ref idref="oc-6d"/>
      </symbol>
      <symbol id="sm-634">
         <name>__stack</name>
         <value>0x20207e00</value>
         <object_component_ref idref="oc-1a"/>
      </symbol>
      <symbol id="sm-643">
         <name>__TI_auto_init_nobinit_nopinit</name>
         <value>0x6391</value>
         <object_component_ref idref="oc-131"/>
      </symbol>
      <symbol id="sm-64b">
         <name>_system_pre_init</name>
         <value>0x7859</value>
         <object_component_ref idref="oc-bb"/>
      </symbol>
      <symbol id="sm-656">
         <name>__TI_zero_init</name>
         <value>0x7799</value>
         <object_component_ref idref="oc-6a"/>
      </symbol>
      <symbol id="sm-65f">
         <name>__TI_decompress_none</name>
         <value>0x76f7</value>
         <object_component_ref idref="oc-20"/>
      </symbol>
      <symbol id="sm-66a">
         <name>__TI_decompress_lzss</name>
         <value>0x5031</value>
         <object_component_ref idref="oc-1c"/>
      </symbol>
      <symbol id="sm-674">
         <name>abort</name>
         <value>0x7835</value>
         <object_component_ref idref="oc-12a"/>
      </symbol>
      <symbol id="sm-67e">
         <name>HOSTexit</name>
         <value>0x783f</value>
         <object_component_ref idref="oc-1ff"/>
      </symbol>
      <symbol id="sm-67f">
         <name>C$$EXIT</name>
         <value>0x783e</value>
         <object_component_ref idref="oc-1ff"/>
      </symbol>
      <symbol id="sm-685">
         <name>__aeabi_fadd</name>
         <value>0x413f</value>
         <object_component_ref idref="oc-179"/>
      </symbol>
      <symbol id="sm-686">
         <name>__addsf3</name>
         <value>0x413f</value>
         <object_component_ref idref="oc-179"/>
      </symbol>
      <symbol id="sm-687">
         <name>__aeabi_fsub</name>
         <value>0x4135</value>
         <object_component_ref idref="oc-179"/>
      </symbol>
      <symbol id="sm-688">
         <name>__subsf3</name>
         <value>0x4135</value>
         <object_component_ref idref="oc-179"/>
      </symbol>
      <symbol id="sm-68e">
         <name>__aeabi_fmul</name>
         <value>0x498d</value>
         <object_component_ref idref="oc-175"/>
      </symbol>
      <symbol id="sm-68f">
         <name>__mulsf3</name>
         <value>0x498d</value>
         <object_component_ref idref="oc-175"/>
      </symbol>
      <symbol id="sm-695">
         <name>__aeabi_fdiv</name>
         <value>0x4cb9</value>
         <object_component_ref idref="oc-181"/>
      </symbol>
      <symbol id="sm-696">
         <name>__divsf3</name>
         <value>0x4cb9</value>
         <object_component_ref idref="oc-181"/>
      </symbol>
      <symbol id="sm-69c">
         <name>__aeabi_f2iz</name>
         <value>0x64b9</value>
         <object_component_ref idref="oc-1de"/>
      </symbol>
      <symbol id="sm-69d">
         <name>__fixsfsi</name>
         <value>0x64b9</value>
         <object_component_ref idref="oc-1de"/>
      </symbol>
      <symbol id="sm-6a3">
         <name>__aeabi_f2uiz</name>
         <value>0x65c1</value>
         <object_component_ref idref="oc-185"/>
      </symbol>
      <symbol id="sm-6a4">
         <name>__fixunssfsi</name>
         <value>0x65c1</value>
         <object_component_ref idref="oc-185"/>
      </symbol>
      <symbol id="sm-6aa">
         <name>__aeabi_i2f</name>
         <value>0x6319</value>
         <object_component_ref idref="oc-2ef"/>
      </symbol>
      <symbol id="sm-6ab">
         <name>__floatsisf</name>
         <value>0x6319</value>
         <object_component_ref idref="oc-2ef"/>
      </symbol>
      <symbol id="sm-6b1">
         <name>__aeabi_ui2d</name>
         <value>0x6cd1</value>
         <object_component_ref idref="oc-315"/>
      </symbol>
      <symbol id="sm-6b2">
         <name>__floatunsidf</name>
         <value>0x6cd1</value>
         <object_component_ref idref="oc-315"/>
      </symbol>
      <symbol id="sm-6b8">
         <name>__aeabi_ui2f</name>
         <value>0x6ae9</value>
         <object_component_ref idref="oc-2df"/>
      </symbol>
      <symbol id="sm-6b9">
         <name>__floatunsisf</name>
         <value>0x6ae9</value>
         <object_component_ref idref="oc-2df"/>
      </symbol>
      <symbol id="sm-6bf">
         <name>__aeabi_dcmpeq</name>
         <value>0x55dd</value>
         <object_component_ref idref="oc-319"/>
      </symbol>
      <symbol id="sm-6c0">
         <name>__aeabi_dcmplt</name>
         <value>0x55f1</value>
         <object_component_ref idref="oc-319"/>
      </symbol>
      <symbol id="sm-6c1">
         <name>__aeabi_dcmple</name>
         <value>0x5605</value>
         <object_component_ref idref="oc-319"/>
      </symbol>
      <symbol id="sm-6c2">
         <name>__aeabi_dcmpge</name>
         <value>0x5619</value>
         <object_component_ref idref="oc-319"/>
      </symbol>
      <symbol id="sm-6c3">
         <name>__aeabi_dcmpgt</name>
         <value>0x562d</value>
         <object_component_ref idref="oc-319"/>
      </symbol>
      <symbol id="sm-6c9">
         <name>__aeabi_fcmpeq</name>
         <value>0x5641</value>
         <object_component_ref idref="oc-17d"/>
      </symbol>
      <symbol id="sm-6ca">
         <name>__aeabi_fcmplt</name>
         <value>0x5655</value>
         <object_component_ref idref="oc-17d"/>
      </symbol>
      <symbol id="sm-6cb">
         <name>__aeabi_fcmple</name>
         <value>0x5669</value>
         <object_component_ref idref="oc-17d"/>
      </symbol>
      <symbol id="sm-6cc">
         <name>__aeabi_fcmpge</name>
         <value>0x567d</value>
         <object_component_ref idref="oc-17d"/>
      </symbol>
      <symbol id="sm-6cd">
         <name>__aeabi_fcmpgt</name>
         <value>0x5691</value>
         <object_component_ref idref="oc-17d"/>
      </symbol>
      <symbol id="sm-6d3">
         <name>__aeabi_memcpy</name>
         <value>0x782d</value>
         <object_component_ref idref="oc-5d"/>
      </symbol>
      <symbol id="sm-6d4">
         <name>__aeabi_memcpy4</name>
         <value>0x782d</value>
         <object_component_ref idref="oc-5d"/>
      </symbol>
      <symbol id="sm-6d5">
         <name>__aeabi_memcpy8</name>
         <value>0x782d</value>
         <object_component_ref idref="oc-5d"/>
      </symbol>
      <symbol id="sm-6dc">
         <name>__aeabi_memclr</name>
         <value>0x7801</value>
         <object_component_ref idref="oc-b6"/>
      </symbol>
      <symbol id="sm-6dd">
         <name>__aeabi_memclr4</name>
         <value>0x7801</value>
         <object_component_ref idref="oc-b6"/>
      </symbol>
      <symbol id="sm-6de">
         <name>__aeabi_memclr8</name>
         <value>0x7801</value>
         <object_component_ref idref="oc-b6"/>
      </symbol>
      <symbol id="sm-6e4">
         <name>__aeabi_uidiv</name>
         <value>0x616d</value>
         <object_component_ref idref="oc-e0"/>
      </symbol>
      <symbol id="sm-6e5">
         <name>__aeabi_uidivmod</name>
         <value>0x616d</value>
         <object_component_ref idref="oc-e0"/>
      </symbol>
      <symbol id="sm-6eb">
         <name>__aeabi_uldivmod</name>
         <value>0x7665</value>
         <object_component_ref idref="oc-dc"/>
      </symbol>
      <symbol id="sm-6f4">
         <name>__eqsf2</name>
         <value>0x6409</value>
         <object_component_ref idref="oc-230"/>
      </symbol>
      <symbol id="sm-6f5">
         <name>__lesf2</name>
         <value>0x6409</value>
         <object_component_ref idref="oc-230"/>
      </symbol>
      <symbol id="sm-6f6">
         <name>__ltsf2</name>
         <value>0x6409</value>
         <object_component_ref idref="oc-230"/>
      </symbol>
      <symbol id="sm-6f7">
         <name>__nesf2</name>
         <value>0x6409</value>
         <object_component_ref idref="oc-230"/>
      </symbol>
      <symbol id="sm-6f8">
         <name>__cmpsf2</name>
         <value>0x6409</value>
         <object_component_ref idref="oc-230"/>
      </symbol>
      <symbol id="sm-6f9">
         <name>__gtsf2</name>
         <value>0x6355</value>
         <object_component_ref idref="oc-235"/>
      </symbol>
      <symbol id="sm-6fa">
         <name>__gesf2</name>
         <value>0x6355</value>
         <object_component_ref idref="oc-235"/>
      </symbol>
      <symbol id="sm-700">
         <name>__udivmoddi4</name>
         <value>0x45f5</value>
         <object_component_ref idref="oc-156"/>
      </symbol>
      <symbol id="sm-706">
         <name>__muldsi3</name>
         <value>0x6445</value>
         <object_component_ref idref="oc-22a"/>
      </symbol>
      <symbol id="sm-70c">
         <name>__aeabi_llsl</name>
         <value>0x6db5</value>
         <object_component_ref idref="oc-21b"/>
      </symbol>
      <symbol id="sm-70d">
         <name>__ashldi3</name>
         <value>0x6db5</value>
         <object_component_ref idref="oc-21b"/>
      </symbol>
      <symbol id="sm-71b">
         <name>__ledf2</name>
         <value>0x54ad</value>
         <object_component_ref idref="oc-347"/>
      </symbol>
      <symbol id="sm-71c">
         <name>__gedf2</name>
         <value>0x519d</value>
         <object_component_ref idref="oc-34d"/>
      </symbol>
      <symbol id="sm-71d">
         <name>__cmpdf2</name>
         <value>0x54ad</value>
         <object_component_ref idref="oc-347"/>
      </symbol>
      <symbol id="sm-71e">
         <name>__eqdf2</name>
         <value>0x54ad</value>
         <object_component_ref idref="oc-347"/>
      </symbol>
      <symbol id="sm-71f">
         <name>__ltdf2</name>
         <value>0x54ad</value>
         <object_component_ref idref="oc-347"/>
      </symbol>
      <symbol id="sm-720">
         <name>__nedf2</name>
         <value>0x54ad</value>
         <object_component_ref idref="oc-347"/>
      </symbol>
      <symbol id="sm-721">
         <name>__gtdf2</name>
         <value>0x519d</value>
         <object_component_ref idref="oc-34d"/>
      </symbol>
      <symbol id="sm-72d">
         <name>__aeabi_idiv0</name>
         <value>0x328b</value>
         <object_component_ref idref="oc-15b"/>
      </symbol>
      <symbol id="sm-72e">
         <name>__aeabi_ldiv0</name>
         <value>0x368b</value>
         <object_component_ref idref="oc-219"/>
      </symbol>
      <symbol id="sm-737">
         <name>TI_memcpy_small</name>
         <value>0x76e5</value>
         <object_component_ref idref="oc-10e"/>
      </symbol>
      <symbol id="sm-740">
         <name>TI_memset_small</name>
         <value>0x77b7</value>
         <object_component_ref idref="oc-197"/>
      </symbol>
      <symbol id="sm-741">
         <name>__TI_static_base__</name>
         <value>0x0</value>
      </symbol>
      <symbol id="sm-745">
         <name>__mpu_init</name>
         <value>0x0</value>
      </symbol>
      <symbol id="sm-746">
         <name>_system_post_cinit</name>
         <value>0x0</value>
      </symbol>
   </symbol_table>
   <title>Link successful</title>
</link_info>
